================================================================================
Machine metadata:
================================================================================
CPU Model: Common KVM processor
RAM: 62.79 GB
OS: Debian GNU/Linux 12 (bookworm)
NVCC version: 11.8
---
GPU metadata:
NVIDIA L40, 8.9, 46068 MiB, 535.261.03
================================================================================
Experiment results:
================================================================================
Rep 1: t_classify=0.038009 s, t_update=0.034404 s, tot=0.072421 s, iter=100, shift=2.380784
         classify: block=768 grid=329 (optimal=284)
         update:   block=768   grid=329   (optimal=284)
Rep 2: t_classify=0.038022 s, t_update=0.034601 s, tot=0.072631 s, iter=100, shift=1.652421
         classify: block=768 grid=329 (optimal=284)
         update:   block=768   grid=329   (optimal=284)
Rep 3: t_classify=0.037955 s, t_update=0.034441 s, tot=0.072404 s, iter=100, shift=2.609057
         classify: block=768 grid=329 (optimal=284)
         update:   block=768   grid=329   (optimal=284)
Rep 4: t_classify=0.038018 s, t_update=0.034499 s, tot=0.072525 s, iter=100, shift=2.642293
         classify: block=768 grid=329 (optimal=284)
         update:   block=768   grid=329   (optimal=284)
Rep 5: t_classify=0.037933 s, t_update=0.034480 s, tot=0.072421 s, iter=100, shift=2.618661
         classify: block=768 grid=329 (optimal=284)
         update:   block=768   grid=329   (optimal=284)
