================================================================================
Machine metadata:
================================================================================
CPU Model: Common KVM processor
RAM: 62.79 GB
OS: Debian GNU/Linux 12 (bookworm)
NVCC version: 11.8
---
GPU metadata:
NVIDIA L40, 8.9, 46068 MiB, 535.261.03
================================================================================
Experiment results:
================================================================================
Rep 1: t_classify=0.010560 s, t_update=0.014488 s, tot=0.025055 s, iter=100, shift=0.000000
         classify: block=512 grid=99 (optimal=284)
         update:   block=512   grid=99   (optimal=284)
Rep 2: t_classify=0.010933 s, t_update=0.014669 s, tot=0.025610 s, iter=100, shift=0.000000
         classify: block=512 grid=99 (optimal=284)
         update:   block=512   grid=99   (optimal=284)
Rep 3: t_classify=0.011257 s, t_update=0.014766 s, tot=0.026031 s, iter=100, shift=0.000000
         classify: block=512 grid=99 (optimal=284)
         update:   block=512   grid=99   (optimal=284)
Rep 4: t_classify=0.011055 s, t_update=0.014697 s, tot=0.025760 s, iter=100, shift=0.000000
         classify: block=512 grid=99 (optimal=284)
         update:   block=512   grid=99   (optimal=284)
Rep 5: t_classify=0.010995 s, t_update=0.014661 s, tot=0.025663 s, iter=100, shift=0.000000
         classify: block=512 grid=99 (optimal=284)
         update:   block=512   grid=99   (optimal=284)
