================================================================================
Machine metadata:
================================================================================
CPU Model: Common KVM processor
RAM: 62.79 GB
OS: Debian GNU/Linux 12 (bookworm)
NVCC version: 11.8
---
GPU metadata:
NVIDIA L40, 8.9, 46068 MiB, 535.261.03
================================================================================
Experiment results:
================================================================================
Rep 1: t_classify=0.009987 s, t_update=0.022639 s, tot=0.032634 s, iter=100, shift=0.044086
         classify: block=768 grid=66 (optimal=284)
         update:   block=768   grid=66   (optimal=284)
Rep 2: t_classify=0.009616 s, t_update=0.022520 s, tot=0.032144 s, iter=100, shift=0.137254
         classify: block=768 grid=66 (optimal=284)
         update:   block=768   grid=66   (optimal=284)
Rep 3: t_classify=0.009829 s, t_update=0.022404 s, tot=0.032241 s, iter=100, shift=0.178416
         classify: block=768 grid=66 (optimal=284)
         update:   block=768   grid=66   (optimal=284)
Rep 4: t_classify=0.010008 s, t_update=0.022787 s, tot=0.032803 s, iter=100, shift=0.115627
         classify: block=768 grid=66 (optimal=284)
         update:   block=768   grid=66   (optimal=284)
Rep 5: t_classify=0.009979 s, t_update=0.022608 s, tot=0.032594 s, iter=100, shift=0.182013
         classify: block=768 grid=66 (optimal=284)
         update:   block=768   grid=66   (optimal=284)
