================================================================================
Machine metadata:
================================================================================
CPU Model: Common KVM processor
RAM: 62.79 GB
OS: Debian GNU/Linux 12 (bookworm)
NVCC version: 11.8
---
GPU metadata:
NVIDIA L40, 8.9, 46068 MiB, 535.261.03
================================================================================
Experiment results:
================================================================================
Rep 1: t_classify=0.055191 s, t_update=0.041271 s, tot=0.096470 s, iter=100, shift=0.000000
         classify: block=768 grid=395 (optimal=284)
         update:   block=768   grid=395   (optimal=284)
Rep 2: t_classify=0.055219 s, t_update=0.041271 s, tot=0.096499 s, iter=100, shift=0.000000
         classify: block=768 grid=395 (optimal=284)
         update:   block=768   grid=395   (optimal=284)
Rep 3: t_classify=0.055049 s, t_update=0.041204 s, tot=0.096262 s, iter=100, shift=0.000000
         classify: block=768 grid=395 (optimal=284)
         update:   block=768   grid=395   (optimal=284)
Rep 4: t_classify=0.054843 s, t_update=0.041109 s, tot=0.095959 s, iter=100, shift=0.000000
         classify: block=768 grid=395 (optimal=284)
         update:   block=768   grid=395   (optimal=284)
Rep 5: t_classify=0.054938 s, t_update=0.041262 s, tot=0.096209 s, iter=100, shift=0.000000
         classify: block=768 grid=395 (optimal=284)
         update:   block=768   grid=395   (optimal=284)
