================================================================================
Machine metadata:
================================================================================
CPU Model: Common KVM processor
RAM: 62.79 GB
OS: Debian GNU/Linux 12 (bookworm)
NVCC version: 11.8
---
GPU metadata:
NVIDIA L40, 8.9, 46068 MiB, 535.261.03
================================================================================
Experiment results:
================================================================================
Rep 1: t_classify=0.008719 s, t_update=0.010993 s, tot=0.019721 s, iter=100, shift=0.000000
         classify: block=512 grid=782 (optimal=284)
         update:   block=512   grid=782   (optimal=284)
Rep 2: t_classify=0.008771 s, t_update=0.010835 s, tot=0.019615 s, iter=100, shift=0.000000
         classify: block=512 grid=782 (optimal=284)
         update:   block=512   grid=782   (optimal=284)
Rep 3: t_classify=0.008755 s, t_update=0.010825 s, tot=0.019588 s, iter=100, shift=0.000000
         classify: block=512 grid=782 (optimal=284)
         update:   block=512   grid=782   (optimal=284)
Rep 4: t_classify=0.008761 s, t_update=0.010860 s, tot=0.019629 s, iter=100, shift=0.000000
         classify: block=512 grid=782 (optimal=284)
         update:   block=512   grid=782   (optimal=284)
Rep 5: t_classify=0.008934 s, t_update=0.010847 s, tot=0.019789 s, iter=100, shift=0.000000
         classify: block=512 grid=782 (optimal=284)
         update:   block=512   grid=782   (optimal=284)
