================================================================================
Machine metadata:
================================================================================
CPU Model: Common KVM processor
RAM: 62.79 GB
OS: Debian GNU/Linux 12 (bookworm)
NVCC version: 11.8
---
GPU metadata:
NVIDIA L40, 8.9, 46068 MiB, 535.261.03
================================================================================
Experiment results:
================================================================================
Rep 1: t_classify=0.002684 s, t_update=0.003581 s, tot=0.006274 s, iter=100, shift=0.000000
         classify: block=512 grid=196 (optimal=284)
         update:   block=512   grid=196   (optimal=284)
Rep 2: t_classify=0.002680 s, t_update=0.003556 s, tot=0.006244 s, iter=100, shift=0.000000
         classify: block=512 grid=196 (optimal=284)
         update:   block=512   grid=196   (optimal=284)
Rep 3: t_classify=0.002687 s, t_update=0.003359 s, tot=0.006054 s, iter=100, shift=0.000000
         classify: block=512 grid=196 (optimal=284)
         update:   block=512   grid=196   (optimal=284)
Rep 4: t_classify=0.002764 s, t_update=0.003417 s, tot=0.006189 s, iter=100, shift=0.000000
         classify: block=512 grid=196 (optimal=284)
         update:   block=512   grid=196   (optimal=284)
Rep 5: t_classify=0.002679 s, t_update=0.003367 s, tot=0.006054 s, iter=100, shift=0.000000
         classify: block=512 grid=196 (optimal=284)
         update:   block=512   grid=196   (optimal=284)
