================================================================================
Machine metadata:
================================================================================
CPU Model: Common KVM processor
RAM: 62.79 GB
OS: Debian GNU/Linux 12 (bookworm)
NVCC version: 11.8
---
GPU metadata:
NVIDIA L40, 8.9, 46068 MiB, 535.261.03
================================================================================
Experiment results:
================================================================================
Rep 1: t_classify=0.012522 s, t_update=0.022822 s, tot=0.035352 s, iter=100, shift=0.016821
         classify: block=768 grid=131 (optimal=284)
         update:   block=768   grid=131   (optimal=284)
Rep 2: t_classify=0.012499 s, t_update=0.022872 s, tot=0.035379 s, iter=100, shift=0.020559
         classify: block=768 grid=131 (optimal=284)
         update:   block=768   grid=131   (optimal=284)
Rep 3: t_classify=0.012591 s, t_update=0.022802 s, tot=0.035401 s, iter=100, shift=0.026183
         classify: block=768 grid=131 (optimal=284)
         update:   block=768   grid=131   (optimal=284)
Rep 4: t_classify=0.012517 s, t_update=0.022801 s, tot=0.035326 s, iter=100, shift=0.032091
         classify: block=768 grid=131 (optimal=284)
         update:   block=768   grid=131   (optimal=284)
Rep 5: t_classify=0.012479 s, t_update=0.022942 s, tot=0.035428 s, iter=100, shift=0.025976
         classify: block=768 grid=131 (optimal=284)
         update:   block=768   grid=131   (optimal=284)
