================================================================================
Machine metadata:
================================================================================
CPU Model: Common KVM processor
RAM: 62.79 GB
OS: Debian GNU/Linux 12 (bookworm)
NVCC version: 11.8
---
GPU metadata:
NVIDIA L40, 8.9, 46068 MiB, 535.261.03
================================================================================
Experiment results:
================================================================================
Rep 1: t_classify=0.030062 s, t_update=0.032403 s, tot=0.062473 s, iter=100, shift=0.032985
         classify: block=512 grid=293 (optimal=284)
         update:   block=512   grid=293   (optimal=284)
Rep 2: t_classify=0.030200 s, t_update=0.032379 s, tot=0.062587 s, iter=100, shift=0.062545
         classify: block=512 grid=293 (optimal=284)
         update:   block=512   grid=293   (optimal=284)
Rep 3: t_classify=0.029934 s, t_update=0.032406 s, tot=0.062348 s, iter=100, shift=0.030643
         classify: block=512 grid=293 (optimal=284)
         update:   block=512   grid=293   (optimal=284)
Rep 4: t_classify=0.029858 s, t_update=0.032548 s, tot=0.062414 s, iter=100, shift=0.023373
         classify: block=512 grid=293 (optimal=284)
         update:   block=512   grid=293   (optimal=284)
Rep 5: t_classify=0.030184 s, t_update=0.032375 s, tot=0.062567 s, iter=100, shift=0.207293
         classify: block=512 grid=293 (optimal=284)
         update:   block=512   grid=293   (optimal=284)
