================================================================================
Machine metadata:
================================================================================
CPU Model: Common KVM processor
RAM: 62.79 GB
OS: Debian GNU/Linux 12 (bookworm)
NVCC version: 11.8
---
GPU metadata:
NVIDIA L40, 8.9, 46068 MiB, 535.261.03
================================================================================
Experiment results:
================================================================================
Rep 1: t_classify=0.021629 s, t_update=0.031246 s, tot=0.052882 s, iter=100, shift=0.085648
         classify: block=768 grid=196 (optimal=284)
         update:   block=768   grid=196   (optimal=284)
Rep 2: t_classify=0.021400 s, t_update=0.031311 s, tot=0.052718 s, iter=100, shift=0.111283
         classify: block=768 grid=196 (optimal=284)
         update:   block=768   grid=196   (optimal=284)
Rep 3: t_classify=0.021410 s, t_update=0.031345 s, tot=0.052763 s, iter=100, shift=0.047581
         classify: block=768 grid=196 (optimal=284)
         update:   block=768   grid=196   (optimal=284)
Rep 4: t_classify=0.021501 s, t_update=0.031438 s, tot=0.052948 s, iter=100, shift=0.083383
         classify: block=768 grid=196 (optimal=284)
         update:   block=768   grid=196   (optimal=284)
Rep 5: t_classify=0.021430 s, t_update=0.031349 s, tot=0.052787 s, iter=100, shift=0.040253
         classify: block=768 grid=196 (optimal=284)
         update:   block=768   grid=196   (optimal=284)
