================================================================================
Machine metadata:
================================================================================
CPU Model: Common KVM processor
RAM: 62.79 GB
OS: Debian GNU/Linux 12 (bookworm)
NVCC version: 11.8
---
GPU metadata:
NVIDIA L40, 8.9, 46068 MiB, 535.261.03
================================================================================
Experiment results:
================================================================================
Rep 1: t_classify=0.005422 s, t_update=0.031065 s, tot=0.036495 s, iter=100, shift=0.000000
         classify: block=768 grid=456 (optimal=284)
         update:   block=768   grid=456   (optimal=284)
Rep 2: t_classify=0.004962 s, t_update=0.030767 s, tot=0.035737 s, iter=100, shift=0.000000
         classify: block=768 grid=456 (optimal=284)
         update:   block=768   grid=456   (optimal=284)
Rep 3: t_classify=0.005214 s, t_update=0.031122 s, tot=0.036344 s, iter=100, shift=0.000000
         classify: block=768 grid=456 (optimal=284)
         update:   block=768   grid=456   (optimal=284)
Rep 4: t_classify=0.005468 s, t_update=0.031011 s, tot=0.036487 s, iter=100, shift=0.000000
         classify: block=768 grid=456 (optimal=284)
         update:   block=768   grid=456   (optimal=284)
Rep 5: t_classify=0.005015 s, t_update=0.030903 s, tot=0.035927 s, iter=100, shift=0.000000
         classify: block=768 grid=456 (optimal=284)
         update:   block=768   grid=456   (optimal=284)
