================================================================================
Machine metadata:
================================================================================
CPU Model: Common KVM processor
RAM: 62.79 GB
OS: Debian GNU/Linux 12 (bookworm)
NVCC version: 11.8
---
GPU metadata:
NVIDIA L40, 8.9, 46068 MiB, 535.261.03
================================================================================
Experiment results:
================================================================================
Rep 1: t_classify=0.059216 s, t_update=0.050307 s, tot=0.109531 s, iter=100, shift=0.000000
         classify: block=512 grid=296 (optimal=284)
         update:   block=512   grid=296   (optimal=284)
Rep 2: t_classify=0.059288 s, t_update=0.050213 s, tot=0.109509 s, iter=100, shift=0.000000
         classify: block=512 grid=296 (optimal=284)
         update:   block=512   grid=296   (optimal=284)
Rep 3: t_classify=0.059186 s, t_update=0.050414 s, tot=0.109608 s, iter=100, shift=0.000000
         classify: block=512 grid=296 (optimal=284)
         update:   block=512   grid=296   (optimal=284)
Rep 4: t_classify=0.059045 s, t_update=0.050270 s, tot=0.109324 s, iter=100, shift=0.000000
         classify: block=512 grid=296 (optimal=284)
         update:   block=512   grid=296   (optimal=284)
Rep 5: t_classify=0.059076 s, t_update=0.050366 s, tot=0.109449 s, iter=100, shift=0.000000
         classify: block=512 grid=296 (optimal=284)
         update:   block=512   grid=296   (optimal=284)
