================================================================================
Machine metadata:
================================================================================
CPU Model: Common KVM processor
RAM: 62.79 GB
OS: Debian GNU/Linux 12 (bookworm)
NVCC version: 11.8
---
GPU metadata:
NVIDIA L40, 8.9, 46068 MiB, 535.261.03
================================================================================
Experiment results:
================================================================================
Rep 1: t_classify=0.008118 s, t_update=0.011707 s, tot=0.019833 s, iter=100, shift=0.000000
         classify: block=512 grid=293 (optimal=284)
         update:   block=512   grid=293   (optimal=284)
Rep 2: t_classify=0.007932 s, t_update=0.011849 s, tot=0.019789 s, iter=100, shift=0.000000
         classify: block=512 grid=293 (optimal=284)
         update:   block=512   grid=293   (optimal=284)
Rep 3: t_classify=0.007471 s, t_update=0.011509 s, tot=0.018987 s, iter=100, shift=0.000466
         classify: block=512 grid=293 (optimal=284)
         update:   block=512   grid=293   (optimal=284)
Rep 4: t_classify=0.007946 s, t_update=0.011723 s, tot=0.019677 s, iter=100, shift=0.001113
         classify: block=512 grid=293 (optimal=284)
         update:   block=512   grid=293   (optimal=284)
Rep 5: t_classify=0.008064 s, t_update=0.011888 s, tot=0.019960 s, iter=100, shift=0.000375
         classify: block=512 grid=293 (optimal=284)
         update:   block=512   grid=293   (optimal=284)
