================================================================================
Machine metadata:
================================================================================
CPU Model: Common KVM processor
RAM: 62.79 GB
OS: Debian GNU/Linux 12 (bookworm)
NVCC version: 11.8
---
GPU metadata:
NVIDIA L40, 8.9, 46068 MiB, 535.261.03
================================================================================
Experiment results:
================================================================================
Rep 1: t_classify=0.009073 s, t_update=0.012962 s, tot=0.022042 s, iter=100, shift=0.000000
         classify: block=768 grid=132 (optimal=284)
         update:   block=768   grid=132   (optimal=284)
Rep 2: t_classify=0.009096 s, t_update=0.012949 s, tot=0.022052 s, iter=100, shift=0.000000
         classify: block=768 grid=132 (optimal=284)
         update:   block=768   grid=132   (optimal=284)
Rep 3: t_classify=0.009083 s, t_update=0.012936 s, tot=0.022027 s, iter=100, shift=0.000000
         classify: block=768 grid=132 (optimal=284)
         update:   block=768   grid=132   (optimal=284)
Rep 4: t_classify=0.009089 s, t_update=0.013138 s, tot=0.022235 s, iter=100, shift=0.000000
         classify: block=768 grid=132 (optimal=284)
         update:   block=768   grid=132   (optimal=284)
Rep 5: t_classify=0.009104 s, t_update=0.012960 s, tot=0.022072 s, iter=100, shift=0.000000
         classify: block=768 grid=132 (optimal=284)
         update:   block=768   grid=132   (optimal=284)
