================================================================================
Machine metadata:
================================================================================
CPU Model: Common KVM processor
RAM: 62.79 GB
OS: Debian GNU/Linux 12 (bookworm)
NVCC version: 11.8
---
GPU metadata:
NVIDIA L40, 8.9, 46068 MiB, 535.261.03
================================================================================
Experiment results:
================================================================================
Rep 1: t_classify=0.005408 s, t_update=0.006972 s, tot=0.012388 s, iter=100, shift=0.000000
         classify: block=512 grid=586 (optimal=284)
         update:   block=512   grid=586   (optimal=284)
Rep 2: t_classify=0.005227 s, t_update=0.006963 s, tot=0.012198 s, iter=100, shift=0.000000
         classify: block=512 grid=586 (optimal=284)
         update:   block=512   grid=586   (optimal=284)
Rep 3: t_classify=0.005190 s, t_update=0.006967 s, tot=0.012164 s, iter=100, shift=0.000000
         classify: block=512 grid=586 (optimal=284)
         update:   block=512   grid=586   (optimal=284)
Rep 4: t_classify=0.005220 s, t_update=0.006989 s, tot=0.012216 s, iter=100, shift=0.000000
         classify: block=512 grid=586 (optimal=284)
         update:   block=512   grid=586   (optimal=284)
Rep 5: t_classify=0.005230 s, t_update=0.006987 s, tot=0.012225 s, iter=100, shift=0.000000
         classify: block=512 grid=586 (optimal=284)
         update:   block=512   grid=586   (optimal=284)
