================================================================================
Machine metadata:
================================================================================
CPU Model: Common KVM processor
RAM: 62.79 GB
OS: Debian GNU/Linux 12 (bookworm)
NVCC version: 11.8
---
GPU metadata:
NVIDIA L40, 8.9, 46068 MiB, 535.261.03
================================================================================
Experiment results:
================================================================================
Rep 1: t_classify=0.003768 s, t_update=0.013426 s, tot=0.017201 s, iter=100, shift=0.000000
         classify: block=768 grid=66 (optimal=284)
         update:   block=768   grid=66   (optimal=284)
Rep 2: t_classify=0.003749 s, t_update=0.013521 s, tot=0.017278 s, iter=100, shift=0.000000
         classify: block=768 grid=66 (optimal=284)
         update:   block=768   grid=66   (optimal=284)
Rep 3: t_classify=0.003711 s, t_update=0.013405 s, tot=0.017124 s, iter=100, shift=0.002258
         classify: block=768 grid=66 (optimal=284)
         update:   block=768   grid=66   (optimal=284)
Rep 4: t_classify=0.003889 s, t_update=0.013300 s, tot=0.017197 s, iter=100, shift=0.002260
         classify: block=768 grid=66 (optimal=284)
         update:   block=768   grid=66   (optimal=284)
Rep 5: t_classify=0.003698 s, t_update=0.013348 s, tot=0.017055 s, iter=100, shift=0.002260
         classify: block=768 grid=66 (optimal=284)
         update:   block=768   grid=66   (optimal=284)
