================================================================================
Machine metadata:
================================================================================
CPU Model: Common KVM processor
RAM: 62.79 GB
OS: Debian GNU/Linux 12 (bookworm)
NVCC version: 11.8
---
GPU metadata:
NVIDIA L40, 8.9, 46068 MiB, 535.261.03
================================================================================
Experiment results:
================================================================================
Rep 1: t_classify=0.011885 s, t_update=0.031644 s, tot=0.043537 s, iter=100, shift=0.000000
         classify: block=768 grid=196 (optimal=284)
         update:   block=768   grid=196   (optimal=284)
Rep 2: t_classify=0.011969 s, t_update=0.031721 s, tot=0.043698 s, iter=100, shift=0.000000
         classify: block=768 grid=196 (optimal=284)
         update:   block=768   grid=196   (optimal=284)
Rep 3: t_classify=0.011978 s, t_update=0.031695 s, tot=0.043681 s, iter=100, shift=0.000000
         classify: block=768 grid=196 (optimal=284)
         update:   block=768   grid=196   (optimal=284)
Rep 4: t_classify=0.011924 s, t_update=0.031890 s, tot=0.043822 s, iter=100, shift=0.000000
         classify: block=768 grid=196 (optimal=284)
         update:   block=768   grid=196   (optimal=284)
Rep 5: t_classify=0.012093 s, t_update=0.031659 s, tot=0.043760 s, iter=100, shift=0.000000
         classify: block=768 grid=196 (optimal=284)
         update:   block=768   grid=196   (optimal=284)
