================================================================================
Machine metadata:
================================================================================
CPU Model: Common KVM processor
RAM: 62.79 GB
OS: Debian GNU/Linux 12 (bookworm)
NVCC version: 11.8
---
GPU metadata:
NVIDIA L40, 8.9, 46068 MiB, 535.261.03
================================================================================
Experiment results:
================================================================================
Rep 1: t_classify=0.006699 s, t_update=0.008103 s, tot=0.014810 s, iter=100, shift=0.000000
         classify: block=512 grid=782 (optimal=284)
         update:   block=512   grid=782   (optimal=284)
Rep 2: t_classify=0.006791 s, t_update=0.008095 s, tot=0.014894 s, iter=100, shift=0.000000
         classify: block=512 grid=782 (optimal=284)
         update:   block=512   grid=782   (optimal=284)
Rep 3: t_classify=0.006609 s, t_update=0.008084 s, tot=0.014701 s, iter=100, shift=0.000000
         classify: block=512 grid=782 (optimal=284)
         update:   block=512   grid=782   (optimal=284)
Rep 4: t_classify=0.006748 s, t_update=0.008111 s, tot=0.014867 s, iter=100, shift=0.000000
         classify: block=512 grid=782 (optimal=284)
         update:   block=512   grid=782   (optimal=284)
Rep 5: t_classify=0.006862 s, t_update=0.008095 s, tot=0.014964 s, iter=100, shift=0.000000
         classify: block=512 grid=782 (optimal=284)
         update:   block=512   grid=782   (optimal=284)
