================================================================================
Machine metadata:
================================================================================
CPU Model: Common KVM processor
RAM: 62.79 GB
OS: Debian GNU/Linux 12 (bookworm)
NVCC version: 11.8
---
GPU metadata:
NVIDIA L40, 8.9, 46068 MiB, 535.261.03
================================================================================
Experiment results:
================================================================================
Rep 1: t_classify=0.042464 s, t_update=0.019470 s, tot=0.061942 s, iter=100, shift=0.000000
         classify: block=768 grid=198 (optimal=284)
         update:   block=768   grid=198   (optimal=284)
Rep 2: t_classify=0.042423 s, t_update=0.019432 s, tot=0.061864 s, iter=100, shift=0.000000
         classify: block=768 grid=198 (optimal=284)
         update:   block=768   grid=198   (optimal=284)
Rep 3: t_classify=0.042325 s, t_update=0.019336 s, tot=0.061669 s, iter=100, shift=0.000000
         classify: block=768 grid=198 (optimal=284)
         update:   block=768   grid=198   (optimal=284)
Rep 4: t_classify=0.042285 s, t_update=0.019343 s, tot=0.061637 s, iter=100, shift=0.000000
         classify: block=768 grid=198 (optimal=284)
         update:   block=768   grid=198   (optimal=284)
Rep 5: t_classify=0.042465 s, t_update=0.019433 s, tot=0.061907 s, iter=100, shift=0.000000
         classify: block=768 grid=198 (optimal=284)
         update:   block=768   grid=198   (optimal=284)
