================================================================================
Machine metadata:
================================================================================
CPU Model: Common KVM processor
RAM: 62.79 GB
OS: Debian GNU/Linux 12 (bookworm)
NVCC version: 11.8
---
GPU metadata:
NVIDIA L40, 8.9, 46068 MiB, 535.261.03
================================================================================
Experiment results:
================================================================================
Rep 1: t_classify=0.006815 s, t_update=0.026486 s, tot=0.033309 s, iter=100, shift=0.061907
         classify: block=768 grid=391 (optimal=284)
         update:   block=768   grid=391   (optimal=284)
Rep 2: t_classify=0.006754 s, t_update=0.026925 s, tot=0.033688 s, iter=100, shift=0.049401
         classify: block=768 grid=391 (optimal=284)
         update:   block=768   grid=391   (optimal=284)
Rep 3: t_classify=0.006738 s, t_update=0.027054 s, tot=0.033800 s, iter=100, shift=0.049246
         classify: block=768 grid=391 (optimal=284)
         update:   block=768   grid=391   (optimal=284)
Rep 4: t_classify=0.006755 s, t_update=0.026876 s, tot=0.033639 s, iter=100, shift=0.056376
         classify: block=768 grid=391 (optimal=284)
         update:   block=768   grid=391   (optimal=284)
Rep 5: t_classify=0.006859 s, t_update=0.026511 s, tot=0.033378 s, iter=100, shift=0.082114
         classify: block=768 grid=391 (optimal=284)
         update:   block=768   grid=391   (optimal=284)
