================================================================================
Machine metadata:
================================================================================
CPU Model: Common KVM processor
RAM: 62.79 GB
OS: Debian GNU/Linux 12 (bookworm)
NVCC version: 11.8
---
GPU metadata:
NVIDIA L40, 8.9, 46068 MiB, 535.261.03
================================================================================
Experiment results:
================================================================================
Rep 1: t_classify=0.067324 s, t_update=0.053068 s, tot=0.120401 s, iter=100, shift=0.000000
         classify: block=512 grid=790 (optimal=284)
         update:   block=512   grid=790   (optimal=284)
Rep 2: t_classify=0.067500 s, t_update=0.053068 s, tot=0.120576 s, iter=100, shift=0.000000
         classify: block=512 grid=790 (optimal=284)
         update:   block=512   grid=790   (optimal=284)
Rep 3: t_classify=0.067272 s, t_update=0.053043 s, tot=0.120323 s, iter=100, shift=0.000000
         classify: block=512 grid=790 (optimal=284)
         update:   block=512   grid=790   (optimal=284)
Rep 4: t_classify=0.067454 s, t_update=0.053029 s, tot=0.120490 s, iter=100, shift=0.000000
         classify: block=512 grid=790 (optimal=284)
         update:   block=512   grid=790   (optimal=284)
Rep 5: t_classify=0.067477 s, t_update=0.053019 s, tot=0.120503 s, iter=100, shift=0.000000
         classify: block=512 grid=790 (optimal=284)
         update:   block=512   grid=790   (optimal=284)
