================================================================================
Machine metadata:
================================================================================
CPU Model: Common KVM processor
RAM: 62.79 GB
OS: Debian GNU/Linux 12 (bookworm)
NVCC version: 11.8
---
GPU metadata:
NVIDIA L40, 8.9, 46068 MiB, 535.261.03
================================================================================
Experiment results:
================================================================================
Rep 1: t_classify=0.003052 s, t_update=0.004246 s, tot=0.007306 s, iter=100, shift=0.000000
         classify: block=512 grid=98 (optimal=284)
         update:   block=512   grid=98   (optimal=284)
Rep 2: t_classify=0.003165 s, t_update=0.004623 s, tot=0.007796 s, iter=100, shift=0.000000
         classify: block=512 grid=98 (optimal=284)
         update:   block=512   grid=98   (optimal=284)
Rep 3: t_classify=0.003181 s, t_update=0.004467 s, tot=0.007656 s, iter=100, shift=0.000000
         classify: block=512 grid=98 (optimal=284)
         update:   block=512   grid=98   (optimal=284)
Rep 4: t_classify=0.003155 s, t_update=0.004482 s, tot=0.007645 s, iter=100, shift=0.000000
         classify: block=512 grid=98 (optimal=284)
         update:   block=512   grid=98   (optimal=284)
Rep 5: t_classify=0.003136 s, t_update=0.004500 s, tot=0.007643 s, iter=100, shift=0.000000
         classify: block=512 grid=98 (optimal=284)
         update:   block=512   grid=98   (optimal=284)
