================================================================================
Machine metadata:
================================================================================
CPU Model: Common KVM processor
RAM: 62.79 GB
OS: Debian GNU/Linux 12 (bookworm)
NVCC version: 11.8
---
GPU metadata:
NVIDIA L40, 8.9, 46068 MiB, 535.261.03
================================================================================
Experiment results:
================================================================================
Rep 1: t_classify=0.085041 s, t_update=0.052947 s, tot=0.137996 s, iter=100, shift=0.000000
         classify: block=512 grid=790 (optimal=284)
         update:   block=512   grid=790   (optimal=284)
Rep 2: t_classify=0.085212 s, t_update=0.052940 s, tot=0.138160 s, iter=100, shift=0.000000
         classify: block=512 grid=790 (optimal=284)
         update:   block=512   grid=790   (optimal=284)
Rep 3: t_classify=0.084926 s, t_update=0.053050 s, tot=0.137985 s, iter=100, shift=0.000000
         classify: block=512 grid=790 (optimal=284)
         update:   block=512   grid=790   (optimal=284)
Rep 4: t_classify=0.085252 s, t_update=0.053025 s, tot=0.138286 s, iter=100, shift=0.000000
         classify: block=512 grid=790 (optimal=284)
         update:   block=512   grid=790   (optimal=284)
Rep 5: t_classify=0.084825 s, t_update=0.052950 s, tot=0.137782 s, iter=100, shift=0.000000
         classify: block=512 grid=790 (optimal=284)
         update:   block=512   grid=790   (optimal=284)
