================================================================================
Machine metadata:
================================================================================
CPU Model: Common KVM processor
RAM: 62.79 GB
OS: Debian GNU/Linux 12 (bookworm)
NVCC version: 11.8
---
GPU metadata:
NVIDIA L40, 8.9, 46068 MiB, 535.261.03
================================================================================
Experiment results:
================================================================================
Rep 1: t_classify=0.057628 s, t_update=0.051157 s, tot=0.108792 s, iter=100, shift=0.000255
         classify: block=512 grid=684 (optimal=284)
         update:   block=512   grid=684   (optimal=284)
Rep 2: t_classify=0.057618 s, t_update=0.051144 s, tot=0.108770 s, iter=100, shift=0.000578
         classify: block=512 grid=684 (optimal=284)
         update:   block=512   grid=684   (optimal=284)
Rep 3: t_classify=0.057588 s, t_update=0.051137 s, tot=0.108733 s, iter=100, shift=0.001597
         classify: block=512 grid=684 (optimal=284)
         update:   block=512   grid=684   (optimal=284)
Rep 4: t_classify=0.057675 s, t_update=0.051139 s, tot=0.108822 s, iter=100, shift=0.000524
         classify: block=512 grid=684 (optimal=284)
         update:   block=512   grid=684   (optimal=284)
Rep 5: t_classify=0.057653 s, t_update=0.051145 s, tot=0.108805 s, iter=100, shift=0.000188
         classify: block=512 grid=684 (optimal=284)
         update:   block=512   grid=684   (optimal=284)
