================================================================================
Machine metadata:
================================================================================
CPU Model: Common KVM processor
RAM: 62.79 GB
OS: Debian GNU/Linux 12 (bookworm)
NVCC version: 11.8
---
GPU metadata:
NVIDIA L40, 8.9, 46068 MiB, 535.261.03
================================================================================
Experiment results:
================================================================================
Rep 1: t_classify=0.003862 s, t_update=0.029881 s, tot=0.033751 s, iter=100, shift=0.000000
         classify: block=768 grid=391 (optimal=284)
         update:   block=768   grid=391   (optimal=284)
Rep 2: t_classify=0.003619 s, t_update=0.029857 s, tot=0.033483 s, iter=100, shift=0.000000
         classify: block=768 grid=391 (optimal=284)
         update:   block=768   grid=391   (optimal=284)
Rep 3: t_classify=0.003653 s, t_update=0.029804 s, tot=0.033465 s, iter=100, shift=0.000000
         classify: block=768 grid=391 (optimal=284)
         update:   block=768   grid=391   (optimal=284)
Rep 4: t_classify=0.003642 s, t_update=0.029765 s, tot=0.033416 s, iter=100, shift=0.000000
         classify: block=768 grid=391 (optimal=284)
         update:   block=768   grid=391   (optimal=284)
Rep 5: t_classify=0.003727 s, t_update=0.029895 s, tot=0.033631 s, iter=100, shift=0.000000
         classify: block=768 grid=391 (optimal=284)
         update:   block=768   grid=391   (optimal=284)
