================================================================================
Machine metadata:
================================================================================
CPU Model: Common KVM processor
RAM: 62.79 GB
OS: Debian GNU/Linux 12 (bookworm)
NVCC version: 11.8
---
GPU metadata:
NVIDIA L40, 8.9, 46068 MiB, 535.261.03
================================================================================
Experiment results:
================================================================================
Rep 1: t_classify=0.016459 s, t_update=0.019627 s, tot=0.036094 s, iter=100, shift=0.000000
         classify: block=512 grid=293 (optimal=284)
         update:   block=512   grid=293   (optimal=284)
Rep 2: t_classify=0.016221 s, t_update=0.019292 s, tot=0.035521 s, iter=100, shift=0.000000
         classify: block=512 grid=293 (optimal=284)
         update:   block=512   grid=293   (optimal=284)
Rep 3: t_classify=0.016256 s, t_update=0.019437 s, tot=0.035700 s, iter=100, shift=0.000000
         classify: block=512 grid=293 (optimal=284)
         update:   block=512   grid=293   (optimal=284)
Rep 4: t_classify=0.016259 s, t_update=0.019324 s, tot=0.035591 s, iter=100, shift=0.000000
         classify: block=512 grid=293 (optimal=284)
         update:   block=512   grid=293   (optimal=284)
Rep 5: t_classify=0.016220 s, t_update=0.019286 s, tot=0.035514 s, iter=100, shift=0.000000
         classify: block=512 grid=293 (optimal=284)
         update:   block=512   grid=293   (optimal=284)
