================================================================================
Machine metadata:
================================================================================
CPU Model: Common KVM processor
RAM: 62.79 GB
OS: Debian GNU/Linux 12 (bookworm)
NVCC version: 11.8
---
GPU metadata:
NVIDIA L40, 8.9, 46068 MiB, 535.261.03
================================================================================
Experiment results:
================================================================================
Rep 1: t_classify=0.084403 s, t_update=0.064815 s, tot=0.149227 s, iter=100, shift=0.000000
         classify: block=768 grid=527 (optimal=284)
         update:   block=768   grid=527   (optimal=284)
Rep 2: t_classify=0.084382 s, t_update=0.064737 s, tot=0.149128 s, iter=100, shift=0.000000
         classify: block=768 grid=527 (optimal=284)
         update:   block=768   grid=527   (optimal=284)
Rep 3: t_classify=0.084455 s, t_update=0.064750 s, tot=0.149213 s, iter=100, shift=0.000000
         classify: block=768 grid=527 (optimal=284)
         update:   block=768   grid=527   (optimal=284)
Rep 4: t_classify=0.084485 s, t_update=0.065026 s, tot=0.149520 s, iter=100, shift=0.000000
         classify: block=768 grid=527 (optimal=284)
         update:   block=768   grid=527   (optimal=284)
Rep 5: t_classify=0.084315 s, t_update=0.064808 s, tot=0.149132 s, iter=100, shift=0.000000
         classify: block=768 grid=527 (optimal=284)
         update:   block=768   grid=527   (optimal=284)
