================================================================================
Machine metadata:
================================================================================
CPU Model: Common KVM processor
RAM: 62.79 GB
OS: Debian GNU/Linux 12 (bookworm)
NVCC version: 11.8
---
GPU metadata:
NVIDIA L40, 8.9, 46068 MiB, 535.261.03
================================================================================
Experiment results:
================================================================================
Rep 1: t_classify=0.012188 s, t_update=0.048248 s, tot=0.060444 s, iter=100, shift=0.000000
         classify: block=768 grid=326 (optimal=284)
         update:   block=768   grid=326   (optimal=284)
Rep 2: t_classify=0.012105 s, t_update=0.047892 s, tot=0.060005 s, iter=100, shift=0.000000
         classify: block=768 grid=326 (optimal=284)
         update:   block=768   grid=326   (optimal=284)
Rep 3: t_classify=0.012222 s, t_update=0.048676 s, tot=0.060905 s, iter=100, shift=0.000000
         classify: block=768 grid=326 (optimal=284)
         update:   block=768   grid=326   (optimal=284)
Rep 4: t_classify=0.012190 s, t_update=0.048345 s, tot=0.060542 s, iter=100, shift=0.000000
         classify: block=768 grid=326 (optimal=284)
         update:   block=768   grid=326   (optimal=284)
Rep 5: t_classify=0.012170 s, t_update=0.048518 s, tot=0.060697 s, iter=100, shift=0.000000
         classify: block=768 grid=326 (optimal=284)
         update:   block=768   grid=326   (optimal=284)
