================================================================================
Machine metadata:
================================================================================
CPU Model: Common KVM processor
RAM: 62.79 GB
OS: Debian GNU/Linux 12 (bookworm)
NVCC version: 11.8
---
GPU metadata:
NVIDIA L40, 8.9, 46068 MiB, 535.261.03
================================================================================
Experiment results:
================================================================================
Rep 1: t_classify=0.003495 s, t_update=0.017169 s, tot=0.020671 s, iter=100, shift=0.000000
         classify: block=768 grid=261 (optimal=284)
         update:   block=768   grid=261   (optimal=284)
Rep 2: t_classify=0.003475 s, t_update=0.017145 s, tot=0.020628 s, iter=100, shift=0.000000
         classify: block=768 grid=261 (optimal=284)
         update:   block=768   grid=261   (optimal=284)
Rep 3: t_classify=0.003464 s, t_update=0.017216 s, tot=0.020688 s, iter=100, shift=0.000000
         classify: block=768 grid=261 (optimal=284)
         update:   block=768   grid=261   (optimal=284)
Rep 4: t_classify=0.003719 s, t_update=0.017410 s, tot=0.021136 s, iter=100, shift=0.000000
         classify: block=768 grid=261 (optimal=284)
         update:   block=768   grid=261   (optimal=284)
Rep 5: t_classify=0.003495 s, t_update=0.017247 s, tot=0.020750 s, iter=100, shift=0.000000
         classify: block=768 grid=261 (optimal=284)
         update:   block=768   grid=261   (optimal=284)
