================================================================================
Machine metadata:
================================================================================
CPU Model: Common KVM processor
RAM: 62.79 GB
OS: Debian GNU/Linux 12 (bookworm)
NVCC version: 11.8
---
GPU metadata:
NVIDIA L40, 8.9, 46068 MiB, 535.261.03
================================================================================
Experiment results:
================================================================================
Rep 1: t_classify=0.037835 s, t_update=0.035600 s, tot=0.073443 s, iter=100, shift=0.087503
         classify: block=512 grid=592 (optimal=284)
         update:   block=512   grid=592   (optimal=284)
Rep 2: t_classify=0.037649 s, t_update=0.035648 s, tot=0.073305 s, iter=100, shift=0.089978
         classify: block=512 grid=592 (optimal=284)
         update:   block=512   grid=592   (optimal=284)
Rep 3: t_classify=0.037719 s, t_update=0.035662 s, tot=0.073389 s, iter=100, shift=0.048934
         classify: block=512 grid=592 (optimal=284)
         update:   block=512   grid=592   (optimal=284)
Rep 4: t_classify=0.037634 s, t_update=0.035589 s, tot=0.073231 s, iter=100, shift=0.089969
         classify: block=512 grid=592 (optimal=284)
         update:   block=512   grid=592   (optimal=284)
Rep 5: t_classify=0.037689 s, t_update=0.035649 s, tot=0.073345 s, iter=100, shift=0.087518
         classify: block=512 grid=592 (optimal=284)
         update:   block=512   grid=592   (optimal=284)
