================================================================================
Machine metadata:
================================================================================
CPU Model: Common KVM processor
RAM: 62.79 GB
OS: Debian GNU/Linux 12 (bookworm)
NVCC version: 11.8
---
GPU metadata:
NVIDIA L40, 8.9, 46068 MiB, 535.261.03
================================================================================
Experiment results:
================================================================================
Rep 1: t_classify=0.002873 s, t_update=0.013339 s, tot=0.016219 s, iter=100, shift=0.000000
         classify: block=768 grid=131 (optimal=284)
         update:   block=768   grid=131   (optimal=284)
Rep 2: t_classify=0.003275 s, t_update=0.013707 s, tot=0.016990 s, iter=100, shift=0.000000
         classify: block=768 grid=131 (optimal=284)
         update:   block=768   grid=131   (optimal=284)
Rep 3: t_classify=0.003321 s, t_update=0.013446 s, tot=0.016775 s, iter=100, shift=0.000000
         classify: block=768 grid=131 (optimal=284)
         update:   block=768   grid=131   (optimal=284)
Rep 4: t_classify=0.003301 s, t_update=0.013641 s, tot=0.016950 s, iter=100, shift=0.000000
         classify: block=768 grid=131 (optimal=284)
         update:   block=768   grid=131   (optimal=284)
Rep 5: t_classify=0.003459 s, t_update=0.013591 s, tot=0.017059 s, iter=100, shift=0.000000
         classify: block=768 grid=131 (optimal=284)
         update:   block=768   grid=131   (optimal=284)
