================================================================================
Machine metadata:
================================================================================
CPU Model: Common KVM processor
RAM: 62.79 GB
OS: Debian GNU/Linux 12 (bookworm)
NVCC version: 11.8
---
GPU metadata:
NVIDIA L40, 8.9, 46068 MiB, 535.261.03
================================================================================
Experiment results:
================================================================================
Rep 1: t_classify=0.008105 s, t_update=0.010810 s, tot=0.018922 s, iter=100, shift=0.000000
         classify: block=512 grid=684 (optimal=284)
         update:   block=512   grid=684   (optimal=284)
Rep 2: t_classify=0.008395 s, t_update=0.011026 s, tot=0.019429 s, iter=100, shift=0.000000
         classify: block=512 grid=684 (optimal=284)
         update:   block=512   grid=684   (optimal=284)
Rep 3: t_classify=0.008129 s, t_update=0.011118 s, tot=0.019255 s, iter=100, shift=0.000000
         classify: block=512 grid=684 (optimal=284)
         update:   block=512   grid=684   (optimal=284)
Rep 4: t_classify=0.008419 s, t_update=0.010978 s, tot=0.019405 s, iter=100, shift=0.000000
         classify: block=512 grid=684 (optimal=284)
         update:   block=512   grid=684   (optimal=284)
Rep 5: t_classify=0.008129 s, t_update=0.010830 s, tot=0.018967 s, iter=100, shift=0.000000
         classify: block=512 grid=684 (optimal=284)
         update:   block=512   grid=684   (optimal=284)
