================================================================================
Machine metadata:
================================================================================
CPU Model: Common KVM processor
RAM: 62.79 GB
OS: Debian GNU/Linux 12 (bookworm)
NVCC version: 11.8
---
GPU metadata:
NVIDIA L40, 8.9, 46068 MiB, 535.261.03
================================================================================
Experiment results:
================================================================================
Rep 1: t_classify=0.047600 s, t_update=0.039393 s, tot=0.087002 s, iter=100, shift=0.000289
         classify: block=768 grid=456 (optimal=284)
         update:   block=768   grid=456   (optimal=284)
Rep 2: t_classify=0.047745 s, t_update=0.039198 s, tot=0.086952 s, iter=100, shift=0.000211
         classify: block=768 grid=456 (optimal=284)
         update:   block=768   grid=456   (optimal=284)
Rep 3: t_classify=0.047631 s, t_update=0.039315 s, tot=0.086954 s, iter=100, shift=0.000266
         classify: block=768 grid=456 (optimal=284)
         update:   block=768   grid=456   (optimal=284)
Rep 4: t_classify=0.047583 s, t_update=0.039383 s, tot=0.086974 s, iter=100, shift=0.000281
         classify: block=768 grid=456 (optimal=284)
         update:   block=768   grid=456   (optimal=284)
Rep 5: t_classify=0.047588 s, t_update=0.039213 s, tot=0.086810 s, iter=100, shift=0.000195
         classify: block=768 grid=456 (optimal=284)
         update:   block=768   grid=456   (optimal=284)
