================================================================================
Machine metadata:
================================================================================
CPU Model: Common KVM processor
RAM: 62.79 GB
OS: Debian GNU/Linux 12 (bookworm)
NVCC version: 11.8
---
GPU metadata:
NVIDIA L40, 8.9, 46068 MiB, 535.261.03
================================================================================
Experiment results:
================================================================================
Rep 1: t_classify=0.006992 s, t_update=0.007955 s, tot=0.014956 s, iter=100, shift=0.000000
         classify: block=512 grid=489 (optimal=284)
         update:   block=512   grid=489   (optimal=284)
Rep 2: t_classify=0.006801 s, t_update=0.007935 s, tot=0.014744 s, iter=100, shift=0.000000
         classify: block=512 grid=489 (optimal=284)
         update:   block=512   grid=489   (optimal=284)
Rep 3: t_classify=0.006782 s, t_update=0.007943 s, tot=0.014733 s, iter=100, shift=0.000000
         classify: block=512 grid=489 (optimal=284)
         update:   block=512   grid=489   (optimal=284)
Rep 4: t_classify=0.006794 s, t_update=0.007977 s, tot=0.014779 s, iter=100, shift=0.000000
         classify: block=512 grid=489 (optimal=284)
         update:   block=512   grid=489   (optimal=284)
Rep 5: t_classify=0.006837 s, t_update=0.007957 s, tot=0.014801 s, iter=100, shift=0.000000
         classify: block=512 grid=489 (optimal=284)
         update:   block=512   grid=489   (optimal=284)
