================================================================================
Machine metadata:
================================================================================
CPU Model: Common KVM processor
RAM: 62.79 GB
OS: Debian GNU/Linux 12 (bookworm)
NVCC version: 11.8
---
GPU metadata:
NVIDIA L40, 8.9, 46068 MiB, 535.261.03
================================================================================
Experiment results:
================================================================================
Rep 1: t_classify=0.003432 s, t_update=0.017251 s, tot=0.020690 s, iter=100, shift=0.000000
         classify: block=768 grid=196 (optimal=284)
         update:   block=768   grid=196   (optimal=284)
Rep 2: t_classify=0.003390 s, t_update=0.017374 s, tot=0.020772 s, iter=100, shift=0.000000
         classify: block=768 grid=196 (optimal=284)
         update:   block=768   grid=196   (optimal=284)
Rep 3: t_classify=0.003362 s, t_update=0.017439 s, tot=0.020809 s, iter=100, shift=0.000000
         classify: block=768 grid=196 (optimal=284)
         update:   block=768   grid=196   (optimal=284)
Rep 4: t_classify=0.003368 s, t_update=0.017236 s, tot=0.020612 s, iter=100, shift=0.000000
         classify: block=768 grid=196 (optimal=284)
         update:   block=768   grid=196   (optimal=284)
Rep 5: t_classify=0.003370 s, t_update=0.017218 s, tot=0.020596 s, iter=100, shift=0.000000
         classify: block=768 grid=196 (optimal=284)
         update:   block=768   grid=196   (optimal=284)
