================================================================================
Machine metadata:
================================================================================
CPU Model: Common KVM processor
RAM: 62.79 GB
OS: Debian GNU/Linux 12 (bookworm)
NVCC version: 11.8
---
GPU metadata:
NVIDIA L40, 8.9, 46068 MiB, 535.261.03
================================================================================
Experiment results:
================================================================================
Rep 1: t_classify=0.005202 s, t_update=0.007321 s, tot=0.012531 s, iter=100, shift=0.000000
         classify: block=512 grid=391 (optimal=284)
         update:   block=512   grid=391   (optimal=284)
Rep 2: t_classify=0.005210 s, t_update=0.007370 s, tot=0.012588 s, iter=100, shift=0.000000
         classify: block=512 grid=391 (optimal=284)
         update:   block=512   grid=391   (optimal=284)
Rep 3: t_classify=0.005225 s, t_update=0.007525 s, tot=0.012758 s, iter=100, shift=0.000000
         classify: block=512 grid=391 (optimal=284)
         update:   block=512   grid=391   (optimal=284)
Rep 4: t_classify=0.005178 s, t_update=0.007356 s, tot=0.012542 s, iter=100, shift=0.000000
         classify: block=512 grid=391 (optimal=284)
         update:   block=512   grid=391   (optimal=284)
Rep 5: t_classify=0.005380 s, t_update=0.007342 s, tot=0.012730 s, iter=100, shift=0.000000
         classify: block=512 grid=391 (optimal=284)
         update:   block=512   grid=391   (optimal=284)
