================================================================================
Machine metadata:
================================================================================
CPU Model: Common KVM processor
RAM: 62.79 GB
OS: Debian GNU/Linux 12 (bookworm)
NVCC version: 11.8
---
GPU metadata:
NVIDIA L40, 8.9, 46068 MiB, 535.261.03
================================================================================
Experiment results:
================================================================================
Rep 1: t_classify=0.006715 s, t_update=0.013027 s, tot=0.019749 s, iter=100, shift=0.837002
         classify: block=768 grid=66 (optimal=284)
         update:   block=768   grid=66   (optimal=284)
Rep 2: t_classify=0.006727 s, t_update=0.013033 s, tot=0.019768 s, iter=100, shift=0.837002
         classify: block=768 grid=66 (optimal=284)
         update:   block=768   grid=66   (optimal=284)
Rep 3: t_classify=0.006748 s, t_update=0.013032 s, tot=0.019788 s, iter=100, shift=0.837043
         classify: block=768 grid=66 (optimal=284)
         update:   block=768   grid=66   (optimal=284)
Rep 4: t_classify=0.006303 s, t_update=0.012772 s, tot=0.019083 s, iter=100, shift=0.837057
         classify: block=768 grid=66 (optimal=284)
         update:   block=768   grid=66   (optimal=284)
Rep 5: t_classify=0.006758 s, t_update=0.013677 s, tot=0.020443 s, iter=100, shift=0.837018
         classify: block=768 grid=66 (optimal=284)
         update:   block=768   grid=66   (optimal=284)
