================================================================================
Machine metadata:
================================================================================
CPU Model: Common KVM processor
RAM: 62.79 GB
OS: Debian GNU/Linux 12 (bookworm)
NVCC version: 11.8
---
GPU metadata:
NVIDIA L40, 8.9, 46068 MiB, 535.261.03
================================================================================
Experiment results:
================================================================================
Rep 1: t_classify=0.007245 s, t_update=0.009979 s, tot=0.017232 s, iter=100, shift=0.000000
         classify: block=512 grid=196 (optimal=284)
         update:   block=512   grid=196   (optimal=284)
Rep 2: t_classify=0.007056 s, t_update=0.009936 s, tot=0.016999 s, iter=100, shift=0.000000
         classify: block=512 grid=196 (optimal=284)
         update:   block=512   grid=196   (optimal=284)
Rep 3: t_classify=0.007284 s, t_update=0.009977 s, tot=0.017269 s, iter=100, shift=0.000000
         classify: block=512 grid=196 (optimal=284)
         update:   block=512   grid=196   (optimal=284)
Rep 4: t_classify=0.007096 s, t_update=0.010098 s, tot=0.017202 s, iter=100, shift=0.000000
         classify: block=512 grid=196 (optimal=284)
         update:   block=512   grid=196   (optimal=284)
Rep 5: t_classify=0.007118 s, t_update=0.010138 s, tot=0.017264 s, iter=100, shift=0.000000
         classify: block=512 grid=196 (optimal=284)
         update:   block=512   grid=196   (optimal=284)
