================================================================================
Machine metadata:
================================================================================
CPU Model: Common KVM processor
RAM: 62.79 GB
OS: Debian GNU/Linux 12 (bookworm)
NVCC version: 11.8
---
GPU metadata:
NVIDIA L40, 8.9, 46068 MiB, 535.261.03
================================================================================
Experiment results:
================================================================================
Rep 1: t_classify=0.011847 s, t_update=0.016306 s, tot=0.028161 s, iter=100, shift=0.000000
         classify: block=512 grid=391 (optimal=284)
         update:   block=512   grid=391   (optimal=284)
Rep 2: t_classify=0.011850 s, t_update=0.016279 s, tot=0.028137 s, iter=100, shift=0.000000
         classify: block=512 grid=391 (optimal=284)
         update:   block=512   grid=391   (optimal=284)
Rep 3: t_classify=0.011898 s, t_update=0.016319 s, tot=0.028225 s, iter=100, shift=0.000000
         classify: block=512 grid=391 (optimal=284)
         update:   block=512   grid=391   (optimal=284)
Rep 4: t_classify=0.011904 s, t_update=0.016269 s, tot=0.028181 s, iter=100, shift=0.000000
         classify: block=512 grid=391 (optimal=284)
         update:   block=512   grid=391   (optimal=284)
Rep 5: t_classify=0.011853 s, t_update=0.016275 s, tot=0.028137 s, iter=100, shift=0.000000
         classify: block=512 grid=391 (optimal=284)
         update:   block=512   grid=391   (optimal=284)
