================================================================================
Machine metadata:
================================================================================
CPU Model: Common KVM processor
RAM: 62.79 GB
OS: Debian GNU/Linux 12 (bookworm)
NVCC version: 11.8
---
GPU metadata:
NVIDIA L40, 8.9, 46068 MiB, 535.261.03
================================================================================
Experiment results:
================================================================================
Rep 1: t_classify=0.007796 s, t_update=0.009963 s, tot=0.017766 s, iter=100, shift=0.000000
         classify: block=512 grid=586 (optimal=284)
         update:   block=512   grid=586   (optimal=284)
Rep 2: t_classify=0.007886 s, t_update=0.009964 s, tot=0.017858 s, iter=100, shift=0.000000
         classify: block=512 grid=586 (optimal=284)
         update:   block=512   grid=586   (optimal=284)
Rep 3: t_classify=0.007815 s, t_update=0.009996 s, tot=0.017818 s, iter=100, shift=0.000000
         classify: block=512 grid=586 (optimal=284)
         update:   block=512   grid=586   (optimal=284)
Rep 4: t_classify=0.007816 s, t_update=0.009981 s, tot=0.017805 s, iter=100, shift=0.000000
         classify: block=512 grid=586 (optimal=284)
         update:   block=512   grid=586   (optimal=284)
Rep 5: t_classify=0.007840 s, t_update=0.009993 s, tot=0.017841 s, iter=100, shift=0.000000
         classify: block=512 grid=586 (optimal=284)
         update:   block=512   grid=586   (optimal=284)
