================================================================================
Machine metadata:
================================================================================
CPU Model: Common KVM processor
RAM: 62.79 GB
OS: Debian GNU/Linux 12 (bookworm)
NVCC version: 11.8
---
GPU metadata:
NVIDIA L40, 8.9, 46068 MiB, 535.261.03
================================================================================
Experiment results:
================================================================================
Rep 1: t_classify=0.030450 s, t_update=0.032232 s, tot=0.062691 s, iter=100, shift=16.795179
         classify: block=512 grid=684 (optimal=284)
         update:   block=512   grid=684   (optimal=284)
Rep 2: t_classify=0.030428 s, t_update=0.032186 s, tot=0.062622 s, iter=100, shift=7.632807
         classify: block=512 grid=684 (optimal=284)
         update:   block=512   grid=684   (optimal=284)
Rep 3: t_classify=0.030405 s, t_update=0.032232 s, tot=0.062646 s, iter=100, shift=11.831516
         classify: block=512 grid=684 (optimal=284)
         update:   block=512   grid=684   (optimal=284)
Rep 4: t_classify=0.030444 s, t_update=0.032169 s, tot=0.062621 s, iter=100, shift=9.434486
         classify: block=512 grid=684 (optimal=284)
         update:   block=512   grid=684   (optimal=284)
Rep 5: t_classify=0.030423 s, t_update=0.032213 s, tot=0.062644 s, iter=100, shift=18.576910
         classify: block=512 grid=684 (optimal=284)
         update:   block=512   grid=684   (optimal=284)
