================================================================================
Machine metadata:
================================================================================
CPU Model: Common KVM processor
RAM: 62.79 GB
OS: Debian GNU/Linux 12 (bookworm)
NVCC version: 11.8
---
GPU metadata:
NVIDIA L40, 8.9, 46068 MiB, 535.261.03
================================================================================
Experiment results:
================================================================================
Rep 1: t_classify=0.066786 s, t_update=0.055116 s, tot=0.121910 s, iter=100, shift=0.016401
         classify: block=512 grid=782 (optimal=284)
         update:   block=512   grid=782   (optimal=284)
Rep 2: t_classify=0.066742 s, t_update=0.055119 s, tot=0.121869 s, iter=100, shift=0.020776
         classify: block=512 grid=782 (optimal=284)
         update:   block=512   grid=782   (optimal=284)
Rep 3: t_classify=0.066744 s, t_update=0.055064 s, tot=0.121816 s, iter=100, shift=0.008963
         classify: block=512 grid=782 (optimal=284)
         update:   block=512   grid=782   (optimal=284)
Rep 4: t_classify=0.066784 s, t_update=0.055504 s, tot=0.122296 s, iter=100, shift=0.024083
         classify: block=512 grid=782 (optimal=284)
         update:   block=512   grid=782   (optimal=284)
Rep 5: t_classify=0.066782 s, t_update=0.055225 s, tot=0.122015 s, iter=100, shift=0.007035
         classify: block=512 grid=782 (optimal=284)
         update:   block=512   grid=782   (optimal=284)
