================================================================================
Machine metadata:
================================================================================
CPU Model: Common KVM processor
RAM: 62.79 GB
OS: Debian GNU/Linux 12 (bookworm)
NVCC version: 11.8
---
GPU metadata:
NVIDIA L40, 8.9, 46068 MiB, 535.261.03
================================================================================
Experiment results:
================================================================================
Rep 1: t_classify=0.025072 s, t_update=0.053397 s, tot=0.078478 s, iter=100, shift=19.061018
         classify: block=768 grid=456 (optimal=284)
         update:   block=768   grid=456   (optimal=284)
Rep 2: t_classify=0.025365 s, t_update=0.053478 s, tot=0.078851 s, iter=100, shift=7.392355
         classify: block=768 grid=456 (optimal=284)
         update:   block=768   grid=456   (optimal=284)
Rep 3: t_classify=0.025026 s, t_update=0.053200 s, tot=0.078233 s, iter=100, shift=12.546482
         classify: block=768 grid=456 (optimal=284)
         update:   block=768   grid=456   (optimal=284)
Rep 4: t_classify=0.025092 s, t_update=0.053343 s, tot=0.078443 s, iter=100, shift=17.532343
         classify: block=768 grid=456 (optimal=284)
         update:   block=768   grid=456   (optimal=284)
Rep 5: t_classify=0.025078 s, t_update=0.053506 s, tot=0.078593 s, iter=100, shift=9.641923
         classify: block=768 grid=456 (optimal=284)
         update:   block=768   grid=456   (optimal=284)
