================================================================================
Machine metadata:
================================================================================
CPU Model: Common KVM processor
RAM: 62.79 GB
OS: Debian GNU/Linux 12 (bookworm)
NVCC version: 11.8
---
GPU metadata:
NVIDIA L40, 8.9, 46068 MiB, 535.261.03
================================================================================
Experiment results:
================================================================================
Rep 1: t_classify=0.068064 s, t_update=0.051894 s, tot=0.119970 s, iter=100, shift=0.870320
         classify: block=512 grid=691 (optimal=284)
         update:   block=512   grid=691   (optimal=284)
Rep 2: t_classify=0.068258 s, t_update=0.051786 s, tot=0.120053 s, iter=100, shift=0.864223
         classify: block=512 grid=691 (optimal=284)
         update:   block=512   grid=691   (optimal=284)
Rep 3: t_classify=0.068052 s, t_update=0.051720 s, tot=0.119780 s, iter=100, shift=0.870338
         classify: block=512 grid=691 (optimal=284)
         update:   block=512   grid=691   (optimal=284)
Rep 4: t_classify=0.068024 s, t_update=0.051752 s, tot=0.119792 s, iter=100, shift=0.813036
         classify: block=512 grid=691 (optimal=284)
         update:   block=512   grid=691   (optimal=284)
Rep 5: t_classify=0.068102 s, t_update=0.051897 s, tot=0.120007 s, iter=100, shift=2.516711
         classify: block=512 grid=691 (optimal=284)
         update:   block=512   grid=691   (optimal=284)
