================================================================================
Machine metadata:
================================================================================
CPU Model: Common KVM processor
RAM: 62.79 GB
OS: Debian GNU/Linux 12 (bookworm)
NVCC version: 11.8
---
GPU metadata:
NVIDIA L40, 8.9, 46068 MiB, 535.261.03
================================================================================
Experiment results:
================================================================================
Rep 1: t_classify=0.053666 s, t_update=0.022220 s, tot=0.075895 s, iter=100, shift=0.942035
         classify: block=768 grid=264 (optimal=284)
         update:   block=768   grid=264   (optimal=284)
Rep 2: t_classify=0.053580 s, t_update=0.022175 s, tot=0.075763 s, iter=100, shift=0.905413
         classify: block=768 grid=264 (optimal=284)
         update:   block=768   grid=264   (optimal=284)
Rep 3: t_classify=0.053463 s, t_update=0.022168 s, tot=0.075639 s, iter=100, shift=0.999695
         classify: block=768 grid=264 (optimal=284)
         update:   block=768   grid=264   (optimal=284)
Rep 4: t_classify=0.053477 s, t_update=0.022136 s, tot=0.075621 s, iter=100, shift=0.999708
         classify: block=768 grid=264 (optimal=284)
         update:   block=768   grid=264   (optimal=284)
Rep 5: t_classify=0.053466 s, t_update=0.022105 s, tot=0.075579 s, iter=100, shift=0.942011
         classify: block=768 grid=264 (optimal=284)
         update:   block=768   grid=264   (optimal=284)
