================================================================================
Machine metadata:
================================================================================
CPU Model: Common KVM processor
RAM: 62.79 GB
OS: Debian GNU/Linux 12 (bookworm)
NVCC version: 11.8
---
GPU metadata:
NVIDIA L40, 8.9, 46068 MiB, 535.261.03
================================================================================
Experiment results:
================================================================================
Rep 1: t_classify=0.004828 s, t_update=0.030232 s, tot=0.035068 s, iter=100, shift=0.000000
         classify: block=768 grid=391 (optimal=284)
         update:   block=768   grid=391   (optimal=284)
Rep 2: t_classify=0.004976 s, t_update=0.030147 s, tot=0.035131 s, iter=100, shift=0.000000
         classify: block=768 grid=391 (optimal=284)
         update:   block=768   grid=391   (optimal=284)
Rep 3: t_classify=0.004843 s, t_update=0.030080 s, tot=0.034930 s, iter=100, shift=0.000000
         classify: block=768 grid=391 (optimal=284)
         update:   block=768   grid=391   (optimal=284)
Rep 4: t_classify=0.004928 s, t_update=0.030159 s, tot=0.035095 s, iter=100, shift=0.000000
         classify: block=768 grid=391 (optimal=284)
         update:   block=768   grid=391   (optimal=284)
Rep 5: t_classify=0.004954 s, t_update=0.030198 s, tot=0.035160 s, iter=100, shift=0.000000
         classify: block=768 grid=391 (optimal=284)
         update:   block=768   grid=391   (optimal=284)
