================================================================================
Machine metadata:
================================================================================
CPU Model: Common KVM processor
RAM: 62.79 GB
OS: Debian GNU/Linux 12 (bookworm)
NVCC version: 11.8
---
GPU metadata:
NVIDIA L40, 8.9, 46068 MiB, 535.261.03
================================================================================
Experiment results:
================================================================================
Rep 1: t_classify=0.022370 s, t_update=0.026570 s, tot=0.048949 s, iter=100, shift=0.000000
         classify: block=512 grid=782 (optimal=284)
         update:   block=512   grid=782   (optimal=284)
Rep 2: t_classify=0.022327 s, t_update=0.026518 s, tot=0.048854 s, iter=100, shift=0.000000
         classify: block=512 grid=782 (optimal=284)
         update:   block=512   grid=782   (optimal=284)
Rep 3: t_classify=0.022307 s, t_update=0.026513 s, tot=0.048828 s, iter=100, shift=0.000000
         classify: block=512 grid=782 (optimal=284)
         update:   block=512   grid=782   (optimal=284)
Rep 4: t_classify=0.022355 s, t_update=0.026523 s, tot=0.048887 s, iter=100, shift=0.000000
         classify: block=512 grid=782 (optimal=284)
         update:   block=512   grid=782   (optimal=284)
Rep 5: t_classify=0.022273 s, t_update=0.026532 s, tot=0.048814 s, iter=100, shift=0.000000
         classify: block=512 grid=782 (optimal=284)
         update:   block=512   grid=782   (optimal=284)
