================================================================================
Machine metadata:
================================================================================
CPU Model: Common KVM processor
RAM: 62.79 GB
OS: Debian GNU/Linux 12 (bookworm)
NVCC version: 11.8
---
GPU metadata:
NVIDIA L40, 8.9, 46068 MiB, 535.261.03
================================================================================
Experiment results:
================================================================================
Rep 1: t_classify=0.004831 s, t_update=0.005799 s, tot=0.010638 s, iter=100, shift=0.000000
         classify: block=512 grid=489 (optimal=284)
         update:   block=512   grid=489   (optimal=284)
Rep 2: t_classify=0.005401 s, t_update=0.005928 s, tot=0.011337 s, iter=100, shift=0.000000
         classify: block=512 grid=489 (optimal=284)
         update:   block=512   grid=489   (optimal=284)
Rep 3: t_classify=0.005276 s, t_update=0.005952 s, tot=0.011237 s, iter=100, shift=0.000000
         classify: block=512 grid=489 (optimal=284)
         update:   block=512   grid=489   (optimal=284)
Rep 4: t_classify=0.005310 s, t_update=0.005989 s, tot=0.011307 s, iter=100, shift=0.000000
         classify: block=512 grid=489 (optimal=284)
         update:   block=512   grid=489   (optimal=284)
Rep 5: t_classify=0.005217 s, t_update=0.005931 s, tot=0.011156 s, iter=100, shift=0.000000
         classify: block=512 grid=489 (optimal=284)
         update:   block=512   grid=489   (optimal=284)
