================================================================================
Machine metadata:
================================================================================
CPU Model: Common KVM processor
RAM: 62.79 GB
OS: Debian GNU/Linux 12 (bookworm)
NVCC version: 11.8
---
GPU metadata:
NVIDIA L40, 8.9, 46068 MiB, 535.261.03
================================================================================
Experiment results:
================================================================================
Rep 1: t_classify=0.045155 s, t_update=0.030116 s, tot=0.075279 s, iter=100, shift=2.870314
         classify: block=512 grid=494 (optimal=284)
         update:   block=512   grid=494   (optimal=284)
Rep 2: t_classify=0.045124 s, t_update=0.030051 s, tot=0.075183 s, iter=100, shift=2.559135
         classify: block=512 grid=494 (optimal=284)
         update:   block=512   grid=494   (optimal=284)
Rep 3: t_classify=0.045384 s, t_update=0.030440 s, tot=0.075832 s, iter=100, shift=2.617422
         classify: block=512 grid=494 (optimal=284)
         update:   block=512   grid=494   (optimal=284)
Rep 4: t_classify=0.045063 s, t_update=0.030084 s, tot=0.075154 s, iter=100, shift=2.659592
         classify: block=512 grid=494 (optimal=284)
         update:   block=512   grid=494   (optimal=284)
Rep 5: t_classify=0.045133 s, t_update=0.030085 s, tot=0.075227 s, iter=100, shift=2.531142
         classify: block=512 grid=494 (optimal=284)
         update:   block=512   grid=494   (optimal=284)
