================================================================================
Machine metadata:
================================================================================
CPU Model: Common KVM processor
RAM: 62.79 GB
OS: Debian GNU/Linux 12 (bookworm)
NVCC version: 11.8
---
GPU metadata:
NVIDIA L40, 8.9, 46068 MiB, 535.261.03
================================================================================
Experiment results:
================================================================================
Rep 1: t_classify=0.002423 s, t_update=0.013218 s, tot=0.015649 s, iter=100, shift=0.000000
         classify: block=768 grid=131 (optimal=284)
         update:   block=768   grid=131   (optimal=284)
Rep 2: t_classify=0.002331 s, t_update=0.013147 s, tot=0.015486 s, iter=100, shift=0.000000
         classify: block=768 grid=131 (optimal=284)
         update:   block=768   grid=131   (optimal=284)
Rep 3: t_classify=0.002321 s, t_update=0.013404 s, tot=0.015733 s, iter=100, shift=0.000000
         classify: block=768 grid=131 (optimal=284)
         update:   block=768   grid=131   (optimal=284)
Rep 4: t_classify=0.002353 s, t_update=0.013161 s, tot=0.015522 s, iter=100, shift=0.000000
         classify: block=768 grid=131 (optimal=284)
         update:   block=768   grid=131   (optimal=284)
Rep 5: t_classify=0.002347 s, t_update=0.013117 s, tot=0.015471 s, iter=100, shift=0.000000
         classify: block=768 grid=131 (optimal=284)
         update:   block=768   grid=131   (optimal=284)
