================================================================================
Machine metadata:
================================================================================
CPU Model: Common KVM processor
RAM: 62.79 GB
OS: Debian GNU/Linux 12 (bookworm)
NVCC version: 11.8
---
GPU metadata:
NVIDIA L40, 8.9, 46068 MiB, 535.261.03
================================================================================
Experiment results:
================================================================================
Rep 1: t_classify=0.026468 s, t_update=0.058638 s, tot=0.085114 s, iter=100, shift=0.000000
         classify: block=768 grid=521 (optimal=284)
         update:   block=768   grid=521   (optimal=284)
Rep 2: t_classify=0.026492 s, t_update=0.058679 s, tot=0.085180 s, iter=100, shift=0.000000
         classify: block=768 grid=521 (optimal=284)
         update:   block=768   grid=521   (optimal=284)
Rep 3: t_classify=0.026563 s, t_update=0.058665 s, tot=0.085236 s, iter=100, shift=0.000000
         classify: block=768 grid=521 (optimal=284)
         update:   block=768   grid=521   (optimal=284)
Rep 4: t_classify=0.026558 s, t_update=0.058715 s, tot=0.085281 s, iter=100, shift=0.000000
         classify: block=768 grid=521 (optimal=284)
         update:   block=768   grid=521   (optimal=284)
Rep 5: t_classify=0.026542 s, t_update=0.058713 s, tot=0.085263 s, iter=100, shift=0.000000
         classify: block=768 grid=521 (optimal=284)
         update:   block=768   grid=521   (optimal=284)
