================================================================================
Machine metadata:
================================================================================
CPU Model: Common KVM processor
RAM: 62.79 GB
OS: Debian GNU/Linux 12 (bookworm)
NVCC version: 11.8
---
GPU metadata:
NVIDIA L40, 8.9, 46068 MiB, 535.261.03
================================================================================
Experiment results:
================================================================================
Rep 1: t_classify=0.017457 s, t_update=0.022091 s, tot=0.039557 s, iter=100, shift=0.000000
         classify: block=512 grid=391 (optimal=284)
         update:   block=512   grid=391   (optimal=284)
Rep 2: t_classify=0.017552 s, t_update=0.022230 s, tot=0.039790 s, iter=100, shift=0.000000
         classify: block=512 grid=391 (optimal=284)
         update:   block=512   grid=391   (optimal=284)
Rep 3: t_classify=0.017628 s, t_update=0.022509 s, tot=0.040146 s, iter=100, shift=0.000000
         classify: block=512 grid=391 (optimal=284)
         update:   block=512   grid=391   (optimal=284)
Rep 4: t_classify=0.017555 s, t_update=0.022220 s, tot=0.039783 s, iter=100, shift=0.000000
         classify: block=512 grid=391 (optimal=284)
         update:   block=512   grid=391   (optimal=284)
Rep 5: t_classify=0.017510 s, t_update=0.022378 s, tot=0.039895 s, iter=100, shift=0.000000
         classify: block=512 grid=391 (optimal=284)
         update:   block=512   grid=391   (optimal=284)
