================================================================================
Machine metadata:
================================================================================
CPU Model: Common KVM processor
RAM: 62.79 GB
OS: Debian GNU/Linux 12 (bookworm)
NVCC version: 11.8
---
GPU metadata:
NVIDIA L40, 8.9, 46068 MiB, 535.261.03
================================================================================
Experiment results:
================================================================================
Rep 1: t_classify=0.005410 s, t_update=0.017234 s, tot=0.022652 s, iter=100, shift=0.003610
         classify: block=768 grid=261 (optimal=284)
         update:   block=768   grid=261   (optimal=284)
Rep 2: t_classify=0.005494 s, t_update=0.017370 s, tot=0.022872 s, iter=100, shift=0.005541
         classify: block=768 grid=261 (optimal=284)
         update:   block=768   grid=261   (optimal=284)
Rep 3: t_classify=0.005382 s, t_update=0.017376 s, tot=0.022765 s, iter=100, shift=0.005914
         classify: block=768 grid=261 (optimal=284)
         update:   block=768   grid=261   (optimal=284)
Rep 4: t_classify=0.005378 s, t_update=0.017394 s, tot=0.022780 s, iter=100, shift=0.003883
         classify: block=768 grid=261 (optimal=284)
         update:   block=768   grid=261   (optimal=284)
Rep 5: t_classify=0.005561 s, t_update=0.017245 s, tot=0.022814 s, iter=100, shift=0.005210
         classify: block=768 grid=261 (optimal=284)
         update:   block=768   grid=261   (optimal=284)
