================================================================================
Machine metadata:
================================================================================
CPU Model: Common KVM processor
RAM: 62.79 GB
OS: Debian GNU/Linux 12 (bookworm)
NVCC version: 11.8
---
GPU metadata:
NVIDIA L40, 8.9, 46068 MiB, 535.261.03
================================================================================
Experiment results:
================================================================================
Rep 1: t_classify=0.022367 s, t_update=0.022999 s, tot=0.045373 s, iter=100, shift=0.000000
         classify: block=512 grid=489 (optimal=284)
         update:   block=512   grid=489   (optimal=284)
Rep 2: t_classify=0.022195 s, t_update=0.022923 s, tot=0.045126 s, iter=100, shift=0.000000
         classify: block=512 grid=489 (optimal=284)
         update:   block=512   grid=489   (optimal=284)
Rep 3: t_classify=0.022221 s, t_update=0.023052 s, tot=0.045282 s, iter=100, shift=0.000000
         classify: block=512 grid=489 (optimal=284)
         update:   block=512   grid=489   (optimal=284)
Rep 4: t_classify=0.022192 s, t_update=0.022933 s, tot=0.045133 s, iter=100, shift=0.000000
         classify: block=512 grid=489 (optimal=284)
         update:   block=512   grid=489   (optimal=284)
Rep 5: t_classify=0.022221 s, t_update=0.023165 s, tot=0.045394 s, iter=100, shift=0.000000
         classify: block=512 grid=489 (optimal=284)
         update:   block=512   grid=489   (optimal=284)
