================================================================================
Machine metadata:
================================================================================
CPU Model: Common KVM processor
RAM: 62.79 GB
OS: Debian GNU/Linux 12 (bookworm)
NVCC version: 11.8
---
GPU metadata:
NVIDIA L40, 8.9, 46068 MiB, 535.261.03
================================================================================
Experiment results:
================================================================================
Rep 1: t_classify=0.024391 s, t_update=0.013399 s, tot=0.037798 s, iter=100, shift=0.000000
         classify: block=768 grid=132 (optimal=284)
         update:   block=768   grid=132   (optimal=284)
Rep 2: t_classify=0.024375 s, t_update=0.013298 s, tot=0.037681 s, iter=100, shift=0.000000
         classify: block=768 grid=132 (optimal=284)
         update:   block=768   grid=132   (optimal=284)
Rep 3: t_classify=0.024179 s, t_update=0.013308 s, tot=0.037495 s, iter=100, shift=0.000000
         classify: block=768 grid=132 (optimal=284)
         update:   block=768   grid=132   (optimal=284)
Rep 4: t_classify=0.024199 s, t_update=0.013321 s, tot=0.037528 s, iter=100, shift=0.000000
         classify: block=768 grid=132 (optimal=284)
         update:   block=768   grid=132   (optimal=284)
Rep 5: t_classify=0.024186 s, t_update=0.013287 s, tot=0.037481 s, iter=100, shift=0.000000
         classify: block=768 grid=132 (optimal=284)
         update:   block=768   grid=132   (optimal=284)
