================================================================================
Machine metadata:
================================================================================
CPU Model: Common KVM processor
RAM: 62.79 GB
OS: Debian GNU/Linux 12 (bookworm)
NVCC version: 11.8
---
GPU metadata:
NVIDIA L40, 8.9, 46068 MiB, 535.261.03
================================================================================
Experiment results:
================================================================================
Rep 1: t_classify=0.053433 s, t_update=0.043980 s, tot=0.097435 s, iter=100, shift=0.000197
         classify: block=512 grid=691 (optimal=284)
         update:   block=512   grid=691   (optimal=284)
Rep 2: t_classify=0.053554 s, t_update=0.043908 s, tot=0.097471 s, iter=100, shift=0.001041
         classify: block=512 grid=691 (optimal=284)
         update:   block=512   grid=691   (optimal=284)
Rep 3: t_classify=0.053447 s, t_update=0.044024 s, tot=0.097479 s, iter=100, shift=0.000304
         classify: block=512 grid=691 (optimal=284)
         update:   block=512   grid=691   (optimal=284)
Rep 4: t_classify=0.053359 s, t_update=0.043954 s, tot=0.097321 s, iter=100, shift=0.000677
         classify: block=512 grid=691 (optimal=284)
         update:   block=512   grid=691   (optimal=284)
Rep 5: t_classify=0.053493 s, t_update=0.043976 s, tot=0.097477 s, iter=100, shift=0.000197
         classify: block=512 grid=691 (optimal=284)
         update:   block=512   grid=691   (optimal=284)
