================================================================================
Machine metadata:
================================================================================
CPU Model: Common KVM processor
RAM: 62.79 GB
OS: Debian GNU/Linux 12 (bookworm)
NVCC version: 11.8
---
GPU metadata:
NVIDIA L40, 8.9, 46068 MiB, 535.261.03
================================================================================
Experiment results:
================================================================================
Rep 1: t_classify=0.004060 s, t_update=0.031048 s, tot=0.035116 s, iter=100, shift=0.000000
         classify: block=768 grid=456 (optimal=284)
         update:   block=768   grid=456   (optimal=284)
Rep 2: t_classify=0.003972 s, t_update=0.030807 s, tot=0.034787 s, iter=100, shift=0.000000
         classify: block=768 grid=456 (optimal=284)
         update:   block=768   grid=456   (optimal=284)
Rep 3: t_classify=0.003972 s, t_update=0.030869 s, tot=0.034849 s, iter=100, shift=0.000000
         classify: block=768 grid=456 (optimal=284)
         update:   block=768   grid=456   (optimal=284)
Rep 4: t_classify=0.004342 s, t_update=0.031010 s, tot=0.035360 s, iter=100, shift=0.000000
         classify: block=768 grid=456 (optimal=284)
         update:   block=768   grid=456   (optimal=284)
Rep 5: t_classify=0.004445 s, t_update=0.030995 s, tot=0.035449 s, iter=100, shift=0.000000
         classify: block=768 grid=456 (optimal=284)
         update:   block=768   grid=456   (optimal=284)
