================================================================================
Machine metadata:
================================================================================
CPU Model: Common KVM processor
RAM: 62.79 GB
OS: Debian GNU/Linux 12 (bookworm)
NVCC version: 11.8
---
GPU metadata:
NVIDIA L40, 8.9, 46068 MiB, 535.261.03
================================================================================
Experiment results:
================================================================================
Rep 1: t_classify=0.028353 s, t_update=0.022387 s, tot=0.050748 s, iter=100, shift=0.000000
         classify: block=768 grid=264 (optimal=284)
         update:   block=768   grid=264   (optimal=284)
Rep 2: t_classify=0.028409 s, t_update=0.022406 s, tot=0.050822 s, iter=100, shift=0.000000
         classify: block=768 grid=264 (optimal=284)
         update:   block=768   grid=264   (optimal=284)
Rep 3: t_classify=0.028362 s, t_update=0.022382 s, tot=0.050752 s, iter=100, shift=0.000000
         classify: block=768 grid=264 (optimal=284)
         update:   block=768   grid=264   (optimal=284)
Rep 4: t_classify=0.029229 s, t_update=0.023149 s, tot=0.052388 s, iter=100, shift=0.000000
         classify: block=768 grid=264 (optimal=284)
         update:   block=768   grid=264   (optimal=284)
Rep 5: t_classify=0.028379 s, t_update=0.022407 s, tot=0.050795 s, iter=100, shift=0.000000
         classify: block=768 grid=264 (optimal=284)
         update:   block=768   grid=264   (optimal=284)
