================================================================================
Machine metadata:
================================================================================
CPU Model: Common KVM processor
RAM: 62.79 GB
OS: Debian GNU/Linux 12 (bookworm)
NVCC version: 11.8
---
GPU metadata:
NVIDIA L40, 8.9, 46068 MiB, 535.261.03
================================================================================
Experiment results:
================================================================================
Rep 1: t_classify=0.085668 s, t_update=0.055984 s, tot=0.141660 s, iter=100, shift=31.107471
         classify: block=512 grid=494 (optimal=284)
         update:   block=512   grid=494   (optimal=284)
Rep 2: t_classify=0.085693 s, t_update=0.056030 s, tot=0.141731 s, iter=100, shift=31.429134
         classify: block=512 grid=494 (optimal=284)
         update:   block=512   grid=494   (optimal=284)
Rep 3: t_classify=0.085735 s, t_update=0.056226 s, tot=0.141970 s, iter=100, shift=30.717705
         classify: block=512 grid=494 (optimal=284)
         update:   block=512   grid=494   (optimal=284)
Rep 4: t_classify=0.085740 s, t_update=0.056051 s, tot=0.141800 s, iter=100, shift=9.638661
         classify: block=512 grid=494 (optimal=284)
         update:   block=512   grid=494   (optimal=284)
Rep 5: t_classify=0.085551 s, t_update=0.056005 s, tot=0.141564 s, iter=100, shift=30.270271
         classify: block=512 grid=494 (optimal=284)
         update:   block=512   grid=494   (optimal=284)
