================================================================================
Machine metadata:
================================================================================
CPU Model: Common KVM processor
RAM: 62.79 GB
OS: Debian GNU/Linux 12 (bookworm)
NVCC version: 11.8
---
GPU metadata:
NVIDIA L40, 8.9, 46068 MiB, 535.261.03
================================================================================
Experiment results:
================================================================================
Rep 1: t_classify=0.120313 s, t_update=0.081200 s, tot=0.201522 s, iter=100, shift=0.000000
         classify: block=512 grid=691 (optimal=284)
         update:   block=512   grid=691   (optimal=284)
Rep 2: t_classify=0.120781 s, t_update=0.081242 s, tot=0.202032 s, iter=100, shift=0.000000
         classify: block=512 grid=691 (optimal=284)
         update:   block=512   grid=691   (optimal=284)
Rep 3: t_classify=0.120315 s, t_update=0.081000 s, tot=0.201323 s, iter=100, shift=0.000000
         classify: block=512 grid=691 (optimal=284)
         update:   block=512   grid=691   (optimal=284)
Rep 4: t_classify=0.120290 s, t_update=0.081310 s, tot=0.201609 s, iter=100, shift=0.000000
         classify: block=512 grid=691 (optimal=284)
         update:   block=512   grid=691   (optimal=284)
Rep 5: t_classify=0.120150 s, t_update=0.081153 s, tot=0.201311 s, iter=100, shift=0.000000
         classify: block=512 grid=691 (optimal=284)
         update:   block=512   grid=691   (optimal=284)
