================================================================================
Machine metadata:
================================================================================
CPU Model: Common KVM processor
RAM: 62.79 GB
OS: Debian GNU/Linux 12 (bookworm)
NVCC version: 11.8
---
GPU metadata:
NVIDIA L40, 8.9, 46068 MiB, 535.261.03
================================================================================
Experiment results:
================================================================================
Rep 1: t_classify=0.004998 s, t_update=0.016857 s, tot=0.021863 s, iter=100, shift=0.000506
         classify: block=768 grid=196 (optimal=284)
         update:   block=768   grid=196   (optimal=284)
Rep 2: t_classify=0.005285 s, t_update=0.017089 s, tot=0.022381 s, iter=100, shift=0.000333
         classify: block=768 grid=196 (optimal=284)
         update:   block=768   grid=196   (optimal=284)
Rep 3: t_classify=0.005212 s, t_update=0.017278 s, tot=0.022498 s, iter=100, shift=0.000281
         classify: block=768 grid=196 (optimal=284)
         update:   block=768   grid=196   (optimal=284)
Rep 4: t_classify=0.005418 s, t_update=0.017250 s, tot=0.022676 s, iter=100, shift=0.000000
         classify: block=768 grid=196 (optimal=284)
         update:   block=768   grid=196   (optimal=284)
Rep 5: t_classify=0.005224 s, t_update=0.017197 s, tot=0.022429 s, iter=100, shift=0.000201
         classify: block=768 grid=196 (optimal=284)
         update:   block=768   grid=196   (optimal=284)
