================================================================================
Machine metadata:
================================================================================
CPU Model: Common KVM processor
RAM: 62.79 GB
OS: Debian GNU/Linux 12 (bookworm)
NVCC version: 11.8
---
GPU metadata:
NVIDIA L40, 8.9, 46068 MiB, 535.261.03
================================================================================
Experiment results:
================================================================================
Rep 1: t_classify=0.004083 s, t_update=0.007067 s, tot=0.011158 s, iter=100, shift=0.004637
         classify: block=512 grid=196 (optimal=284)
         update:   block=512   grid=196   (optimal=284)
Rep 2: t_classify=0.004074 s, t_update=0.007042 s, tot=0.011124 s, iter=100, shift=0.003847
         classify: block=512 grid=196 (optimal=284)
         update:   block=512   grid=196   (optimal=284)
Rep 3: t_classify=0.004136 s, t_update=0.007017 s, tot=0.011160 s, iter=100, shift=0.005764
         classify: block=512 grid=196 (optimal=284)
         update:   block=512   grid=196   (optimal=284)
Rep 4: t_classify=0.004075 s, t_update=0.007038 s, tot=0.011121 s, iter=100, shift=0.005762
         classify: block=512 grid=196 (optimal=284)
         update:   block=512   grid=196   (optimal=284)
Rep 5: t_classify=0.004266 s, t_update=0.007119 s, tot=0.011392 s, iter=100, shift=0.003472
         classify: block=512 grid=196 (optimal=284)
         update:   block=512   grid=196   (optimal=284)
