================================================================================
Machine metadata:
================================================================================
CPU Model: Common KVM processor
RAM: 62.79 GB
OS: Debian GNU/Linux 12 (bookworm)
NVCC version: 11.8
---
GPU metadata:
NVIDIA L40, 8.9, 46068 MiB, 535.261.03
================================================================================
Experiment results:
================================================================================
Rep 1: t_classify=0.034442 s, t_update=0.038833 s, tot=0.073283 s, iter=100, shift=0.011063
         classify: block=768 grid=326 (optimal=284)
         update:   block=768   grid=326   (optimal=284)
Rep 2: t_classify=0.034413 s, t_update=0.038905 s, tot=0.073326 s, iter=100, shift=0.006140
         classify: block=768 grid=326 (optimal=284)
         update:   block=768   grid=326   (optimal=284)
Rep 3: t_classify=0.034407 s, t_update=0.039026 s, tot=0.073441 s, iter=100, shift=0.007391
         classify: block=768 grid=326 (optimal=284)
         update:   block=768   grid=326   (optimal=284)
Rep 4: t_classify=0.034476 s, t_update=0.038680 s, tot=0.073164 s, iter=100, shift=0.010084
         classify: block=768 grid=326 (optimal=284)
         update:   block=768   grid=326   (optimal=284)
Rep 5: t_classify=0.034426 s, t_update=0.039098 s, tot=0.073532 s, iter=100, shift=0.008872
         classify: block=768 grid=326 (optimal=284)
         update:   block=768   grid=326   (optimal=284)
