================================================================================
Machine metadata:
================================================================================
CPU Model: Common KVM processor
RAM: 62.79 GB
OS: Debian GNU/Linux 12 (bookworm)
NVCC version: 11.8
---
GPU metadata:
NVIDIA L40, 8.9, 46068 MiB, 535.261.03
================================================================================
Experiment results:
================================================================================
Rep 1: t_classify=0.004679 s, t_update=0.005694 s, tot=0.010381 s, iter=100, shift=0.000000
         classify: block=512 grid=391 (optimal=284)
         update:   block=512   grid=391   (optimal=284)
Rep 2: t_classify=0.004667 s, t_update=0.005852 s, tot=0.010527 s, iter=100, shift=0.000000
         classify: block=512 grid=391 (optimal=284)
         update:   block=512   grid=391   (optimal=284)
Rep 3: t_classify=0.004681 s, t_update=0.005888 s, tot=0.010577 s, iter=100, shift=0.000000
         classify: block=512 grid=391 (optimal=284)
         update:   block=512   grid=391   (optimal=284)
Rep 4: t_classify=0.004816 s, t_update=0.005684 s, tot=0.010507 s, iter=100, shift=0.000000
         classify: block=512 grid=391 (optimal=284)
         update:   block=512   grid=391   (optimal=284)
Rep 5: t_classify=0.004639 s, t_update=0.005852 s, tot=0.010499 s, iter=100, shift=0.000000
         classify: block=512 grid=391 (optimal=284)
         update:   block=512   grid=391   (optimal=284)
