================================================================================
Machine metadata:
================================================================================
CPU Model: Common KVM processor
RAM: 62.79 GB
OS: Debian GNU/Linux 12 (bookworm)
NVCC version: 11.8
---
GPU metadata:
NVIDIA L40, 8.9, 46068 MiB, 535.261.03
================================================================================
Experiment results:
================================================================================
Rep 1: t_classify=0.027674 s, t_update=0.029764 s, tot=0.057446 s, iter=100, shift=0.000000
         classify: block=512 grid=586 (optimal=284)
         update:   block=512   grid=586   (optimal=284)
Rep 2: t_classify=0.027741 s, t_update=0.029744 s, tot=0.057493 s, iter=100, shift=0.000000
         classify: block=512 grid=586 (optimal=284)
         update:   block=512   grid=586   (optimal=284)
Rep 3: t_classify=0.027776 s, t_update=0.029853 s, tot=0.057637 s, iter=100, shift=0.000000
         classify: block=512 grid=586 (optimal=284)
         update:   block=512   grid=586   (optimal=284)
Rep 4: t_classify=0.027613 s, t_update=0.029739 s, tot=0.057359 s, iter=100, shift=0.000000
         classify: block=512 grid=586 (optimal=284)
         update:   block=512   grid=586   (optimal=284)
Rep 5: t_classify=0.027818 s, t_update=0.029820 s, tot=0.057646 s, iter=100, shift=0.000000
         classify: block=512 grid=586 (optimal=284)
         update:   block=512   grid=586   (optimal=284)
