================================================================================
Machine metadata:
================================================================================
CPU Model: Common KVM processor
RAM: 62.79 GB
OS: Debian GNU/Linux 12 (bookworm)
NVCC version: 11.8
---
GPU metadata:
NVIDIA L40, 8.9, 46068 MiB, 535.261.03
================================================================================
Experiment results:
================================================================================
Rep 1: t_classify=0.006308 s, t_update=0.021030 s, tot=0.027345 s, iter=100, shift=0.000012
         classify: block=768 grid=326 (optimal=284)
         update:   block=768   grid=326   (optimal=284)
Rep 2: t_classify=0.006163 s, t_update=0.021025 s, tot=0.027196 s, iter=100, shift=0.000000
         classify: block=768 grid=326 (optimal=284)
         update:   block=768   grid=326   (optimal=284)
Rep 3: t_classify=0.006146 s, t_update=0.021030 s, tot=0.027184 s, iter=100, shift=0.000016
         classify: block=768 grid=326 (optimal=284)
         update:   block=768   grid=326   (optimal=284)
Rep 4: t_classify=0.006182 s, t_update=0.021164 s, tot=0.027354 s, iter=100, shift=0.000000
         classify: block=768 grid=326 (optimal=284)
         update:   block=768   grid=326   (optimal=284)
Rep 5: t_classify=0.006122 s, t_update=0.020913 s, tot=0.027043 s, iter=100, shift=0.000012
         classify: block=768 grid=326 (optimal=284)
         update:   block=768   grid=326   (optimal=284)
