================================================================================
Machine metadata:
================================================================================
CPU Model: Common KVM processor
RAM: 62.79 GB
OS: Debian GNU/Linux 12 (bookworm)
NVCC version: 11.8
---
GPU metadata:
NVIDIA L40, 8.9, 46068 MiB, 535.261.03
================================================================================
Experiment results:
================================================================================
Rep 1: t_classify=0.004113 s, t_update=0.031307 s, tot=0.035427 s, iter=100, shift=0.000000
         classify: block=768 grid=521 (optimal=284)
         update:   block=768   grid=521   (optimal=284)
Rep 2: t_classify=0.004321 s, t_update=0.031529 s, tot=0.035858 s, iter=100, shift=0.000000
         classify: block=768 grid=521 (optimal=284)
         update:   block=768   grid=521   (optimal=284)
Rep 3: t_classify=0.004114 s, t_update=0.031278 s, tot=0.035399 s, iter=100, shift=0.000000
         classify: block=768 grid=521 (optimal=284)
         update:   block=768   grid=521   (optimal=284)
Rep 4: t_classify=0.004171 s, t_update=0.031373 s, tot=0.035551 s, iter=100, shift=0.000000
         classify: block=768 grid=521 (optimal=284)
         update:   block=768   grid=521   (optimal=284)
Rep 5: t_classify=0.004419 s, t_update=0.031323 s, tot=0.035750 s, iter=100, shift=0.000000
         classify: block=768 grid=521 (optimal=284)
         update:   block=768   grid=521   (optimal=284)
