================================================================================
Machine metadata:
================================================================================
CPU Model: Common KVM processor
RAM: 62.79 GB
OS: Debian GNU/Linux 12 (bookworm)
NVCC version: 11.8
---
GPU metadata:
NVIDIA L40, 8.9, 46068 MiB, 535.261.03
================================================================================
Experiment results:
================================================================================
Rep 1: t_classify=0.002218 s, t_update=0.013160 s, tot=0.015387 s, iter=100, shift=0.000000
         classify: block=768 grid=66 (optimal=284)
         update:   block=768   grid=66   (optimal=284)
Rep 2: t_classify=0.002292 s, t_update=0.013270 s, tot=0.015569 s, iter=100, shift=0.000000
         classify: block=768 grid=66 (optimal=284)
         update:   block=768   grid=66   (optimal=284)
Rep 3: t_classify=0.002204 s, t_update=0.012984 s, tot=0.015196 s, iter=100, shift=0.000000
         classify: block=768 grid=66 (optimal=284)
         update:   block=768   grid=66   (optimal=284)
Rep 4: t_classify=0.002222 s, t_update=0.012927 s, tot=0.015157 s, iter=100, shift=0.000000
         classify: block=768 grid=66 (optimal=284)
         update:   block=768   grid=66   (optimal=284)
Rep 5: t_classify=0.002234 s, t_update=0.013142 s, tot=0.015384 s, iter=100, shift=0.000000
         classify: block=768 grid=66 (optimal=284)
         update:   block=768   grid=66   (optimal=284)
