================================================================================
Machine metadata:
================================================================================
CPU Model: Common KVM processor
RAM: 62.79 GB
OS: Debian GNU/Linux 12 (bookworm)
NVCC version: 11.8
---
GPU metadata:
NVIDIA L40, 8.9, 46068 MiB, 535.261.03
================================================================================
Experiment results:
================================================================================
Rep 1: t_classify=0.117742 s, t_update=0.052764 s, tot=0.170513 s, iter=100, shift=0.000000
         classify: block=768 grid=461 (optimal=284)
         update:   block=768   grid=461   (optimal=284)
Rep 2: t_classify=0.117660 s, t_update=0.052843 s, tot=0.170512 s, iter=100, shift=0.000000
         classify: block=768 grid=461 (optimal=284)
         update:   block=768   grid=461   (optimal=284)
Rep 3: t_classify=0.117591 s, t_update=0.052803 s, tot=0.170402 s, iter=100, shift=0.000000
         classify: block=768 grid=461 (optimal=284)
         update:   block=768   grid=461   (optimal=284)
Rep 4: t_classify=0.117519 s, t_update=0.052715 s, tot=0.170242 s, iter=100, shift=0.000000
         classify: block=768 grid=461 (optimal=284)
         update:   block=768   grid=461   (optimal=284)
Rep 5: t_classify=0.117696 s, t_update=0.052748 s, tot=0.170452 s, iter=100, shift=0.000000
         classify: block=768 grid=461 (optimal=284)
         update:   block=768   grid=461   (optimal=284)
