================================================================================
Machine metadata:
================================================================================
CPU Model: Common KVM processor
RAM: 62.79 GB
OS: Debian GNU/Linux 12 (bookworm)
NVCC version: 11.8
---
GPU metadata:
NVIDIA L40, 8.9, 46068 MiB, 535.261.03
================================================================================
Experiment results:
================================================================================
Rep 1: t_classify=0.036113 s, t_update=0.029492 s, tot=0.065613 s, iter=100, shift=0.000000
         classify: block=512 grid=198 (optimal=284)
         update:   block=512   grid=198   (optimal=284)
Rep 2: t_classify=0.035857 s, t_update=0.029341 s, tot=0.065206 s, iter=100, shift=0.000000
         classify: block=512 grid=198 (optimal=284)
         update:   block=512   grid=198   (optimal=284)
Rep 3: t_classify=0.035891 s, t_update=0.029331 s, tot=0.065230 s, iter=100, shift=0.000000
         classify: block=512 grid=198 (optimal=284)
         update:   block=512   grid=198   (optimal=284)
Rep 4: t_classify=0.036112 s, t_update=0.029374 s, tot=0.065494 s, iter=100, shift=0.000000
         classify: block=512 grid=198 (optimal=284)
         update:   block=512   grid=198   (optimal=284)
Rep 5: t_classify=0.035973 s, t_update=0.029453 s, tot=0.065434 s, iter=100, shift=0.000000
         classify: block=512 grid=198 (optimal=284)
         update:   block=512   grid=198   (optimal=284)
