================================================================================
Machine metadata:
================================================================================
CPU Model: Common KVM processor
RAM: 62.79 GB
OS: Debian GNU/Linux 12 (bookworm)
NVCC version: 11.8
---
GPU metadata:
NVIDIA L40, 8.9, 46068 MiB, 535.261.03
================================================================================
Experiment results:
================================================================================
Rep 1: t_classify=0.005407 s, t_update=0.022723 s, tot=0.028138 s, iter=100, shift=0.000000
         classify: block=768 grid=131 (optimal=284)
         update:   block=768   grid=131   (optimal=284)
Rep 2: t_classify=0.005146 s, t_update=0.022736 s, tot=0.027890 s, iter=100, shift=0.000000
         classify: block=768 grid=131 (optimal=284)
         update:   block=768   grid=131   (optimal=284)
Rep 3: t_classify=0.005515 s, t_update=0.022824 s, tot=0.028347 s, iter=100, shift=0.000000
         classify: block=768 grid=131 (optimal=284)
         update:   block=768   grid=131   (optimal=284)
Rep 4: t_classify=0.005579 s, t_update=0.022848 s, tot=0.028435 s, iter=100, shift=0.000000
         classify: block=768 grid=131 (optimal=284)
         update:   block=768   grid=131   (optimal=284)
Rep 5: t_classify=0.005263 s, t_update=0.022844 s, tot=0.028115 s, iter=100, shift=0.000000
         classify: block=768 grid=131 (optimal=284)
         update:   block=768   grid=131   (optimal=284)
