================================================================================
Machine metadata:
================================================================================
CPU Model: Common KVM processor
RAM: 62.79 GB
OS: Debian GNU/Linux 12 (bookworm)
NVCC version: 11.8
---
GPU metadata:
NVIDIA L40, 8.9, 46068 MiB, 535.261.03
================================================================================
Experiment results:
================================================================================
Rep 1: t_classify=0.023927 s, t_update=0.039521 s, tot=0.063457 s, iter=100, shift=0.153183
         classify: block=768 grid=329 (optimal=284)
         update:   block=768   grid=329   (optimal=284)
Rep 2: t_classify=0.024054 s, t_update=0.039549 s, tot=0.063611 s, iter=100, shift=0.087334
         classify: block=768 grid=329 (optimal=284)
         update:   block=768   grid=329   (optimal=284)
Rep 3: t_classify=0.024578 s, t_update=0.039631 s, tot=0.064217 s, iter=100, shift=0.126796
         classify: block=768 grid=329 (optimal=284)
         update:   block=768   grid=329   (optimal=284)
Rep 4: t_classify=0.023931 s, t_update=0.039462 s, tot=0.063401 s, iter=100, shift=0.098804
         classify: block=768 grid=329 (optimal=284)
         update:   block=768   grid=329   (optimal=284)
Rep 5: t_classify=0.024558 s, t_update=0.039514 s, tot=0.064080 s, iter=100, shift=0.100633
         classify: block=768 grid=329 (optimal=284)
         update:   block=768   grid=329   (optimal=284)
