================================================================================
Machine metadata:
================================================================================
CPU Model: Common KVM processor
RAM: 62.79 GB
OS: Debian GNU/Linux 12 (bookworm)
NVCC version: 11.8
---
GPU metadata:
NVIDIA L40, 8.9, 46068 MiB, 535.261.03
================================================================================
Experiment results:
================================================================================
Rep 1: t_classify=0.018656 s, t_update=0.025922 s, tot=0.044586 s, iter=100, shift=0.000000
         classify: block=512 grid=99 (optimal=284)
         update:   block=512   grid=99   (optimal=284)
Rep 2: t_classify=0.018764 s, t_update=0.025896 s, tot=0.044667 s, iter=100, shift=0.000000
         classify: block=512 grid=99 (optimal=284)
         update:   block=512   grid=99   (optimal=284)
Rep 3: t_classify=0.018920 s, t_update=0.025877 s, tot=0.044805 s, iter=100, shift=0.000000
         classify: block=512 grid=99 (optimal=284)
         update:   block=512   grid=99   (optimal=284)
Rep 4: t_classify=0.018674 s, t_update=0.025956 s, tot=0.044638 s, iter=100, shift=0.000000
         classify: block=512 grid=99 (optimal=284)
         update:   block=512   grid=99   (optimal=284)
Rep 5: t_classify=0.018716 s, t_update=0.025845 s, tot=0.044569 s, iter=100, shift=0.000000
         classify: block=512 grid=99 (optimal=284)
         update:   block=512   grid=99   (optimal=284)
