================================================================================
Machine metadata:
================================================================================
CPU Model: Common KVM processor
RAM: 62.79 GB
OS: Debian GNU/Linux 12 (bookworm)
NVCC version: 11.8
---
GPU metadata:
NVIDIA L40, 8.9, 46068 MiB, 535.261.03
================================================================================
Experiment results:
================================================================================
Rep 1: t_classify=0.066110 s, t_update=0.050785 s, tot=0.116903 s, iter=100, shift=0.994141
         classify: block=512 grid=395 (optimal=284)
         update:   block=512   grid=395   (optimal=284)
Rep 2: t_classify=0.066205 s, t_update=0.050801 s, tot=0.117015 s, iter=100, shift=0.994135
         classify: block=512 grid=395 (optimal=284)
         update:   block=512   grid=395   (optimal=284)
Rep 3: t_classify=0.066120 s, t_update=0.050894 s, tot=0.117022 s, iter=100, shift=0.999705
         classify: block=512 grid=395 (optimal=284)
         update:   block=512   grid=395   (optimal=284)
Rep 4: t_classify=0.066162 s, t_update=0.050781 s, tot=0.116951 s, iter=100, shift=0.994259
         classify: block=512 grid=395 (optimal=284)
         update:   block=512   grid=395   (optimal=284)
Rep 5: t_classify=0.066196 s, t_update=0.051031 s, tot=0.117234 s, iter=100, shift=0.999744
         classify: block=512 grid=395 (optimal=284)
         update:   block=512   grid=395   (optimal=284)
