================================================================================
Machine metadata:
================================================================================
CPU Model: Common KVM processor
RAM: 62.79 GB
OS: Debian GNU/Linux 12 (bookworm)
NVCC version: 11.8
---
GPU metadata:
NVIDIA L40, 8.9, 46068 MiB, 535.261.03
================================================================================
Experiment results:
================================================================================
Rep 1: t_classify=0.003683 s, t_update=0.006788 s, tot=0.010479 s, iter=100, shift=0.000000
         classify: block=512 grid=98 (optimal=284)
         update:   block=512   grid=98   (optimal=284)
Rep 2: t_classify=0.003190 s, t_update=0.006372 s, tot=0.009569 s, iter=100, shift=0.000000
         classify: block=512 grid=98 (optimal=284)
         update:   block=512   grid=98   (optimal=284)
Rep 3: t_classify=0.003255 s, t_update=0.006371 s, tot=0.009634 s, iter=100, shift=0.000000
         classify: block=512 grid=98 (optimal=284)
         update:   block=512   grid=98   (optimal=284)
Rep 4: t_classify=0.003638 s, t_update=0.006543 s, tot=0.010189 s, iter=100, shift=0.000000
         classify: block=512 grid=98 (optimal=284)
         update:   block=512   grid=98   (optimal=284)
Rep 5: t_classify=0.003880 s, t_update=0.006574 s, tot=0.010462 s, iter=100, shift=0.000000
         classify: block=512 grid=98 (optimal=284)
         update:   block=512   grid=98   (optimal=284)
