================================================================================
Machine metadata:
================================================================================
CPU Model: Common KVM processor
RAM: 62.79 GB
OS: Debian GNU/Linux 12 (bookworm)
NVCC version: 11.8
---
GPU metadata:
NVIDIA L40, 8.9, 46068 MiB, 535.261.03
================================================================================
Experiment results:
================================================================================
Rep 1: t_classify=0.007778 s, t_update=0.009697 s, tot=0.017483 s, iter=100, shift=0.837057
         classify: block=512 grid=99 (optimal=284)
         update:   block=512   grid=99   (optimal=284)
Rep 2: t_classify=0.007369 s, t_update=0.009494 s, tot=0.016871 s, iter=100, shift=0.837061
         classify: block=512 grid=99 (optimal=284)
         update:   block=512   grid=99   (optimal=284)
Rep 3: t_classify=0.007287 s, t_update=0.009504 s, tot=0.016799 s, iter=100, shift=0.837046
         classify: block=512 grid=99 (optimal=284)
         update:   block=512   grid=99   (optimal=284)
Rep 4: t_classify=0.007372 s, t_update=0.009542 s, tot=0.016922 s, iter=100, shift=0.837030
         classify: block=512 grid=99 (optimal=284)
         update:   block=512   grid=99   (optimal=284)
Rep 5: t_classify=0.007303 s, t_update=0.009509 s, tot=0.016820 s, iter=100, shift=0.837053
         classify: block=512 grid=99 (optimal=284)
         update:   block=512   grid=99   (optimal=284)
