================================================================================
Machine metadata:
================================================================================
CPU Vendor: AuthenticAMD
CPU Model: Common KVM processor
CPU Cores:                       8
Threads per core: 1
Threads per core: 1 (no symmetric multithreading)
CPU MHz: 
RAM: 62.79 GB
OS: Debian GNU/Linux 12 (bookworm)
GCC version: gcc (Debian 12.2.0-14+deb12u1) 12.2.0
================================================================================
Experiment results:
================================================================================
Repetition 1: t_classify = 17.151 s, t_update = 0.857 s, total = 18.008 s, n_iter = 100, final_shift = 0.000000
Repetition 2: t_classify = 17.094 s, t_update = 0.826 s, total = 17.921 s, n_iter = 100, final_shift = 0.000000
Repetition 3: t_classify = 17.179 s, t_update = 0.874 s, total = 18.053 s, n_iter = 100, final_shift = 0.000000
Repetition 4: t_classify = 17.140 s, t_update = 0.900 s, total = 18.040 s, n_iter = 100, final_shift = 0.000000
Repetition 5: t_classify = 17.148 s, t_update = 0.858 s, total = 18.006 s, n_iter = 100, final_shift = 0.000000
