================================================================================
Machine metadata:
================================================================================
CPU Vendor: AuthenticAMD
CPU Model: Common KVM processor
CPU Cores:                       8
Threads per core: 1
Threads per core: 1 (no symmetric multithreading)
CPU MHz: 
RAM: 62.79 GB
OS: Debian GNU/Linux 12 (bookworm)
GCC version: gcc (Debian 12.2.0-14+deb12u1) 12.2.0
================================================================================
Experiment results:
================================================================================
Repetition 1: t_classify = 4.176 s, t_update = 0.807 s, total = 4.982 s, n_iter = 100, final_shift = 0.000000
Repetition 2: t_classify = 4.174 s, t_update = 0.808 s, total = 4.981 s, n_iter = 100, final_shift = 0.000000
Repetition 3: t_classify = 4.173 s, t_update = 0.807 s, total = 4.980 s, n_iter = 100, final_shift = 0.000000
Repetition 4: t_classify = 4.168 s, t_update = 0.806 s, total = 4.975 s, n_iter = 100, final_shift = 0.000000
Repetition 5: t_classify = 4.168 s, t_update = 0.806 s, total = 4.974 s, n_iter = 100, final_shift = 0.000000
