================================================================================
Machine metadata:
================================================================================
CPU Vendor: AuthenticAMD
CPU Model: Common KVM processor
CPU Cores:                       8
Threads per core: 1
Threads per core: 1 (no symmetric multithreading)
CPU MHz: 
RAM: 62.79 GB
OS: Debian GNU/Linux 12 (bookworm)
GCC version: gcc (Debian 12.2.0-14+deb12u1) 12.2.0
================================================================================
Experiment results:
================================================================================
Repetition 1: t_classify = 6.412 s, t_update = 0.362 s, total = 6.774 s, n_iter = 100, final_shift = 0.000684
Repetition 2: t_classify = 6.399 s, t_update = 0.364 s, total = 6.762 s, n_iter = 100, final_shift = 0.000684
Repetition 3: t_classify = 6.410 s, t_update = 0.362 s, total = 6.772 s, n_iter = 100, final_shift = 0.000684
Repetition 4: t_classify = 6.406 s, t_update = 0.365 s, total = 6.772 s, n_iter = 100, final_shift = 0.000684
Repetition 5: t_classify = 6.402 s, t_update = 0.367 s, total = 6.769 s, n_iter = 100, final_shift = 0.000684
