================================================================================
Machine metadata:
================================================================================
CPU Vendor: AuthenticAMD
CPU Model: Common KVM processor
CPU Cores:                       8
Threads per core: 1
Threads per core: 1 (no symmetric multithreading)
CPU MHz: 
RAM: 62.79 GB
OS: Debian GNU/Linux 12 (bookworm)
GCC version: gcc (Debian 12.2.0-14+deb12u1) 12.2.0
================================================================================
Experiment results:
================================================================================
Repetition 1: t_classify = 21.024 s, t_update = 0.985 s, total = 22.009 s, n_iter = 100, final_shift = 0.015669
Repetition 2: t_classify = 20.995 s, t_update = 0.987 s, total = 21.982 s, n_iter = 100, final_shift = 0.015669
Repetition 3: t_classify = 21.007 s, t_update = 0.983 s, total = 21.990 s, n_iter = 100, final_shift = 0.015669
Repetition 4: t_classify = 21.027 s, t_update = 0.983 s, total = 22.010 s, n_iter = 100, final_shift = 0.015669
Repetition 5: t_classify = 21.011 s, t_update = 1.006 s, total = 22.017 s, n_iter = 100, final_shift = 0.015669
