================================================================================
Machine metadata:
================================================================================
CPU Vendor: AuthenticAMD
CPU Model: Common KVM processor
CPU Cores:                       8
Threads per core: 1
Threads per core: 1 (no symmetric multithreading)
CPU MHz: 
RAM: 62.79 GB
OS: Debian GNU/Linux 12 (bookworm)
GCC version: gcc (Debian 12.2.0-14+deb12u1) 12.2.0
================================================================================
Experiment results:
================================================================================
Repetition 1: t_classify = 5.205 s, t_update = 0.838 s, total = 6.043 s, n_iter = 100, final_shift = 0.000196
Repetition 2: t_classify = 5.197 s, t_update = 0.842 s, total = 6.039 s, n_iter = 100, final_shift = 0.000197
Repetition 3: t_classify = 5.190 s, t_update = 0.820 s, total = 6.010 s, n_iter = 100, final_shift = 0.000679
Repetition 4: t_classify = 5.187 s, t_update = 0.822 s, total = 6.009 s, n_iter = 100, final_shift = 0.002340
Repetition 5: t_classify = 5.190 s, t_update = 0.809 s, total = 6.000 s, n_iter = 100, final_shift = 0.000679
