================================================================================
Machine metadata:
================================================================================
CPU Vendor: AuthenticAMD
CPU Model: Common KVM processor
CPU Cores:                       8
Threads per core: 1
Threads per core: 1 (no symmetric multithreading)
CPU MHz: 
RAM: 62.79 GB
OS: Debian GNU/Linux 12 (bookworm)
GCC version: gcc (Debian 12.2.0-14+deb12u1) 12.2.0
================================================================================
Experiment results:
================================================================================
Repetition 1: t_classify = 63.057 s, t_update = 2.941 s, total = 65.997 s, n_iter = 100, final_shift = 0.100353
Repetition 2: t_classify = 63.103 s, t_update = 2.951 s, total = 66.053 s, n_iter = 100, final_shift = 0.100353
Repetition 3: t_classify = 62.990 s, t_update = 2.956 s, total = 65.946 s, n_iter = 100, final_shift = 0.100353
Repetition 4: t_classify = 63.087 s, t_update = 2.951 s, total = 66.038 s, n_iter = 100, final_shift = 0.100353
Repetition 5: t_classify = 63.109 s, t_update = 2.946 s, total = 66.055 s, n_iter = 100, final_shift = 0.100353
