================================================================================
Machine metadata:
================================================================================
CPU Vendor: AuthenticAMD
CPU Model: Common KVM processor
CPU Cores:                       8
Threads per core: 1
Threads per core: 1 (no symmetric multithreading)
CPU MHz: 
RAM: 62.79 GB
OS: Debian GNU/Linux 12 (bookworm)
GCC version: gcc (Debian 12.2.0-14+deb12u1) 12.2.0
================================================================================
Experiment results:
================================================================================
Repetition 1: t_classify = 6.964 s, t_update = 0.707 s, total = 7.671 s, n_iter = 100, final_shift = 0.000000
Repetition 2: t_classify = 6.986 s, t_update = 0.709 s, total = 7.694 s, n_iter = 100, final_shift = 0.000000
Repetition 3: t_classify = 6.962 s, t_update = 0.708 s, total = 7.670 s, n_iter = 100, final_shift = 0.000000
Repetition 4: t_classify = 6.962 s, t_update = 0.726 s, total = 7.687 s, n_iter = 100, final_shift = 0.000000
Repetition 5: t_classify = 6.967 s, t_update = 0.686 s, total = 7.654 s, n_iter = 100, final_shift = 0.000000
