================================================================================
Machine metadata:
================================================================================
CPU Vendor: AuthenticAMD
CPU Model: Common KVM processor
CPU Cores:                       8
Threads per core: 1
Threads per core: 1 (no symmetric multithreading)
CPU MHz: 
RAM: 62.79 GB
OS: Debian GNU/Linux 12 (bookworm)
GCC version: gcc (Debian 12.2.0-14+deb12u1) 12.2.0
================================================================================
Experiment results:
================================================================================
Repetition 1: t_classify = 14.999 s, t_update = 0.739 s, total = 15.738 s, n_iter = 100, final_shift = 0.000000
Repetition 2: t_classify = 14.996 s, t_update = 0.804 s, total = 15.800 s, n_iter = 100, final_shift = 0.000000
Repetition 3: t_classify = 15.019 s, t_update = 0.790 s, total = 15.809 s, n_iter = 100, final_shift = 0.000000
Repetition 4: t_classify = 15.020 s, t_update = 0.738 s, total = 15.758 s, n_iter = 100, final_shift = 0.000000
Repetition 5: t_classify = 15.140 s, t_update = 0.841 s, total = 15.981 s, n_iter = 100, final_shift = 0.000000
