================================================================================
Machine metadata:
================================================================================
CPU Vendor: AuthenticAMD
CPU Model: Common KVM processor
CPU Cores:                       8
Threads per core: 1
Threads per core: 1 (no symmetric multithreading)
CPU MHz: 
RAM: 62.79 GB
OS: Debian GNU/Linux 12 (bookworm)
GCC version: gcc (Debian 12.2.0-14+deb12u1) 12.2.0
================================================================================
Experiment results:
================================================================================
Repetition 1: t_classify = 1.812 s, t_update = 0.206 s, total = 2.018 s, n_iter = 100, final_shift = 0.000000
Repetition 2: t_classify = 1.815 s, t_update = 0.206 s, total = 2.021 s, n_iter = 100, final_shift = 0.000000
Repetition 3: t_classify = 1.816 s, t_update = 0.207 s, total = 2.023 s, n_iter = 100, final_shift = 0.000000
Repetition 4: t_classify = 1.821 s, t_update = 0.211 s, total = 2.032 s, n_iter = 100, final_shift = 0.000000
Repetition 5: t_classify = 1.818 s, t_update = 0.207 s, total = 2.025 s, n_iter = 100, final_shift = 0.000000
