================================================================================
Machine metadata:
================================================================================
CPU Vendor: AuthenticAMD
CPU Model: Common KVM processor
CPU Cores:                       8
Threads per core: 1
Threads per core: 1 (no symmetric multithreading)
CPU MHz: 
RAM: 62.79 GB
OS: Debian GNU/Linux 12 (bookworm)
GCC version: gcc (Debian 12.2.0-14+deb12u1) 12.2.0
================================================================================
Experiment results:
================================================================================
Repetition 1: t_classify = 68.278 s, t_update = 3.216 s, total = 71.494 s, n_iter = 100, final_shift = 0.000000
Repetition 2: t_classify = 68.311 s, t_update = 3.217 s, total = 71.528 s, n_iter = 100, final_shift = 0.000000
Repetition 3: t_classify = 68.293 s, t_update = 3.219 s, total = 71.512 s, n_iter = 100, final_shift = 0.000000
Repetition 4: t_classify = 68.218 s, t_update = 3.198 s, total = 71.416 s, n_iter = 100, final_shift = 0.000000
Repetition 5: t_classify = 68.443 s, t_update = 3.399 s, total = 71.843 s, n_iter = 100, final_shift = 0.000000
