================================================================================
Machine metadata:
================================================================================
CPU Vendor: AuthenticAMD
CPU Model: Common KVM processor
CPU Cores:                       8
Threads per core: 1
Threads per core: 1 (no symmetric multithreading)
CPU MHz: 
RAM: 62.79 GB
OS: Debian GNU/Linux 12 (bookworm)
GCC version: gcc (Debian 12.2.0-14+deb12u1) 12.2.0
================================================================================
Experiment results:
================================================================================
Repetition 1: t_classify = 1.736 s, t_update = 0.211 s, total = 1.946 s, n_iter = 100, final_shift = 0.000000
Repetition 2: t_classify = 1.742 s, t_update = 0.213 s, total = 1.955 s, n_iter = 100, final_shift = 0.000000
Repetition 3: t_classify = 1.741 s, t_update = 0.210 s, total = 1.951 s, n_iter = 100, final_shift = 0.000000
Repetition 4: t_classify = 1.748 s, t_update = 0.214 s, total = 1.962 s, n_iter = 100, final_shift = 0.000000
Repetition 5: t_classify = 1.755 s, t_update = 0.213 s, total = 1.968 s, n_iter = 100, final_shift = 0.000000
