================================================================================
Machine metadata:
================================================================================
CPU Vendor: AuthenticAMD
CPU Model: Common KVM processor
CPU Cores:                       8
Threads per core: 1
Threads per core: 1 (no symmetric multithreading)
CPU MHz: 
RAM: 62.79 GB
OS: Debian GNU/Linux 12 (bookworm)
GCC version: gcc (Debian 12.2.0-14+deb12u1) 12.2.0
================================================================================
Experiment results:
================================================================================
Repetition 1: t_classify = 1.548 s, t_update = 0.079 s, total = 1.627 s, n_iter = 100, final_shift = 0.023041
Repetition 2: t_classify = 1.559 s, t_update = 0.080 s, total = 1.639 s, n_iter = 100, final_shift = 0.023042
Repetition 3: t_classify = 1.549 s, t_update = 0.075 s, total = 1.624 s, n_iter = 100, final_shift = 0.023042
Repetition 4: t_classify = 1.552 s, t_update = 0.075 s, total = 1.627 s, n_iter = 100, final_shift = 0.023042
Repetition 5: t_classify = 1.556 s, t_update = 0.079 s, total = 1.635 s, n_iter = 100, final_shift = 0.023040
