================================================================================
Machine metadata:
================================================================================
CPU Vendor: AuthenticAMD
CPU Model: Common KVM processor
CPU Cores:                       8
Threads per core: 1
Threads per core: 1 (no symmetric multithreading)
CPU MHz: 
RAM: 62.79 GB
OS: Debian GNU/Linux 12 (bookworm)
GCC version: gcc (Debian 12.2.0-14+deb12u1) 12.2.0
================================================================================
Experiment results:
================================================================================
Repetition 1: t_classify = 5.257 s, t_update = 0.512 s, total = 5.769 s, n_iter = 100, final_shift = 0.000000
Repetition 2: t_classify = 5.260 s, t_update = 0.506 s, total = 5.767 s, n_iter = 100, final_shift = 0.000000
Repetition 3: t_classify = 5.272 s, t_update = 0.507 s, total = 5.779 s, n_iter = 100, final_shift = 0.000000
Repetition 4: t_classify = 5.278 s, t_update = 0.517 s, total = 5.794 s, n_iter = 100, final_shift = 0.000000
Repetition 5: t_classify = 5.282 s, t_update = 0.538 s, total = 5.819 s, n_iter = 100, final_shift = 0.000000
