================================================================================
Machine metadata:
================================================================================
CPU Vendor: AuthenticAMD
CPU Model: Common KVM processor
CPU Cores:                       8
Threads per core: 1
Threads per core: 1 (no symmetric multithreading)
CPU MHz: 
RAM: 62.79 GB
OS: Debian GNU/Linux 12 (bookworm)
GCC version: gcc (Debian 12.2.0-14+deb12u1) 12.2.0
================================================================================
Experiment results:
================================================================================
Repetition 1: t_classify = 10.492 s, t_update = 1.014 s, total = 11.506 s, n_iter = 100, final_shift = 0.000000
Repetition 2: t_classify = 10.459 s, t_update = 0.996 s, total = 11.454 s, n_iter = 100, final_shift = 0.000000
Repetition 3: t_classify = 10.462 s, t_update = 1.007 s, total = 11.469 s, n_iter = 100, final_shift = 0.000000
Repetition 4: t_classify = 10.463 s, t_update = 1.002 s, total = 11.466 s, n_iter = 100, final_shift = 0.000000
Repetition 5: t_classify = 10.451 s, t_update = 0.991 s, total = 11.441 s, n_iter = 100, final_shift = 0.000000
