================================================================================
Machine metadata:
================================================================================
CPU Vendor: AuthenticAMD
CPU Model: Common KVM processor
CPU Cores:                       8
Threads per core: 1
Threads per core: 1 (no symmetric multithreading)
CPU MHz: 
RAM: 62.79 GB
OS: Debian GNU/Linux 12 (bookworm)
GCC version: gcc (Debian 12.2.0-14+deb12u1) 12.2.0
================================================================================
Experiment results:
================================================================================
Repetition 1: t_classify = 10.609 s, t_update = 0.612 s, total = 11.221 s, n_iter = 100, final_shift = 0.052196
Repetition 2: t_classify = 10.591 s, t_update = 0.611 s, total = 11.202 s, n_iter = 100, final_shift = 0.052196
Repetition 3: t_classify = 10.634 s, t_update = 0.617 s, total = 11.251 s, n_iter = 100, final_shift = 0.052196
Repetition 4: t_classify = 10.581 s, t_update = 0.609 s, total = 11.190 s, n_iter = 100, final_shift = 0.052196
Repetition 5: t_classify = 10.605 s, t_update = 0.617 s, total = 11.222 s, n_iter = 100, final_shift = 0.052196
