================================================================================
Machine metadata:
================================================================================
CPU Vendor: AuthenticAMD
CPU Model: Common KVM processor
CPU Cores:                       8
Threads per core: 1
Threads per core: 1 (no symmetric multithreading)
CPU MHz: 
RAM: 62.79 GB
OS: Debian GNU/Linux 12 (bookworm)
GCC version: gcc (Debian 12.2.0-14+deb12u1) 12.2.0
================================================================================
Experiment results:
================================================================================
Repetition 1: t_classify = 32.170 s, t_update = 1.505 s, total = 33.675 s, n_iter = 100, final_shift = 0.041118
Repetition 2: t_classify = 32.205 s, t_update = 1.666 s, total = 33.870 s, n_iter = 100, final_shift = 0.041118
Repetition 3: t_classify = 32.172 s, t_update = 1.513 s, total = 33.685 s, n_iter = 100, final_shift = 0.041118
Repetition 4: t_classify = 32.233 s, t_update = 1.514 s, total = 33.747 s, n_iter = 100, final_shift = 0.041118
Repetition 5: t_classify = 32.213 s, t_update = 1.524 s, total = 33.737 s, n_iter = 100, final_shift = 0.041118
