================================================================================
Machine metadata:
================================================================================
CPU Vendor: AuthenticAMD
CPU Model: Common KVM processor
CPU Cores:                       8
Threads per core: 1
Threads per core: 1 (no symmetric multithreading)
CPU MHz: 
RAM: 62.79 GB
OS: Debian GNU/Linux 12 (bookworm)
GCC version: gcc (Debian 12.2.0-14+deb12u1) 12.2.0
================================================================================
Experiment results:
================================================================================
Repetition 1: t_classify = 4.301 s, t_update = 0.400 s, total = 4.701 s, n_iter = 100, final_shift = 15.458664
Repetition 2: t_classify = 4.292 s, t_update = 0.401 s, total = 4.694 s, n_iter = 100, final_shift = 15.458664
Repetition 3: t_classify = 4.307 s, t_update = 0.405 s, total = 4.712 s, n_iter = 100, final_shift = 15.458664
Repetition 4: t_classify = 4.305 s, t_update = 0.399 s, total = 4.703 s, n_iter = 100, final_shift = 15.458664
Repetition 5: t_classify = 4.305 s, t_update = 0.406 s, total = 4.711 s, n_iter = 100, final_shift = 15.458664
