================================================================================
Machine metadata:
================================================================================
CPU Vendor: AuthenticAMD
CPU Model: Common KVM processor
CPU Cores:                       8
Threads per core: 1
Threads per core: 1 (no symmetric multithreading)
CPU MHz: 
RAM: 62.79 GB
OS: Debian GNU/Linux 12 (bookworm)
GCC version: gcc (Debian 12.2.0-14+deb12u1) 12.2.0
================================================================================
Experiment results:
================================================================================
Repetition 1: t_classify = 2.736 s, t_update = 0.139 s, total = 2.876 s, n_iter = 100, final_shift = 0.032608
Repetition 2: t_classify = 2.724 s, t_update = 0.137 s, total = 2.861 s, n_iter = 100, final_shift = 0.032608
Repetition 3: t_classify = 2.735 s, t_update = 0.137 s, total = 2.872 s, n_iter = 100, final_shift = 0.032608
Repetition 4: t_classify = 2.728 s, t_update = 0.135 s, total = 2.863 s, n_iter = 100, final_shift = 0.032608
Repetition 5: t_classify = 2.735 s, t_update = 0.137 s, total = 2.872 s, n_iter = 100, final_shift = 0.032608
