================================================================================
Machine metadata:
================================================================================
CPU Vendor: AuthenticAMD
CPU Model: Common KVM processor
CPU Cores:                       8
Threads per core: 1
Threads per core: 1 (no symmetric multithreading)
CPU MHz: 
RAM: 62.79 GB
OS: Debian GNU/Linux 12 (bookworm)
GCC version: gcc (Debian 12.2.0-14+deb12u1) 12.2.0
================================================================================
Experiment results:
================================================================================
Repetition 1: t_classify = 1.397 s, t_update = 0.273 s, total = 1.670 s, n_iter = 100, final_shift = 0.000000
Repetition 2: t_classify = 1.393 s, t_update = 0.273 s, total = 1.666 s, n_iter = 100, final_shift = 0.000000
Repetition 3: t_classify = 1.395 s, t_update = 0.273 s, total = 1.669 s, n_iter = 100, final_shift = 0.000000
Repetition 4: t_classify = 1.396 s, t_update = 0.273 s, total = 1.670 s, n_iter = 100, final_shift = 0.000000
Repetition 5: t_classify = 1.394 s, t_update = 0.274 s, total = 1.668 s, n_iter = 100, final_shift = 0.000000
