================================================================================
Machine metadata:
================================================================================
CPU Vendor: AuthenticAMD
CPU Model: Common KVM processor
CPU Cores:                       8
Threads per core: 1
Threads per core: 1 (no symmetric multithreading)
CPU MHz: 
RAM: 62.79 GB
OS: Debian GNU/Linux 12 (bookworm)
GCC version: gcc (Debian 12.2.0-14+deb12u1) 12.2.0
================================================================================
Experiment results:
================================================================================
Repetition 1: t_classify = 2.110 s, t_update = 0.252 s, total = 2.362 s, n_iter = 100, final_shift = 0.000000
Repetition 2: t_classify = 2.100 s, t_update = 0.252 s, total = 2.352 s, n_iter = 100, final_shift = 0.000000
Repetition 3: t_classify = 2.101 s, t_update = 0.251 s, total = 2.352 s, n_iter = 100, final_shift = 0.000000
Repetition 4: t_classify = 2.124 s, t_update = 0.254 s, total = 2.377 s, n_iter = 100, final_shift = 0.000000
Repetition 5: t_classify = 2.097 s, t_update = 0.252 s, total = 2.349 s, n_iter = 100, final_shift = 0.000000
