================================================================================
Machine metadata:
================================================================================
CPU Vendor: AuthenticAMD
CPU Model: Common KVM processor
CPU Cores:                       8
Threads per core: 1
Threads per core: 1 (no symmetric multithreading)
CPU MHz: 
RAM: 62.79 GB
OS: Debian GNU/Linux 12 (bookworm)
GCC version: gcc (Debian 12.2.0-14+deb12u1) 12.2.0
================================================================================
Experiment results:
================================================================================
Repetition 1: t_classify = 13.081 s, t_update = 1.230 s, total = 14.312 s, n_iter = 100, final_shift = 0.000000
Repetition 2: t_classify = 13.185 s, t_update = 1.264 s, total = 14.449 s, n_iter = 100, final_shift = 0.000000
Repetition 3: t_classify = 13.067 s, t_update = 1.200 s, total = 14.267 s, n_iter = 100, final_shift = 0.000000
Repetition 4: t_classify = 13.074 s, t_update = 1.211 s, total = 14.285 s, n_iter = 100, final_shift = 0.000000
Repetition 5: t_classify = 13.078 s, t_update = 1.238 s, total = 14.316 s, n_iter = 100, final_shift = 0.000000
