================================================================================
Machine metadata:
================================================================================
CPU Vendor: AuthenticAMD
CPU Model: Common KVM processor
CPU Cores:                       8
Threads per core: 1
Threads per core: 1 (no symmetric multithreading)
CPU MHz: 
RAM: 62.79 GB
OS: Debian GNU/Linux 12 (bookworm)
GCC version: gcc (Debian 12.2.0-14+deb12u1) 12.2.0
================================================================================
Experiment results:
================================================================================
Repetition 1: t_classify = 42.194 s, t_update = 1.984 s, total = 44.179 s, n_iter = 100, final_shift = 0.022385
Repetition 2: t_classify = 42.337 s, t_update = 2.395 s, total = 44.732 s, n_iter = 100, final_shift = 0.022385
Repetition 3: t_classify = 42.172 s, t_update = 2.010 s, total = 44.182 s, n_iter = 100, final_shift = 0.022385
Repetition 4: t_classify = 42.184 s, t_update = 1.991 s, total = 44.175 s, n_iter = 100, final_shift = 0.022385
Repetition 5: t_classify = 42.235 s, t_update = 2.001 s, total = 44.236 s, n_iter = 100, final_shift = 0.022385
