================================================================================
Machine metadata:
================================================================================
CPU Vendor: AuthenticAMD
CPU Model: Common KVM processor
CPU Cores:                       8
Threads per core: 1
Threads per core: 1 (no symmetric multithreading)
CPU MHz: 
RAM: 62.79 GB
OS: Debian GNU/Linux 12 (bookworm)
GCC version: gcc (Debian 12.2.0-14+deb12u1) 12.2.0
================================================================================
Experiment results:
================================================================================
Repetition 1: t_classify = 68.579 s, t_update = 6.381 s, total = 74.960 s, n_iter = 100, final_shift = 0.000000
Repetition 2: t_classify = 68.707 s, t_update = 6.384 s, total = 75.091 s, n_iter = 100, final_shift = 0.000000
Repetition 3: t_classify = 68.590 s, t_update = 6.391 s, total = 74.981 s, n_iter = 100, final_shift = 0.000000
Repetition 4: t_classify = 68.656 s, t_update = 6.378 s, total = 75.034 s, n_iter = 100, final_shift = 0.000000
Repetition 5: t_classify = 68.633 s, t_update = 6.495 s, total = 75.128 s, n_iter = 100, final_shift = 0.000000
