================================================================================
Machine metadata:
================================================================================
CPU Vendor: AuthenticAMD
CPU Model: Common KVM processor
CPU Cores:                       8
Threads per core: 1
Threads per core: 1 (no symmetric multithreading)
CPU MHz: 
RAM: 62.79 GB
OS: Debian GNU/Linux 12 (bookworm)
GCC version: gcc (Debian 12.2.0-14+deb12u1) 12.2.0
================================================================================
Experiment results:
================================================================================
Repetition 1: t_classify = 7.578 s, t_update = 1.233 s, total = 8.811 s, n_iter = 100, final_shift = 0.000000
Repetition 2: t_classify = 7.577 s, t_update = 1.233 s, total = 8.810 s, n_iter = 100, final_shift = 0.000000
Repetition 3: t_classify = 7.565 s, t_update = 1.230 s, total = 8.795 s, n_iter = 100, final_shift = 0.000000
Repetition 4: t_classify = 7.574 s, t_update = 1.236 s, total = 8.811 s, n_iter = 100, final_shift = 0.000000
Repetition 5: t_classify = 7.568 s, t_update = 1.230 s, total = 8.798 s, n_iter = 100, final_shift = 0.000000
