================================================================================
Machine metadata:
================================================================================
CPU Vendor: AuthenticAMD
CPU Model: Common KVM processor
CPU Cores:                       8
Threads per core: 1
Threads per core: 1 (no symmetric multithreading)
CPU MHz: 
RAM: 62.79 GB
OS: Debian GNU/Linux 12 (bookworm)
GCC version: gcc (Debian 12.2.0-14+deb12u1) 12.2.0
================================================================================
Experiment results:
================================================================================
Repetition 1: t_classify = 25.751 s, t_update = 3.988 s, total = 29.738 s, n_iter = 100, final_shift = 0.086664
Repetition 2: t_classify = 25.764 s, t_update = 3.995 s, total = 29.759 s, n_iter = 100, final_shift = 0.086664
Repetition 3: t_classify = 25.765 s, t_update = 3.995 s, total = 29.759 s, n_iter = 100, final_shift = 0.086664
Repetition 4: t_classify = 25.765 s, t_update = 3.994 s, total = 29.760 s, n_iter = 100, final_shift = 0.086664
Repetition 5: t_classify = 25.731 s, t_update = 3.987 s, total = 29.718 s, n_iter = 100, final_shift = 0.086664
