================================================================================
Machine metadata:
================================================================================
CPU Vendor: AuthenticAMD
CPU Model: Common KVM processor
CPU Cores:                       8
Threads per core: 1
Threads per core: 1 (no symmetric multithreading)
CPU MHz: 
RAM: 62.79 GB
OS: Debian GNU/Linux 12 (bookworm)
GCC version: gcc (Debian 12.2.0-14+deb12u1) 12.2.0
================================================================================
Experiment results:
================================================================================
Repetition 1: t_classify = 12.245 s, t_update = 0.602 s, total = 12.848 s, n_iter = 100, final_shift = 0.014074
Repetition 2: t_classify = 12.231 s, t_update = 0.600 s, total = 12.831 s, n_iter = 100, final_shift = 0.014074
Repetition 3: t_classify = 12.240 s, t_update = 0.591 s, total = 12.831 s, n_iter = 100, final_shift = 0.014074
Repetition 4: t_classify = 12.236 s, t_update = 0.614 s, total = 12.851 s, n_iter = 100, final_shift = 0.014074
Repetition 5: t_classify = 12.240 s, t_update = 0.625 s, total = 12.865 s, n_iter = 100, final_shift = 0.014074
