================================================================================
Machine metadata:
================================================================================
CPU Vendor: AuthenticAMD
CPU Model: Common KVM processor
CPU Cores:                       8
Threads per core: 1
Threads per core: 1 (no symmetric multithreading)
CPU MHz: 
RAM: 62.79 GB
OS: Debian GNU/Linux 12 (bookworm)
GCC version: gcc (Debian 12.2.0-14+deb12u1) 12.2.0
================================================================================
Experiment results:
================================================================================
Repetition 1: t_classify = 4.044 s, t_update = 0.481 s, total = 4.524 s, n_iter = 100, final_shift = 0.000000
Repetition 2: t_classify = 4.034 s, t_update = 0.477 s, total = 4.511 s, n_iter = 100, final_shift = 0.000000
Repetition 3: t_classify = 4.032 s, t_update = 0.473 s, total = 4.505 s, n_iter = 100, final_shift = 0.000000
Repetition 4: t_classify = 4.035 s, t_update = 0.479 s, total = 4.514 s, n_iter = 100, final_shift = 0.000000
Repetition 5: t_classify = 4.055 s, t_update = 0.484 s, total = 4.540 s, n_iter = 100, final_shift = 0.000000
