================================================================================
Machine metadata:
================================================================================
CPU Vendor: AuthenticAMD
CPU Model: Common KVM processor
CPU Cores:                       8
Threads per core: 1
Threads per core: 1 (no symmetric multithreading)
CPU MHz: 
RAM: 62.79 GB
OS: Debian GNU/Linux 12 (bookworm)
GCC version: gcc (Debian 12.2.0-14+deb12u1) 12.2.0
================================================================================
Experiment results:
================================================================================
Repetition 1: t_classify = 5.719 s, t_update = 0.277 s, total = 5.996 s, n_iter = 100, final_shift = 0.000000
Repetition 2: t_classify = 5.717 s, t_update = 0.284 s, total = 6.001 s, n_iter = 100, final_shift = 0.000000
Repetition 3: t_classify = 5.738 s, t_update = 0.283 s, total = 6.021 s, n_iter = 100, final_shift = 0.000000
Repetition 4: t_classify = 6.188 s, t_update = 0.275 s, total = 6.463 s, n_iter = 100, final_shift = 0.000000
Repetition 5: t_classify = 5.734 s, t_update = 0.276 s, total = 6.010 s, n_iter = 100, final_shift = 0.000000
