================================================================================
Machine metadata:
================================================================================
CPU Vendor: AuthenticAMD
CPU Model: Common KVM processor
CPU Cores:                       8
Threads per core: 1
Threads per core: 1 (no symmetric multithreading)
CPU MHz: 
RAM: 62.79 GB
OS: Debian GNU/Linux 12 (bookworm)
GCC version: gcc (Debian 12.2.0-14+deb12u1) 12.2.0
================================================================================
Experiment results:
================================================================================
Repetition 1: t_classify = 3.748 s, t_update = 0.628 s, total = 4.376 s, n_iter = 100, final_shift = 0.088290
Repetition 2: t_classify = 3.738 s, t_update = 0.607 s, total = 4.345 s, n_iter = 100, final_shift = 0.153910
Repetition 3: t_classify = 3.731 s, t_update = 0.611 s, total = 4.342 s, n_iter = 100, final_shift = 0.126427
Repetition 4: t_classify = 3.725 s, t_update = 0.591 s, total = 4.316 s, n_iter = 100, final_shift = 0.127698
Repetition 5: t_classify = 3.734 s, t_update = 0.607 s, total = 4.341 s, n_iter = 100, final_shift = 0.086613
