================================================================================
Machine metadata:
================================================================================
CPU Vendor: AuthenticAMD
CPU Model: Common KVM processor
CPU Cores:                       8
Threads per core: 1
Threads per core: 1 (no symmetric multithreading)
CPU MHz: 
RAM: 62.79 GB
OS: Debian GNU/Linux 12 (bookworm)
GCC version: gcc (Debian 12.2.0-14+deb12u1) 12.2.0
================================================================================
Experiment results:
================================================================================
Repetition 1: t_classify = 3.729 s, t_update = 0.223 s, total = 3.951 s, n_iter = 100, final_shift = 0.002224
Repetition 2: t_classify = 3.713 s, t_update = 0.210 s, total = 3.923 s, n_iter = 100, final_shift = 0.002224
Repetition 3: t_classify = 3.720 s, t_update = 0.213 s, total = 3.933 s, n_iter = 100, final_shift = 0.002224
Repetition 4: t_classify = 3.728 s, t_update = 0.215 s, total = 3.944 s, n_iter = 100, final_shift = 0.002224
Repetition 5: t_classify = 3.721 s, t_update = 0.213 s, total = 3.933 s, n_iter = 100, final_shift = 0.002224
