================================================================================
Machine metadata:
================================================================================
CPU Vendor: AuthenticAMD
CPU Model: Common KVM processor
CPU Cores:                       8
Threads per core: 1
Threads per core: 1 (no symmetric multithreading)
CPU MHz: 
RAM: 62.79 GB
OS: Debian GNU/Linux 12 (bookworm)
GCC version: gcc (Debian 12.2.0-14+deb12u1) 12.2.0
================================================================================
Experiment results:
================================================================================
Repetition 1: t_classify = 1.462 s, t_update = 0.085 s, total = 1.547 s, n_iter = 100, final_shift = 0.007050
Repetition 2: t_classify = 1.467 s, t_update = 0.087 s, total = 1.554 s, n_iter = 100, final_shift = 0.007050
Repetition 3: t_classify = 1.463 s, t_update = 0.085 s, total = 1.548 s, n_iter = 100, final_shift = 0.007050
Repetition 4: t_classify = 1.461 s, t_update = 0.085 s, total = 1.546 s, n_iter = 100, final_shift = 0.007050
Repetition 5: t_classify = 1.464 s, t_update = 0.086 s, total = 1.551 s, n_iter = 100, final_shift = 0.007050
