================================================================================
Machine metadata:
================================================================================
CPU Vendor: AuthenticAMD
CPU Model: Common KVM processor
CPU Cores:                       8
Threads per core: 1
Threads per core: 1 (no symmetric multithreading)
CPU MHz: 
RAM: 62.79 GB
OS: Debian GNU/Linux 12 (bookworm)
GCC version: gcc (Debian 12.2.0-14+deb12u1) 12.2.0
================================================================================
Experiment results:
================================================================================
Repetition 1: t_classify = 0.867 s, t_update = 0.138 s, total = 1.004 s, n_iter = 100, final_shift = 0.782161
Repetition 2: t_classify = 0.864 s, t_update = 0.135 s, total = 0.999 s, n_iter = 100, final_shift = 0.782144
Repetition 3: t_classify = 0.865 s, t_update = 0.135 s, total = 1.001 s, n_iter = 100, final_shift = 0.782142
Repetition 4: t_classify = 0.868 s, t_update = 0.136 s, total = 1.005 s, n_iter = 100, final_shift = 0.782158
Repetition 5: t_classify = 0.866 s, t_update = 0.135 s, total = 1.001 s, n_iter = 100, final_shift = 0.134147
