================================================================================
Machine metadata:
================================================================================
CPU Vendor: AuthenticAMD
CPU Model: Common KVM processor
CPU Cores:                       8
Threads per core: 1
Threads per core: 1 (no symmetric multithreading)
CPU MHz: 
RAM: 62.79 GB
OS: Debian GNU/Linux 12 (bookworm)
GCC version: gcc (Debian 12.2.0-14+deb12u1) 12.2.0
================================================================================
Experiment results:
================================================================================
Repetition 1: t_classify = 85.244 s, t_update = 3.989 s, total = 89.233 s, n_iter = 100, final_shift = 29.223007
Repetition 2: t_classify = 85.107 s, t_update = 3.988 s, total = 89.095 s, n_iter = 100, final_shift = 29.223007
Repetition 3: t_classify = 85.115 s, t_update = 3.985 s, total = 89.101 s, n_iter = 100, final_shift = 29.223007
Repetition 4: t_classify = 85.132 s, t_update = 3.987 s, total = 89.119 s, n_iter = 100, final_shift = 29.223007
Repetition 5: t_classify = 85.153 s, t_update = 3.992 s, total = 89.145 s, n_iter = 100, final_shift = 29.223007
