================================================================================
Machine metadata:
================================================================================
CPU Vendor: AuthenticAMD
CPU Model: Common KVM processor
CPU Cores:                       8
Threads per core: 1
Threads per core: 1 (no symmetric multithreading)
CPU MHz: 
RAM: 62.79 GB
OS: Debian GNU/Linux 12 (bookworm)
GCC version: gcc (Debian 12.2.0-14+deb12u1) 12.2.0
================================================================================
Experiment results:
================================================================================
Repetition 1: t_classify = 2.249 s, t_update = 0.142 s, total = 2.391 s, n_iter = 100, final_shift = 0.000006
Repetition 2: t_classify = 2.256 s, t_update = 0.137 s, total = 2.393 s, n_iter = 100, final_shift = 0.000009
Repetition 3: t_classify = 2.245 s, t_update = 0.135 s, total = 2.380 s, n_iter = 100, final_shift = 0.000013
Repetition 4: t_classify = 2.280 s, t_update = 0.135 s, total = 2.416 s, n_iter = 100, final_shift = 0.000010
Repetition 5: t_classify = 2.230 s, t_update = 0.134 s, total = 2.364 s, n_iter = 100, final_shift = 0.000019
