================================================================================
Machine metadata:
================================================================================
CPU Vendor: AuthenticAMD
CPU Model: Common KVM processor
CPU Cores:                       8
Threads per core: 1
Threads per core: 1 (no symmetric multithreading)
CPU MHz: 
RAM: 62.79 GB
OS: Debian GNU/Linux 12 (bookworm)
GCC version: gcc (Debian 12.2.0-14+deb12u1) 12.2.0
================================================================================
Experiment results:
================================================================================
Repetition 1: t_classify = 6.256 s, t_update = 0.985 s, total = 7.241 s, n_iter = 100, final_shift = 0.084683
Repetition 2: t_classify = 6.277 s, t_update = 1.006 s, total = 7.283 s, n_iter = 100, final_shift = 0.084677
Repetition 3: t_classify = 6.277 s, t_update = 0.995 s, total = 7.272 s, n_iter = 100, final_shift = 0.036266
Repetition 4: t_classify = 6.280 s, t_update = 1.013 s, total = 7.293 s, n_iter = 100, final_shift = 0.084675
Repetition 5: t_classify = 6.270 s, t_update = 0.977 s, total = 7.247 s, n_iter = 100, final_shift = 0.111085
