================================================================================
Machine metadata:
================================================================================
CPU Vendor: AuthenticAMD
CPU Model: Common KVM processor
CPU Cores:                       8
Threads per core: 1
Threads per core: 1 (no symmetric multithreading)
CPU MHz: 
RAM: 62.79 GB
OS: Debian GNU/Linux 12 (bookworm)
GCC version: gcc (Debian 12.2.0-14+deb12u1) 12.2.0
================================================================================
Experiment results:
================================================================================
Repetition 1: t_classify = 7.544 s, t_update = 0.384 s, total = 7.928 s, n_iter = 100, final_shift = 0.004796
Repetition 2: t_classify = 7.509 s, t_update = 0.385 s, total = 7.894 s, n_iter = 100, final_shift = 0.004796
Repetition 3: t_classify = 7.521 s, t_update = 0.383 s, total = 7.904 s, n_iter = 100, final_shift = 0.004796
Repetition 4: t_classify = 7.556 s, t_update = 0.379 s, total = 7.935 s, n_iter = 100, final_shift = 0.004796
Repetition 5: t_classify = 7.504 s, t_update = 0.368 s, total = 7.872 s, n_iter = 100, final_shift = 0.004796
