================================================================================
Machine metadata:
================================================================================
CPU Vendor: AuthenticAMD
CPU Model: Common KVM processor
CPU Cores:                       8
Threads per core: 1
Threads per core: 1 (no symmetric multithreading)
CPU MHz: 
RAM: 62.79 GB
OS: Debian GNU/Linux 12 (bookworm)
GCC version: gcc (Debian 12.2.0-14+deb12u1) 12.2.0
================================================================================
Experiment results:
================================================================================
Repetition 1: t_classify = 7.315 s, t_update = 1.411 s, total = 8.726 s, n_iter = 100, final_shift = 0.000000
Repetition 2: t_classify = 7.340 s, t_update = 1.416 s, total = 8.756 s, n_iter = 100, final_shift = 0.000000
Repetition 3: t_classify = 7.341 s, t_update = 1.417 s, total = 8.758 s, n_iter = 100, final_shift = 0.000000
Repetition 4: t_classify = 7.325 s, t_update = 1.416 s, total = 8.742 s, n_iter = 100, final_shift = 0.000000
Repetition 5: t_classify = 7.334 s, t_update = 1.418 s, total = 8.752 s, n_iter = 100, final_shift = 0.000000
