================================================================================
Machine metadata:
================================================================================
CPU Vendor: AuthenticAMD
CPU Model: Common KVM processor
CPU Cores:                       8
Threads per core: 1
Threads per core: 1 (no symmetric multithreading)
CPU MHz: 
RAM: 62.79 GB
OS: Debian GNU/Linux 12 (bookworm)
GCC version: gcc (Debian 12.2.0-14+deb12u1) 12.2.0
================================================================================
Experiment results:
================================================================================
Repetition 1: t_classify = 16.298 s, t_update = 0.785 s, total = 17.083 s, n_iter = 100, final_shift = 0.062864
Repetition 2: t_classify = 16.244 s, t_update = 0.800 s, total = 17.045 s, n_iter = 100, final_shift = 0.062864
Repetition 3: t_classify = 16.224 s, t_update = 0.784 s, total = 17.008 s, n_iter = 100, final_shift = 0.062864
Repetition 4: t_classify = 17.356 s, t_update = 0.789 s, total = 18.145 s, n_iter = 100, final_shift = 0.062864
Repetition 5: t_classify = 16.309 s, t_update = 0.779 s, total = 17.089 s, n_iter = 100, final_shift = 0.062864
