================================================================================
Machine metadata:
================================================================================
CPU Vendor: AuthenticAMD
CPU Model: Common KVM processor
CPU Cores:                       8
Threads per core: 1
Threads per core: 1 (no symmetric multithreading)
CPU MHz: 
RAM: 62.79 GB
OS: Debian GNU/Linux 12 (bookworm)
GCC version: gcc (Debian 12.2.0-14+deb12u1) 12.2.0
================================================================================
Experiment results:
================================================================================
Repetition 1: t_classify = 9.538 s, t_update = 0.548 s, total = 10.086 s, n_iter = 100, final_shift = 0.000000
Repetition 2: t_classify = 9.623 s, t_update = 0.548 s, total = 10.172 s, n_iter = 100, final_shift = 0.000000
Repetition 3: t_classify = 9.559 s, t_update = 0.567 s, total = 10.127 s, n_iter = 100, final_shift = 0.000000
Repetition 4: t_classify = 9.574 s, t_update = 0.547 s, total = 10.120 s, n_iter = 100, final_shift = 0.000000
Repetition 5: t_classify = 9.545 s, t_update = 0.549 s, total = 10.094 s, n_iter = 100, final_shift = 0.000000
