================================================================================
Machine metadata:
================================================================================
CPU Vendor: AuthenticAMD
CPU Model: Common KVM processor
CPU Cores:                       8
Threads per core: 1
Threads per core: 1 (no symmetric multithreading)
CPU MHz: 
RAM: 62.79 GB
OS: Debian GNU/Linux 12 (bookworm)
GCC version: gcc (Debian 12.2.0-14+deb12u1) 12.2.0
================================================================================
Experiment results:
================================================================================
Repetition 1: t_classify = 51.214 s, t_update = 2.403 s, total = 53.617 s, n_iter = 100, final_shift = 0.000000
Repetition 2: t_classify = 51.151 s, t_update = 2.398 s, total = 53.549 s, n_iter = 100, final_shift = 0.000000
Repetition 3: t_classify = 51.134 s, t_update = 2.394 s, total = 53.529 s, n_iter = 100, final_shift = 0.000000
Repetition 4: t_classify = 51.134 s, t_update = 2.413 s, total = 53.547 s, n_iter = 100, final_shift = 0.000000
Repetition 5: t_classify = 51.162 s, t_update = 2.395 s, total = 53.557 s, n_iter = 100, final_shift = 0.000000
