================================================================================
Machine metadata:
================================================================================
CPU Vendor: AuthenticAMD
CPU Model: Common KVM processor
CPU Cores:                       8
Threads per core: 1
Threads per core: 1 (no symmetric multithreading)
CPU MHz: 
RAM: 62.79 GB
OS: Debian GNU/Linux 12 (bookworm)
GCC version: gcc (Debian 12.2.0-14+deb12u1) 12.2.0
================================================================================
Experiment results:
================================================================================
Repetition 1: t_classify = 31.674 s, t_update = 1.494 s, total = 33.168 s, n_iter = 100, final_shift = 0.051147
Repetition 2: t_classify = 31.647 s, t_update = 1.511 s, total = 33.158 s, n_iter = 100, final_shift = 0.051147
Repetition 3: t_classify = 31.626 s, t_update = 1.495 s, total = 33.120 s, n_iter = 100, final_shift = 0.051147
Repetition 4: t_classify = 31.647 s, t_update = 1.494 s, total = 33.141 s, n_iter = 100, final_shift = 0.051147
Repetition 5: t_classify = 31.653 s, t_update = 1.493 s, total = 33.145 s, n_iter = 100, final_shift = 0.051147
