================================================================================
Machine metadata:
================================================================================
CPU Vendor: AuthenticAMD
CPU Model: Common KVM processor
CPU Cores:                       8
Threads per core: 1
Threads per core: 1 (no symmetric multithreading)
CPU MHz: 
RAM: 62.79 GB
OS: Debian GNU/Linux 12 (bookworm)
GCC version: gcc (Debian 12.2.0-14+deb12u1) 12.2.0
================================================================================
Experiment results:
================================================================================
Repetition 1: t_classify = 10.902 s, t_update = 0.521 s, total = 11.424 s, n_iter = 100, final_shift = 0.050064
Repetition 2: t_classify = 10.902 s, t_update = 0.546 s, total = 11.449 s, n_iter = 100, final_shift = 0.050064
Repetition 3: t_classify = 10.887 s, t_update = 0.519 s, total = 11.406 s, n_iter = 100, final_shift = 0.050064
Repetition 4: t_classify = 10.919 s, t_update = 0.523 s, total = 11.442 s, n_iter = 100, final_shift = 0.050064
Repetition 5: t_classify = 10.866 s, t_update = 0.527 s, total = 11.394 s, n_iter = 100, final_shift = 0.050064
