================================================================================
Machine metadata:
================================================================================
CPU Vendor: AuthenticAMD
CPU Model: Common KVM processor
CPU Cores:                       8
Threads per core: 1
Threads per core: 1 (no symmetric multithreading)
CPU MHz: 
RAM: 62.79 GB
OS: Debian GNU/Linux 12 (bookworm)
GCC version: gcc (Debian 12.2.0-14+deb12u1) 12.2.0
================================================================================
Experiment results:
================================================================================
Repetition 1: t_classify = 13.804 s, t_update = 2.229 s, total = 16.032 s, n_iter = 100, final_shift = 0.000000
Repetition 2: t_classify = 13.898 s, t_update = 2.234 s, total = 16.132 s, n_iter = 100, final_shift = 0.000000
Repetition 3: t_classify = 13.953 s, t_update = 2.351 s, total = 16.304 s, n_iter = 100, final_shift = 0.000000
Repetition 4: t_classify = 13.774 s, t_update = 2.142 s, total = 15.915 s, n_iter = 100, final_shift = 0.000000
Repetition 5: t_classify = 13.780 s, t_update = 2.136 s, total = 15.916 s, n_iter = 100, final_shift = 0.000000
