================================================================================
Machine metadata:
================================================================================
CPU Vendor: AuthenticAMD
CPU Model: Common KVM processor
CPU Cores:                       8
Threads per core: 1
Threads per core: 1 (no symmetric multithreading)
CPU MHz: 
RAM: 62.79 GB
OS: Debian GNU/Linux 12 (bookworm)
GCC version: gcc (Debian 12.2.0-14+deb12u1) 12.2.0
================================================================================
Experiment results:
================================================================================
Repetition 1: t_classify = 2.685 s, t_update = 0.449 s, total = 3.134 s, n_iter = 100, final_shift = 0.000000
Repetition 2: t_classify = 2.698 s, t_update = 0.442 s, total = 3.140 s, n_iter = 100, final_shift = 0.000000
Repetition 3: t_classify = 2.724 s, t_update = 0.455 s, total = 3.179 s, n_iter = 100, final_shift = 0.000000
Repetition 4: t_classify = 2.682 s, t_update = 0.446 s, total = 3.128 s, n_iter = 100, final_shift = 0.000000
Repetition 5: t_classify = 2.683 s, t_update = 0.449 s, total = 3.132 s, n_iter = 100, final_shift = 0.000000
