================================================================================
Machine metadata:
================================================================================
CPU Vendor: AuthenticAMD
CPU Model: Common KVM processor
CPU Cores:                       8
Threads per core: 1
Threads per core: 1 (no symmetric multithreading)
CPU MHz: 
RAM: 62.79 GB
OS: Debian GNU/Linux 12 (bookworm)
GCC version: gcc (Debian 12.2.0-14+deb12u1) 12.2.0
================================================================================
Experiment results:
================================================================================
Repetition 1: t_classify = 6.312 s, t_update = 0.605 s, total = 6.917 s, n_iter = 100, final_shift = 0.000000
Repetition 2: t_classify = 6.307 s, t_update = 0.606 s, total = 6.912 s, n_iter = 100, final_shift = 0.000000
Repetition 3: t_classify = 6.294 s, t_update = 0.610 s, total = 6.904 s, n_iter = 100, final_shift = 0.000000
Repetition 4: t_classify = 6.325 s, t_update = 0.619 s, total = 6.944 s, n_iter = 100, final_shift = 0.000000
Repetition 5: t_classify = 6.307 s, t_update = 0.605 s, total = 6.912 s, n_iter = 100, final_shift = 0.000000
