================================================================================
Machine metadata:
================================================================================
CPU Vendor: AuthenticAMD
CPU Model: Common KVM processor
CPU Cores:                       8
Threads per core: 1
Threads per core: 1 (no symmetric multithreading)
CPU MHz: 
RAM: 62.79 GB
OS: Debian GNU/Linux 12 (bookworm)
GCC version: gcc (Debian 12.2.0-14+deb12u1) 12.2.0
================================================================================
Experiment results:
================================================================================
Repetition 1: t_classify = 8.668 s, t_update = 0.799 s, total = 9.467 s, n_iter = 100, final_shift = 0.000000
Repetition 2: t_classify = 8.663 s, t_update = 0.804 s, total = 9.467 s, n_iter = 100, final_shift = 0.000000
Repetition 3: t_classify = 8.665 s, t_update = 0.802 s, total = 9.466 s, n_iter = 100, final_shift = 0.000000
Repetition 4: t_classify = 8.671 s, t_update = 0.813 s, total = 9.484 s, n_iter = 100, final_shift = 0.000000
Repetition 5: t_classify = 8.674 s, t_update = 0.817 s, total = 9.491 s, n_iter = 100, final_shift = 0.000000
