================================================================================
Machine metadata:
================================================================================
CPU Vendor: AuthenticAMD
CPU Model: Common KVM processor
CPU Cores:                       8
Threads per core: 1
Threads per core: 1 (no symmetric multithreading)
CPU MHz: 
RAM: 62.79 GB
OS: Debian GNU/Linux 12 (bookworm)
GCC version: gcc (Debian 12.2.0-14+deb12u1) 12.2.0
================================================================================
Experiment results:
================================================================================
Repetition 1: t_classify = 7.862 s, t_update = 0.754 s, total = 8.617 s, n_iter = 100, final_shift = 0.000000
Repetition 2: t_classify = 7.870 s, t_update = 0.760 s, total = 8.630 s, n_iter = 100, final_shift = 0.000000
Repetition 3: t_classify = 7.825 s, t_update = 0.759 s, total = 8.584 s, n_iter = 100, final_shift = 0.000000
Repetition 4: t_classify = 7.874 s, t_update = 0.756 s, total = 8.630 s, n_iter = 100, final_shift = 0.000000
Repetition 5: t_classify = 7.816 s, t_update = 0.753 s, total = 8.569 s, n_iter = 100, final_shift = 0.000000
