================================================================================
Machine metadata:
================================================================================
CPU Vendor: AuthenticAMD
CPU Model: Common KVM processor
CPU Cores:                       8
Threads per core: 1
Threads per core: 1 (no symmetric multithreading)
CPU MHz: 
RAM: 62.79 GB
OS: Debian GNU/Linux 12 (bookworm)
GCC version: gcc (Debian 12.2.0-14+deb12u1) 12.2.0
================================================================================
Experiment results:
================================================================================
Repetition 1: t_classify = 4.202 s, t_update = 0.413 s, total = 4.615 s, n_iter = 100, final_shift = 0.000000
Repetition 2: t_classify = 4.196 s, t_update = 0.410 s, total = 4.607 s, n_iter = 100, final_shift = 0.000000
Repetition 3: t_classify = 4.215 s, t_update = 0.410 s, total = 4.625 s, n_iter = 100, final_shift = 0.000000
Repetition 4: t_classify = 4.213 s, t_update = 0.411 s, total = 4.624 s, n_iter = 100, final_shift = 0.000000
Repetition 5: t_classify = 4.204 s, t_update = 0.407 s, total = 4.610 s, n_iter = 100, final_shift = 0.000000
