================================================================================
Machine metadata:
================================================================================
CPU Vendor: AuthenticAMD
CPU Model: Common KVM processor
CPU Cores:                       8
Threads per core: 1
Threads per core: 1 (no symmetric multithreading)
CPU MHz: 
RAM: 62.79 GB
OS: Debian GNU/Linux 12 (bookworm)
GCC version: gcc (Debian 12.2.0-14+deb12u1) 12.2.0
================================================================================
Experiment results:
================================================================================
Repetition 1: t_classify = 21.536 s, t_update = 1.071 s, total = 22.607 s, n_iter = 100, final_shift = 0.050064
Repetition 2: t_classify = 21.559 s, t_update = 1.016 s, total = 22.575 s, n_iter = 100, final_shift = 0.050064
Repetition 3: t_classify = 21.364 s, t_update = 1.016 s, total = 22.380 s, n_iter = 100, final_shift = 0.050064
Repetition 4: t_classify = 21.662 s, t_update = 1.022 s, total = 22.684 s, n_iter = 100, final_shift = 0.050064
Repetition 5: t_classify = 21.871 s, t_update = 1.023 s, total = 22.894 s, n_iter = 100, final_shift = 0.050064
