================================================================================
Machine metadata:
================================================================================
CPU Vendor: AuthenticAMD
CPU Model: Common KVM processor
CPU Cores:                       8
Threads per core: 1
Threads per core: 1 (no symmetric multithreading)
CPU MHz: 
RAM: 62.79 GB
OS: Debian GNU/Linux 12 (bookworm)
GCC version: gcc (Debian 12.2.0-14+deb12u1) 12.2.0
================================================================================
Experiment results:
================================================================================
Repetition 1: t_classify = 1.718 s, t_update = 0.267 s, total = 1.986 s, n_iter = 100, final_shift = 0.782137
Repetition 2: t_classify = 1.721 s, t_update = 0.266 s, total = 1.987 s, n_iter = 100, final_shift = 1.237291
Repetition 3: t_classify = 1.723 s, t_update = 0.276 s, total = 1.999 s, n_iter = 100, final_shift = 0.782138
Repetition 4: t_classify = 1.723 s, t_update = 0.268 s, total = 1.991 s, n_iter = 100, final_shift = 0.782134
Repetition 5: t_classify = 1.725 s, t_update = 0.270 s, total = 1.995 s, n_iter = 100, final_shift = 0.782133
