================================================================================
Machine metadata:
================================================================================
CPU Vendor: AuthenticAMD
CPU Model: Common KVM processor
CPU Cores:                       8
Threads per core: 1
Threads per core: 1 (no symmetric multithreading)
CPU MHz: 
RAM: 62.79 GB
OS: Debian GNU/Linux 12 (bookworm)
GCC version: gcc (Debian 12.2.0-14+deb12u1) 12.2.0
================================================================================
Experiment results:
================================================================================
Repetition 1: t_classify = 2.449 s, t_update = 0.477 s, total = 2.926 s, n_iter = 100, final_shift = 0.000000
Repetition 2: t_classify = 2.452 s, t_update = 0.475 s, total = 2.927 s, n_iter = 100, final_shift = 0.000000
Repetition 3: t_classify = 2.449 s, t_update = 0.476 s, total = 2.925 s, n_iter = 100, final_shift = 0.000000
Repetition 4: t_classify = 2.468 s, t_update = 0.481 s, total = 2.949 s, n_iter = 100, final_shift = 0.000000
Repetition 5: t_classify = 2.463 s, t_update = 0.479 s, total = 2.942 s, n_iter = 100, final_shift = 0.000000
