================================================================================
Machine metadata:
================================================================================
CPU Vendor: AuthenticAMD
CPU Model: Common KVM processor
CPU Cores:                       8
Threads per core: 1
Threads per core: 1 (no symmetric multithreading)
CPU MHz: 
RAM: 62.79 GB
OS: Debian GNU/Linux 12 (bookworm)
GCC version: gcc (Debian 12.2.0-14+deb12u1) 12.2.0
================================================================================
Experiment results:
================================================================================
Repetition 1: t_classify = 1.055 s, t_update = 0.063 s, total = 1.118 s, n_iter = 100, final_shift = 0.001431
Repetition 2: t_classify = 1.057 s, t_update = 0.061 s, total = 1.118 s, n_iter = 100, final_shift = 0.001431
Repetition 3: t_classify = 1.056 s, t_update = 0.063 s, total = 1.119 s, n_iter = 100, final_shift = 0.001431
Repetition 4: t_classify = 1.065 s, t_update = 0.063 s, total = 1.129 s, n_iter = 100, final_shift = 0.001431
Repetition 5: t_classify = 1.080 s, t_update = 0.064 s, total = 1.144 s, n_iter = 100, final_shift = 0.001431
