================================================================================
Machine metadata:
================================================================================
CPU Vendor: AuthenticAMD
CPU Model: Common KVM processor
CPU Cores:                       8
Threads per core: 1
Threads per core: 1 (no symmetric multithreading)
CPU MHz: 
RAM: 62.79 GB
OS: Debian GNU/Linux 12 (bookworm)
GCC version: gcc (Debian 12.2.0-14+deb12u1) 12.2.0
================================================================================
Experiment results:
================================================================================
Repetition 1: t_classify = 5.975 s, t_update = 0.592 s, total = 6.567 s, n_iter = 100, final_shift = 0.000000
Repetition 2: t_classify = 5.988 s, t_update = 0.605 s, total = 6.593 s, n_iter = 100, final_shift = 0.000000
Repetition 3: t_classify = 5.966 s, t_update = 0.585 s, total = 6.551 s, n_iter = 100, final_shift = 0.000000
Repetition 4: t_classify = 6.024 s, t_update = 0.597 s, total = 6.621 s, n_iter = 100, final_shift = 0.000000
Repetition 5: t_classify = 5.977 s, t_update = 0.599 s, total = 6.576 s, n_iter = 100, final_shift = 0.000000
