================================================================================
Machine metadata:
================================================================================
CPU Vendor: AuthenticAMD
CPU Model: Common KVM processor
CPU Cores:                       8
Threads per core: 1
Threads per core: 1 (no symmetric multithreading)
CPU MHz: 
RAM: 62.79 GB
OS: Debian GNU/Linux 12 (bookworm)
GCC version: gcc (Debian 12.2.0-14+deb12u1) 12.2.0
================================================================================
Experiment results:
================================================================================
Repetition 1: t_classify = 3.553 s, t_update = 0.173 s, total = 3.726 s, n_iter = 100, final_shift = 0.067631
Repetition 2: t_classify = 3.550 s, t_update = 0.174 s, total = 3.723 s, n_iter = 100, final_shift = 0.067631
Repetition 3: t_classify = 3.554 s, t_update = 0.172 s, total = 3.726 s, n_iter = 100, final_shift = 0.067631
Repetition 4: t_classify = 3.547 s, t_update = 0.173 s, total = 3.720 s, n_iter = 100, final_shift = 0.067631
Repetition 5: t_classify = 3.551 s, t_update = 0.169 s, total = 3.720 s, n_iter = 100, final_shift = 0.067631
