================================================================================
Machine metadata:
================================================================================
CPU Vendor: AuthenticAMD
CPU Model: Common KVM processor
CPU Cores:                       8
Threads per core: 1
Threads per core: 1 (no symmetric multithreading)
CPU MHz: 
RAM: 62.79 GB
OS: Debian GNU/Linux 12 (bookworm)
GCC version: gcc (Debian 12.2.0-14+deb12u1) 12.2.0
================================================================================
Experiment results:
================================================================================
Repetition 1: t_classify = 31.136 s, t_update = 2.956 s, total = 34.092 s, n_iter = 100, final_shift = 0.000000
Repetition 2: t_classify = 31.105 s, t_update = 2.952 s, total = 34.056 s, n_iter = 100, final_shift = 0.000000
Repetition 3: t_classify = 30.964 s, t_update = 2.947 s, total = 33.911 s, n_iter = 100, final_shift = 0.000000
Repetition 4: t_classify = 31.024 s, t_update = 2.954 s, total = 33.979 s, n_iter = 100, final_shift = 0.000000
Repetition 5: t_classify = 31.062 s, t_update = 2.959 s, total = 34.021 s, n_iter = 100, final_shift = 0.000000
