================================================================================
Machine metadata:
================================================================================
CPU Vendor: AuthenticAMD
CPU Model: Common KVM processor
CPU Cores:                       8
Threads per core: 1
Threads per core: 1 (no symmetric multithreading)
CPU MHz: 
RAM: 62.79 GB
OS: Debian GNU/Linux 12 (bookworm)
GCC version: gcc (Debian 12.2.0-14+deb12u1) 12.2.0
================================================================================
Experiment results:
================================================================================
Repetition 1: t_classify = 3.562 s, t_update = 0.207 s, total = 3.770 s, n_iter = 100, final_shift = 0.003413
Repetition 2: t_classify = 3.576 s, t_update = 0.209 s, total = 3.784 s, n_iter = 100, final_shift = 0.003413
Repetition 3: t_classify = 3.576 s, t_update = 0.212 s, total = 3.788 s, n_iter = 100, final_shift = 0.003413
Repetition 4: t_classify = 3.561 s, t_update = 0.208 s, total = 3.769 s, n_iter = 100, final_shift = 0.003413
Repetition 5: t_classify = 3.573 s, t_update = 0.208 s, total = 3.782 s, n_iter = 100, final_shift = 0.003413
