================================================================================
Machine metadata:
================================================================================
CPU Vendor: AuthenticAMD
CPU Model: Common KVM processor
CPU Cores:                       8
Threads per core: 1
Threads per core: 1 (no symmetric multithreading)
CPU MHz: 
RAM: 62.79 GB
OS: Debian GNU/Linux 12 (bookworm)
GCC version: gcc (Debian 12.2.0-14+deb12u1) 12.2.0
================================================================================
Experiment results:
================================================================================
Repetition 1: t_classify = 29.886 s, t_update = 1.422 s, total = 31.308 s, n_iter = 100, final_shift = 0.000000
Repetition 2: t_classify = 29.888 s, t_update = 1.435 s, total = 31.323 s, n_iter = 100, final_shift = 0.000000
Repetition 3: t_classify = 29.908 s, t_update = 1.425 s, total = 31.333 s, n_iter = 100, final_shift = 0.000000
Repetition 4: t_classify = 29.970 s, t_update = 1.437 s, total = 31.407 s, n_iter = 100, final_shift = 0.000000
Repetition 5: t_classify = 29.919 s, t_update = 1.450 s, total = 31.369 s, n_iter = 100, final_shift = 0.000000
