================================================================================
Machine metadata:
================================================================================
CPU Vendor: AuthenticAMD
CPU Model: Common KVM processor
CPU Cores:                       8
Threads per core: 1
Threads per core: 1 (no symmetric multithreading)
CPU MHz: 
RAM: 62.79 GB
OS: Debian GNU/Linux 12 (bookworm)
GCC version: gcc (Debian 12.2.0-14+deb12u1) 12.2.0
================================================================================
Experiment results:
================================================================================
Repetition 1: t_classify = 17.108 s, t_update = 0.819 s, total = 17.927 s, n_iter = 100, final_shift = 0.022385
Repetition 2: t_classify = 17.083 s, t_update = 0.818 s, total = 17.901 s, n_iter = 100, final_shift = 0.022385
Repetition 3: t_classify = 17.076 s, t_update = 0.829 s, total = 17.905 s, n_iter = 100, final_shift = 0.022385
Repetition 4: t_classify = 17.095 s, t_update = 0.811 s, total = 17.906 s, n_iter = 100, final_shift = 0.022385
Repetition 5: t_classify = 17.104 s, t_update = 0.827 s, total = 17.931 s, n_iter = 100, final_shift = 0.022385
