================================================================================
Machine metadata:
================================================================================
CPU Vendor: AuthenticAMD
CPU Model: Common KVM processor
CPU Cores:                       8
Threads per core: 1
Threads per core: 1 (no symmetric multithreading)
CPU MHz: 
RAM: 62.79 GB
OS: Debian GNU/Linux 12 (bookworm)
GCC version: gcc (Debian 12.2.0-14+deb12u1) 12.2.0
================================================================================
Experiment results:
================================================================================
Repetition 1: t_classify = 6.053 s, t_update = 0.980 s, total = 7.033 s, n_iter = 100, final_shift = 0.000000
Repetition 2: t_classify = 6.062 s, t_update = 0.982 s, total = 7.044 s, n_iter = 100, final_shift = 0.000000
Repetition 3: t_classify = 6.052 s, t_update = 0.981 s, total = 7.033 s, n_iter = 100, final_shift = 0.000000
Repetition 4: t_classify = 6.062 s, t_update = 0.983 s, total = 7.045 s, n_iter = 100, final_shift = 0.000000
Repetition 5: t_classify = 6.069 s, t_update = 0.984 s, total = 7.053 s, n_iter = 100, final_shift = 0.000000
