================================================================================
Machine metadata:
================================================================================
CPU Vendor: AuthenticAMD
CPU Model: Common KVM processor
CPU Cores:                       8
Threads per core: 1
Threads per core: 1 (no symmetric multithreading)
CPU MHz: 
RAM: 62.79 GB
OS: Debian GNU/Linux 12 (bookworm)
GCC version: gcc (Debian 12.2.0-14+deb12u1) 12.2.0
================================================================================
Experiment results:
================================================================================
Repetition 1: t_classify = 2.893 s, t_update = 0.144 s, total = 3.037 s, n_iter = 100, final_shift = 0.000000
Repetition 2: t_classify = 2.857 s, t_update = 0.140 s, total = 2.997 s, n_iter = 100, final_shift = 0.000000
Repetition 3: t_classify = 2.858 s, t_update = 0.138 s, total = 2.996 s, n_iter = 100, final_shift = 0.000000
Repetition 4: t_classify = 2.853 s, t_update = 0.138 s, total = 2.991 s, n_iter = 100, final_shift = 0.000000
Repetition 5: t_classify = 3.090 s, t_update = 0.137 s, total = 3.227 s, n_iter = 100, final_shift = 0.000000
