================================================================================
Machine metadata:
================================================================================
CPU Vendor: AuthenticAMD
CPU Model: Common KVM processor
CPU Cores:                       8
Threads per core: 1
Threads per core: 1 (no symmetric multithreading)
CPU MHz: 
RAM: 62.79 GB
OS: Debian GNU/Linux 12 (bookworm)
GCC version: gcc (Debian 12.2.0-14+deb12u1) 12.2.0
================================================================================
Experiment results:
================================================================================
Repetition 1: t_classify = 3.555 s, t_update = 0.594 s, total = 4.148 s, n_iter = 100, final_shift = 0.000000
Repetition 2: t_classify = 3.563 s, t_update = 0.599 s, total = 4.163 s, n_iter = 100, final_shift = 0.000000
Repetition 3: t_classify = 3.595 s, t_update = 0.606 s, total = 4.201 s, n_iter = 100, final_shift = 0.000000
Repetition 4: t_classify = 3.567 s, t_update = 0.595 s, total = 4.162 s, n_iter = 100, final_shift = 0.000000
Repetition 5: t_classify = 3.568 s, t_update = 0.588 s, total = 4.157 s, n_iter = 100, final_shift = 0.000000
