================================================================================
Machine metadata:
================================================================================
CPU Vendor: AuthenticAMD
CPU Model: Common KVM processor
CPU Cores:                       8
Threads per core: 1
Threads per core: 1 (no symmetric multithreading)
CPU MHz: 
RAM: 62.79 GB
OS: Debian GNU/Linux 12 (bookworm)
GCC version: gcc (Debian 12.2.0-14+deb12u1) 12.2.0
================================================================================
Experiment results:
================================================================================
Repetition 1: t_classify = 17.008 s, t_update = 0.798 s, total = 17.806 s, n_iter = 100, final_shift = 0.000000
Repetition 2: t_classify = 17.026 s, t_update = 0.797 s, total = 17.823 s, n_iter = 100, final_shift = 0.000000
Repetition 3: t_classify = 17.033 s, t_update = 0.801 s, total = 17.833 s, n_iter = 100, final_shift = 0.000000
Repetition 4: t_classify = 17.051 s, t_update = 0.799 s, total = 17.850 s, n_iter = 100, final_shift = 0.000000
Repetition 5: t_classify = 16.989 s, t_update = 0.797 s, total = 17.785 s, n_iter = 100, final_shift = 0.000000
