================================================================================
Machine metadata:
================================================================================
CPU Vendor: AuthenticAMD
CPU Model: Common KVM processor
CPU Cores:                       8
Threads per core: 1
Threads per core: 1 (no symmetric multithreading)
CPU MHz: 
RAM: 62.79 GB
OS: Debian GNU/Linux 12 (bookworm)
GCC version: gcc (Debian 12.2.0-14+deb12u1) 12.2.0
================================================================================
Experiment results:
================================================================================
Repetition 1: t_classify = 6.788 s, t_update = 0.864 s, total = 7.652 s, n_iter = 100, final_shift = 0.000000
Repetition 2: t_classify = 5.222 s, t_update = 0.835 s, total = 6.056 s, n_iter = 100, final_shift = 0.000000
Repetition 3: t_classify = 5.195 s, t_update = 0.837 s, total = 6.032 s, n_iter = 100, final_shift = 0.000000
Repetition 4: t_classify = 5.197 s, t_update = 0.833 s, total = 6.030 s, n_iter = 100, final_shift = 0.000000
Repetition 5: t_classify = 5.220 s, t_update = 0.843 s, total = 6.063 s, n_iter = 100, final_shift = 0.000000
