================================================================================
Machine metadata:
================================================================================
CPU Vendor: AuthenticAMD
CPU Model: Common KVM processor
CPU Cores:                       8
Threads per core: 1
Threads per core: 1 (no symmetric multithreading)
CPU MHz: 
RAM: 62.79 GB
OS: Debian GNU/Linux 12 (bookworm)
GCC version: gcc (Debian 12.2.0-14+deb12u1) 12.2.0
================================================================================
Experiment results:
================================================================================
Repetition 1: t_classify = 9.303 s, t_update = 0.424 s, total = 9.728 s, n_iter = 100, final_shift = 0.000000
Repetition 2: t_classify = 8.584 s, t_update = 0.417 s, total = 9.001 s, n_iter = 100, final_shift = 0.000000
Repetition 3: t_classify = 8.607 s, t_update = 0.414 s, total = 9.021 s, n_iter = 100, final_shift = 0.000000
Repetition 4: t_classify = 8.577 s, t_update = 0.404 s, total = 8.981 s, n_iter = 100, final_shift = 0.000000
Repetition 5: t_classify = 8.576 s, t_update = 0.410 s, total = 8.986 s, n_iter = 100, final_shift = 0.000000
