================================================================================
Machine metadata:
================================================================================
CPU Vendor: AuthenticAMD
CPU Model: Common KVM processor
CPU Cores:                       8
Threads per core: 1
Threads per core: 1 (no symmetric multithreading)
CPU MHz: 
RAM: 62.79 GB
OS: Debian GNU/Linux 12 (bookworm)
GCC version: gcc (Debian 12.2.0-14+deb12u1) 12.2.0
================================================================================
Experiment results:
================================================================================
Repetition 1: t_classify = 5.798 s, t_update = 0.558 s, total = 6.357 s, n_iter = 100, final_shift = 0.000000
Repetition 2: t_classify = 5.803 s, t_update = 0.541 s, total = 6.344 s, n_iter = 100, final_shift = 0.000000
Repetition 3: t_classify = 5.812 s, t_update = 0.559 s, total = 6.371 s, n_iter = 100, final_shift = 0.000000
Repetition 4: t_classify = 5.812 s, t_update = 0.548 s, total = 6.360 s, n_iter = 100, final_shift = 0.000000
Repetition 5: t_classify = 5.795 s, t_update = 0.547 s, total = 6.342 s, n_iter = 100, final_shift = 0.000000
