================================================================================
Machine metadata:
================================================================================
CPU Vendor: AuthenticAMD
CPU Model: Common KVM processor
CPU Cores:                       8
Threads per core: 1
Threads per core: 1 (no symmetric multithreading)
CPU MHz: 
RAM: 62.79 GB
OS: Debian GNU/Linux 12 (bookworm)
GCC version: gcc (Debian 12.2.0-14+deb12u1) 12.2.0
================================================================================
Experiment results:
================================================================================
Repetition 1: t_classify = 3.122 s, t_update = 0.149 s, total = 3.272 s, n_iter = 100, final_shift = 0.066431
Repetition 2: t_classify = 3.291 s, t_update = 0.150 s, total = 3.440 s, n_iter = 100, final_shift = 0.066431
Repetition 3: t_classify = 3.119 s, t_update = 0.147 s, total = 3.267 s, n_iter = 100, final_shift = 0.066431
Repetition 4: t_classify = 3.115 s, t_update = 0.152 s, total = 3.267 s, n_iter = 100, final_shift = 0.066431
Repetition 5: t_classify = 3.111 s, t_update = 0.149 s, total = 3.260 s, n_iter = 100, final_shift = 0.066431
