================================================================================
Machine metadata:
================================================================================
CPU Vendor: AuthenticAMD
CPU Model: Common KVM processor
CPU Cores:                       8
Threads per core: 1
Threads per core: 1 (no symmetric multithreading)
CPU MHz: 
RAM: 62.79 GB
OS: Debian GNU/Linux 12 (bookworm)
GCC version: gcc (Debian 12.2.0-14+deb12u1) 12.2.0
================================================================================
Experiment results:
================================================================================
Repetition 1: t_classify = 2.642 s, t_update = 0.267 s, total = 2.909 s, n_iter = 100, final_shift = 0.000000
Repetition 2: t_classify = 2.637 s, t_update = 0.264 s, total = 2.902 s, n_iter = 100, final_shift = 0.000000
Repetition 3: t_classify = 2.639 s, t_update = 0.262 s, total = 2.901 s, n_iter = 100, final_shift = 0.000000
Repetition 4: t_classify = 2.628 s, t_update = 0.261 s, total = 2.889 s, n_iter = 100, final_shift = 0.000000
Repetition 5: t_classify = 2.629 s, t_update = 0.269 s, total = 2.898 s, n_iter = 100, final_shift = 0.000000
