================================================================================
Machine metadata:
================================================================================
CPU Vendor: AuthenticAMD
CPU Model: Common KVM processor
CPU Cores:                       8
Threads per core: 1
Threads per core: 1 (no symmetric multithreading)
CPU MHz: 
RAM: 62.79 GB
OS: Debian GNU/Linux 12 (bookworm)
GCC version: gcc (Debian 12.2.0-14+deb12u1) 12.2.0
================================================================================
Experiment results:
================================================================================
Repetition 1: t_classify = 1.302 s, t_update = 0.206 s, total = 1.508 s, n_iter = 100, final_shift = 0.000000
Repetition 2: t_classify = 1.311 s, t_update = 0.205 s, total = 1.516 s, n_iter = 100, final_shift = 0.000000
Repetition 3: t_classify = 1.306 s, t_update = 0.203 s, total = 1.510 s, n_iter = 100, final_shift = 0.000000
Repetition 4: t_classify = 1.320 s, t_update = 0.218 s, total = 1.537 s, n_iter = 100, final_shift = 0.000000
Repetition 5: t_classify = 1.306 s, t_update = 0.206 s, total = 1.513 s, n_iter = 100, final_shift = 0.000000
