================================================================================
Machine metadata:
================================================================================
CPU Vendor: AuthenticAMD
CPU Model: Common KVM processor
CPU Cores:                       8
Threads per core: 1
Threads per core: 1 (no symmetric multithreading)
CPU MHz: 
RAM: 62.79 GB
OS: Debian GNU/Linux 12 (bookworm)
GCC version: gcc (Debian 12.2.0-14+deb12u1) 12.2.0
================================================================================
Experiment results:
================================================================================
Repetition 1: t_classify = 20.663 s, t_update = 1.966 s, total = 22.629 s, n_iter = 100, final_shift = 0.000000
Repetition 2: t_classify = 20.608 s, t_update = 1.967 s, total = 22.575 s, n_iter = 100, final_shift = 0.000000
Repetition 3: t_classify = 20.613 s, t_update = 1.960 s, total = 22.573 s, n_iter = 100, final_shift = 0.000000
Repetition 4: t_classify = 20.653 s, t_update = 1.994 s, total = 22.648 s, n_iter = 100, final_shift = 0.000000
Repetition 5: t_classify = 20.606 s, t_update = 1.964 s, total = 22.570 s, n_iter = 100, final_shift = 0.000000
