================================================================================
Machine metadata:
================================================================================
CPU Vendor: AuthenticAMD
CPU Model: Common KVM processor
CPU Cores:                       8
Threads per core: 1
Threads per core: 1 (no symmetric multithreading)
CPU MHz: 
RAM: 62.79 GB
OS: Debian GNU/Linux 12 (bookworm)
GCC version: gcc (Debian 12.2.0-14+deb12u1) 12.2.0
================================================================================
Experiment results:
================================================================================
Repetition 1: t_classify = 2.635 s, t_update = 0.416 s, total = 3.052 s, n_iter = 100, final_shift = 0.007588
Repetition 2: t_classify = 2.614 s, t_update = 0.421 s, total = 3.036 s, n_iter = 100, final_shift = 0.006735
Repetition 3: t_classify = 2.609 s, t_update = 0.420 s, total = 3.029 s, n_iter = 100, final_shift = 0.005610
Repetition 4: t_classify = 2.615 s, t_update = 0.422 s, total = 3.036 s, n_iter = 100, final_shift = 0.008172
Repetition 5: t_classify = 2.640 s, t_update = 0.431 s, total = 3.071 s, n_iter = 100, final_shift = 0.007982
