================================================================================
Machine metadata:
================================================================================
CPU Vendor: AuthenticAMD
CPU Model: Common KVM processor
CPU Cores:                       8
Threads per core: 1
Threads per core: 1 (no symmetric multithreading)
CPU MHz: 
RAM: 62.79 GB
OS: Debian GNU/Linux 12 (bookworm)
GCC version: gcc (Debian 12.2.0-14+deb12u1) 12.2.0
================================================================================
Experiment results:
================================================================================
Repetition 1: t_classify = 12.092 s, t_update = 1.962 s, total = 14.054 s, n_iter = 100, final_shift = 0.000000
Repetition 2: t_classify = 12.116 s, t_update = 1.965 s, total = 14.081 s, n_iter = 100, final_shift = 0.000000
Repetition 3: t_classify = 12.097 s, t_update = 1.959 s, total = 14.056 s, n_iter = 100, final_shift = 0.000000
Repetition 4: t_classify = 12.112 s, t_update = 1.962 s, total = 14.074 s, n_iter = 100, final_shift = 0.000000
Repetition 5: t_classify = 12.116 s, t_update = 1.974 s, total = 14.090 s, n_iter = 100, final_shift = 0.000000
