================================================================================
Machine metadata:
================================================================================
CPU Vendor: AuthenticAMD
CPU Model: Common KVM processor
CPU Cores:                       8
Threads per core: 1
Threads per core: 1 (no symmetric multithreading)
CPU MHz: 
RAM: 62.79 GB
OS: Debian GNU/Linux 12 (bookworm)
GCC version: gcc (Debian 12.2.0-14+deb12u1) 12.2.0
================================================================================
Experiment results:
================================================================================
Repetition 1: t_classify = 2.432 s, t_update = 0.290 s, total = 2.722 s, n_iter = 100, final_shift = 0.000000
Repetition 2: t_classify = 2.427 s, t_update = 0.288 s, total = 2.715 s, n_iter = 100, final_shift = 0.000000
Repetition 3: t_classify = 2.449 s, t_update = 0.296 s, total = 2.745 s, n_iter = 100, final_shift = 0.000000
Repetition 4: t_classify = 2.427 s, t_update = 0.290 s, total = 2.717 s, n_iter = 100, final_shift = 0.000000
Repetition 5: t_classify = 2.424 s, t_update = 0.292 s, total = 2.716 s, n_iter = 100, final_shift = 0.000000
