================================================================================
Machine metadata:
================================================================================
CPU Vendor: AuthenticAMD
CPU Model: Common KVM processor
CPU Cores:                       8
Threads per core: 1
Threads per core: 1 (no symmetric multithreading)
CPU MHz: 
RAM: 62.79 GB
OS: Debian GNU/Linux 12 (bookworm)
GCC version: gcc (Debian 12.2.0-14+deb12u1) 12.2.0
================================================================================
Experiment results:
================================================================================
Repetition 1: t_classify = 10.474 s, t_update = 0.980 s, total = 11.453 s, n_iter = 100, final_shift = 0.000000
Repetition 2: t_classify = 10.466 s, t_update = 0.975 s, total = 11.442 s, n_iter = 100, final_shift = 0.000000
Repetition 3: t_classify = 10.473 s, t_update = 0.981 s, total = 11.454 s, n_iter = 100, final_shift = 0.000000
Repetition 4: t_classify = 10.476 s, t_update = 0.961 s, total = 11.437 s, n_iter = 100, final_shift = 0.000000
Repetition 5: t_classify = 10.485 s, t_update = 0.967 s, total = 11.452 s, n_iter = 100, final_shift = 0.000000
