================================================================================
Machine metadata:
================================================================================
CPU Vendor: AuthenticAMD
CPU Model: Common KVM processor
CPU Cores:                       8
Threads per core: 1
Threads per core: 1 (no symmetric multithreading)
CPU MHz: 
RAM: 62.79 GB
OS: Debian GNU/Linux 12 (bookworm)
GCC version: gcc (Debian 12.2.0-14+deb12u1) 12.2.0
================================================================================
Experiment results:
================================================================================
Repetition 1: t_classify = 10.881 s, t_update = 0.516 s, total = 11.397 s, n_iter = 100, final_shift = 0.051147
Repetition 2: t_classify = 10.860 s, t_update = 0.510 s, total = 11.370 s, n_iter = 100, final_shift = 0.051147
Repetition 3: t_classify = 10.878 s, t_update = 0.548 s, total = 11.426 s, n_iter = 100, final_shift = 0.051147
Repetition 4: t_classify = 10.870 s, t_update = 0.518 s, total = 11.387 s, n_iter = 100, final_shift = 0.051147
Repetition 5: t_classify = 10.859 s, t_update = 0.506 s, total = 11.366 s, n_iter = 100, final_shift = 0.051147
