================================================================================
Machine metadata:
================================================================================
CPU Vendor: AuthenticAMD
CPU Model: Common KVM processor
CPU Cores:                       8
Threads per core: 1
Threads per core: 1 (no symmetric multithreading)
CPU MHz: 
RAM: 62.79 GB
OS: Debian GNU/Linux 12 (bookworm)
GCC version: gcc (Debian 12.2.0-14+deb12u1) 12.2.0
================================================================================
Experiment results:
================================================================================
Repetition 1: t_classify = 9.465 s, t_update = 0.466 s, total = 9.930 s, n_iter = 100, final_shift = 0.000000
Repetition 2: t_classify = 9.512 s, t_update = 0.467 s, total = 9.979 s, n_iter = 100, final_shift = 0.000000
Repetition 3: t_classify = 9.465 s, t_update = 0.466 s, total = 9.931 s, n_iter = 100, final_shift = 0.000000
Repetition 4: t_classify = 9.473 s, t_update = 0.465 s, total = 9.937 s, n_iter = 100, final_shift = 0.000000
Repetition 5: t_classify = 9.485 s, t_update = 0.505 s, total = 9.990 s, n_iter = 100, final_shift = 0.000000
