================================================================================
Machine metadata:
================================================================================
CPU Vendor: AuthenticAMD
CPU Model: Common KVM processor
CPU Cores:                       8
Threads per core: 1
Threads per core: 1 (no symmetric multithreading)
CPU MHz: 
RAM: 62.79 GB
OS: Debian GNU/Linux 12 (bookworm)
GCC version: gcc (Debian 12.2.0-14+deb12u1) 12.2.0
================================================================================
Experiment results:
================================================================================
Repetition 1: t_classify = 34.429 s, t_update = 1.823 s, total = 36.253 s, n_iter = 100, final_shift = 0.000000
Repetition 2: t_classify = 34.216 s, t_update = 1.716 s, total = 35.932 s, n_iter = 100, final_shift = 2.196425
Repetition 3: t_classify = 34.310 s, t_update = 1.724 s, total = 36.034 s, n_iter = 100, final_shift = 2.196419
Repetition 4: t_classify = 34.267 s, t_update = 1.705 s, total = 35.972 s, n_iter = 100, final_shift = 0.000000
Repetition 5: t_classify = 34.220 s, t_update = 1.632 s, total = 35.852 s, n_iter = 100, final_shift = 0.000000
