================================================================================
Machine metadata:
================================================================================
CPU Vendor: AuthenticAMD
CPU Model: Common KVM processor
CPU Cores:                       8
Threads per core: 1
Threads per core: 1 (no symmetric multithreading)
CPU MHz: 
RAM: 62.79 GB
OS: Debian GNU/Linux 12 (bookworm)
GCC version: gcc (Debian 12.2.0-14+deb12u1) 12.2.0
================================================================================
Experiment results:
================================================================================
Repetition 1: t_classify = 12.079 s, t_update = 1.409 s, total = 13.488 s, n_iter = 100, final_shift = 0.000000
Repetition 2: t_classify = 12.081 s, t_update = 1.412 s, total = 13.493 s, n_iter = 100, final_shift = 0.000000
Repetition 3: t_classify = 12.103 s, t_update = 1.415 s, total = 13.518 s, n_iter = 100, final_shift = 0.000000
Repetition 4: t_classify = 12.082 s, t_update = 1.412 s, total = 13.494 s, n_iter = 100, final_shift = 0.000000
Repetition 5: t_classify = 12.134 s, t_update = 1.415 s, total = 13.549 s, n_iter = 100, final_shift = 0.000000
