================================================================================
Machine metadata:
================================================================================
CPU Vendor: AuthenticAMD
CPU Model: Common KVM processor
CPU Cores:                       8
Threads per core: 1
Threads per core: 1 (no symmetric multithreading)
CPU MHz: 
RAM: 62.79 GB
OS: Debian GNU/Linux 12 (bookworm)
GCC version: gcc (Debian 12.2.0-14+deb12u1) 12.2.0
================================================================================
Experiment results:
================================================================================
Repetition 1: t_classify = 4.327 s, t_update = 0.421 s, total = 4.748 s, n_iter = 100, final_shift = 0.000000
Repetition 2: t_classify = 4.329 s, t_update = 0.431 s, total = 4.760 s, n_iter = 100, final_shift = 0.000000
Repetition 3: t_classify = 4.360 s, t_update = 0.437 s, total = 4.797 s, n_iter = 100, final_shift = 0.000000
Repetition 4: t_classify = 4.338 s, t_update = 0.438 s, total = 4.777 s, n_iter = 100, final_shift = 0.000000
Repetition 5: t_classify = 4.311 s, t_update = 0.423 s, total = 4.734 s, n_iter = 100, final_shift = 0.000000
