================================================================================
Machine metadata:
================================================================================
CPU Vendor: AuthenticAMD
CPU Model: Common KVM processor
CPU Cores:                       8
Threads per core: 1
Threads per core: 1 (no symmetric multithreading)
CPU MHz: 
RAM: 62.79 GB
OS: Debian GNU/Linux 12 (bookworm)
GCC version: gcc (Debian 12.2.0-14+deb12u1) 12.2.0
================================================================================
Experiment results:
================================================================================
Repetition 1: t_classify = 4.335 s, t_update = 0.245 s, total = 4.580 s, n_iter = 100, final_shift = 0.000989
Repetition 2: t_classify = 4.332 s, t_update = 0.243 s, total = 4.575 s, n_iter = 100, final_shift = 0.000989
Repetition 3: t_classify = 4.337 s, t_update = 0.247 s, total = 4.584 s, n_iter = 100, final_shift = 0.000989
Repetition 4: t_classify = 4.327 s, t_update = 0.246 s, total = 4.573 s, n_iter = 100, final_shift = 0.000989
Repetition 5: t_classify = 4.331 s, t_update = 0.243 s, total = 4.574 s, n_iter = 100, final_shift = 0.000989
