================================================================================
Machine metadata:
================================================================================
CPU Vendor: AuthenticAMD
CPU Model: Common KVM processor
CPU Cores:                       8
Threads per core: 1
Threads per core: 1 (no symmetric multithreading)
CPU MHz: 
RAM: 62.79 GB
OS: Debian GNU/Linux 12 (bookworm)
GCC version: gcc (Debian 12.2.0-14+deb12u1) 12.2.0
================================================================================
Experiment results:
================================================================================
Repetition 1: t_classify = 8.565 s, t_update = 0.412 s, total = 8.976 s, n_iter = 100, final_shift = 0.006607
Repetition 2: t_classify = 8.623 s, t_update = 0.411 s, total = 9.034 s, n_iter = 100, final_shift = 0.006607
Repetition 3: t_classify = 8.657 s, t_update = 0.406 s, total = 9.063 s, n_iter = 100, final_shift = 0.006607
Repetition 4: t_classify = 8.637 s, t_update = 0.411 s, total = 9.048 s, n_iter = 100, final_shift = 0.006607
Repetition 5: t_classify = 8.648 s, t_update = 0.407 s, total = 9.055 s, n_iter = 100, final_shift = 0.006607
