================================================================================
Machine metadata:
================================================================================
CPU Vendor: AuthenticAMD
CPU Model: Common KVM processor
CPU Cores:                       8
Threads per core: 1
Threads per core: 1 (no symmetric multithreading)
CPU MHz: 
RAM: 62.79 GB
OS: Debian GNU/Linux 12 (bookworm)
GCC version: gcc (Debian 12.2.0-14+deb12u1) 12.2.0
================================================================================
Experiment results:
================================================================================
Repetition 1: t_classify = 3.258 s, t_update = 0.328 s, total = 3.586 s, n_iter = 100, final_shift = 0.000000
Repetition 2: t_classify = 3.263 s, t_update = 0.333 s, total = 3.597 s, n_iter = 100, final_shift = 0.000000
Repetition 3: t_classify = 3.262 s, t_update = 0.322 s, total = 3.584 s, n_iter = 100, final_shift = 0.000000
Repetition 4: t_classify = 3.264 s, t_update = 0.330 s, total = 3.595 s, n_iter = 100, final_shift = 0.000000
Repetition 5: t_classify = 3.273 s, t_update = 0.330 s, total = 3.603 s, n_iter = 100, final_shift = 0.000000
