================================================================================
Machine metadata:
================================================================================
CPU Vendor: AuthenticAMD
CPU Model: Common KVM processor
CPU Cores:                       8
Threads per core: 1
Threads per core: 1 (no symmetric multithreading)
CPU MHz: 
RAM: 62.79 GB
OS: Debian GNU/Linux 12 (bookworm)
GCC version: gcc (Debian 12.2.0-14+deb12u1) 12.2.0
================================================================================
Experiment results:
================================================================================
Repetition 1: t_classify = 1.093 s, t_update = 0.105 s, total = 1.198 s, n_iter = 100, final_shift = 15.458974
Repetition 2: t_classify = 1.092 s, t_update = 0.104 s, total = 1.196 s, n_iter = 100, final_shift = 15.458886
Repetition 3: t_classify = 1.097 s, t_update = 0.107 s, total = 1.204 s, n_iter = 100, final_shift = 15.458906
Repetition 4: t_classify = 1.099 s, t_update = 0.106 s, total = 1.205 s, n_iter = 100, final_shift = 15.458871
Repetition 5: t_classify = 1.091 s, t_update = 0.106 s, total = 1.197 s, n_iter = 100, final_shift = 15.458963
