================================================================================
Machine metadata:
================================================================================
CPU Vendor: AuthenticAMD
CPU Model: Common KVM processor
CPU Cores:                       8
Threads per core: 1
Threads per core: 1 (no symmetric multithreading)
CPU MHz: 
RAM: 62.79 GB
OS: Debian GNU/Linux 12 (bookworm)
GCC version: gcc (Debian 12.2.0-14+deb12u1) 12.2.0
================================================================================
Experiment results:
================================================================================
Repetition 1: t_classify = 1.252 s, t_update = 0.121 s, total = 1.372 s, n_iter = 100, final_shift = 15.458871
Repetition 2: t_classify = 1.239 s, t_update = 0.118 s, total = 1.357 s, n_iter = 100, final_shift = 15.458801
Repetition 3: t_classify = 1.243 s, t_update = 0.119 s, total = 1.362 s, n_iter = 100, final_shift = 15.458831
Repetition 4: t_classify = 1.241 s, t_update = 0.117 s, total = 1.357 s, n_iter = 100, final_shift = 15.458893
Repetition 5: t_classify = 1.243 s, t_update = 0.117 s, total = 1.360 s, n_iter = 100, final_shift = 15.458957
