================================================================================
Machine metadata:
================================================================================
CPU Vendor: AuthenticAMD
CPU Model: Common KVM processor
CPU Cores:                       8
Threads per core: 1
Threads per core: 1 (no symmetric multithreading)
CPU MHz: 
RAM: 62.79 GB
OS: Debian GNU/Linux 12 (bookworm)
GCC version: gcc (Debian 12.2.0-14+deb12u1) 12.2.0
================================================================================
Experiment results:
================================================================================
Repetition 1: t_classify = 3.071 s, t_update = 0.513 s, total = 3.583 s, n_iter = 100, final_shift = 0.000000
Repetition 2: t_classify = 3.062 s, t_update = 0.515 s, total = 3.577 s, n_iter = 100, final_shift = 0.000000
Repetition 3: t_classify = 3.058 s, t_update = 0.507 s, total = 3.565 s, n_iter = 100, final_shift = 0.000000
Repetition 4: t_classify = 3.064 s, t_update = 0.510 s, total = 3.574 s, n_iter = 100, final_shift = 0.000000
Repetition 5: t_classify = 3.055 s, t_update = 0.514 s, total = 3.569 s, n_iter = 100, final_shift = 0.000000
