================================================================================
Machine metadata:
================================================================================
CPU Vendor: AuthenticAMD
CPU Model: Common KVM processor
CPU Cores:                       8
Threads per core: 1
Threads per core: 1 (no symmetric multithreading)
CPU MHz: 
RAM: 62.79 GB
OS: Debian GNU/Linux 12 (bookworm)
GCC version: gcc (Debian 12.2.0-14+deb12u1) 12.2.0
================================================================================
Experiment results:
================================================================================
Repetition 1: t_classify = 11.525 s, t_update = 1.067 s, total = 12.592 s, n_iter = 100, final_shift = 0.000000
Repetition 2: t_classify = 11.533 s, t_update = 1.077 s, total = 12.610 s, n_iter = 100, final_shift = 0.000000
Repetition 3: t_classify = 11.568 s, t_update = 1.104 s, total = 12.671 s, n_iter = 100, final_shift = 0.000000
Repetition 4: t_classify = 11.591 s, t_update = 1.111 s, total = 12.702 s, n_iter = 100, final_shift = 0.000000
Repetition 5: t_classify = 11.539 s, t_update = 1.076 s, total = 12.615 s, n_iter = 100, final_shift = 0.000000
