================================================================================
Machine metadata:
================================================================================
CPU Vendor: AuthenticAMD
CPU Model: Common KVM processor
CPU Cores:                       8
Threads per core: 1
Threads per core: 1 (no symmetric multithreading)
CPU MHz: 
RAM: 62.79 GB
OS: Debian GNU/Linux 12 (bookworm)
GCC version: gcc (Debian 12.2.0-14+deb12u1) 12.2.0
================================================================================
Experiment results:
================================================================================
Repetition 1: t_classify = 21.309 s, t_update = 1.048 s, total = 22.357 s, n_iter = 100, final_shift = 0.022385
Repetition 2: t_classify = 21.346 s, t_update = 1.098 s, total = 22.444 s, n_iter = 100, final_shift = 0.022385
Repetition 3: t_classify = 21.315 s, t_update = 1.076 s, total = 22.391 s, n_iter = 100, final_shift = 0.022385
Repetition 4: t_classify = 21.301 s, t_update = 1.020 s, total = 22.321 s, n_iter = 100, final_shift = 0.022385
Repetition 5: t_classify = 21.298 s, t_update = 1.040 s, total = 22.338 s, n_iter = 100, final_shift = 0.022385
