================================================================================
Machine metadata:
================================================================================
CPU Vendor: AuthenticAMD
CPU Model: Common KVM processor
CPU Cores:                       8
Threads per core: 1
Threads per core: 1 (no symmetric multithreading)
CPU MHz: 
RAM: 62.79 GB
OS: Debian GNU/Linux 12 (bookworm)
GCC version: gcc (Debian 12.2.0-14+deb12u1) 12.2.0
================================================================================
Experiment results:
================================================================================
Repetition 1: t_classify = 5.161 s, t_update = 0.800 s, total = 5.961 s, n_iter = 100, final_shift = 0.134135
Repetition 2: t_classify = 5.144 s, t_update = 0.795 s, total = 5.939 s, n_iter = 100, final_shift = 0.134135
Repetition 3: t_classify = 5.146 s, t_update = 0.794 s, total = 5.941 s, n_iter = 100, final_shift = 0.134135
Repetition 4: t_classify = 5.154 s, t_update = 0.796 s, total = 5.950 s, n_iter = 100, final_shift = 0.134135
Repetition 5: t_classify = 5.144 s, t_update = 0.801 s, total = 5.945 s, n_iter = 100, final_shift = 0.134135
