================================================================================
Machine metadata:
================================================================================
CPU Vendor: AuthenticAMD
CPU Model: Common KVM processor
CPU Cores:                       8
Threads per core: 1
Threads per core: 1 (no symmetric multithreading)
CPU MHz: 
RAM: 62.79 GB
OS: Debian GNU/Linux 12 (bookworm)
GCC version: gcc (Debian 12.2.0-14+deb12u1) 12.2.0
================================================================================
Experiment results:
================================================================================
Repetition 1: t_classify = 14.140 s, t_update = 0.684 s, total = 14.824 s, n_iter = 100, final_shift = 0.003859
Repetition 2: t_classify = 14.212 s, t_update = 0.677 s, total = 14.889 s, n_iter = 100, final_shift = 0.003859
Repetition 3: t_classify = 14.197 s, t_update = 0.714 s, total = 14.911 s, n_iter = 100, final_shift = 0.003859
Repetition 4: t_classify = 14.186 s, t_update = 0.678 s, total = 14.864 s, n_iter = 100, final_shift = 0.003859
Repetition 5: t_classify = 14.232 s, t_update = 0.675 s, total = 14.908 s, n_iter = 100, final_shift = 0.003859
