================================================================================
Machine metadata:
================================================================================
CPU Vendor: AuthenticAMD
CPU Model: Common KVM processor
CPU Cores:                       8
Threads per core: 1
Threads per core: 1 (no symmetric multithreading)
CPU MHz: 
RAM: 62.79 GB
OS: Debian GNU/Linux 12 (bookworm)
GCC version: gcc (Debian 12.2.0-14+deb12u1) 12.2.0
================================================================================
Experiment results:
================================================================================
Repetition 1: t_classify = 0.611 s, t_update = 0.103 s, total = 0.715 s, n_iter = 100, final_shift = 0.000000
Repetition 2: t_classify = 0.616 s, t_update = 0.107 s, total = 0.723 s, n_iter = 100, final_shift = 0.000000
Repetition 3: t_classify = 0.610 s, t_update = 0.103 s, total = 0.713 s, n_iter = 100, final_shift = 0.000000
Repetition 4: t_classify = 0.610 s, t_update = 0.109 s, total = 0.719 s, n_iter = 100, final_shift = 0.000000
Repetition 5: t_classify = 0.612 s, t_update = 0.109 s, total = 0.720 s, n_iter = 100, final_shift = 0.000000
