================================================================================
Machine metadata:
================================================================================
CPU Vendor: AuthenticAMD
CPU Model: Common KVM processor
CPU Cores:                       8
Threads per core: 1
Threads per core: 1 (no symmetric multithreading)
CPU MHz: 
RAM: 62.79 GB
OS: Debian GNU/Linux 12 (bookworm)
GCC version: gcc (Debian 12.2.0-14+deb12u1) 12.2.0
================================================================================
Experiment results:
================================================================================
Repetition 1: t_classify = 8.190 s, t_update = 0.396 s, total = 8.586 s, n_iter = 100, final_shift = 0.042100
Repetition 2: t_classify = 8.176 s, t_update = 0.398 s, total = 8.574 s, n_iter = 100, final_shift = 0.057707
Repetition 3: t_classify = 8.162 s, t_update = 0.396 s, total = 8.558 s, n_iter = 100, final_shift = 0.022669
Repetition 4: t_classify = 8.161 s, t_update = 0.396 s, total = 8.557 s, n_iter = 100, final_shift = 0.036589
Repetition 5: t_classify = 8.192 s, t_update = 0.395 s, total = 8.586 s, n_iter = 100, final_shift = 0.020668
