================================================================================
Machine metadata:
================================================================================
CPU Vendor: AuthenticAMD
CPU Model: Common KVM processor
CPU Cores:                       8
Threads per core: 1
Threads per core: 1 (no symmetric multithreading)
CPU MHz: 
RAM: 62.79 GB
OS: Debian GNU/Linux 12 (bookworm)
GCC version: gcc (Debian 12.2.0-14+deb12u1) 12.2.0
================================================================================
Experiment results:
================================================================================
Repetition 1: t_classify = 6.149 s, t_update = 0.308 s, total = 6.457 s, n_iter = 100, final_shift = 1.915372
Repetition 2: t_classify = 6.125 s, t_update = 0.323 s, total = 6.448 s, n_iter = 100, final_shift = 1.915372
Repetition 3: t_classify = 6.161 s, t_update = 0.306 s, total = 6.467 s, n_iter = 100, final_shift = 1.915372
Repetition 4: t_classify = 6.165 s, t_update = 0.298 s, total = 6.463 s, n_iter = 100, final_shift = 1.915372
Repetition 5: t_classify = 6.173 s, t_update = 0.304 s, total = 6.477 s, n_iter = 100, final_shift = 1.915372
