================================================================================
Machine metadata:
================================================================================
CPU Vendor: AuthenticAMD
CPU Model: Common KVM processor
CPU Cores:                       8
Threads per core: 1
Threads per core: 1 (no symmetric multithreading)
CPU MHz: 
RAM: 62.79 GB
OS: Debian GNU/Linux 12 (bookworm)
GCC version: gcc (Debian 12.2.0-14+deb12u1) 12.2.0
================================================================================
Experiment results:
================================================================================
Repetition 1: t_classify = 6.541 s, t_update = 0.312 s, total = 6.853 s, n_iter = 100, final_shift = 0.051147
Repetition 2: t_classify = 6.565 s, t_update = 0.309 s, total = 6.874 s, n_iter = 100, final_shift = 0.051147
Repetition 3: t_classify = 6.543 s, t_update = 0.318 s, total = 6.861 s, n_iter = 100, final_shift = 0.051147
Repetition 4: t_classify = 6.567 s, t_update = 0.313 s, total = 6.880 s, n_iter = 100, final_shift = 0.051147
Repetition 5: t_classify = 6.565 s, t_update = 0.314 s, total = 6.879 s, n_iter = 100, final_shift = 0.051147
