================================================================================
Machine metadata:
================================================================================
CPU Vendor: AuthenticAMD
CPU Model: Common KVM processor
CPU Cores:                       8
Threads per core: 1
Threads per core: 1 (no symmetric multithreading)
CPU MHz: 
RAM: 62.79 GB
OS: Debian GNU/Linux 12 (bookworm)
GCC version: gcc (Debian 12.2.0-14+deb12u1) 12.2.0
================================================================================
Experiment results:
================================================================================
Repetition 1: t_classify = 0.669 s, t_update = 0.140 s, total = 0.809 s, n_iter = 100, final_shift = 0.000000
Repetition 2: t_classify = 0.673 s, t_update = 0.133 s, total = 0.806 s, n_iter = 100, final_shift = 0.000000
Repetition 3: t_classify = 0.664 s, t_update = 0.135 s, total = 0.799 s, n_iter = 100, final_shift = 0.000000
Repetition 4: t_classify = 0.689 s, t_update = 0.143 s, total = 0.833 s, n_iter = 100, final_shift = 0.000000
Repetition 5: t_classify = 0.668 s, t_update = 0.138 s, total = 0.806 s, n_iter = 100, final_shift = 0.000000
