================================================================================
Machine metadata:
================================================================================
CPU Vendor: AuthenticAMD
CPU Model: Common KVM processor
CPU Cores:                       8
Threads per core: 1
Threads per core: 1 (no symmetric multithreading)
CPU MHz: 
RAM: 62.79 GB
OS: Debian GNU/Linux 12 (bookworm)
GCC version: gcc (Debian 12.2.0-14+deb12u1) 12.2.0
================================================================================
Experiment results:
================================================================================
Repetition 1: t_classify = 7.479 s, t_update = 0.702 s, total = 8.181 s, n_iter = 100, final_shift = 0.000000
Repetition 2: t_classify = 7.511 s, t_update = 0.717 s, total = 8.228 s, n_iter = 100, final_shift = 0.000000
Repetition 3: t_classify = 7.528 s, t_update = 0.725 s, total = 8.253 s, n_iter = 100, final_shift = 0.000000
Repetition 4: t_classify = 7.502 s, t_update = 0.707 s, total = 8.209 s, n_iter = 100, final_shift = 0.000000
Repetition 5: t_classify = 7.510 s, t_update = 0.720 s, total = 8.229 s, n_iter = 100, final_shift = 0.000000
