================================================================================
Machine metadata:
================================================================================
CPU Vendor: AuthenticAMD
CPU Model: Common KVM processor
CPU Cores:                       8
Threads per core: 1
Threads per core: 1 (no symmetric multithreading)
CPU MHz: 
RAM: 62.79 GB
OS: Debian GNU/Linux 12 (bookworm)
GCC version: gcc (Debian 12.2.0-14+deb12u1) 12.2.0
================================================================================
Experiment results:
================================================================================
Repetition 1: t_classify = 2.389 s, t_update = 0.275 s, total = 2.664 s, n_iter = 100, final_shift = 0.000000
Repetition 2: t_classify = 2.416 s, t_update = 0.277 s, total = 2.694 s, n_iter = 100, final_shift = 0.000000
Repetition 3: t_classify = 2.388 s, t_update = 0.274 s, total = 2.662 s, n_iter = 100, final_shift = 0.000000
Repetition 4: t_classify = 2.386 s, t_update = 0.275 s, total = 2.661 s, n_iter = 100, final_shift = 0.000000
Repetition 5: t_classify = 2.388 s, t_update = 0.273 s, total = 2.661 s, n_iter = 100, final_shift = 0.000000
