================================================================================
Machine metadata:
================================================================================
CPU Vendor: AuthenticAMD
CPU Model: Common KVM processor
CPU Cores:                       8
Threads per core: 1
Threads per core: 1 (no symmetric multithreading)
CPU MHz: 
RAM: 62.79 GB
OS: Debian GNU/Linux 12 (bookworm)
GCC version: gcc (Debian 12.2.0-14+deb12u1) 12.2.0
================================================================================
Experiment results:
================================================================================
Repetition 1: t_classify = 21.149 s, t_update = 1.210 s, total = 22.358 s, n_iter = 100, final_shift = 0.052196
Repetition 2: t_classify = 21.234 s, t_update = 1.208 s, total = 22.442 s, n_iter = 100, final_shift = 0.052196
Repetition 3: t_classify = 21.128 s, t_update = 1.209 s, total = 22.337 s, n_iter = 100, final_shift = 0.052196
Repetition 4: t_classify = 21.121 s, t_update = 1.206 s, total = 22.327 s, n_iter = 100, final_shift = 0.052196
Repetition 5: t_classify = 21.113 s, t_update = 1.206 s, total = 22.319 s, n_iter = 100, final_shift = 0.052196
