================================================================================
Machine metadata:
================================================================================
CPU Vendor: AuthenticAMD
CPU Model: Common KVM processor
CPU Cores:                       8
Threads per core: 1
Threads per core: 1 (no symmetric multithreading)
CPU MHz: 
RAM: 62.79 GB
OS: Debian GNU/Linux 12 (bookworm)
GCC version: gcc (Debian 12.2.0-14+deb12u1) 12.2.0
================================================================================
Experiment results:
================================================================================
Repetition 1: t_classify = 3.561 s, t_update = 0.410 s, total = 3.970 s, n_iter = 100, final_shift = 0.000000
Repetition 2: t_classify = 3.543 s, t_update = 0.406 s, total = 3.949 s, n_iter = 100, final_shift = 0.000000
Repetition 3: t_classify = 3.569 s, t_update = 0.409 s, total = 3.978 s, n_iter = 100, final_shift = 0.000000
Repetition 4: t_classify = 3.539 s, t_update = 0.407 s, total = 3.946 s, n_iter = 100, final_shift = 0.000000
Repetition 5: t_classify = 3.540 s, t_update = 0.407 s, total = 3.947 s, n_iter = 100, final_shift = 0.000000
