================================================================================
Machine metadata:
================================================================================
CPU Vendor: AuthenticAMD
CPU Model: Common KVM processor
CPU Cores:                       8
Threads per core: 1
Threads per core: 1 (no symmetric multithreading)
CPU MHz: 
RAM: 62.79 GB
OS: Debian GNU/Linux 12 (bookworm)
GCC version: gcc (Debian 12.2.0-14+deb12u1) 12.2.0
================================================================================
Experiment results:
================================================================================
Repetition 1: t_classify = 2.184 s, t_update = 0.363 s, total = 2.547 s, n_iter = 100, final_shift = 0.000000
Repetition 2: t_classify = 2.199 s, t_update = 0.374 s, total = 2.573 s, n_iter = 100, final_shift = 0.000000
Repetition 3: t_classify = 2.194 s, t_update = 0.366 s, total = 2.559 s, n_iter = 100, final_shift = 0.000000
Repetition 4: t_classify = 2.187 s, t_update = 0.364 s, total = 2.551 s, n_iter = 100, final_shift = 0.000000
Repetition 5: t_classify = 2.201 s, t_update = 0.371 s, total = 2.572 s, n_iter = 100, final_shift = 0.000000
