================================================================================
Machine metadata:
================================================================================
CPU Vendor: AuthenticAMD
CPU Model: Common KVM processor
CPU Cores:                       8
Threads per core: 1
Threads per core: 1 (no symmetric multithreading)
CPU MHz: 
RAM: 62.79 GB
OS: Debian GNU/Linux 12 (bookworm)
GCC version: gcc (Debian 12.2.0-14+deb12u1) 12.2.0
================================================================================
Experiment results:
================================================================================
Repetition 1: t_classify = 1.055 s, t_update = 0.210 s, total = 1.265 s, n_iter = 100, final_shift = 0.000000
Repetition 2: t_classify = 1.049 s, t_update = 0.209 s, total = 1.258 s, n_iter = 100, final_shift = 0.000000
Repetition 3: t_classify = 1.050 s, t_update = 0.206 s, total = 1.256 s, n_iter = 100, final_shift = 0.000000
Repetition 4: t_classify = 1.047 s, t_update = 0.208 s, total = 1.255 s, n_iter = 100, final_shift = 0.000000
Repetition 5: t_classify = 1.048 s, t_update = 0.206 s, total = 1.254 s, n_iter = 100, final_shift = 0.000000
