================================================================================
Machine metadata:
================================================================================
CPU Vendor: AuthenticAMD
CPU Model: Common KVM processor
CPU Cores:                       8
Threads per core: 1
Threads per core: 1 (no symmetric multithreading)
CPU MHz: 
RAM: 62.79 GB
OS: Debian GNU/Linux 12 (bookworm)
GCC version: gcc (Debian 12.2.0-14+deb12u1) 12.2.0
================================================================================
Experiment results:
================================================================================
Repetition 1: t_classify = 1.299 s, t_update = 0.204 s, total = 1.502 s, n_iter = 100, final_shift = 0.837014
Repetition 2: t_classify = 1.295 s, t_update = 0.201 s, total = 1.496 s, n_iter = 100, final_shift = 0.837017
Repetition 3: t_classify = 1.300 s, t_update = 0.209 s, total = 1.509 s, n_iter = 100, final_shift = 0.837016
Repetition 4: t_classify = 1.294 s, t_update = 0.203 s, total = 1.497 s, n_iter = 100, final_shift = 0.837010
Repetition 5: t_classify = 1.296 s, t_update = 0.201 s, total = 1.498 s, n_iter = 100, final_shift = 0.361618
