================================================================================
Machine metadata:
================================================================================
CPU Vendor: AuthenticAMD
CPU Model: Common KVM processor
CPU Cores:                       8
Threads per core: 1
Threads per core: 1 (no symmetric multithreading)
CPU MHz: 
RAM: 62.79 GB
OS: Debian GNU/Linux 12 (bookworm)
GCC version: gcc (Debian 12.2.0-14+deb12u1) 12.2.0
================================================================================
Experiment results:
================================================================================
Repetition 1: t_classify = 3.003 s, t_update = 0.301 s, total = 3.303 s, n_iter = 100, final_shift = 0.000000
Repetition 2: t_classify = 3.028 s, t_update = 0.307 s, total = 3.335 s, n_iter = 100, final_shift = 0.000000
Repetition 3: t_classify = 3.007 s, t_update = 0.293 s, total = 3.300 s, n_iter = 100, final_shift = 0.000000
Repetition 4: t_classify = 2.995 s, t_update = 0.301 s, total = 3.296 s, n_iter = 100, final_shift = 0.000000
Repetition 5: t_classify = 2.997 s, t_update = 0.301 s, total = 3.298 s, n_iter = 100, final_shift = 0.000000
