================================================================================
Machine metadata:
================================================================================
CPU Vendor: AuthenticAMD
CPU Model: Common KVM processor
CPU Cores:                       8
Threads per core: 1
Threads per core: 1 (no symmetric multithreading)
CPU MHz: 
RAM: 62.79 GB
OS: Debian GNU/Linux 12 (bookworm)
GCC version: gcc (Debian 12.2.0-14+deb12u1) 12.2.0
================================================================================
Experiment results:
================================================================================
Repetition 1: t_classify = 20.826 s, t_update = 3.373 s, total = 24.199 s, n_iter = 100, final_shift = 0.000000
Repetition 2: t_classify = 20.667 s, t_update = 3.222 s, total = 23.889 s, n_iter = 100, final_shift = 0.000000
Repetition 3: t_classify = 20.786 s, t_update = 3.406 s, total = 24.191 s, n_iter = 100, final_shift = 0.000000
Repetition 4: t_classify = 20.796 s, t_update = 3.290 s, total = 24.087 s, n_iter = 100, final_shift = 0.000000
Repetition 5: t_classify = 20.645 s, t_update = 3.201 s, total = 23.846 s, n_iter = 100, final_shift = 0.000000
