================================================================================
Machine metadata:
================================================================================
CPU Vendor: AuthenticAMD
CPU Model: Common KVM processor
CPU Cores:                       8
Threads per core: 1
Threads per core: 1 (no symmetric multithreading)
CPU MHz: 
RAM: 62.79 GB
OS: Debian GNU/Linux 12 (bookworm)
GCC version: gcc (Debian 12.2.0-14+deb12u1) 12.2.0
================================================================================
Experiment results:
================================================================================
Repetition 1: t_classify = 10.886 s, t_update = 1.042 s, total = 11.928 s, n_iter = 100, final_shift = 1.216768
Repetition 2: t_classify = 10.906 s, t_update = 1.069 s, total = 11.974 s, n_iter = 100, final_shift = 1.206301
Repetition 3: t_classify = 10.876 s, t_update = 1.078 s, total = 11.954 s, n_iter = 100, final_shift = 0.958507
Repetition 4: t_classify = 10.839 s, t_update = 1.007 s, total = 11.845 s, n_iter = 100, final_shift = 1.215677
Repetition 5: t_classify = 10.842 s, t_update = 1.013 s, total = 11.856 s, n_iter = 100, final_shift = 1.216779
