================================================================================
Machine metadata:
================================================================================
CPU Vendor: AuthenticAMD
CPU Model: Common KVM processor
CPU Cores:                       8
Threads per core: 1
Threads per core: 1 (no symmetric multithreading)
CPU MHz: 
RAM: 62.79 GB
OS: Debian GNU/Linux 12 (bookworm)
GCC version: gcc (Debian 12.2.0-14+deb12u1) 12.2.0
================================================================================
Experiment results:
================================================================================
Repetition 1: t_classify = 6.852 s, t_update = 0.330 s, total = 7.182 s, n_iter = 100, final_shift = 0.000000
Repetition 2: t_classify = 6.861 s, t_update = 0.331 s, total = 7.191 s, n_iter = 100, final_shift = 0.000000
Repetition 3: t_classify = 6.869 s, t_update = 0.337 s, total = 7.206 s, n_iter = 100, final_shift = 0.000000
Repetition 4: t_classify = 6.866 s, t_update = 0.336 s, total = 7.202 s, n_iter = 100, final_shift = 0.000000
Repetition 5: t_classify = 6.869 s, t_update = 0.340 s, total = 7.208 s, n_iter = 100, final_shift = 0.000000
