================================================================================
Machine metadata:
================================================================================
CPU Vendor: AuthenticAMD
CPU Model: Common KVM processor
CPU Cores:                       8
Threads per core: 1
Threads per core: 1 (no symmetric multithreading)
CPU MHz: 
RAM: 62.79 GB
OS: Debian GNU/Linux 12 (bookworm)
GCC version: gcc (Debian 12.2.0-14+deb12u1) 12.2.0
================================================================================
Experiment results:
================================================================================
Repetition 1: t_classify = 2.585 s, t_update = 0.399 s, total = 2.984 s, n_iter = 100, final_shift = 0.838554
Repetition 2: t_classify = 2.578 s, t_update = 0.399 s, total = 2.977 s, n_iter = 100, final_shift = 0.838554
Repetition 3: t_classify = 2.584 s, t_update = 0.399 s, total = 2.983 s, n_iter = 100, final_shift = 0.838554
Repetition 4: t_classify = 2.578 s, t_update = 0.399 s, total = 2.977 s, n_iter = 100, final_shift = 0.838554
Repetition 5: t_classify = 2.575 s, t_update = 0.398 s, total = 2.974 s, n_iter = 100, final_shift = 0.838554
