================================================================================
Machine metadata:
================================================================================
CPU Vendor: AuthenticAMD
CPU Model: Common KVM processor
CPU Cores:                       8
Threads per core: 1
Threads per core: 1 (no symmetric multithreading)
CPU MHz: 
RAM: 62.79 GB
OS: Debian GNU/Linux 12 (bookworm)
GCC version: gcc (Debian 12.2.0-14+deb12u1) 12.2.0
================================================================================
Experiment results:
================================================================================
Repetition 1: t_classify = 8.100 s, t_update = 1.330 s, total = 9.430 s, n_iter = 100, final_shift = 0.000000
Repetition 2: t_classify = 8.119 s, t_update = 1.338 s, total = 9.457 s, n_iter = 100, final_shift = 0.000000
Repetition 3: t_classify = 8.085 s, t_update = 1.325 s, total = 9.410 s, n_iter = 100, final_shift = 0.000000
Repetition 4: t_classify = 8.086 s, t_update = 1.327 s, total = 9.414 s, n_iter = 100, final_shift = 0.000000
Repetition 5: t_classify = 8.081 s, t_update = 1.320 s, total = 9.401 s, n_iter = 100, final_shift = 0.000000
