================================================================================
Machine metadata:
================================================================================
CPU Vendor: AuthenticAMD
CPU Model: Common KVM processor
CPU Cores:                       8
Threads per core: 1
Threads per core: 1 (no symmetric multithreading)
CPU MHz: 
RAM: 62.79 GB
OS: Debian GNU/Linux 12 (bookworm)
GCC version: gcc (Debian 12.2.0-14+deb12u1) 12.2.0
================================================================================
Experiment results:
================================================================================
Repetition 1: t_classify = 5.865 s, t_update = 0.335 s, total = 6.200 s, n_iter = 100, final_shift = 0.000000
Repetition 2: t_classify = 5.818 s, t_update = 0.337 s, total = 6.155 s, n_iter = 100, final_shift = 0.000000
Repetition 3: t_classify = 5.794 s, t_update = 0.334 s, total = 6.128 s, n_iter = 100, final_shift = 0.000000
Repetition 4: t_classify = 5.823 s, t_update = 0.334 s, total = 6.158 s, n_iter = 100, final_shift = 0.000000
Repetition 5: t_classify = 5.827 s, t_update = 0.338 s, total = 6.165 s, n_iter = 100, final_shift = 0.000000
