================================================================================
Machine metadata:
================================================================================
CPU Vendor: AuthenticAMD
CPU Model: Common KVM processor
CPU Cores:                       8
Threads per core: 1
Threads per core: 1 (no symmetric multithreading)
CPU MHz: 
RAM: 62.79 GB
OS: Debian GNU/Linux 12 (bookworm)
GCC version: gcc (Debian 12.2.0-14+deb12u1) 12.2.0
================================================================================
Experiment results:
================================================================================
Repetition 1: t_classify = 12.513 s, t_update = 0.717 s, total = 13.230 s, n_iter = 100, final_shift = 0.002656
Repetition 2: t_classify = 12.514 s, t_update = 0.714 s, total = 13.228 s, n_iter = 100, final_shift = 0.002656
Repetition 3: t_classify = 12.602 s, t_update = 0.741 s, total = 13.344 s, n_iter = 100, final_shift = 0.002656
Repetition 4: t_classify = 12.507 s, t_update = 0.715 s, total = 13.222 s, n_iter = 100, final_shift = 0.002656
Repetition 5: t_classify = 12.515 s, t_update = 0.717 s, total = 13.232 s, n_iter = 100, final_shift = 0.002656
