================================================================================
Machine metadata:
================================================================================
CPU Vendor: AuthenticAMD
CPU Model: Common KVM processor
CPU Cores:                       8
Threads per core: 1
Threads per core: 1 (no symmetric multithreading)
CPU MHz: 
RAM: 62.79 GB
OS: Debian GNU/Linux 12 (bookworm)
GCC version: gcc (Debian 12.2.0-14+deb12u1) 12.2.0
================================================================================
Experiment results:
================================================================================
Repetition 1: t_classify = 2.273 s, t_update = 0.223 s, total = 2.496 s, n_iter = 100, final_shift = 0.000000
Repetition 2: t_classify = 2.267 s, t_update = 0.225 s, total = 2.492 s, n_iter = 100, final_shift = 0.000000
Repetition 3: t_classify = 2.267 s, t_update = 0.222 s, total = 2.489 s, n_iter = 100, final_shift = 0.000000
Repetition 4: t_classify = 2.264 s, t_update = 0.228 s, total = 2.492 s, n_iter = 100, final_shift = 0.000000
Repetition 5: t_classify = 2.257 s, t_update = 0.228 s, total = 2.484 s, n_iter = 100, final_shift = 0.000000
