================================================================================
Machine metadata:
================================================================================
CPU Vendor: AuthenticAMD
CPU Model: Common KVM processor
CPU Cores:                       8
Threads per core: 1
Threads per core: 1 (no symmetric multithreading)
CPU MHz: 
RAM: 62.79 GB
OS: Debian GNU/Linux 12 (bookworm)
GCC version: gcc (Debian 12.2.0-14+deb12u1) 12.2.0
================================================================================
Experiment results:
================================================================================
Repetition 1: t_classify = 15.528 s, t_update = 2.398 s, total = 17.925 s, n_iter = 100, final_shift = 0.089495
Repetition 2: t_classify = 15.543 s, t_update = 2.395 s, total = 17.939 s, n_iter = 100, final_shift = 0.089495
Repetition 3: t_classify = 15.607 s, t_update = 2.524 s, total = 18.131 s, n_iter = 100, final_shift = 0.089495
Repetition 4: t_classify = 15.531 s, t_update = 2.408 s, total = 17.939 s, n_iter = 100, final_shift = 0.089495
Repetition 5: t_classify = 15.511 s, t_update = 2.395 s, total = 17.906 s, n_iter = 100, final_shift = 0.089495
