================================================================================
Machine metadata:
================================================================================
CPU Vendor: AuthenticAMD
CPU Model: Common KVM processor
CPU Cores:                       8
Threads per core: 1
Threads per core: 1 (no symmetric multithreading)
CPU MHz: 
RAM: 62.79 GB
OS: Debian GNU/Linux 12 (bookworm)
GCC version: gcc (Debian 12.2.0-14+deb12u1) 12.2.0
================================================================================
Experiment results:
================================================================================
Repetition 1: t_classify = 12.742 s, t_update = 1.232 s, total = 13.974 s, n_iter = 100, final_shift = 0.000000
Repetition 2: t_classify = 12.790 s, t_update = 1.238 s, total = 14.028 s, n_iter = 100, final_shift = 0.000000
Repetition 3: t_classify = 12.768 s, t_update = 1.238 s, total = 14.006 s, n_iter = 100, final_shift = 0.000000
Repetition 4: t_classify = 12.764 s, t_update = 1.235 s, total = 13.999 s, n_iter = 100, final_shift = 0.000000
Repetition 5: t_classify = 12.770 s, t_update = 1.250 s, total = 14.020 s, n_iter = 100, final_shift = 0.000000
