================================================================================
Machine metadata:
================================================================================
CPU Vendor: AuthenticAMD
CPU Model: Common KVM processor
CPU Cores:                       8
Threads per core: 1
Threads per core: 1 (no symmetric multithreading)
CPU MHz: 
RAM: 62.79 GB
OS: Debian GNU/Linux 12 (bookworm)
GCC version: gcc (Debian 12.2.0-14+deb12u1) 12.2.0
================================================================================
Experiment results:
================================================================================
Repetition 1: t_classify = 1.814 s, t_update = 0.208 s, total = 2.022 s, n_iter = 100, final_shift = 0.000000
Repetition 2: t_classify = 1.813 s, t_update = 0.209 s, total = 2.022 s, n_iter = 100, final_shift = 0.000000
Repetition 3: t_classify = 1.819 s, t_update = 0.209 s, total = 2.028 s, n_iter = 100, final_shift = 0.000000
Repetition 4: t_classify = 1.818 s, t_update = 0.208 s, total = 2.026 s, n_iter = 100, final_shift = 0.000000
Repetition 5: t_classify = 1.815 s, t_update = 0.209 s, total = 2.025 s, n_iter = 100, final_shift = 0.000000
