================================================================================
Machine metadata:
================================================================================
CPU Vendor: AuthenticAMD
CPU Model: Common KVM processor
CPU Cores:                       8
Threads per core: 1
Threads per core: 1 (no symmetric multithreading)
CPU MHz: 
RAM: 62.79 GB
OS: Debian GNU/Linux 12 (bookworm)
GCC version: gcc (Debian 12.2.0-14+deb12u1) 12.2.0
================================================================================
Experiment results:
================================================================================
Repetition 1: t_classify = 10.312 s, t_update = 0.531 s, total = 10.843 s, n_iter = 100, final_shift = 0.000000
Repetition 2: t_classify = 10.321 s, t_update = 0.497 s, total = 10.819 s, n_iter = 100, final_shift = 0.000000
Repetition 3: t_classify = 10.282 s, t_update = 0.484 s, total = 10.765 s, n_iter = 100, final_shift = 0.000000
Repetition 4: t_classify = 10.368 s, t_update = 0.496 s, total = 10.864 s, n_iter = 100, final_shift = 0.000000
Repetition 5: t_classify = 10.297 s, t_update = 0.488 s, total = 10.785 s, n_iter = 100, final_shift = 0.000000
