================================================================================
Machine metadata:
================================================================================
CPU Vendor: AuthenticAMD
CPU Model: Common KVM processor
CPU Cores:                       8
Threads per core: 1
Threads per core: 1 (no symmetric multithreading)
CPU MHz: 
RAM: 62.79 GB
OS: Debian GNU/Linux 12 (bookworm)
GCC version: gcc (Debian 12.2.0-14+deb12u1) 12.2.0
================================================================================
Experiment results:
================================================================================
Repetition 1: t_classify = 4.662 s, t_update = 0.460 s, total = 5.121 s, n_iter = 100, final_shift = 3.240214
Repetition 2: t_classify = 4.653 s, t_update = 0.466 s, total = 5.119 s, n_iter = 100, final_shift = 3.240214
Repetition 3: t_classify = 4.645 s, t_update = 0.484 s, total = 5.129 s, n_iter = 100, final_shift = 3.240214
Repetition 4: t_classify = 4.641 s, t_update = 0.465 s, total = 5.106 s, n_iter = 100, final_shift = 3.240214
Repetition 5: t_classify = 4.639 s, t_update = 0.462 s, total = 5.101 s, n_iter = 100, final_shift = 3.240214
