================================================================================
Machine metadata:
================================================================================
CPU Vendor: AuthenticAMD
CPU Model: Common KVM processor
CPU Cores:                       8
Threads per core: 1
Threads per core: 1 (no symmetric multithreading)
CPU MHz: 
RAM: 62.79 GB
OS: Debian GNU/Linux 12 (bookworm)
GCC version: gcc (Debian 12.2.0-14+deb12u1) 12.2.0
================================================================================
Experiment results:
================================================================================
Repetition 1: t_classify = 7.755 s, t_update = 1.214 s, total = 8.969 s, n_iter = 100, final_shift = 0.000000
Repetition 2: t_classify = 7.719 s, t_update = 1.198 s, total = 8.917 s, n_iter = 100, final_shift = 0.000000
Repetition 3: t_classify = 7.752 s, t_update = 1.216 s, total = 8.968 s, n_iter = 100, final_shift = 0.000000
Repetition 4: t_classify = 7.723 s, t_update = 1.197 s, total = 8.920 s, n_iter = 100, final_shift = 0.000000
Repetition 5: t_classify = 7.713 s, t_update = 1.194 s, total = 8.906 s, n_iter = 100, final_shift = 0.000000
