================================================================================
Machine metadata:
================================================================================
CPU Vendor: AuthenticAMD
CPU Model: Common KVM processor
CPU Cores:                       8
Threads per core: 1
Threads per core: 1 (no symmetric multithreading)
CPU MHz: 
RAM: 62.79 GB
OS: Debian GNU/Linux 12 (bookworm)
GCC version: gcc (Debian 12.2.0-14+deb12u1) 12.2.0
================================================================================
Experiment results:
================================================================================
Repetition 1: t_classify = 4.382 s, t_update = 0.419 s, total = 4.801 s, n_iter = 100, final_shift = 0.000000
Repetition 2: t_classify = 4.359 s, t_update = 0.416 s, total = 4.775 s, n_iter = 100, final_shift = 0.000000
Repetition 3: t_classify = 4.379 s, t_update = 0.413 s, total = 4.792 s, n_iter = 100, final_shift = 0.000000
Repetition 4: t_classify = 4.357 s, t_update = 0.413 s, total = 4.770 s, n_iter = 100, final_shift = 0.000000
Repetition 5: t_classify = 4.377 s, t_update = 0.432 s, total = 4.809 s, n_iter = 100, final_shift = 0.000000
