================================================================================
Machine metadata:
================================================================================
CPU Vendor: AuthenticAMD
CPU Model: Common KVM processor
CPU Cores:                       8
Threads per core: 1
Threads per core: 1 (no symmetric multithreading)
CPU MHz: 
RAM: 62.79 GB
OS: Debian GNU/Linux 12 (bookworm)
GCC version: gcc (Debian 12.2.0-14+deb12u1) 12.2.0
================================================================================
Experiment results:
================================================================================
Repetition 1: t_classify = 5.232 s, t_update = 0.535 s, total = 5.767 s, n_iter = 100, final_shift = 0.000000
Repetition 2: t_classify = 5.236 s, t_update = 0.531 s, total = 5.767 s, n_iter = 100, final_shift = 0.000000
Repetition 3: t_classify = 5.234 s, t_update = 0.520 s, total = 5.755 s, n_iter = 100, final_shift = 0.000000
Repetition 4: t_classify = 5.233 s, t_update = 0.525 s, total = 5.758 s, n_iter = 100, final_shift = 0.000000
Repetition 5: t_classify = 5.232 s, t_update = 0.533 s, total = 5.765 s, n_iter = 100, final_shift = 0.000000
