================================================================================
Machine metadata:
================================================================================
CPU Vendor: AuthenticAMD
CPU Model: Common KVM processor
CPU Cores:                       8
Threads per core: 1
Threads per core: 1 (no symmetric multithreading)
CPU MHz: 
RAM: 62.79 GB
OS: Debian GNU/Linux 12 (bookworm)
GCC version: gcc (Debian 12.2.0-14+deb12u1) 12.2.0
================================================================================
Experiment results:
================================================================================
Repetition 1: t_classify = 3.998 s, t_update = 0.646 s, total = 4.644 s, n_iter = 100, final_shift = 0.048402
Repetition 2: t_classify = 3.958 s, t_update = 0.637 s, total = 4.595 s, n_iter = 100, final_shift = 0.089994
Repetition 3: t_classify = 3.919 s, t_update = 0.640 s, total = 4.558 s, n_iter = 100, final_shift = 0.089492
Repetition 4: t_classify = 3.928 s, t_update = 0.618 s, total = 4.546 s, n_iter = 100, final_shift = 0.082636
Repetition 5: t_classify = 3.935 s, t_update = 0.615 s, total = 4.550 s, n_iter = 100, final_shift = 0.089494
