================================================================================
Machine metadata:
================================================================================
CPU Vendor: AuthenticAMD
CPU Model: Common KVM processor
CPU Cores:                       8
Threads per core: 1
Threads per core: 1 (no symmetric multithreading)
CPU MHz: 
RAM: 62.79 GB
OS: Debian GNU/Linux 12 (bookworm)
GCC version: gcc (Debian 12.2.0-14+deb12u1) 12.2.0
================================================================================
Experiment results:
================================================================================
Repetition 1: t_classify = 2.385 s, t_update = 0.139 s, total = 2.524 s, n_iter = 100, final_shift = 0.007050
Repetition 2: t_classify = 2.383 s, t_update = 0.139 s, total = 2.522 s, n_iter = 100, final_shift = 0.007050
Repetition 3: t_classify = 2.379 s, t_update = 0.138 s, total = 2.517 s, n_iter = 100, final_shift = 0.007050
Repetition 4: t_classify = 2.385 s, t_update = 0.138 s, total = 2.523 s, n_iter = 100, final_shift = 0.007050
Repetition 5: t_classify = 2.382 s, t_update = 0.138 s, total = 2.521 s, n_iter = 100, final_shift = 0.007050
