================================================================================
Machine metadata:
================================================================================
CPU Vendor: AuthenticAMD
CPU Model: Common KVM processor
CPU Cores:                       8
Threads per core: 1
Threads per core: 1 (no symmetric multithreading)
CPU MHz: 
RAM: 62.79 GB
OS: Debian GNU/Linux 12 (bookworm)
GCC version: gcc (Debian 12.2.0-14+deb12u1) 12.2.0
================================================================================
Experiment results:
================================================================================
Repetition 1: t_classify = 24.981 s, t_update = 1.416 s, total = 26.396 s, n_iter = 100, final_shift = 0.002656
Repetition 2: t_classify = 24.973 s, t_update = 1.417 s, total = 26.390 s, n_iter = 100, final_shift = 0.002656
Repetition 3: t_classify = 24.965 s, t_update = 1.415 s, total = 26.379 s, n_iter = 100, final_shift = 0.002656
Repetition 4: t_classify = 24.948 s, t_update = 1.415 s, total = 26.363 s, n_iter = 100, final_shift = 0.002656
Repetition 5: t_classify = 24.988 s, t_update = 1.412 s, total = 26.400 s, n_iter = 100, final_shift = 0.002656
