================================================================================
Machine metadata:
================================================================================
CPU Vendor: AuthenticAMD
CPU Model: Common KVM processor
CPU Cores:                       8
Threads per core: 1
Threads per core: 1 (no symmetric multithreading)
CPU MHz: 
RAM: 62.79 GB
OS: Debian GNU/Linux 12 (bookworm)
GCC version: gcc (Debian 12.2.0-14+deb12u1) 12.2.0
================================================================================
Experiment results:
================================================================================
Repetition 1: t_classify = 6.053 s, t_update = 0.958 s, total = 7.011 s, n_iter = 100, final_shift = 0.000196
Repetition 2: t_classify = 6.065 s, t_update = 0.951 s, total = 7.017 s, n_iter = 100, final_shift = 0.000501
Repetition 3: t_classify = 6.043 s, t_update = 0.954 s, total = 6.997 s, n_iter = 100, final_shift = 0.003850
Repetition 4: t_classify = 6.051 s, t_update = 0.945 s, total = 6.996 s, n_iter = 100, final_shift = 0.003849
Repetition 5: t_classify = 6.055 s, t_update = 0.970 s, total = 7.025 s, n_iter = 100, final_shift = 0.002037
