================================================================================
Machine metadata:
================================================================================
CPU Vendor: AuthenticAMD
CPU Model: Common KVM processor
CPU Cores:                       8
Threads per core: 1
Threads per core: 1 (no symmetric multithreading)
CPU MHz: 
RAM: 62.79 GB
OS: Debian GNU/Linux 12 (bookworm)
GCC version: gcc (Debian 12.2.0-14+deb12u1) 12.2.0
================================================================================
Experiment results:
================================================================================
Repetition 1: t_classify = 5.418 s, t_update = 0.261 s, total = 5.678 s, n_iter = 100, final_shift = 0.027282
Repetition 2: t_classify = 5.417 s, t_update = 0.254 s, total = 5.671 s, n_iter = 100, final_shift = 0.027282
Repetition 3: t_classify = 5.420 s, t_update = 0.255 s, total = 5.674 s, n_iter = 100, final_shift = 0.027282
Repetition 4: t_classify = 5.420 s, t_update = 0.256 s, total = 5.676 s, n_iter = 100, final_shift = 0.027282
Repetition 5: t_classify = 5.416 s, t_update = 0.257 s, total = 5.673 s, n_iter = 100, final_shift = 0.027282
