================================================================================
Machine metadata:
================================================================================
CPU Vendor: AuthenticAMD
CPU Model: Common KVM processor
CPU Cores:                       8
Threads per core: 1
Threads per core: 1 (no symmetric multithreading)
CPU MHz: 
RAM: 62.79 GB
OS: Debian GNU/Linux 12 (bookworm)
GCC version: gcc (Debian 12.2.0-14+deb12u1) 12.2.0
================================================================================
Experiment results:
================================================================================
Repetition 1: t_classify = 2.093 s, t_update = 0.411 s, total = 2.504 s, n_iter = 100, final_shift = 0.000000
Repetition 2: t_classify = 2.100 s, t_update = 0.415 s, total = 2.515 s, n_iter = 100, final_shift = 0.000000
Repetition 3: t_classify = 2.087 s, t_update = 0.410 s, total = 2.497 s, n_iter = 100, final_shift = 0.000000
Repetition 4: t_classify = 2.087 s, t_update = 0.411 s, total = 2.498 s, n_iter = 100, final_shift = 0.000000
Repetition 5: t_classify = 2.090 s, t_update = 0.410 s, total = 2.500 s, n_iter = 100, final_shift = 0.000000
