================================================================================
Machine metadata:
================================================================================
CPU Vendor: AuthenticAMD
CPU Model: Common KVM processor
CPU Cores:                       8
Threads per core: 1
Threads per core: 1 (no symmetric multithreading)
CPU MHz: 
RAM: 62.79 GB
OS: Debian GNU/Linux 12 (bookworm)
GCC version: gcc (Debian 12.2.0-14+deb12u1) 12.2.0
================================================================================
Experiment results:
================================================================================
Repetition 1: t_classify = 1.030 s, t_update = 0.175 s, total = 1.205 s, n_iter = 100, final_shift = 0.000000
Repetition 2: t_classify = 1.023 s, t_update = 0.169 s, total = 1.192 s, n_iter = 100, final_shift = 0.000000
Repetition 3: t_classify = 1.022 s, t_update = 0.170 s, total = 1.192 s, n_iter = 100, final_shift = 0.000000
Repetition 4: t_classify = 1.019 s, t_update = 0.170 s, total = 1.189 s, n_iter = 100, final_shift = 0.000000
Repetition 5: t_classify = 1.024 s, t_update = 0.172 s, total = 1.196 s, n_iter = 100, final_shift = 0.000000
