================================================================================
Machine metadata:
================================================================================
CPU Vendor: AuthenticAMD
CPU Model: Common KVM processor
CPU Cores:                       8
Threads per core: 1
Threads per core: 1 (no symmetric multithreading)
CPU MHz: 
RAM: 62.79 GB
OS: Debian GNU/Linux 12 (bookworm)
GCC version: gcc (Debian 12.2.0-14+deb12u1) 12.2.0
================================================================================
Experiment results:
================================================================================
Repetition 1: t_classify = 0.936 s, t_update = 0.186 s, total = 1.122 s, n_iter = 100, final_shift = 0.000000
Repetition 2: t_classify = 0.930 s, t_update = 0.185 s, total = 1.115 s, n_iter = 100, final_shift = 0.000000
Repetition 3: t_classify = 0.950 s, t_update = 0.188 s, total = 1.138 s, n_iter = 100, final_shift = 0.000000
Repetition 4: t_classify = 0.927 s, t_update = 0.185 s, total = 1.112 s, n_iter = 100, final_shift = 0.000000
Repetition 5: t_classify = 0.937 s, t_update = 0.188 s, total = 1.125 s, n_iter = 100, final_shift = 0.000000
