================================================================================
Machine metadata:
================================================================================
CPU Vendor: AuthenticAMD
CPU Model: Common KVM processor
CPU Cores:                       8
Threads per core: 1
Threads per core: 1 (no symmetric multithreading)
CPU MHz: 
RAM: 62.79 GB
OS: Debian GNU/Linux 12 (bookworm)
GCC version: gcc (Debian 12.2.0-14+deb12u1) 12.2.0
================================================================================
Experiment results:
================================================================================
Repetition 1: t_classify = 68.151 s, t_update = 3.194 s, total = 71.345 s, n_iter = 100, final_shift = 0.026863
Repetition 2: t_classify = 68.152 s, t_update = 3.195 s, total = 71.347 s, n_iter = 100, final_shift = 0.026863
Repetition 3: t_classify = 68.257 s, t_update = 3.201 s, total = 71.458 s, n_iter = 100, final_shift = 0.026863
Repetition 4: t_classify = 68.213 s, t_update = 3.195 s, total = 71.407 s, n_iter = 100, final_shift = 0.026863
Repetition 5: t_classify = 68.121 s, t_update = 3.189 s, total = 71.309 s, n_iter = 100, final_shift = 0.026863
