================================================================================
Machine metadata:
================================================================================
CPU Vendor: AuthenticAMD
CPU Model: Common KVM processor
CPU Cores:                       8
Threads per core: 1
Threads per core: 1 (no symmetric multithreading)
CPU MHz: 
RAM: 62.79 GB
OS: Debian GNU/Linux 12 (bookworm)
GCC version: gcc (Debian 12.2.0-14+deb12u1) 12.2.0
================================================================================
Experiment results:
================================================================================
Repetition 1: t_classify = 1.739 s, t_update = 0.174 s, total = 1.913 s, n_iter = 100, final_shift = 0.000000
Repetition 2: t_classify = 1.727 s, t_update = 0.174 s, total = 1.901 s, n_iter = 100, final_shift = 0.000000
Repetition 3: t_classify = 1.737 s, t_update = 0.172 s, total = 1.909 s, n_iter = 100, final_shift = 0.000000
Repetition 4: t_classify = 1.734 s, t_update = 0.172 s, total = 1.905 s, n_iter = 100, final_shift = 0.000000
Repetition 5: t_classify = 1.733 s, t_update = 0.170 s, total = 1.903 s, n_iter = 100, final_shift = 0.000000
