================================================================================
Machine metadata:
================================================================================
CPU Vendor: AuthenticAMD
CPU Model: Common KVM processor
CPU Cores:                       8
Threads per core: 1
Threads per core: 1 (no symmetric multithreading)
CPU MHz: 
RAM: 62.79 GB
OS: Debian GNU/Linux 12 (bookworm)
GCC version: gcc (Debian 12.2.0-14+deb12u1) 12.2.0
================================================================================
Experiment results:
================================================================================
Repetition 1: t_classify = 3.052 s, t_update = 0.364 s, total = 3.416 s, n_iter = 100, final_shift = 0.000000
Repetition 2: t_classify = 3.031 s, t_update = 0.360 s, total = 3.392 s, n_iter = 100, final_shift = 0.000000
Repetition 3: t_classify = 3.062 s, t_update = 0.362 s, total = 3.425 s, n_iter = 100, final_shift = 0.000000
Repetition 4: t_classify = 3.023 s, t_update = 0.361 s, total = 3.384 s, n_iter = 100, final_shift = 0.000000
Repetition 5: t_classify = 3.036 s, t_update = 0.364 s, total = 3.400 s, n_iter = 100, final_shift = 0.000000
