================================================================================
Machine metadata:
================================================================================
CPU Vendor: AuthenticAMD
CPU Model: Common KVM processor
CPU Cores:                       8
Threads per core: 1
Threads per core: 1 (no symmetric multithreading)
CPU MHz: 
RAM: 62.79 GB
OS: Debian GNU/Linux 12 (bookworm)
GCC version: gcc (Debian 12.2.0-14+deb12u1) 12.2.0
================================================================================
Experiment results:
================================================================================
Repetition 1: t_classify = 7.363 s, t_update = 0.355 s, total = 7.718 s, n_iter = 100, final_shift = 0.000000
Repetition 2: t_classify = 7.369 s, t_update = 0.360 s, total = 7.728 s, n_iter = 100, final_shift = 0.000000
Repetition 3: t_classify = 7.374 s, t_update = 0.360 s, total = 7.734 s, n_iter = 100, final_shift = 0.000000
Repetition 4: t_classify = 7.391 s, t_update = 0.364 s, total = 7.755 s, n_iter = 100, final_shift = 0.000000
Repetition 5: t_classify = 7.365 s, t_update = 0.371 s, total = 7.736 s, n_iter = 100, final_shift = 0.000000
