================================================================================
Machine metadata:
================================================================================
CPU Vendor: AuthenticAMD
CPU Model: Common KVM processor
CPU Cores:                       8
Threads per core: 1
Threads per core: 1 (no symmetric multithreading)
CPU MHz: 
RAM: 62.79 GB
OS: Debian GNU/Linux 12 (bookworm)
GCC version: gcc (Debian 12.2.0-14+deb12u1) 12.2.0
================================================================================
Experiment results:
================================================================================
Repetition 1: t_classify = 1.546 s, t_update = 0.263 s, total = 1.809 s, n_iter = 100, final_shift = 0.000000
Repetition 2: t_classify = 1.546 s, t_update = 0.263 s, total = 1.809 s, n_iter = 100, final_shift = 0.000000
Repetition 3: t_classify = 1.539 s, t_update = 0.255 s, total = 1.795 s, n_iter = 100, final_shift = 0.000000
Repetition 4: t_classify = 1.538 s, t_update = 0.263 s, total = 1.801 s, n_iter = 100, final_shift = 0.000000
Repetition 5: t_classify = 1.537 s, t_update = 0.262 s, total = 1.799 s, n_iter = 100, final_shift = 0.000000
