================================================================================
Machine metadata:
================================================================================
CPU Vendor: AuthenticAMD
CPU Model: Common KVM processor
CPU Cores:                       8
Threads per core: 1
Threads per core: 1 (no symmetric multithreading)
CPU MHz: 
RAM: 62.79 GB
OS: Debian GNU/Linux 12 (bookworm)
GCC version: gcc (Debian 12.2.0-14+deb12u1) 12.2.0
================================================================================
Experiment results:
================================================================================
Repetition 1: t_classify = 34.101 s, t_update = 1.602 s, total = 35.703 s, n_iter = 100, final_shift = 0.000000
Repetition 2: t_classify = 34.059 s, t_update = 1.630 s, total = 35.689 s, n_iter = 100, final_shift = 0.000000
Repetition 3: t_classify = 34.082 s, t_update = 1.626 s, total = 35.707 s, n_iter = 100, final_shift = 0.000000
Repetition 4: t_classify = 34.104 s, t_update = 1.625 s, total = 35.729 s, n_iter = 100, final_shift = 0.000000
Repetition 5: t_classify = 34.034 s, t_update = 1.594 s, total = 35.628 s, n_iter = 100, final_shift = 0.000000
