================================================================================
Machine metadata:
================================================================================
CPU Vendor: AuthenticAMD
CPU Model: Common KVM processor
CPU Cores:                       8
Threads per core: 1
Threads per core: 1 (no symmetric multithreading)
CPU MHz: 
RAM: 62.79 GB
OS: Debian GNU/Linux 12 (bookworm)
GCC version: gcc (Debian 12.2.0-14+deb12u1) 12.2.0
================================================================================
Experiment results:
================================================================================
Repetition 1: t_classify = 1.847 s, t_update = 0.303 s, total = 2.149 s, n_iter = 100, final_shift = 0.000000
Repetition 2: t_classify = 1.844 s, t_update = 0.301 s, total = 2.145 s, n_iter = 100, final_shift = 0.000000
Repetition 3: t_classify = 1.845 s, t_update = 0.310 s, total = 2.155 s, n_iter = 100, final_shift = 0.000000
Repetition 4: t_classify = 1.843 s, t_update = 0.301 s, total = 2.144 s, n_iter = 100, final_shift = 0.000000
Repetition 5: t_classify = 1.849 s, t_update = 0.303 s, total = 2.152 s, n_iter = 100, final_shift = 0.000000
