================================================================================
Machine metadata:
================================================================================
CPU Vendor: AuthenticAMD
CPU Model: Common KVM processor
CPU Cores:                       8
Threads per core: 1
Threads per core: 1 (no symmetric multithreading)
CPU MHz: 
RAM: 62.79 GB
OS: Debian GNU/Linux 12 (bookworm)
GCC version: gcc (Debian 12.2.0-14+deb12u1) 12.2.0
================================================================================
Experiment results:
================================================================================
Repetition 1: t_classify = 8.117 s, t_update = 0.386 s, total = 8.502 s, n_iter = 100, final_shift = 0.027743
Repetition 2: t_classify = 8.172 s, t_update = 0.386 s, total = 8.558 s, n_iter = 100, final_shift = 0.027743
Repetition 3: t_classify = 8.182 s, t_update = 0.381 s, total = 8.563 s, n_iter = 100, final_shift = 0.027743
Repetition 4: t_classify = 8.170 s, t_update = 0.381 s, total = 8.551 s, n_iter = 100, final_shift = 0.027743
Repetition 5: t_classify = 8.176 s, t_update = 0.381 s, total = 8.557 s, n_iter = 100, final_shift = 0.027743
