================================================================================
Machine metadata:
================================================================================
CPU Vendor: AuthenticAMD
CPU Model: Common KVM processor
CPU Cores:                       8
Threads per core: 1
Threads per core: 1 (no symmetric multithreading)
CPU MHz: 
RAM: 62.79 GB
OS: Debian GNU/Linux 12 (bookworm)
GCC version: gcc (Debian 12.2.0-14+deb12u1) 12.2.0
================================================================================
Experiment results:
================================================================================
Repetition 1: t_classify = 3.449 s, t_update = 0.167 s, total = 3.615 s, n_iter = 100, final_shift = 0.000000
Repetition 2: t_classify = 3.421 s, t_update = 0.162 s, total = 3.583 s, n_iter = 100, final_shift = 0.000000
Repetition 3: t_classify = 3.420 s, t_update = 0.167 s, total = 3.587 s, n_iter = 100, final_shift = 0.000000
Repetition 4: t_classify = 3.425 s, t_update = 0.163 s, total = 3.588 s, n_iter = 100, final_shift = 0.000000
Repetition 5: t_classify = 3.427 s, t_update = 0.163 s, total = 3.590 s, n_iter = 100, final_shift = 0.000000
