================================================================================
Machine metadata:
================================================================================
CPU Vendor: AuthenticAMD
CPU Model: Common KVM processor
CPU Cores:                       8
Threads per core: 1
Threads per core: 1 (no symmetric multithreading)
CPU MHz: 
RAM: 62.79 GB
OS: Debian GNU/Linux 12 (bookworm)
GCC version: gcc (Debian 12.2.0-14+deb12u1) 12.2.0
================================================================================
Experiment results:
================================================================================
Repetition 1: t_classify = 7.110 s, t_update = 1.164 s, total = 8.274 s, n_iter = 100, final_shift = 0.000000
Repetition 2: t_classify = 7.102 s, t_update = 1.159 s, total = 8.260 s, n_iter = 100, final_shift = 0.000000
Repetition 3: t_classify = 7.101 s, t_update = 1.162 s, total = 8.263 s, n_iter = 100, final_shift = 0.000000
Repetition 4: t_classify = 7.110 s, t_update = 1.168 s, total = 8.278 s, n_iter = 100, final_shift = 0.000000
Repetition 5: t_classify = 7.060 s, t_update = 1.154 s, total = 8.215 s, n_iter = 100, final_shift = 0.000000
