================================================================================
Machine metadata:
================================================================================
CPU Vendor: AuthenticAMD
CPU Model: Common KVM processor
CPU Cores:                       8
Threads per core: 1
Threads per core: 1 (no symmetric multithreading)
CPU MHz: 
RAM: 62.79 GB
OS: Debian GNU/Linux 12 (bookworm)
GCC version: gcc (Debian 12.2.0-14+deb12u1) 12.2.0
================================================================================
Experiment results:
================================================================================
Repetition 1: t_classify = 10.695 s, t_update = 0.500 s, total = 11.195 s, n_iter = 100, final_shift = 0.027282
Repetition 2: t_classify = 10.696 s, t_update = 0.496 s, total = 11.193 s, n_iter = 100, final_shift = 0.027282
Repetition 3: t_classify = 10.653 s, t_update = 0.500 s, total = 11.153 s, n_iter = 100, final_shift = 0.027282
Repetition 4: t_classify = 10.691 s, t_update = 0.496 s, total = 11.187 s, n_iter = 100, final_shift = 0.027282
Repetition 5: t_classify = 10.695 s, t_update = 0.502 s, total = 11.197 s, n_iter = 100, final_shift = 0.027282
