================================================================================
Machine metadata:
================================================================================
CPU Vendor: AuthenticAMD
CPU Model: Common KVM processor
CPU Cores:                       8
Threads per core: 1
Threads per core: 1 (no symmetric multithreading)
CPU MHz: 
RAM: 62.79 GB
OS: Debian GNU/Linux 12 (bookworm)
GCC version: gcc (Debian 12.2.0-14+deb12u1) 12.2.0
================================================================================
Experiment results:
================================================================================
Repetition 1: t_classify = 10.783 s, t_update = 0.516 s, total = 11.298 s, n_iter = 100, final_shift = 0.475961
Repetition 2: t_classify = 10.750 s, t_update = 0.511 s, total = 11.261 s, n_iter = 100, final_shift = 0.475961
Repetition 3: t_classify = 10.726 s, t_update = 0.514 s, total = 11.240 s, n_iter = 100, final_shift = 0.475961
Repetition 4: t_classify = 10.725 s, t_update = 0.509 s, total = 11.234 s, n_iter = 100, final_shift = 0.475961
Repetition 5: t_classify = 10.746 s, t_update = 0.515 s, total = 11.261 s, n_iter = 100, final_shift = 0.475961
