================================================================================
Machine metadata:
================================================================================
CPU Vendor: AuthenticAMD
CPU Model: Common KVM processor
CPU Cores:                       8
Threads per core: 1
Threads per core: 1 (no symmetric multithreading)
CPU MHz: 
RAM: 62.79 GB
OS: Debian GNU/Linux 12 (bookworm)
GCC version: gcc (Debian 12.2.0-14+deb12u1) 12.2.0
================================================================================
Experiment results:
================================================================================
Repetition 1: t_classify = 12.888 s, t_update = 0.639 s, total = 13.527 s, n_iter = 100, final_shift = 0.000000
Repetition 2: t_classify = 12.867 s, t_update = 0.612 s, total = 13.479 s, n_iter = 100, final_shift = 0.000000
Repetition 3: t_classify = 12.843 s, t_update = 0.612 s, total = 13.455 s, n_iter = 100, final_shift = 0.000000
Repetition 4: t_classify = 12.895 s, t_update = 0.634 s, total = 13.529 s, n_iter = 100, final_shift = 0.000000
Repetition 5: t_classify = 12.921 s, t_update = 0.657 s, total = 13.578 s, n_iter = 100, final_shift = 0.000000
