================================================================================
Machine metadata:
================================================================================
CPU Vendor: AuthenticAMD
CPU Model: Common KVM processor
CPU Cores:                       8
Threads per core: 1
Threads per core: 1 (no symmetric multithreading)
CPU MHz: 
RAM: 62.79 GB
OS: Debian GNU/Linux 12 (bookworm)
GCC version: gcc (Debian 12.2.0-14+deb12u1) 12.2.0
================================================================================
Experiment results:
================================================================================
Repetition 1: t_classify = 3.441 s, t_update = 0.339 s, total = 3.780 s, n_iter = 100, final_shift = 0.000000
Repetition 2: t_classify = 3.436 s, t_update = 0.334 s, total = 3.771 s, n_iter = 100, final_shift = 0.000000
Repetition 3: t_classify = 3.448 s, t_update = 0.341 s, total = 3.789 s, n_iter = 100, final_shift = 0.000000
Repetition 4: t_classify = 3.446 s, t_update = 0.338 s, total = 3.785 s, n_iter = 100, final_shift = 0.000000
Repetition 5: t_classify = 3.449 s, t_update = 0.332 s, total = 3.782 s, n_iter = 100, final_shift = 0.000000
