================================================================================
Machine metadata:
================================================================================
CPU Vendor: AuthenticAMD
CPU Model: Common KVM processor
CPU Cores:                       8
Threads per core: 1
Threads per core: 1 (no symmetric multithreading)
CPU MHz: 
RAM: 62.79 GB
OS: Debian GNU/Linux 12 (bookworm)
GCC version: gcc (Debian 12.2.0-14+deb12u1) 12.2.0
================================================================================
Experiment results:
================================================================================
Repetition 1: t_classify = 10.512 s, t_update = 0.508 s, total = 11.021 s, n_iter = 100, final_shift = 0.008279
Repetition 2: t_classify = 10.446 s, t_update = 0.507 s, total = 10.954 s, n_iter = 100, final_shift = 0.008279
Repetition 3: t_classify = 10.532 s, t_update = 0.517 s, total = 11.049 s, n_iter = 100, final_shift = 0.008279
Repetition 4: t_classify = 10.513 s, t_update = 0.508 s, total = 11.021 s, n_iter = 100, final_shift = 0.008279
Repetition 5: t_classify = 10.516 s, t_update = 0.511 s, total = 11.027 s, n_iter = 100, final_shift = 0.008279
