================================================================================
Machine metadata:
================================================================================
CPU Vendor: AuthenticAMD
CPU Model: Common KVM processor
CPU Cores:                       8
Threads per core: 1
Threads per core: 1 (no symmetric multithreading)
CPU MHz: 
RAM: 62.79 GB
OS: Debian GNU/Linux 12 (bookworm)
GCC version: gcc (Debian 12.2.0-14+deb12u1) 12.2.0
================================================================================
Experiment results:
================================================================================
Repetition 1: t_classify = 8.581 s, t_update = 0.417 s, total = 8.999 s, n_iter = 100, final_shift = 0.000000
Repetition 2: t_classify = 8.557 s, t_update = 0.417 s, total = 8.974 s, n_iter = 100, final_shift = 0.000000
Repetition 3: t_classify = 8.542 s, t_update = 0.402 s, total = 8.944 s, n_iter = 100, final_shift = 0.000000
Repetition 4: t_classify = 8.547 s, t_update = 0.410 s, total = 8.958 s, n_iter = 100, final_shift = 0.000000
Repetition 5: t_classify = 8.564 s, t_update = 0.412 s, total = 8.977 s, n_iter = 100, final_shift = 0.000000
