================================================================================
Machine metadata:
================================================================================
CPU Vendor: AuthenticAMD
CPU Model: Common KVM processor
CPU Cores:                       8
Threads per core: 1
Threads per core: 1 (no symmetric multithreading)
CPU MHz: 
RAM: 62.79 GB
OS: Debian GNU/Linux 12 (bookworm)
GCC version: gcc (Debian 12.2.0-14+deb12u1) 12.2.0
================================================================================
Experiment results:
================================================================================
Repetition 1: t_classify = 2.169 s, t_update = 0.206 s, total = 2.374 s, n_iter = 100, final_shift = 6.194366
Repetition 2: t_classify = 2.165 s, t_update = 0.202 s, total = 2.366 s, n_iter = 100, final_shift = 6.194342
Repetition 3: t_classify = 2.160 s, t_update = 0.201 s, total = 2.361 s, n_iter = 100, final_shift = 6.194355
Repetition 4: t_classify = 2.164 s, t_update = 0.202 s, total = 2.366 s, n_iter = 100, final_shift = 6.194388
Repetition 5: t_classify = 2.166 s, t_update = 0.202 s, total = 2.368 s, n_iter = 100, final_shift = 6.194341
