================================================================================
Machine metadata:
================================================================================
CPU Vendor: AuthenticAMD
CPU Model: Common KVM processor
CPU Cores:                       8
Threads per core: 1
Threads per core: 1 (no symmetric multithreading)
CPU MHz: 
RAM: 62.79 GB
OS: Debian GNU/Linux 12 (bookworm)
GCC version: gcc (Debian 12.2.0-14+deb12u1) 12.2.0
================================================================================
Experiment results:
================================================================================
Repetition 1: t_classify = 8.708 s, t_update = 0.821 s, total = 9.529 s, n_iter = 100, final_shift = 0.000000
Repetition 2: t_classify = 8.768 s, t_update = 0.834 s, total = 9.602 s, n_iter = 100, final_shift = 0.000000
Repetition 3: t_classify = 8.726 s, t_update = 0.816 s, total = 9.542 s, n_iter = 100, final_shift = 0.000000
Repetition 4: t_classify = 8.729 s, t_update = 0.813 s, total = 9.542 s, n_iter = 100, final_shift = 0.000000
Repetition 5: t_classify = 8.726 s, t_update = 0.805 s, total = 9.531 s, n_iter = 100, final_shift = 0.000000
