================================================================================
Machine metadata:
================================================================================
CPU Vendor: AuthenticAMD
CPU Model: Common KVM processor
CPU Cores:                       8
Threads per core: 1
Threads per core: 1 (no symmetric multithreading)
CPU MHz: 
RAM: 62.79 GB
OS: Debian GNU/Linux 12 (bookworm)
GCC version: gcc (Debian 12.2.0-14+deb12u1) 12.2.0
================================================================================
Experiment results:
================================================================================
Repetition 1: t_classify = 0.920 s, t_update = 0.108 s, total = 1.029 s, n_iter = 100, final_shift = 0.000000
Repetition 2: t_classify = 0.916 s, t_update = 0.106 s, total = 1.023 s, n_iter = 100, final_shift = 0.000000
Repetition 3: t_classify = 0.917 s, t_update = 0.104 s, total = 1.021 s, n_iter = 100, final_shift = 0.000000
Repetition 4: t_classify = 0.923 s, t_update = 0.108 s, total = 1.031 s, n_iter = 100, final_shift = 0.000000
Repetition 5: t_classify = 0.923 s, t_update = 0.105 s, total = 1.028 s, n_iter = 100, final_shift = 0.000000
