================================================================================
Machine metadata:
================================================================================
CPU Vendor: AuthenticAMD
CPU Model: Common KVM processor
CPU Cores:                       8
Threads per core: 1
Threads per core: 1 (no symmetric multithreading)
CPU MHz: 
RAM: 62.79 GB
OS: Debian GNU/Linux 12 (bookworm)
GCC version: gcc (Debian 12.2.0-14+deb12u1) 12.2.0
================================================================================
Experiment results:
================================================================================
Repetition 1: t_classify = 8.682 s, t_update = 0.816 s, total = 9.499 s, n_iter = 100, final_shift = 1.483315
Repetition 2: t_classify = 8.675 s, t_update = 0.814 s, total = 9.489 s, n_iter = 100, final_shift = 1.483305
Repetition 3: t_classify = 8.678 s, t_update = 0.829 s, total = 9.507 s, n_iter = 100, final_shift = 2.938126
Repetition 4: t_classify = 8.682 s, t_update = 0.815 s, total = 9.497 s, n_iter = 100, final_shift = 1.483305
Repetition 5: t_classify = 8.713 s, t_update = 0.816 s, total = 9.529 s, n_iter = 100, final_shift = 1.483310
