================================================================================
Machine metadata:
================================================================================
CPU Vendor: AuthenticAMD
CPU Model: Common KVM processor
CPU Cores:                       8
Threads per core: 1
Threads per core: 1 (no symmetric multithreading)
CPU MHz: 
RAM: 62.79 GB
OS: Debian GNU/Linux 12 (bookworm)
GCC version: gcc (Debian 12.2.0-14+deb12u1) 12.2.0
================================================================================
Experiment results:
================================================================================
Repetition 1: t_classify = 22.980 s, t_update = 2.169 s, total = 25.148 s, n_iter = 100, final_shift = 0.000000
Repetition 2: t_classify = 22.993 s, t_update = 2.143 s, total = 25.137 s, n_iter = 100, final_shift = 0.000000
Repetition 3: t_classify = 23.056 s, t_update = 2.218 s, total = 25.274 s, n_iter = 100, final_shift = 0.000000
Repetition 4: t_classify = 23.069 s, t_update = 2.192 s, total = 25.261 s, n_iter = 100, final_shift = 0.000000
Repetition 5: t_classify = 23.034 s, t_update = 2.246 s, total = 25.281 s, n_iter = 100, final_shift = 0.000000
