================================================================================
Machine metadata:
================================================================================
CPU Vendor: AuthenticAMD
CPU Model: Common KVM processor
CPU Cores:                       8
Threads per core: 1
Threads per core: 1 (no symmetric multithreading)
CPU MHz: 
RAM: 62.79 GB
OS: Debian GNU/Linux 12 (bookworm)
GCC version: gcc (Debian 12.2.0-14+deb12u1) 12.2.0
================================================================================
Experiment results:
================================================================================
Repetition 1: t_classify = 6.473 s, t_update = 1.028 s, total = 7.501 s, n_iter = 100, final_shift = 0.089175
Repetition 2: t_classify = 6.468 s, t_update = 1.016 s, total = 7.484 s, n_iter = 100, final_shift = 0.089167
Repetition 3: t_classify = 6.473 s, t_update = 1.057 s, total = 7.531 s, n_iter = 100, final_shift = 0.123315
Repetition 4: t_classify = 6.475 s, t_update = 1.041 s, total = 7.516 s, n_iter = 100, final_shift = 0.108223
Repetition 5: t_classify = 6.487 s, t_update = 1.034 s, total = 7.521 s, n_iter = 100, final_shift = 0.089168
