================================================================================
Machine metadata:
================================================================================
CPU Vendor: AuthenticAMD
CPU Model: Common KVM processor
CPU Cores:                       8
Threads per core: 1
Threads per core: 1 (no symmetric multithreading)
CPU MHz: 
RAM: 62.79 GB
OS: Debian GNU/Linux 12 (bookworm)
GCC version: gcc (Debian 12.2.0-14+deb12u1) 12.2.0
================================================================================
Experiment results:
================================================================================
Repetition 1: t_classify = 40.027 s, t_update = 1.988 s, total = 42.015 s, n_iter = 100, final_shift = 0.000000
Repetition 2: t_classify = 39.939 s, t_update = 2.053 s, total = 41.992 s, n_iter = 100, final_shift = 0.000000
Repetition 3: t_classify = 39.839 s, t_update = 1.890 s, total = 41.730 s, n_iter = 100, final_shift = 0.000000
Repetition 4: t_classify = 39.886 s, t_update = 1.937 s, total = 41.823 s, n_iter = 100, final_shift = 0.000000
Repetition 5: t_classify = 39.919 s, t_update = 2.066 s, total = 41.985 s, n_iter = 100, final_shift = 0.000000
