================================================================================
Machine metadata:
================================================================================
CPU Vendor: AuthenticAMD
CPU Model: Common KVM processor
CPU Cores:                       8
Threads per core: 1
Threads per core: 1 (no symmetric multithreading)
CPU MHz: 
RAM: 62.79 GB
OS: Debian GNU/Linux 12 (bookworm)
GCC version: gcc (Debian 12.2.0-14+deb12u1) 12.2.0
================================================================================
Experiment results:
================================================================================
Repetition 1: t_classify = 28.442 s, t_update = 1.372 s, total = 29.814 s, n_iter = 100, final_shift = 34.049675
Repetition 2: t_classify = 28.448 s, t_update = 1.362 s, total = 29.810 s, n_iter = 100, final_shift = 34.049675
Repetition 3: t_classify = 28.472 s, t_update = 1.375 s, total = 29.848 s, n_iter = 100, final_shift = 53.630398
Repetition 4: t_classify = 28.461 s, t_update = 1.369 s, total = 29.830 s, n_iter = 100, final_shift = 53.630398
Repetition 5: t_classify = 28.425 s, t_update = 1.346 s, total = 29.771 s, n_iter = 100, final_shift = 34.049763
