================================================================================
Machine metadata:
================================================================================
CPU Vendor: AuthenticAMD
CPU Model: Common KVM processor
CPU Cores:                       8
Threads per core: 1
Threads per core: 1 (no symmetric multithreading)
CPU MHz: 
RAM: 62.79 GB
OS: Debian GNU/Linux 12 (bookworm)
GCC version: gcc (Debian 12.2.0-14+deb12u1) 12.2.0
================================================================================
Experiment results:
================================================================================
Repetition 1: t_classify = 3.648 s, t_update = 0.220 s, total = 3.868 s, n_iter = 100, final_shift = 0.000035
Repetition 2: t_classify = 3.629 s, t_update = 0.217 s, total = 3.847 s, n_iter = 100, final_shift = 0.000035
Repetition 3: t_classify = 3.647 s, t_update = 0.216 s, total = 3.862 s, n_iter = 100, final_shift = 0.000035
Repetition 4: t_classify = 3.648 s, t_update = 0.217 s, total = 3.865 s, n_iter = 100, final_shift = 0.000035
Repetition 5: t_classify = 3.639 s, t_update = 0.213 s, total = 3.852 s, n_iter = 100, final_shift = 0.000035
