================================================================================
Machine metadata:
================================================================================
CPU Vendor: AuthenticAMD
CPU Model: Common KVM processor
CPU Cores:                       8
Threads per core: 1
Threads per core: 1 (no symmetric multithreading)
CPU MHz: 
RAM: 62.79 GB
OS: Debian GNU/Linux 12 (bookworm)
GCC version: gcc (Debian 12.2.0-14+deb12u1) 12.2.0
================================================================================
Experiment results:
================================================================================
Repetition 1: t_classify = 10.346 s, t_update = 1.631 s, total = 11.977 s, n_iter = 100, final_shift = 0.000000
Repetition 2: t_classify = 10.403 s, t_update = 1.711 s, total = 12.114 s, n_iter = 100, final_shift = 0.000000
Repetition 3: t_classify = 10.503 s, t_update = 1.686 s, total = 12.189 s, n_iter = 100, final_shift = 0.000000
Repetition 4: t_classify = 10.349 s, t_update = 1.640 s, total = 11.989 s, n_iter = 100, final_shift = 0.000000
Repetition 5: t_classify = 10.434 s, t_update = 1.771 s, total = 12.205 s, n_iter = 100, final_shift = 0.000000
