================================================================================
Machine metadata:
================================================================================
CPU Vendor: AuthenticAMD
CPU Model: Common KVM processor
CPU Cores:                       8
Threads per core: 1
Threads per core: 1 (no symmetric multithreading)
CPU MHz: 
RAM: 62.79 GB
OS: Debian GNU/Linux 12 (bookworm)
GCC version: gcc (Debian 12.2.0-14+deb12u1) 12.2.0
================================================================================
Experiment results:
================================================================================
Repetition 1: t_classify = 4.538 s, t_update = 0.463 s, total = 5.002 s, n_iter = 100, final_shift = 0.000000
Repetition 2: t_classify = 4.528 s, t_update = 0.451 s, total = 4.979 s, n_iter = 100, final_shift = 0.000000
Repetition 3: t_classify = 4.533 s, t_update = 0.445 s, total = 4.978 s, n_iter = 100, final_shift = 0.000000
Repetition 4: t_classify = 4.522 s, t_update = 0.447 s, total = 4.969 s, n_iter = 100, final_shift = 0.000000
Repetition 5: t_classify = 4.522 s, t_update = 0.448 s, total = 4.970 s, n_iter = 100, final_shift = 0.000000
