================================================================================
Machine metadata:
================================================================================
CPU Vendor: AuthenticAMD
CPU Model: Common KVM processor
CPU Cores:                       8
Threads per core: 1
Threads per core: 1 (no symmetric multithreading)
CPU MHz: 
RAM: 62.79 GB
OS: Debian GNU/Linux 12 (bookworm)
GCC version: gcc (Debian 12.2.0-14+deb12u1) 12.2.0
================================================================================
Experiment results:
================================================================================
Repetition 1: t_classify = 0.301 s, t_update = 0.036 s, total = 0.336 s, n_iter = 100, final_shift = 0.000000
Repetition 2: t_classify = 0.309 s, t_update = 0.038 s, total = 0.347 s, n_iter = 100, final_shift = 0.000000
Repetition 3: t_classify = 0.309 s, t_update = 0.040 s, total = 0.349 s, n_iter = 100, final_shift = 0.000000
Repetition 4: t_classify = 0.305 s, t_update = 0.038 s, total = 0.343 s, n_iter = 100, final_shift = 0.000000
Repetition 5: t_classify = 0.300 s, t_update = 0.036 s, total = 0.336 s, n_iter = 100, final_shift = 0.000000
