================================================================================
Machine metadata:
================================================================================
CPU Vendor: AuthenticAMD
CPU Model: Common KVM processor
CPU Cores:                       8
Threads per core: 1
Threads per core: 1 (no symmetric multithreading)
CPU MHz: 
RAM: 62.79 GB
OS: Debian GNU/Linux 12 (bookworm)
GCC version: gcc (Debian 12.2.0-14+deb12u1) 12.2.0
================================================================================
Experiment results:
================================================================================
Repetition 1: t_classify = 10.418 s, t_update = 1.220 s, total = 11.638 s, n_iter = 100, final_shift = 0.000000
Repetition 2: t_classify = 10.380 s, t_update = 1.210 s, total = 11.589 s, n_iter = 100, final_shift = 0.000000
Repetition 3: t_classify = 10.361 s, t_update = 1.210 s, total = 11.571 s, n_iter = 100, final_shift = 0.000000
Repetition 4: t_classify = 10.363 s, t_update = 1.211 s, total = 11.574 s, n_iter = 100, final_shift = 0.000000
Repetition 5: t_classify = 10.385 s, t_update = 1.213 s, total = 11.597 s, n_iter = 100, final_shift = 0.000000
