================================================================================
Machine metadata:
================================================================================
CPU Vendor: AuthenticAMD
CPU Model: Common KVM processor
CPU Cores:                       8
Threads per core: 1
Threads per core: 1 (no symmetric multithreading)
CPU MHz: 
RAM: 62.79 GB
OS: Debian GNU/Linux 12 (bookworm)
GCC version: gcc (Debian 12.2.0-14+deb12u1) 12.2.0
================================================================================
Experiment results:
================================================================================
Repetition 1: t_classify = 19.617 s, t_update = 0.946 s, total = 20.563 s, n_iter = 100, final_shift = 0.000000
Repetition 2: t_classify = 19.572 s, t_update = 0.965 s, total = 20.537 s, n_iter = 100, final_shift = 0.000000
Repetition 3: t_classify = 19.606 s, t_update = 1.014 s, total = 20.620 s, n_iter = 100, final_shift = 0.000000
Repetition 4: t_classify = 19.681 s, t_update = 1.040 s, total = 20.721 s, n_iter = 100, final_shift = 0.000000
Repetition 5: t_classify = 19.672 s, t_update = 1.055 s, total = 20.728 s, n_iter = 100, final_shift = 0.000000
