================================================================================
Machine metadata:
================================================================================
CPU Vendor: AuthenticAMD
CPU Model: Common KVM processor
CPU Cores:                       8
Threads per core: 1
Threads per core: 1 (no symmetric multithreading)
CPU MHz: 
RAM: 62.79 GB
OS: Debian GNU/Linux 12 (bookworm)
GCC version: gcc (Debian 12.2.0-14+deb12u1) 12.2.0
================================================================================
Experiment results:
================================================================================
Repetition 1: t_classify = 7.213 s, t_update = 0.412 s, total = 7.625 s, n_iter = 100, final_shift = 0.000000
Repetition 2: t_classify = 7.209 s, t_update = 0.415 s, total = 7.623 s, n_iter = 100, final_shift = 0.000000
Repetition 3: t_classify = 7.257 s, t_update = 0.413 s, total = 7.670 s, n_iter = 100, final_shift = 0.000000
Repetition 4: t_classify = 7.199 s, t_update = 0.410 s, total = 7.608 s, n_iter = 100, final_shift = 0.000000
Repetition 5: t_classify = 7.228 s, t_update = 0.417 s, total = 7.645 s, n_iter = 100, final_shift = 0.000000
