================================================================================
Machine metadata:
================================================================================
CPU Vendor: AuthenticAMD
CPU Model: Common KVM processor
CPU Cores:                       8
Threads per core: 1
Threads per core: 1 (no symmetric multithreading)
CPU MHz: 
RAM: 62.79 GB
OS: Debian GNU/Linux 12 (bookworm)
GCC version: gcc (Debian 12.2.0-14+deb12u1) 12.2.0
================================================================================
Experiment results:
================================================================================
Repetition 1: t_classify = 14.291 s, t_update = 0.712 s, total = 15.003 s, n_iter = 100, final_shift = 0.014039
Repetition 2: t_classify = 14.291 s, t_update = 0.683 s, total = 14.974 s, n_iter = 100, final_shift = 0.014039
Repetition 3: t_classify = 14.281 s, t_update = 0.677 s, total = 14.958 s, n_iter = 100, final_shift = 0.014039
Repetition 4: t_classify = 14.257 s, t_update = 0.680 s, total = 14.937 s, n_iter = 100, final_shift = 0.014039
Repetition 5: t_classify = 14.261 s, t_update = 0.686 s, total = 14.947 s, n_iter = 100, final_shift = 0.014039
