================================================================================
Machine metadata:
================================================================================
CPU Vendor: AuthenticAMD
CPU Model: Common KVM processor
CPU Cores:                       8
Threads per core: 1
Threads per core: 1 (no symmetric multithreading)
CPU MHz: 
RAM: 62.79 GB
OS: Debian GNU/Linux 12 (bookworm)
GCC version: gcc (Debian 12.2.0-14+deb12u1) 12.2.0
================================================================================
Experiment results:
================================================================================
Repetition 1: t_classify = 6.190 s, t_update = 0.619 s, total = 6.808 s, n_iter = 100, final_shift = 4.487792
Repetition 2: t_classify = 6.194 s, t_update = 0.609 s, total = 6.802 s, n_iter = 100, final_shift = 4.487792
Repetition 3: t_classify = 6.169 s, t_update = 0.612 s, total = 6.781 s, n_iter = 100, final_shift = 4.487792
Repetition 4: t_classify = 6.171 s, t_update = 0.607 s, total = 6.778 s, n_iter = 100, final_shift = 4.487792
Repetition 5: t_classify = 6.208 s, t_update = 0.608 s, total = 6.815 s, n_iter = 100, final_shift = 4.487792
