================================================================================
Machine metadata:
================================================================================
CPU Vendor: AuthenticAMD
CPU Model: Common KVM processor
CPU Cores:                       8
Threads per core: 1
Threads per core: 1 (no symmetric multithreading)
CPU MHz: 
RAM: 62.79 GB
OS: Debian GNU/Linux 12 (bookworm)
GCC version: gcc (Debian 12.2.0-14+deb12u1) 12.2.0
================================================================================
Experiment results:
================================================================================
Repetition 1: t_classify = 6.959 s, t_update = 0.663 s, total = 7.622 s, n_iter = 100, final_shift = 0.000000
Repetition 2: t_classify = 6.953 s, t_update = 0.646 s, total = 7.599 s, n_iter = 100, final_shift = 0.000000
Repetition 3: t_classify = 6.951 s, t_update = 0.652 s, total = 7.603 s, n_iter = 100, final_shift = 0.000000
Repetition 4: t_classify = 6.962 s, t_update = 0.659 s, total = 7.621 s, n_iter = 100, final_shift = 0.000000
Repetition 5: t_classify = 6.954 s, t_update = 0.664 s, total = 7.618 s, n_iter = 100, final_shift = 0.000000
