================================================================================
Machine metadata:
================================================================================
CPU Vendor: AuthenticAMD
CPU Model: Common KVM processor
CPU Cores:                       8
Threads per core: 1
Threads per core: 1 (no symmetric multithreading)
CPU MHz: 
RAM: 62.79 GB
OS: Debian GNU/Linux 12 (bookworm)
GCC version: gcc (Debian 12.2.0-14+deb12u1) 12.2.0
================================================================================
Experiment results:
================================================================================
Repetition 1: t_classify = 4.449 s, t_update = 0.258 s, total = 4.707 s, n_iter = 100, final_shift = 0.000019
Repetition 2: t_classify = 4.461 s, t_update = 0.261 s, total = 4.722 s, n_iter = 100, final_shift = 0.000019
Repetition 3: t_classify = 4.454 s, t_update = 0.262 s, total = 4.716 s, n_iter = 100, final_shift = 0.000019
Repetition 4: t_classify = 4.454 s, t_update = 0.265 s, total = 4.719 s, n_iter = 100, final_shift = 0.000019
Repetition 5: t_classify = 4.488 s, t_update = 0.263 s, total = 4.751 s, n_iter = 100, final_shift = 0.000019
