================================================================================
Machine metadata:
================================================================================
CPU Vendor: AuthenticAMD
CPU Model: Common KVM processor
CPU Cores:                       8
Threads per core: 1
Threads per core: 1 (no symmetric multithreading)
CPU MHz: 
RAM: 62.79 GB
OS: Debian GNU/Linux 12 (bookworm)
GCC version: gcc (Debian 12.2.0-14+deb12u1) 12.2.0
================================================================================
Experiment results:
================================================================================
Repetition 1: t_classify = 2.449 s, t_update = 0.403 s, total = 2.852 s, n_iter = 100, final_shift = 0.000000
Repetition 2: t_classify = 2.440 s, t_update = 0.399 s, total = 2.840 s, n_iter = 100, final_shift = 0.000000
Repetition 3: t_classify = 2.444 s, t_update = 0.409 s, total = 2.852 s, n_iter = 100, final_shift = 0.000000
Repetition 4: t_classify = 2.444 s, t_update = 0.406 s, total = 2.851 s, n_iter = 100, final_shift = 0.000000
Repetition 5: t_classify = 2.441 s, t_update = 0.402 s, total = 2.843 s, n_iter = 100, final_shift = 0.000000
