================================================================================
Machine metadata:
================================================================================
CPU Vendor: AuthenticAMD
CPU Model: Common KVM processor
CPU Cores:                       8
Threads per core: 1
Threads per core: 1 (no symmetric multithreading)
CPU MHz: 
RAM: 62.79 GB
OS: Debian GNU/Linux 12 (bookworm)
GCC version: gcc (Debian 12.2.0-14+deb12u1) 12.2.0
================================================================================
Experiment results:
================================================================================
Repetition 1: t_classify = 0.792 s, t_update = 0.090 s, total = 0.883 s, n_iter = 100, final_shift = 0.000043
Repetition 2: t_classify = 0.792 s, t_update = 0.091 s, total = 0.883 s, n_iter = 100, final_shift = 0.000042
Repetition 3: t_classify = 0.793 s, t_update = 0.091 s, total = 0.884 s, n_iter = 100, final_shift = 0.000042
Repetition 4: t_classify = 0.793 s, t_update = 0.090 s, total = 0.883 s, n_iter = 100, final_shift = 0.000072
Repetition 5: t_classify = 0.791 s, t_update = 0.092 s, total = 0.882 s, n_iter = 100, final_shift = 0.000000
