================================================================================
Machine metadata:
================================================================================
CPU Vendor: AuthenticAMD
CPU Model: Common KVM processor
CPU Cores:                       8
Threads per core: 1
Threads per core: 1 (no symmetric multithreading)
CPU MHz: 
RAM: 62.79 GB
OS: Debian GNU/Linux 12 (bookworm)
GCC version: gcc (Debian 12.2.0-14+deb12u1) 12.2.0
================================================================================
Experiment results:
================================================================================
Repetition 1: t_classify = 1.731 s, t_update = 0.161 s, total = 1.891 s, n_iter = 100, final_shift = 15.458982
Repetition 2: t_classify = 1.735 s, t_update = 0.163 s, total = 1.898 s, n_iter = 100, final_shift = 15.458883
Repetition 3: t_classify = 1.735 s, t_update = 0.165 s, total = 1.900 s, n_iter = 100, final_shift = 15.458869
Repetition 4: t_classify = 1.736 s, t_update = 0.168 s, total = 1.904 s, n_iter = 100, final_shift = 15.458978
Repetition 5: t_classify = 1.729 s, t_update = 0.166 s, total = 1.895 s, n_iter = 100, final_shift = 15.458937
