================================================================================
Machine metadata:
================================================================================
CPU Vendor: AuthenticAMD
CPU Model: Common KVM processor
CPU Cores:                       8
Threads per core: 1
Threads per core: 1 (no symmetric multithreading)
CPU MHz: 
RAM: 62.79 GB
OS: Debian GNU/Linux 12 (bookworm)
GCC version: gcc (Debian 12.2.0-14+deb12u1) 12.2.0
================================================================================
Experiment results:
================================================================================
Repetition 1: t_classify = 5.136 s, t_update = 0.491 s, total = 5.627 s, n_iter = 100, final_shift = 0.000000
Repetition 2: t_classify = 5.128 s, t_update = 0.493 s, total = 5.621 s, n_iter = 100, final_shift = 0.000000
Repetition 3: t_classify = 5.133 s, t_update = 0.492 s, total = 5.625 s, n_iter = 100, final_shift = 0.000000
Repetition 4: t_classify = 5.145 s, t_update = 0.498 s, total = 5.642 s, n_iter = 100, final_shift = 0.000000
Repetition 5: t_classify = 5.133 s, t_update = 0.491 s, total = 5.624 s, n_iter = 100, final_shift = 0.000000
