================================================================================
Machine metadata:
================================================================================
CPU Vendor: AuthenticAMD
CPU Model: Common KVM processor
CPU Cores:                       8
Threads per core: 1
Threads per core: 1 (no symmetric multithreading)
CPU MHz: 
RAM: 62.79 GB
OS: Debian GNU/Linux 12 (bookworm)
GCC version: gcc (Debian 12.2.0-14+deb12u1) 12.2.0
================================================================================
Experiment results:
================================================================================
Repetition 1: t_classify = 4.686 s, t_update = 0.225 s, total = 4.912 s, n_iter = 100, final_shift = 0.018047
Repetition 2: t_classify = 4.685 s, t_update = 0.221 s, total = 4.905 s, n_iter = 100, final_shift = 0.033701
Repetition 3: t_classify = 4.681 s, t_update = 0.221 s, total = 4.902 s, n_iter = 100, final_shift = 0.041893
Repetition 4: t_classify = 4.693 s, t_update = 0.226 s, total = 4.919 s, n_iter = 100, final_shift = 0.041890
Repetition 5: t_classify = 4.695 s, t_update = 0.237 s, total = 4.932 s, n_iter = 100, final_shift = 0.033699
