================================================================================
Machine metadata:
================================================================================
CPU Vendor: AuthenticAMD
CPU Model: Common KVM processor
CPU Cores:                       8
Threads per core: 1
Threads per core: 1 (no symmetric multithreading)
CPU MHz: 
RAM: 62.79 GB
OS: Debian GNU/Linux 12 (bookworm)
GCC version: gcc (Debian 12.2.0-14+deb12u1) 12.2.0
================================================================================
Experiment results:
================================================================================
Repetition 1: t_classify = 7.277 s, t_update = 1.166 s, total = 8.444 s, n_iter = 100, final_shift = 0.000175
Repetition 2: t_classify = 7.257 s, t_update = 1.127 s, total = 8.385 s, n_iter = 100, final_shift = 0.002041
Repetition 3: t_classify = 7.265 s, t_update = 1.182 s, total = 8.447 s, n_iter = 100, final_shift = 0.000175
Repetition 4: t_classify = 7.252 s, t_update = 1.143 s, total = 8.395 s, n_iter = 100, final_shift = 0.000197
Repetition 5: t_classify = 7.265 s, t_update = 1.165 s, total = 8.430 s, n_iter = 100, final_shift = 0.000781
