================================================================================
Machine metadata:
================================================================================
CPU Vendor: AuthenticAMD
CPU Model: Common KVM processor
CPU Cores:                       8
Threads per core: 1
Threads per core: 1 (no symmetric multithreading)
CPU MHz: 
RAM: 62.79 GB
OS: Debian GNU/Linux 12 (bookworm)
GCC version: gcc (Debian 12.2.0-14+deb12u1) 12.2.0
================================================================================
Experiment results:
================================================================================
Repetition 1: t_classify = 28.221 s, t_update = 1.332 s, total = 29.553 s, n_iter = 100, final_shift = 0.022385
Repetition 2: t_classify = 28.231 s, t_update = 1.330 s, total = 29.561 s, n_iter = 100, final_shift = 0.022385
Repetition 3: t_classify = 28.237 s, t_update = 1.345 s, total = 29.582 s, n_iter = 100, final_shift = 0.022385
Repetition 4: t_classify = 28.259 s, t_update = 1.352 s, total = 29.612 s, n_iter = 100, final_shift = 0.022385
Repetition 5: t_classify = 28.152 s, t_update = 1.328 s, total = 29.480 s, n_iter = 100, final_shift = 0.022385
