================================================================================
Machine metadata:
================================================================================
CPU Vendor: AuthenticAMD
CPU Model: Common KVM processor
CPU Cores:                       8
Threads per core: 1
Threads per core: 1 (no symmetric multithreading)
CPU MHz: 
RAM: 62.79 GB
OS: Debian GNU/Linux 12 (bookworm)
GCC version: gcc (Debian 12.2.0-14+deb12u1) 12.2.0
================================================================================
Experiment results:
================================================================================
Repetition 1: t_classify = 7.195 s, t_update = 0.338 s, total = 7.533 s, n_iter = 100, final_shift = 0.015669
Repetition 2: t_classify = 7.202 s, t_update = 0.340 s, total = 7.542 s, n_iter = 100, final_shift = 0.015669
Repetition 3: t_classify = 7.197 s, t_update = 0.342 s, total = 7.538 s, n_iter = 100, final_shift = 0.015669
Repetition 4: t_classify = 7.184 s, t_update = 0.337 s, total = 7.521 s, n_iter = 100, final_shift = 0.015669
Repetition 5: t_classify = 7.192 s, t_update = 0.342 s, total = 7.534 s, n_iter = 100, final_shift = 0.015669
