================================================================================
Machine metadata:
================================================================================
CPU Vendor: AuthenticAMD
CPU Model: Common KVM processor
CPU Cores:                       8
Threads per core: 1
Threads per core: 1 (no symmetric multithreading)
CPU MHz: 
RAM: 62.79 GB
OS: Debian GNU/Linux 12 (bookworm)
GCC version: gcc (Debian 12.2.0-14+deb12u1) 12.2.0
================================================================================
Experiment results:
================================================================================
Repetition 1: t_classify = 1.803 s, t_update = 0.089 s, total = 1.893 s, n_iter = 100, final_shift = 0.077576
Repetition 2: t_classify = 1.804 s, t_update = 0.088 s, total = 1.892 s, n_iter = 100, final_shift = 0.077576
Repetition 3: t_classify = 1.801 s, t_update = 0.088 s, total = 1.890 s, n_iter = 100, final_shift = 0.077576
Repetition 4: t_classify = 1.804 s, t_update = 0.090 s, total = 1.893 s, n_iter = 100, final_shift = 0.077576
Repetition 5: t_classify = 1.812 s, t_update = 0.092 s, total = 1.904 s, n_iter = 100, final_shift = 0.077576
