================================================================================
Machine metadata:
================================================================================
CPU Vendor: AuthenticAMD
CPU Model: Common KVM processor
CPU Cores:                       8
Threads per core: 1
Threads per core: 1 (no symmetric multithreading)
CPU MHz: 
RAM: 62.79 GB
OS: Debian GNU/Linux 12 (bookworm)
GCC version: gcc (Debian 12.2.0-14+deb12u1) 12.2.0
================================================================================
Experiment results:
================================================================================
Repetition 1: t_classify = 51.594 s, t_update = 2.399 s, total = 53.994 s, n_iter = 100, final_shift = 3.092527
Repetition 2: t_classify = 51.601 s, t_update = 2.402 s, total = 54.004 s, n_iter = 100, final_shift = 3.092527
Repetition 3: t_classify = 51.561 s, t_update = 2.402 s, total = 53.963 s, n_iter = 100, final_shift = 3.092527
Repetition 4: t_classify = 51.571 s, t_update = 2.398 s, total = 53.969 s, n_iter = 100, final_shift = 3.092527
Repetition 5: t_classify = 51.622 s, t_update = 2.407 s, total = 54.028 s, n_iter = 100, final_shift = 3.092527
