================================================================================
Machine metadata:
================================================================================
CPU Vendor: AuthenticAMD
CPU Model: Common KVM processor
CPU Cores:                       8
Threads per core: 1
Threads per core: 1 (no symmetric multithreading)
CPU MHz: 
RAM: 62.79 GB
OS: Debian GNU/Linux 12 (bookworm)
GCC version: gcc (Debian 12.2.0-14+deb12u1) 12.2.0
================================================================================
Experiment results:
================================================================================
Repetition 1: t_classify = 10.550 s, t_update = 0.609 s, total = 11.160 s, n_iter = 100, final_shift = 0.000202
Repetition 2: t_classify = 10.551 s, t_update = 0.609 s, total = 11.160 s, n_iter = 100, final_shift = 0.000202
Repetition 3: t_classify = 10.580 s, t_update = 0.608 s, total = 11.188 s, n_iter = 100, final_shift = 0.000202
Repetition 4: t_classify = 10.607 s, t_update = 0.610 s, total = 11.217 s, n_iter = 100, final_shift = 0.000202
Repetition 5: t_classify = 10.591 s, t_update = 0.609 s, total = 11.199 s, n_iter = 100, final_shift = 0.000202
