================================================================================
Machine metadata:
================================================================================
CPU Vendor: AuthenticAMD
CPU Model: Common KVM processor
CPU Cores:                       8
Threads per core: 1
Threads per core: 1 (no symmetric multithreading)
CPU MHz: 
RAM: 62.79 GB
OS: Debian GNU/Linux 12 (bookworm)
GCC version: gcc (Debian 12.2.0-14+deb12u1) 12.2.0
================================================================================
Experiment results:
================================================================================
Repetition 1: t_classify = 0.925 s, t_update = 0.056 s, total = 0.981 s, n_iter = 100, final_shift = 0.002184
Repetition 2: t_classify = 0.919 s, t_update = 0.056 s, total = 0.975 s, n_iter = 100, final_shift = 0.002184
Repetition 3: t_classify = 0.929 s, t_update = 0.058 s, total = 0.987 s, n_iter = 100, final_shift = 0.002184
Repetition 4: t_classify = 0.975 s, t_update = 0.058 s, total = 1.034 s, n_iter = 100, final_shift = 0.002184
Repetition 5: t_classify = 0.921 s, t_update = 0.056 s, total = 0.977 s, n_iter = 100, final_shift = 0.002184
