================================================================================
Machine metadata:
================================================================================
CPU Vendor: AuthenticAMD
CPU Model: Common KVM processor
CPU Cores:                       8
Threads per core: 1
Threads per core: 1 (no symmetric multithreading)
CPU MHz: 
RAM: 62.79 GB
OS: Debian GNU/Linux 12 (bookworm)
GCC version: gcc (Debian 12.2.0-14+deb12u1) 12.2.0
================================================================================
Experiment results:
================================================================================
Repetition 1: t_classify = 5.196 s, t_update = 0.290 s, total = 5.486 s, n_iter = 100, final_shift = 0.002656
Repetition 2: t_classify = 5.194 s, t_update = 0.293 s, total = 5.488 s, n_iter = 100, final_shift = 0.002656
Repetition 3: t_classify = 5.202 s, t_update = 0.290 s, total = 5.493 s, n_iter = 100, final_shift = 0.002656
Repetition 4: t_classify = 5.204 s, t_update = 0.293 s, total = 5.497 s, n_iter = 100, final_shift = 0.002656
Repetition 5: t_classify = 5.193 s, t_update = 0.291 s, total = 5.485 s, n_iter = 100, final_shift = 0.002656
