================================================================================
Machine metadata:
================================================================================
CPU Vendor: AuthenticAMD
CPU Model: Common KVM processor
CPU Cores:                       8
Threads per core: 1
Threads per core: 1 (no symmetric multithreading)
CPU MHz: 
RAM: 62.79 GB
OS: Debian GNU/Linux 12 (bookworm)
GCC version: gcc (Debian 12.2.0-14+deb12u1) 12.2.0
================================================================================
Experiment results:
================================================================================
Repetition 1: t_classify = 51.180 s, t_update = 2.459 s, total = 53.639 s, n_iter = 100, final_shift = 0.008279
Repetition 2: t_classify = 51.195 s, t_update = 2.461 s, total = 53.656 s, n_iter = 100, final_shift = 0.008279
Repetition 3: t_classify = 51.184 s, t_update = 2.476 s, total = 53.660 s, n_iter = 100, final_shift = 0.008279
Repetition 4: t_classify = 51.214 s, t_update = 2.463 s, total = 53.677 s, n_iter = 100, final_shift = 0.008279
Repetition 5: t_classify = 51.557 s, t_update = 2.470 s, total = 54.027 s, n_iter = 100, final_shift = 0.008279
