================================================================================
Machine metadata:
================================================================================
CPU Vendor: AuthenticAMD
CPU Model: Common KVM processor
CPU Cores:                       8
Threads per core: 1
Threads per core: 1 (no symmetric multithreading)
CPU MHz: 
RAM: 62.79 GB
OS: Debian GNU/Linux 12 (bookworm)
GCC version: gcc (Debian 12.2.0-14+deb12u1) 12.2.0
================================================================================
Experiment results:
================================================================================
Repetition 1: t_classify = 7.110 s, t_update = 0.409 s, total = 7.519 s, n_iter = 100, final_shift = 0.057275
Repetition 2: t_classify = 7.118 s, t_update = 0.410 s, total = 7.527 s, n_iter = 100, final_shift = 0.057275
Repetition 3: t_classify = 7.117 s, t_update = 0.410 s, total = 7.527 s, n_iter = 100, final_shift = 0.057275
Repetition 4: t_classify = 7.113 s, t_update = 0.409 s, total = 7.523 s, n_iter = 100, final_shift = 0.057275
Repetition 5: t_classify = 7.119 s, t_update = 0.411 s, total = 7.530 s, n_iter = 100, final_shift = 0.057275
