================================================================================
Machine metadata:
================================================================================
CPU Vendor: AuthenticAMD
CPU Model: Common KVM processor
CPU Cores:                       8
Threads per core: 1
Threads per core: 1 (no symmetric multithreading)
CPU MHz: 
RAM: 62.79 GB
OS: Debian GNU/Linux 12 (bookworm)
GCC version: gcc (Debian 12.2.0-14+deb12u1) 12.2.0
================================================================================
Experiment results:
================================================================================
Repetition 1: t_classify = 3.118 s, t_update = 0.184 s, total = 3.302 s, n_iter = 100, final_shift = 0.060045
Repetition 2: t_classify = 3.100 s, t_update = 0.183 s, total = 3.283 s, n_iter = 100, final_shift = 0.060045
Repetition 3: t_classify = 3.106 s, t_update = 0.182 s, total = 3.288 s, n_iter = 100, final_shift = 0.060045
Repetition 4: t_classify = 3.094 s, t_update = 0.181 s, total = 3.276 s, n_iter = 100, final_shift = 0.060045
Repetition 5: t_classify = 3.115 s, t_update = 0.185 s, total = 3.300 s, n_iter = 100, final_shift = 0.060045
