================================================================================
Machine metadata:
================================================================================
CPU Vendor: AuthenticAMD
CPU Model: Common KVM processor
CPU Cores:                       8
Threads per core: 1
Threads per core: 1 (no symmetric multithreading)
CPU MHz: 
RAM: 62.79 GB
OS: Debian GNU/Linux 12 (bookworm)
GCC version: gcc (Debian 12.2.0-14+deb12u1) 12.2.0
================================================================================
Experiment results:
================================================================================
Repetition 1: t_classify = 25.573 s, t_update = 1.199 s, total = 26.771 s, n_iter = 100, final_shift = 0.000000
Repetition 2: t_classify = 25.607 s, t_update = 1.209 s, total = 26.816 s, n_iter = 100, final_shift = 0.000000
Repetition 3: t_classify = 25.580 s, t_update = 1.205 s, total = 26.785 s, n_iter = 100, final_shift = 0.000000
Repetition 4: t_classify = 25.566 s, t_update = 1.200 s, total = 26.766 s, n_iter = 100, final_shift = 0.000000
Repetition 5: t_classify = 25.591 s, t_update = 1.198 s, total = 26.789 s, n_iter = 100, final_shift = 0.000000
