================================================================================
Machine metadata:
================================================================================
CPU Vendor: AuthenticAMD
CPU Model: Common KVM processor
CPU Cores:                       8
Threads per core: 1
Threads per core: 1 (no symmetric multithreading)
CPU MHz: 
RAM: 62.79 GB
OS: Debian GNU/Linux 12 (bookworm)
GCC version: gcc (Debian 12.2.0-14+deb12u1) 12.2.0
================================================================================
Experiment results:
================================================================================
Repetition 1: t_classify = 0.745 s, t_update = 0.119 s, total = 0.865 s, n_iter = 100, final_shift = 0.134154
Repetition 2: t_classify = 0.743 s, t_update = 0.116 s, total = 0.859 s, n_iter = 100, final_shift = 0.782140
Repetition 3: t_classify = 0.745 s, t_update = 0.121 s, total = 0.865 s, n_iter = 100, final_shift = 0.782156
Repetition 4: t_classify = 0.744 s, t_update = 0.118 s, total = 0.862 s, n_iter = 100, final_shift = 0.134156
Repetition 5: t_classify = 0.743 s, t_update = 0.117 s, total = 0.861 s, n_iter = 100, final_shift = 0.134158
