================================================================================
Machine metadata:
================================================================================
CPU Vendor: AuthenticAMD
CPU Model: Common KVM processor
CPU Cores:                       8
Threads per core: 1
Threads per core: 1 (no symmetric multithreading)
CPU MHz: 
RAM: 62.79 GB
OS: Debian GNU/Linux 12 (bookworm)
GCC version: gcc (Debian 12.2.0-14+deb12u1) 12.2.0
================================================================================
Experiment results:
================================================================================
Repetition 1: t_classify = 3.971 s, t_update = 0.398 s, total = 4.369 s, n_iter = 100, final_shift = 0.000000
Repetition 2: t_classify = 3.965 s, t_update = 0.397 s, total = 4.363 s, n_iter = 100, final_shift = 0.000000
Repetition 3: t_classify = 3.972 s, t_update = 0.397 s, total = 4.369 s, n_iter = 100, final_shift = 0.000000
Repetition 4: t_classify = 3.970 s, t_update = 0.399 s, total = 4.368 s, n_iter = 100, final_shift = 0.000000
Repetition 5: t_classify = 3.964 s, t_update = 0.389 s, total = 4.353 s, n_iter = 100, final_shift = 0.000000
