================================================================================
Machine metadata:
================================================================================
CPU Vendor: AuthenticAMD
CPU Model: Common KVM processor
CPU Cores:                       8
Threads per core: 1
Threads per core: 1 (no symmetric multithreading)
CPU MHz: 
RAM: 62.79 GB
OS: Debian GNU/Linux 12 (bookworm)
GCC version: gcc (Debian 12.2.0-14+deb12u1) 12.2.0
================================================================================
Experiment results:
================================================================================
Repetition 1: t_classify = 24.161 s, t_update = 3.928 s, total = 28.089 s, n_iter = 100, final_shift = 0.000000
Repetition 2: t_classify = 24.185 s, t_update = 3.932 s, total = 28.118 s, n_iter = 100, final_shift = 0.000000
Repetition 3: t_classify = 24.202 s, t_update = 3.943 s, total = 28.146 s, n_iter = 100, final_shift = 0.000000
Repetition 4: t_classify = 24.187 s, t_update = 3.932 s, total = 28.119 s, n_iter = 100, final_shift = 0.000000
Repetition 5: t_classify = 24.269 s, t_update = 3.959 s, total = 28.228 s, n_iter = 100, final_shift = 0.000000
