================================================================================
Machine metadata:
================================================================================
CPU Vendor: AuthenticAMD
CPU Model: Common KVM processor
CPU Cores:                       8
Threads per core: 1
Threads per core: 1 (no symmetric multithreading)
CPU MHz: 
RAM: 62.79 GB
OS: Debian GNU/Linux 12 (bookworm)
GCC version: gcc (Debian 12.2.0-14+deb12u1) 12.2.0
================================================================================
Experiment results:
================================================================================
Repetition 1: t_classify = 17.294 s, t_update = 0.837 s, total = 18.131 s, n_iter = 100, final_shift = 0.015487
Repetition 2: t_classify = 17.332 s, t_update = 0.845 s, total = 18.177 s, n_iter = 100, final_shift = 0.015487
Repetition 3: t_classify = 17.326 s, t_update = 0.825 s, total = 18.151 s, n_iter = 100, final_shift = 0.015487
Repetition 4: t_classify = 17.305 s, t_update = 0.833 s, total = 18.138 s, n_iter = 100, final_shift = 0.015487
Repetition 5: t_classify = 17.302 s, t_update = 0.832 s, total = 18.134 s, n_iter = 100, final_shift = 0.015487
