================================================================================
Machine metadata:
================================================================================
CPU Vendor: AuthenticAMD
CPU Model: Common KVM processor
CPU Cores:                       8
Threads per core: 1
Threads per core: 1 (no symmetric multithreading)
CPU MHz: 
RAM: 62.79 GB
OS: Debian GNU/Linux 12 (bookworm)
GCC version: gcc (Debian 12.2.0-14+deb12u1) 12.2.0
================================================================================
Experiment results:
================================================================================
Repetition 1: t_classify = 8.605 s, t_update = 1.359 s, total = 9.964 s, n_iter = 100, final_shift = 0.083181
Repetition 2: t_classify = 8.614 s, t_update = 1.333 s, total = 9.947 s, n_iter = 100, final_shift = 0.083182
Repetition 3: t_classify = 8.645 s, t_update = 1.358 s, total = 10.003 s, n_iter = 100, final_shift = 0.083183
Repetition 4: t_classify = 8.613 s, t_update = 1.333 s, total = 9.945 s, n_iter = 100, final_shift = 0.083179
Repetition 5: t_classify = 8.598 s, t_update = 1.335 s, total = 9.933 s, n_iter = 100, final_shift = 0.083182
