================================================================================
Machine metadata:
================================================================================
CPU Vendor: AuthenticAMD
CPU Model: Common KVM processor
CPU Cores:                       8
Threads per core: 1
Threads per core: 1 (no symmetric multithreading)
CPU MHz: 
RAM: 62.79 GB
OS: Debian GNU/Linux 12 (bookworm)
GCC version: gcc (Debian 12.2.0-14+deb12u1) 12.2.0
================================================================================
Experiment results:
================================================================================
Repetition 1: t_classify = 4.334 s, t_update = 0.694 s, total = 5.029 s, n_iter = 100, final_shift = 0.125040
Repetition 2: t_classify = 4.318 s, t_update = 0.669 s, total = 4.987 s, n_iter = 100, final_shift = 0.131885
Repetition 3: t_classify = 4.347 s, t_update = 0.705 s, total = 5.052 s, n_iter = 100, final_shift = 0.100235
Repetition 4: t_classify = 4.319 s, t_update = 0.681 s, total = 5.000 s, n_iter = 100, final_shift = 0.123146
Repetition 5: t_classify = 4.325 s, t_update = 0.689 s, total = 5.014 s, n_iter = 100, final_shift = 0.160543
