================================================================================
Machine metadata:
================================================================================
CPU Vendor: AuthenticAMD
CPU Model: Common KVM processor
CPU Cores:                       8
Threads per core: 1
Threads per core: 1 (no symmetric multithreading)
CPU MHz: 
RAM: 62.79 GB
OS: Debian GNU/Linux 12 (bookworm)
GCC version: gcc (Debian 12.2.0-14+deb12u1) 12.2.0
================================================================================
Experiment results:
================================================================================
Repetition 1: t_classify = 14.267 s, t_update = 0.702 s, total = 14.970 s, n_iter = 100, final_shift = 29.271307
Repetition 2: t_classify = 14.266 s, t_update = 0.701 s, total = 14.967 s, n_iter = 100, final_shift = 29.271349
Repetition 3: t_classify = 14.264 s, t_update = 0.692 s, total = 14.957 s, n_iter = 100, final_shift = 34.049911
Repetition 4: t_classify = 14.263 s, t_update = 0.704 s, total = 14.967 s, n_iter = 100, final_shift = 28.646700
Repetition 5: t_classify = 14.276 s, t_update = 0.719 s, total = 14.995 s, n_iter = 100, final_shift = 29.271219
