================================================================================
Machine metadata:
================================================================================
CPU Vendor: AuthenticAMD
CPU Model: Common KVM processor
CPU Cores:                       8
Threads per core: 1
Threads per core: 1 (no symmetric multithreading)
CPU MHz: 
RAM: 62.79 GB
OS: Debian GNU/Linux 12 (bookworm)
GCC version: gcc (Debian 12.2.0-14+deb12u1) 12.2.0
================================================================================
Experiment results:
================================================================================
Repetition 1: t_classify = 1.232 s, t_update = 0.073 s, total = 1.305 s, n_iter = 100, final_shift = 0.003959
Repetition 2: t_classify = 1.221 s, t_update = 0.070 s, total = 1.292 s, n_iter = 100, final_shift = 0.003959
Repetition 3: t_classify = 1.238 s, t_update = 0.074 s, total = 1.312 s, n_iter = 100, final_shift = 0.003959
Repetition 4: t_classify = 1.235 s, t_update = 0.072 s, total = 1.308 s, n_iter = 100, final_shift = 0.003959
Repetition 5: t_classify = 1.230 s, t_update = 0.070 s, total = 1.300 s, n_iter = 100, final_shift = 0.003959
