================================================================================
Machine metadata:
================================================================================
CPU Vendor: AuthenticAMD
CPU Model: Common KVM processor
CPU Cores:                       8
Threads per core: 1
Threads per core: 1 (no symmetric multithreading)
CPU MHz: 
RAM: 62.79 GB
OS: Debian GNU/Linux 12 (bookworm)
GCC version: gcc (Debian 12.2.0-14+deb12u1) 12.2.0
================================================================================
Experiment results:
================================================================================
Repetition 1: t_classify = 5.696 s, t_update = 0.268 s, total = 5.964 s, n_iter = 100, final_shift = 0.000000
Repetition 2: t_classify = 5.702 s, t_update = 0.273 s, total = 5.974 s, n_iter = 100, final_shift = 0.000000
Repetition 3: t_classify = 5.685 s, t_update = 0.268 s, total = 5.954 s, n_iter = 100, final_shift = 0.000000
Repetition 4: t_classify = 5.683 s, t_update = 0.270 s, total = 5.953 s, n_iter = 100, final_shift = 0.000000
Repetition 5: t_classify = 5.695 s, t_update = 0.269 s, total = 5.964 s, n_iter = 100, final_shift = 0.000000
