================================================================================
Machine metadata:
================================================================================
CPU Vendor: AuthenticAMD
CPU Model: Common KVM processor
CPU Cores:                       8
Threads per core: 1
Threads per core: 1 (no symmetric multithreading)
CPU MHz: 
RAM: 62.79 GB
OS: Debian GNU/Linux 12 (bookworm)
GCC version: gcc (Debian 12.2.0-14+deb12u1) 12.2.0
================================================================================
Experiment results:
================================================================================
Repetition 1: t_classify = 9.915 s, t_update = 0.950 s, total = 10.865 s, n_iter = 100, final_shift = 0.000000
Repetition 2: t_classify = 9.949 s, t_update = 0.998 s, total = 10.947 s, n_iter = 100, final_shift = 0.000000
Repetition 3: t_classify = 9.947 s, t_update = 1.064 s, total = 11.011 s, n_iter = 100, final_shift = 0.000000
Repetition 4: t_classify = 10.000 s, t_update = 1.030 s, total = 11.030 s, n_iter = 100, final_shift = 0.000000
Repetition 5: t_classify = 9.902 s, t_update = 0.987 s, total = 10.888 s, n_iter = 100, final_shift = 0.000000
