================================================================================
Machine metadata:
================================================================================
CPU Vendor: AuthenticAMD
CPU Model: Common KVM processor
CPU Cores:                       8
Threads per core: 1
Threads per core: 1 (no symmetric multithreading)
CPU MHz: 
RAM: 62.79 GB
OS: Debian GNU/Linux 12 (bookworm)
GCC version: gcc (Debian 12.2.0-14+deb12u1) 12.2.0
================================================================================
Experiment results:
================================================================================
Repetition 1: t_classify = 3.653 s, t_update = 0.177 s, total = 3.830 s, n_iter = 100, final_shift = 0.009020
Repetition 2: t_classify = 3.631 s, t_update = 0.172 s, total = 3.804 s, n_iter = 100, final_shift = 0.009020
Repetition 3: t_classify = 3.635 s, t_update = 0.172 s, total = 3.807 s, n_iter = 100, final_shift = 0.009020
Repetition 4: t_classify = 3.631 s, t_update = 0.174 s, total = 3.805 s, n_iter = 100, final_shift = 0.009020
Repetition 5: t_classify = 3.630 s, t_update = 0.176 s, total = 3.806 s, n_iter = 100, final_shift = 0.009020
