================================================================================
Machine metadata:
================================================================================
CPU Vendor: AuthenticAMD
CPU Model: Common KVM processor
CPU Cores:                       8
Threads per core: 1
Threads per core: 1 (no symmetric multithreading)
CPU MHz: 
RAM: 62.79 GB
OS: Debian GNU/Linux 12 (bookworm)
GCC version: gcc (Debian 12.2.0-14+deb12u1) 12.2.0
================================================================================
Experiment results:
================================================================================
Repetition 1: t_classify = 21.171 s, t_update = 3.442 s, total = 24.613 s, n_iter = 100, final_shift = 0.000000
Repetition 2: t_classify = 21.169 s, t_update = 3.436 s, total = 24.605 s, n_iter = 100, final_shift = 0.000000
Repetition 3: t_classify = 21.156 s, t_update = 3.466 s, total = 24.621 s, n_iter = 100, final_shift = 0.000000
Repetition 4: t_classify = 21.171 s, t_update = 3.443 s, total = 24.614 s, n_iter = 100, final_shift = 0.000000
Repetition 5: t_classify = 21.186 s, t_update = 3.441 s, total = 24.626 s, n_iter = 100, final_shift = 0.000000
