================================================================================
Machine metadata:
================================================================================
CPU Vendor: AuthenticAMD
CPU Model: Common KVM processor
CPU Cores:                       8
Threads per core: 1
Threads per core: 1 (no symmetric multithreading)
CPU MHz: 
RAM: 62.79 GB
OS: Debian GNU/Linux 12 (bookworm)
GCC version: gcc (Debian 12.2.0-14+deb12u1) 12.2.0
================================================================================
Experiment results:
================================================================================
Repetition 1: t_classify = 2.099 s, t_update = 0.416 s, total = 2.515 s, n_iter = 100, final_shift = 0.000000
Repetition 2: t_classify = 2.092 s, t_update = 0.410 s, total = 2.502 s, n_iter = 100, final_shift = 0.000000
Repetition 3: t_classify = 2.096 s, t_update = 0.413 s, total = 2.509 s, n_iter = 100, final_shift = 0.000000
Repetition 4: t_classify = 2.096 s, t_update = 0.413 s, total = 2.509 s, n_iter = 100, final_shift = 0.000000
Repetition 5: t_classify = 2.103 s, t_update = 0.414 s, total = 2.517 s, n_iter = 100, final_shift = 0.000000
