================================================================================
Machine metadata:
================================================================================
CPU Vendor: AuthenticAMD
CPU Model: Common KVM processor
CPU Cores:                       8
Threads per core: 1
Threads per core: 1 (no symmetric multithreading)
CPU MHz: 
RAM: 62.79 GB
OS: Debian GNU/Linux 12 (bookworm)
GCC version: gcc (Debian 12.2.0-14+deb12u1) 12.2.0
================================================================================
Experiment results:
================================================================================
Repetition 1: t_classify = 7.830 s, t_update = 0.738 s, total = 8.568 s, n_iter = 100, final_shift = 0.000000
Repetition 2: t_classify = 7.816 s, t_update = 0.744 s, total = 8.559 s, n_iter = 100, final_shift = 0.000000
Repetition 3: t_classify = 7.810 s, t_update = 0.738 s, total = 8.548 s, n_iter = 100, final_shift = 0.000000
Repetition 4: t_classify = 7.806 s, t_update = 0.747 s, total = 8.553 s, n_iter = 100, final_shift = 0.000000
Repetition 5: t_classify = 7.837 s, t_update = 0.754 s, total = 8.591 s, n_iter = 100, final_shift = 0.000000
