================================================================================
Machine metadata:
================================================================================
CPU Vendor: AuthenticAMD
CPU Model: Common KVM processor
CPU Cores:                       8
Threads per core: 1
Threads per core: 1 (no symmetric multithreading)
CPU MHz: 
RAM: 62.79 GB
OS: Debian GNU/Linux 12 (bookworm)
GCC version: gcc (Debian 12.2.0-14+deb12u1) 12.2.0
================================================================================
Experiment results:
================================================================================
Repetition 1: t_classify = 9.043 s, t_update = 1.497 s, total = 10.540 s, n_iter = 100, final_shift = 0.000171
Repetition 2: t_classify = 9.047 s, t_update = 1.406 s, total = 10.453 s, n_iter = 100, final_shift = 0.000781
Repetition 3: t_classify = 9.093 s, t_update = 1.505 s, total = 10.598 s, n_iter = 100, final_shift = 0.000785
Repetition 4: t_classify = 9.085 s, t_update = 1.523 s, total = 10.608 s, n_iter = 100, final_shift = 0.002065
Repetition 5: t_classify = 9.086 s, t_update = 1.527 s, total = 10.613 s, n_iter = 100, final_shift = 0.000784
