================================================================================
Machine metadata:
================================================================================
CPU Vendor: AuthenticAMD
CPU Model: Common KVM processor
CPU Cores:                       8
Threads per core: 1
Threads per core: 1 (no symmetric multithreading)
CPU MHz: 
RAM: 62.79 GB
OS: Debian GNU/Linux 12 (bookworm)
GCC version: gcc (Debian 12.2.0-14+deb12u1) 12.2.0
================================================================================
Experiment results:
================================================================================
Repetition 1: t_classify = 12.243 s, t_update = 1.183 s, total = 13.426 s, n_iter = 100, final_shift = 1.805468
Repetition 2: t_classify = 12.191 s, t_update = 1.160 s, total = 13.350 s, n_iter = 100, final_shift = 1.805468
Repetition 3: t_classify = 12.243 s, t_update = 1.155 s, total = 13.397 s, n_iter = 100, final_shift = 1.805468
Repetition 4: t_classify = 12.227 s, t_update = 1.158 s, total = 13.385 s, n_iter = 100, final_shift = 1.805468
Repetition 5: t_classify = 12.230 s, t_update = 1.163 s, total = 13.392 s, n_iter = 100, final_shift = 1.805468
