================================================================================
Machine metadata:
================================================================================
CPU Vendor: AuthenticAMD
CPU Model: Common KVM processor
CPU Cores:                       8
Threads per core: 1
Threads per core: 1 (no symmetric multithreading)
CPU MHz: 
RAM: 62.79 GB
OS: Debian GNU/Linux 12 (bookworm)
GCC version: gcc (Debian 12.2.0-14+deb12u1) 12.2.0
================================================================================
Experiment results:
================================================================================
Repetition 1: t_classify = 1.551 s, t_update = 0.090 s, total = 1.641 s, n_iter = 100, final_shift = 0.000412
Repetition 2: t_classify = 1.550 s, t_update = 0.093 s, total = 1.643 s, n_iter = 100, final_shift = 0.000412
Repetition 3: t_classify = 1.570 s, t_update = 0.091 s, total = 1.662 s, n_iter = 100, final_shift = 0.000412
Repetition 4: t_classify = 1.596 s, t_update = 0.093 s, total = 1.689 s, n_iter = 100, final_shift = 0.000412
Repetition 5: t_classify = 1.552 s, t_update = 0.092 s, total = 1.643 s, n_iter = 100, final_shift = 0.000412
