================================================================================
Machine metadata:
================================================================================
CPU Vendor: AuthenticAMD
CPU Model: Common KVM processor
CPU Cores:                       8
Threads per core: 1
Threads per core: 1 (no symmetric multithreading)
CPU MHz: 
RAM: 62.79 GB
OS: Debian GNU/Linux 12 (bookworm)
GCC version: gcc (Debian 12.2.0-14+deb12u1) 12.2.0
================================================================================
Experiment results:
================================================================================
Repetition 1: t_classify = 5.184 s, t_update = 0.823 s, total = 6.007 s, n_iter = 100, final_shift = 0.123319
Repetition 2: t_classify = 5.176 s, t_update = 0.801 s, total = 5.977 s, n_iter = 100, final_shift = 0.160822
Repetition 3: t_classify = 5.185 s, t_update = 0.817 s, total = 6.002 s, n_iter = 100, final_shift = 0.095714
Repetition 4: t_classify = 5.177 s, t_update = 0.810 s, total = 5.987 s, n_iter = 100, final_shift = 0.130545
Repetition 5: t_classify = 5.187 s, t_update = 0.810 s, total = 5.997 s, n_iter = 100, final_shift = 0.090727
