================================================================================
Machine metadata:
================================================================================
CPU Vendor: AuthenticAMD
CPU Model: Common KVM processor
CPU Cores:                       8
Threads per core: 1
Threads per core: 1 (no symmetric multithreading)
CPU MHz: 
RAM: 62.79 GB
OS: Debian GNU/Linux 12 (bookworm)
GCC version: gcc (Debian 12.2.0-14+deb12u1) 12.2.0
================================================================================
Experiment results:
================================================================================
Repetition 1: t_classify = 118.927 s, t_update = 5.579 s, total = 124.505 s, n_iter = 100, final_shift = 0.000000
Repetition 2: t_classify = 119.134 s, t_update = 5.584 s, total = 124.718 s, n_iter = 100, final_shift = 0.000000
Repetition 3: t_classify = 119.033 s, t_update = 5.586 s, total = 124.619 s, n_iter = 100, final_shift = 0.000000
Repetition 4: t_classify = 119.069 s, t_update = 5.598 s, total = 124.667 s, n_iter = 100, final_shift = 0.000000
Repetition 5: t_classify = 119.015 s, t_update = 5.581 s, total = 124.596 s, n_iter = 100, final_shift = 0.000000
