================================================================================
Machine metadata:
================================================================================
CPU Vendor: AuthenticAMD
CPU Model: Common KVM processor
CPU Cores:                       8
Threads per core: 1
Threads per core: 1 (no symmetric multithreading)
CPU MHz: 
RAM: 62.79 GB
OS: Debian GNU/Linux 12 (bookworm)
GCC version: gcc (Debian 12.2.0-14+deb12u1) 12.2.0
================================================================================
Experiment results:
================================================================================
Repetition 1: t_classify = 3.268 s, t_update = 0.525 s, total = 3.793 s, n_iter = 100, final_shift = 0.212391
Repetition 2: t_classify = 3.274 s, t_update = 0.529 s, total = 3.803 s, n_iter = 100, final_shift = 0.162647
Repetition 3: t_classify = 3.279 s, t_update = 0.536 s, total = 3.815 s, n_iter = 100, final_shift = 0.212401
Repetition 4: t_classify = 3.270 s, t_update = 0.522 s, total = 3.792 s, n_iter = 100, final_shift = 0.160581
Repetition 5: t_classify = 3.273 s, t_update = 0.533 s, total = 3.806 s, n_iter = 100, final_shift = 0.160576
