================================================================================
Machine metadata:
================================================================================
CPU Vendor: AuthenticAMD
CPU Model: Common KVM processor
CPU Cores:                       8
Threads per core: 1
Threads per core: 1 (no symmetric multithreading)
CPU MHz: 
RAM: 62.79 GB
OS: Debian GNU/Linux 12 (bookworm)
GCC version: gcc (Debian 12.2.0-14+deb12u1) 12.2.0
================================================================================
Experiment results:
================================================================================
Repetition 1: t_classify = 30.045 s, t_update = 2.815 s, total = 32.861 s, n_iter = 100, final_shift = 0.880822
Repetition 2: t_classify = 30.054 s, t_update = 2.827 s, total = 32.881 s, n_iter = 100, final_shift = 0.880822
Repetition 3: t_classify = 30.068 s, t_update = 2.838 s, total = 32.906 s, n_iter = 100, final_shift = 0.880822
Repetition 4: t_classify = 30.089 s, t_update = 2.799 s, total = 32.888 s, n_iter = 100, final_shift = 0.880822
Repetition 5: t_classify = 30.085 s, t_update = 2.802 s, total = 32.887 s, n_iter = 100, final_shift = 0.880822
