================================================================================
Machine metadata:
================================================================================
CPU Vendor: AuthenticAMD
CPU Model: Common KVM processor
CPU Cores:                       8
Threads per core: 1
Threads per core: 1 (no symmetric multithreading)
CPU MHz: 
RAM: 62.79 GB
OS: Debian GNU/Linux 12 (bookworm)
GCC version: gcc (Debian 12.2.0-14+deb12u1) 12.2.0
================================================================================
Experiment results:
================================================================================
Repetition 1: t_classify = 5.231 s, t_update = 0.494 s, total = 5.725 s, n_iter = 100, final_shift = 0.000000
Repetition 2: t_classify = 5.229 s, t_update = 0.496 s, total = 5.725 s, n_iter = 100, final_shift = 0.000000
Repetition 3: t_classify = 5.222 s, t_update = 0.498 s, total = 5.720 s, n_iter = 100, final_shift = 0.000000
Repetition 4: t_classify = 5.224 s, t_update = 0.510 s, total = 5.733 s, n_iter = 100, final_shift = 0.000000
Repetition 5: t_classify = 5.231 s, t_update = 0.503 s, total = 5.734 s, n_iter = 100, final_shift = 0.000000
