================================================================================
Machine metadata:
================================================================================
CPU Vendor: AuthenticAMD
CPU Model: Common KVM processor
CPU Cores:                       8
Threads per core: 1
Threads per core: 1 (no symmetric multithreading)
CPU MHz: 
RAM: 62.79 GB
OS: Debian GNU/Linux 12 (bookworm)
GCC version: gcc (Debian 12.2.0-14+deb12u1) 12.2.0
================================================================================
Experiment results:
================================================================================
Repetition 1: t_classify = 10.281 s, t_update = 0.988 s, total = 11.270 s, n_iter = 100, final_shift = 0.000000
Repetition 2: t_classify = 10.327 s, t_update = 0.992 s, total = 11.318 s, n_iter = 100, final_shift = 0.000000
Repetition 3: t_classify = 10.340 s, t_update = 1.021 s, total = 11.361 s, n_iter = 100, final_shift = 0.000000
Repetition 4: t_classify = 10.332 s, t_update = 0.999 s, total = 11.331 s, n_iter = 100, final_shift = 0.000000
Repetition 5: t_classify = 10.354 s, t_update = 1.000 s, total = 11.353 s, n_iter = 100, final_shift = 0.000000
