================================================================================
Machine metadata:
================================================================================
CPU Vendor: AuthenticAMD
CPU Model: Common KVM processor
CPU Cores:                       8
Threads per core: 1
Threads per core: 1 (no symmetric multithreading)
CPU MHz: 
RAM: 62.79 GB
OS: Debian GNU/Linux 12 (bookworm)
GCC version: gcc (Debian 12.2.0-14+deb12u1) 12.2.0
================================================================================
Experiment results:
================================================================================
Repetition 1: t_classify = 4.922 s, t_update = 0.246 s, total = 5.168 s, n_iter = 100, final_shift = 0.000000
Repetition 2: t_classify = 4.909 s, t_update = 0.242 s, total = 5.150 s, n_iter = 100, final_shift = 0.000000
Repetition 3: t_classify = 4.890 s, t_update = 0.238 s, total = 5.128 s, n_iter = 100, final_shift = 0.000000
Repetition 4: t_classify = 4.918 s, t_update = 0.241 s, total = 5.160 s, n_iter = 100, final_shift = 0.000000
Repetition 5: t_classify = 4.901 s, t_update = 0.246 s, total = 5.146 s, n_iter = 100, final_shift = 0.000000
