================================================================================
Machine metadata:
================================================================================
CPU Vendor: AuthenticAMD
CPU Model: Common KVM processor
CPU Cores:                       8
Threads per core: 1
Threads per core: 1 (no symmetric multithreading)
CPU MHz: 
RAM: 62.79 GB
OS: Debian GNU/Linux 12 (bookworm)
GCC version: gcc (Debian 12.2.0-14+deb12u1) 12.2.0
================================================================================
Experiment results:
================================================================================
Repetition 1: t_classify = 13.878 s, t_update = 1.359 s, total = 15.237 s, n_iter = 100, final_shift = 0.000000
Repetition 2: t_classify = 13.882 s, t_update = 1.377 s, total = 15.258 s, n_iter = 100, final_shift = 0.000000
Repetition 3: t_classify = 13.867 s, t_update = 1.369 s, total = 15.236 s, n_iter = 100, final_shift = 0.000000
Repetition 4: t_classify = 13.855 s, t_update = 1.357 s, total = 15.212 s, n_iter = 100, final_shift = 0.000000
Repetition 5: t_classify = 13.875 s, t_update = 1.357 s, total = 15.232 s, n_iter = 100, final_shift = 0.000000
