================================================================================
Machine metadata:
================================================================================
CPU Vendor: AuthenticAMD
CPU Model: Common KVM processor
CPU Cores:                       8
Threads per core: 1
Threads per core: 1 (no symmetric multithreading)
CPU MHz: 
RAM: 62.79 GB
OS: Debian GNU/Linux 12 (bookworm)
GCC version: gcc (Debian 12.2.0-14+deb12u1) 12.2.0
================================================================================
Experiment results:
================================================================================
Repetition 1: t_classify = 5.400 s, t_update = 0.273 s, total = 5.673 s, n_iter = 100, final_shift = 11.217755
Repetition 2: t_classify = 5.399 s, t_update = 0.255 s, total = 5.654 s, n_iter = 100, final_shift = 10.518703
Repetition 3: t_classify = 5.399 s, t_update = 0.259 s, total = 5.659 s, n_iter = 100, final_shift = 1.710490
Repetition 4: t_classify = 5.400 s, t_update = 0.262 s, total = 5.663 s, n_iter = 100, final_shift = 1.734615
Repetition 5: t_classify = 5.404 s, t_update = 0.265 s, total = 5.670 s, n_iter = 100, final_shift = 9.721886
