================================================================================
Machine metadata:
================================================================================
CPU Vendor: AuthenticAMD
CPU Model: Common KVM processor
CPU Cores:                       8
Threads per core: 1
Threads per core: 1 (no symmetric multithreading)
CPU MHz: 
RAM: 62.79 GB
OS: Debian GNU/Linux 12 (bookworm)
GCC version: gcc (Debian 12.2.0-14+deb12u1) 12.2.0
================================================================================
Experiment results:
================================================================================
Repetition 1: t_classify = 41.100 s, t_update = 3.930 s, total = 45.030 s, n_iter = 100, final_shift = 0.000000
Repetition 2: t_classify = 40.964 s, t_update = 3.945 s, total = 44.910 s, n_iter = 100, final_shift = 0.000000
Repetition 3: t_classify = 40.831 s, t_update = 3.933 s, total = 44.764 s, n_iter = 100, final_shift = 0.000000
Repetition 4: t_classify = 40.810 s, t_update = 3.916 s, total = 44.727 s, n_iter = 100, final_shift = 0.000000
Repetition 5: t_classify = 40.972 s, t_update = 3.944 s, total = 44.916 s, n_iter = 100, final_shift = 0.000000
