================================================================================
Machine metadata:
================================================================================
CPU Vendor: AuthenticAMD
CPU Model: Common KVM processor
CPU Cores:                       8
Threads per core: 1
Threads per core: 1 (no symmetric multithreading)
CPU MHz: 
RAM: 62.79 GB
OS: Debian GNU/Linux 12 (bookworm)
GCC version: gcc (Debian 12.2.0-14+deb12u1) 12.2.0
================================================================================
Experiment results:
================================================================================
Repetition 1: t_classify = 2.591 s, t_update = 0.248 s, total = 2.839 s, n_iter = 100, final_shift = 0.000000
Repetition 2: t_classify = 2.590 s, t_update = 0.252 s, total = 2.842 s, n_iter = 100, final_shift = 0.000000
Repetition 3: t_classify = 2.593 s, t_update = 0.251 s, total = 2.844 s, n_iter = 100, final_shift = 0.000000
Repetition 4: t_classify = 2.592 s, t_update = 0.254 s, total = 2.846 s, n_iter = 100, final_shift = 0.000000
Repetition 5: t_classify = 2.593 s, t_update = 0.255 s, total = 2.848 s, n_iter = 100, final_shift = 0.000000
