================================================================================
Machine metadata:
================================================================================
CPU Vendor: AuthenticAMD
CPU Model: Common KVM processor
CPU Cores:                       8
Threads per core: 1
Threads per core: 1 (no symmetric multithreading)
CPU MHz: 
RAM: 62.79 GB
OS: Debian GNU/Linux 12 (bookworm)
GCC version: gcc (Debian 12.2.0-14+deb12u1) 12.2.0
================================================================================
Experiment results:
================================================================================
Repetition 1: t_classify = 6.058 s, t_update = 0.989 s, total = 7.047 s, n_iter = 100, final_shift = 0.000000
Repetition 2: t_classify = 6.061 s, t_update = 0.995 s, total = 7.056 s, n_iter = 100, final_shift = 0.000000
Repetition 3: t_classify = 6.068 s, t_update = 0.997 s, total = 7.065 s, n_iter = 100, final_shift = 0.000000
Repetition 4: t_classify = 6.109 s, t_update = 1.005 s, total = 7.114 s, n_iter = 100, final_shift = 0.000000
Repetition 5: t_classify = 6.064 s, t_update = 0.994 s, total = 7.057 s, n_iter = 100, final_shift = 0.000000
