================================================================================
Machine metadata:
================================================================================
CPU Vendor: AuthenticAMD
CPU Model: Common KVM processor
CPU Cores:                       8
Threads per core: 1
Threads per core: 1 (no symmetric multithreading)
CPU MHz: 
RAM: 62.79 GB
OS: Debian GNU/Linux 12 (bookworm)
GCC version: gcc (Debian 12.2.0-14+deb12u1) 12.2.0
================================================================================
Experiment results:
================================================================================
Repetition 1: t_classify = 5.777 s, t_update = 0.533 s, total = 6.310 s, n_iter = 100, final_shift = 1.653957
Repetition 2: t_classify = 5.775 s, t_update = 0.537 s, total = 6.312 s, n_iter = 100, final_shift = 1.653969
Repetition 3: t_classify = 5.758 s, t_update = 0.531 s, total = 6.289 s, n_iter = 100, final_shift = 1.653942
Repetition 4: t_classify = 5.785 s, t_update = 0.534 s, total = 6.320 s, n_iter = 100, final_shift = 1.653953
Repetition 5: t_classify = 5.784 s, t_update = 0.539 s, total = 6.323 s, n_iter = 100, final_shift = 1.653942
