================================================================================
Machine metadata:
================================================================================
CPU Vendor: AuthenticAMD
CPU Model: Common KVM processor
CPU Cores:                       8
Threads per core: 1
Threads per core: 1 (no symmetric multithreading)
CPU MHz: 
RAM: 62.79 GB
OS: Debian GNU/Linux 12 (bookworm)
GCC version: gcc (Debian 12.2.0-14+deb12u1) 12.2.0
================================================================================
Experiment results:
================================================================================
Repetition 1: t_classify = 4.829 s, t_update = 0.278 s, total = 5.107 s, n_iter = 100, final_shift = 0.000000
Repetition 2: t_classify = 4.837 s, t_update = 0.280 s, total = 5.117 s, n_iter = 100, final_shift = 0.000000
Repetition 3: t_classify = 4.853 s, t_update = 0.278 s, total = 5.131 s, n_iter = 100, final_shift = 0.000000
Repetition 4: t_classify = 4.834 s, t_update = 0.279 s, total = 5.114 s, n_iter = 100, final_shift = 0.000000
Repetition 5: t_classify = 4.839 s, t_update = 0.282 s, total = 5.120 s, n_iter = 100, final_shift = 0.000000
