================================================================================
Machine metadata:
================================================================================
CPU Vendor: AuthenticAMD
CPU Model: Common KVM processor
CPU Cores:                       8
Threads per core: 1
Threads per core: 1 (no symmetric multithreading)
CPU MHz: 
RAM: 62.79 GB
OS: Debian GNU/Linux 12 (bookworm)
GCC version: gcc (Debian 12.2.0-14+deb12u1) 12.2.0
================================================================================
Experiment results:
================================================================================
Repetition 1: t_classify = 5.291 s, t_update = 0.306 s, total = 5.597 s, n_iter = 100, final_shift = 0.000135
Repetition 2: t_classify = 5.301 s, t_update = 0.305 s, total = 5.606 s, n_iter = 100, final_shift = 0.000135
Repetition 3: t_classify = 5.288 s, t_update = 0.306 s, total = 5.594 s, n_iter = 100, final_shift = 0.000135
Repetition 4: t_classify = 5.285 s, t_update = 0.305 s, total = 5.591 s, n_iter = 100, final_shift = 0.000135
Repetition 5: t_classify = 5.289 s, t_update = 0.305 s, total = 5.595 s, n_iter = 100, final_shift = 0.000135
