================================================================================
Machine metadata:
================================================================================
CPU Vendor: AuthenticAMD
CPU Model: Common KVM processor
CPU Cores:                       8
Threads per core: 1
Threads per core: 1 (no symmetric multithreading)
CPU MHz: 
RAM: 62.79 GB
OS: Debian GNU/Linux 12 (bookworm)
GCC version: gcc (Debian 12.2.0-14+deb12u1) 12.2.0
================================================================================
Experiment results:
================================================================================
Repetition 1: t_classify = 12.167 s, t_update = 1.148 s, total = 13.315 s, n_iter = 100, final_shift = 0.845833
Repetition 2: t_classify = 12.132 s, t_update = 1.131 s, total = 13.264 s, n_iter = 100, final_shift = 0.874370
Repetition 3: t_classify = 12.173 s, t_update = 1.146 s, total = 13.319 s, n_iter = 100, final_shift = 0.846140
Repetition 4: t_classify = 12.186 s, t_update = 1.160 s, total = 13.346 s, n_iter = 100, final_shift = 0.846125
Repetition 5: t_classify = 12.134 s, t_update = 1.173 s, total = 13.307 s, n_iter = 100, final_shift = 0.876928
