================================================================================
Machine metadata:
================================================================================
CPU Vendor: AuthenticAMD
CPU Model: Common KVM processor
CPU Cores:                       8
Threads per core: 1
Threads per core: 1 (no symmetric multithreading)
CPU MHz: 
RAM: 62.79 GB
OS: Debian GNU/Linux 12 (bookworm)
GCC version: gcc (Debian 12.2.0-14+deb12u1) 12.2.0
================================================================================
Experiment results:
================================================================================
Repetition 1: t_classify = 2.511 s, t_update = 0.233 s, total = 2.744 s, n_iter = 100, final_shift = 0.259926
Repetition 2: t_classify = 2.511 s, t_update = 0.241 s, total = 2.752 s, n_iter = 100, final_shift = 0.259915
Repetition 3: t_classify = 2.485 s, t_update = 0.230 s, total = 2.715 s, n_iter = 100, final_shift = 0.259921
Repetition 4: t_classify = 2.486 s, t_update = 0.234 s, total = 2.720 s, n_iter = 100, final_shift = 0.259919
Repetition 5: t_classify = 2.494 s, t_update = 0.233 s, total = 2.727 s, n_iter = 100, final_shift = 0.259932
