================================================================================
Machine metadata:
================================================================================
CPU Vendor: AuthenticAMD
CPU Model: Common KVM processor
CPU Cores:                       8
Threads per core: 1
Threads per core: 1 (no symmetric multithreading)
CPU MHz: 
RAM: 62.79 GB
OS: Debian GNU/Linux 12 (bookworm)
GCC version: gcc (Debian 12.2.0-14+deb12u1) 12.2.0
================================================================================
Experiment results:
================================================================================
Repetition 1: t_classify = 18.271 s, t_update = 2.948 s, total = 21.218 s, n_iter = 100, final_shift = 0.000000
Repetition 2: t_classify = 18.280 s, t_update = 2.953 s, total = 21.234 s, n_iter = 100, final_shift = 0.000000
Repetition 3: t_classify = 18.274 s, t_update = 2.950 s, total = 21.224 s, n_iter = 100, final_shift = 0.000000
Repetition 4: t_classify = 18.297 s, t_update = 2.954 s, total = 21.251 s, n_iter = 100, final_shift = 0.000000
Repetition 5: t_classify = 18.300 s, t_update = 2.951 s, total = 21.251 s, n_iter = 100, final_shift = 0.000000
