================================================================================
Machine metadata:
================================================================================
CPU Vendor: AuthenticAMD
CPU Model: Common KVM processor
CPU Cores:                       8
Threads per core: 1
Threads per core: 1 (no symmetric multithreading)
CPU MHz: 
RAM: 62.79 GB
OS: Debian GNU/Linux 12 (bookworm)
GCC version: gcc (Debian 12.2.0-14+deb12u1) 12.2.0
================================================================================
Experiment results:
================================================================================
Repetition 1: t_classify = 1.489 s, t_update = 0.295 s, total = 1.784 s, n_iter = 100, final_shift = 0.000000
Repetition 2: t_classify = 1.483 s, t_update = 0.291 s, total = 1.774 s, n_iter = 100, final_shift = 0.000000
Repetition 3: t_classify = 1.483 s, t_update = 0.290 s, total = 1.773 s, n_iter = 100, final_shift = 0.000000
Repetition 4: t_classify = 1.486 s, t_update = 0.293 s, total = 1.780 s, n_iter = 100, final_shift = 0.000000
Repetition 5: t_classify = 1.494 s, t_update = 0.295 s, total = 1.790 s, n_iter = 100, final_shift = 0.000000
