================================================================================
Machine metadata:
================================================================================
CPU Vendor: AuthenticAMD
CPU Model: Common KVM processor
CPU Cores:                       8
Threads per core: 1
Threads per core: 1 (no symmetric multithreading)
CPU MHz: 
RAM: 62.79 GB
OS: Debian GNU/Linux 12 (bookworm)
GCC version: gcc (Debian 12.2.0-14+deb12u1) 12.2.0
================================================================================
Experiment results:
================================================================================
Repetition 1: t_classify = 27.483 s, t_update = 1.320 s, total = 28.802 s, n_iter = 100, final_shift = 0.000000
Repetition 2: t_classify = 27.447 s, t_update = 1.389 s, total = 28.835 s, n_iter = 100, final_shift = 0.000000
Repetition 3: t_classify = 27.454 s, t_update = 1.402 s, total = 28.856 s, n_iter = 100, final_shift = 0.000000
Repetition 4: t_classify = 27.440 s, t_update = 1.366 s, total = 28.807 s, n_iter = 100, final_shift = 0.000000
Repetition 5: t_classify = 27.408 s, t_update = 1.397 s, total = 28.805 s, n_iter = 100, final_shift = 0.000000
