================================================================================
Machine metadata:
================================================================================
CPU Vendor: AuthenticAMD
CPU Model: Common KVM processor
CPU Cores:                       8
Threads per core: 1
Threads per core: 1 (no symmetric multithreading)
CPU MHz: 
RAM: 62.79 GB
OS: Debian GNU/Linux 12 (bookworm)
GCC version: gcc (Debian 12.2.0-14+deb12u1) 12.2.0
================================================================================
Experiment results:
================================================================================
Repetition 1: t_classify = 22.837 s, t_update = 1.096 s, total = 23.934 s, n_iter = 100, final_shift = 0.000000
Repetition 2: t_classify = 22.819 s, t_update = 1.110 s, total = 23.929 s, n_iter = 100, final_shift = 0.000000
Repetition 3: t_classify = 22.838 s, t_update = 1.138 s, total = 23.975 s, n_iter = 100, final_shift = 0.000000
Repetition 4: t_classify = 22.826 s, t_update = 1.101 s, total = 23.927 s, n_iter = 100, final_shift = 0.000000
Repetition 5: t_classify = 22.804 s, t_update = 1.143 s, total = 23.948 s, n_iter = 100, final_shift = 0.000000
