================================================================================
Machine metadata:
================================================================================
CPU Vendor: AuthenticAMD
CPU Model: Common KVM processor
CPU Cores:                       8
Threads per core: 1
Threads per core: 1 (no symmetric multithreading)
CPU MHz: 
RAM: 62.79 GB
OS: Debian GNU/Linux 12 (bookworm)
GCC version: gcc (Debian 12.2.0-14+deb12u1) 12.2.0
================================================================================
Experiment results:
================================================================================
Repetition 1: t_classify = 19.960 s, t_update = 1.017 s, total = 20.976 s, n_iter = 100, final_shift = 0.000000
Repetition 2: t_classify = 19.943 s, t_update = 1.043 s, total = 20.986 s, n_iter = 100, final_shift = 0.000000
Repetition 3: t_classify = 19.962 s, t_update = 1.015 s, total = 20.977 s, n_iter = 100, final_shift = 0.000000
Repetition 4: t_classify = 19.941 s, t_update = 1.022 s, total = 20.962 s, n_iter = 100, final_shift = 0.000000
Repetition 5: t_classify = 19.974 s, t_update = 0.961 s, total = 20.935 s, n_iter = 100, final_shift = 0.000000
