================================================================================
Machine metadata:
================================================================================
CPU Vendor: AuthenticAMD
CPU Model: Common KVM processor
CPU Cores:                       8
Threads per core: 1
Threads per core: 1 (no symmetric multithreading)
CPU MHz: 
RAM: 62.79 GB
OS: Debian GNU/Linux 12 (bookworm)
GCC version: gcc (Debian 12.2.0-14+deb12u1) 12.2.0
================================================================================
Experiment results:
================================================================================
Repetition 1: t_classify = 6.061 s, t_update = 0.993 s, total = 7.055 s, n_iter = 100, final_shift = 0.000000
Repetition 2: t_classify = 6.086 s, t_update = 1.000 s, total = 7.086 s, n_iter = 100, final_shift = 0.000000
Repetition 3: t_classify = 6.067 s, t_update = 0.988 s, total = 7.055 s, n_iter = 100, final_shift = 0.000000
Repetition 4: t_classify = 6.078 s, t_update = 0.995 s, total = 7.073 s, n_iter = 100, final_shift = 0.000000
Repetition 5: t_classify = 6.088 s, t_update = 1.004 s, total = 7.092 s, n_iter = 100, final_shift = 0.000000
