================================================================================
Machine metadata:
================================================================================
CPU Vendor: AuthenticAMD
CPU Model: Common KVM processor
CPU Cores:                       8
Threads per core: 1
Threads per core: 1 (no symmetric multithreading)
CPU MHz: 
RAM: 62.79 GB
OS: Debian GNU/Linux 12 (bookworm)
GCC version: gcc (Debian 12.2.0-14+deb12u1) 12.2.0
================================================================================
Experiment results:
================================================================================
Repetition 1: t_classify = 4.276 s, t_update = 0.206 s, total = 4.482 s, n_iter = 100, final_shift = 0.000000
Repetition 2: t_classify = 4.280 s, t_update = 0.205 s, total = 4.485 s, n_iter = 100, final_shift = 0.000000
Repetition 3: t_classify = 4.277 s, t_update = 0.209 s, total = 4.486 s, n_iter = 100, final_shift = 0.000000
Repetition 4: t_classify = 4.275 s, t_update = 0.207 s, total = 4.482 s, n_iter = 100, final_shift = 0.000000
Repetition 5: t_classify = 4.286 s, t_update = 0.207 s, total = 4.493 s, n_iter = 100, final_shift = 0.000000
