================================================================================
Machine metadata:
================================================================================
CPU Vendor: AuthenticAMD
CPU Model: Common KVM processor
CPU Cores:                       8
Threads per core: 1
Threads per core: 1 (no symmetric multithreading)
CPU MHz: 
RAM: 62.79 GB
OS: Debian GNU/Linux 12 (bookworm)
GCC version: gcc (Debian 12.2.0-14+deb12u1) 12.2.0
================================================================================
Experiment results:
================================================================================
Repetition 1: t_classify = 0.706 s, t_update = 0.139 s, total = 0.845 s, n_iter = 100, final_shift = 0.000000
Repetition 2: t_classify = 0.705 s, t_update = 0.140 s, total = 0.846 s, n_iter = 100, final_shift = 0.000000
Repetition 3: t_classify = 0.709 s, t_update = 0.141 s, total = 0.850 s, n_iter = 100, final_shift = 0.000000
Repetition 4: t_classify = 0.702 s, t_update = 0.140 s, total = 0.843 s, n_iter = 100, final_shift = 0.000000
Repetition 5: t_classify = 0.713 s, t_update = 0.146 s, total = 0.859 s, n_iter = 100, final_shift = 0.000000
