================================================================================
Machine metadata:
================================================================================
CPU Vendor: AuthenticAMD
CPU Model: Common KVM processor
CPU Cores:                       8
Threads per core: 1
Threads per core: 1 (no symmetric multithreading)
CPU MHz: 
RAM: 62.79 GB
OS: Debian GNU/Linux 12 (bookworm)
GCC version: gcc (Debian 12.2.0-14+deb12u1) 12.2.0
================================================================================
Experiment results:
================================================================================
Repetition 1: t_classify = 2.034 s, t_update = 0.339 s, total = 2.374 s, n_iter = 100, final_shift = 0.000000
Repetition 2: t_classify = 2.047 s, t_update = 0.346 s, total = 2.393 s, n_iter = 100, final_shift = 0.000000
Repetition 3: t_classify = 2.030 s, t_update = 0.339 s, total = 2.370 s, n_iter = 100, final_shift = 0.000000
Repetition 4: t_classify = 2.036 s, t_update = 0.335 s, total = 2.372 s, n_iter = 100, final_shift = 0.000000
Repetition 5: t_classify = 2.050 s, t_update = 0.348 s, total = 2.398 s, n_iter = 100, final_shift = 0.000000
