================================================================================
Machine metadata:
================================================================================
CPU Vendor: AuthenticAMD
CPU Model: Common KVM processor
CPU Cores:                       8
Threads per core: 1
Threads per core: 1 (no symmetric multithreading)
CPU MHz: 
RAM: 62.79 GB
OS: Debian GNU/Linux 12 (bookworm)
GCC version: gcc (Debian 12.2.0-14+deb12u1) 12.2.0
================================================================================
Experiment results:
================================================================================
Repetition 1: t_classify = 18.781 s, t_update = 0.887 s, total = 19.669 s, n_iter = 100, final_shift = 0.001020
Repetition 2: t_classify = 18.839 s, t_update = 0.890 s, total = 19.729 s, n_iter = 100, final_shift = 0.001020
Repetition 3: t_classify = 18.804 s, t_update = 0.883 s, total = 19.688 s, n_iter = 100, final_shift = 0.001020
Repetition 4: t_classify = 18.800 s, t_update = 0.891 s, total = 19.692 s, n_iter = 100, final_shift = 0.001020
Repetition 5: t_classify = 18.801 s, t_update = 0.906 s, total = 19.707 s, n_iter = 100, final_shift = 0.001020
