================================================================================
Machine metadata:
================================================================================
CPU Vendor: AuthenticAMD
CPU Model: Common KVM processor
CPU Cores:                       8
Threads per core: 1
Threads per core: 1 (no symmetric multithreading)
CPU MHz: 
RAM: 62.79 GB
OS: Debian GNU/Linux 12 (bookworm)
GCC version: gcc (Debian 12.2.0-14+deb12u1) 12.2.0
================================================================================
Experiment results:
================================================================================
Repetition 1: t_classify = 8.496 s, t_update = 0.399 s, total = 8.895 s, n_iter = 100, final_shift = 0.000000
Repetition 2: t_classify = 8.506 s, t_update = 0.403 s, total = 8.908 s, n_iter = 100, final_shift = 0.000000
Repetition 3: t_classify = 8.501 s, t_update = 0.405 s, total = 8.906 s, n_iter = 100, final_shift = 0.000000
Repetition 4: t_classify = 8.498 s, t_update = 0.400 s, total = 8.898 s, n_iter = 100, final_shift = 0.000000
Repetition 5: t_classify = 8.513 s, t_update = 0.400 s, total = 8.913 s, n_iter = 100, final_shift = 0.000000
