================================================================================
Machine metadata:
================================================================================
CPU Vendor: AuthenticAMD
CPU Model: Common KVM processor
CPU Cores:                       8
Threads per core: 1
Threads per core: 1 (no symmetric multithreading)
CPU MHz: 
RAM: 62.79 GB
OS: Debian GNU/Linux 12 (bookworm)
GCC version: gcc (Debian 12.2.0-14+deb12u1) 12.2.0
================================================================================
Experiment results:
================================================================================
Repetition 1: t_classify = 3.159 s, t_update = 0.605 s, total = 3.764 s, n_iter = 100, final_shift = 0.000000
Repetition 2: t_classify = 3.153 s, t_update = 0.606 s, total = 3.759 s, n_iter = 100, final_shift = 0.000000
Repetition 3: t_classify = 3.176 s, t_update = 0.614 s, total = 3.790 s, n_iter = 100, final_shift = 0.000000
Repetition 4: t_classify = 3.170 s, t_update = 0.610 s, total = 3.780 s, n_iter = 100, final_shift = 0.000000
Repetition 5: t_classify = 3.161 s, t_update = 0.606 s, total = 3.766 s, n_iter = 100, final_shift = 0.000000
