================================================================================
Machine metadata:
================================================================================
CPU Vendor: AuthenticAMD
CPU Model: Common KVM processor
CPU Cores:                       8
Threads per core: 1
Threads per core: 1 (no symmetric multithreading)
CPU MHz: 
RAM: 62.79 GB
OS: Debian GNU/Linux 12 (bookworm)
GCC version: gcc (Debian 12.2.0-14+deb12u1) 12.2.0
================================================================================
Experiment results:
================================================================================
Repetition 1: t_classify = 34.173 s, t_update = 1.619 s, total = 35.792 s, n_iter = 100, final_shift = 1.590538
Repetition 2: t_classify = 34.115 s, t_update = 1.602 s, total = 35.718 s, n_iter = 100, final_shift = 1.590538
Repetition 3: t_classify = 34.185 s, t_update = 1.625 s, total = 35.810 s, n_iter = 100, final_shift = 1.590538
Repetition 4: t_classify = 34.113 s, t_update = 1.616 s, total = 35.730 s, n_iter = 100, final_shift = 1.590538
Repetition 5: t_classify = 34.097 s, t_update = 1.597 s, total = 35.693 s, n_iter = 100, final_shift = 1.590538
