================================================================================
Machine metadata:
================================================================================
CPU Vendor: AuthenticAMD
CPU Model: Common KVM processor
CPU Cores:                       8
Threads per core: 1
Threads per core: 1 (no symmetric multithreading)
CPU MHz: 
RAM: 62.79 GB
OS: Debian GNU/Linux 12 (bookworm)
GCC version: gcc (Debian 12.2.0-14+deb12u1) 12.2.0
================================================================================
Experiment results:
================================================================================
Repetition 1: t_classify = 10.800 s, t_update = 0.529 s, total = 11.330 s, n_iter = 100, final_shift = 0.000242
Repetition 2: t_classify = 10.786 s, t_update = 0.520 s, total = 11.306 s, n_iter = 100, final_shift = 0.000242
Repetition 3: t_classify = 10.777 s, t_update = 0.526 s, total = 11.303 s, n_iter = 100, final_shift = 0.000242
Repetition 4: t_classify = 10.739 s, t_update = 0.538 s, total = 11.278 s, n_iter = 100, final_shift = 0.000242
Repetition 5: t_classify = 10.791 s, t_update = 0.514 s, total = 11.305 s, n_iter = 100, final_shift = 0.000242
