================================================================================
Machine metadata:
================================================================================
CPU Vendor: AuthenticAMD
CPU Model: Common KVM processor
CPU Cores:                       8
Threads per core: 1
Threads per core: 1 (no symmetric multithreading)
CPU MHz: 
RAM: 62.79 GB
OS: Debian GNU/Linux 12 (bookworm)
GCC version: gcc (Debian 12.2.0-14+deb12u1) 12.2.0
================================================================================
Experiment results:
================================================================================
Repetition 1: t_classify = 34.558 s, t_update = 1.655 s, total = 36.213 s, n_iter = 100, final_shift = 3.092426
Repetition 2: t_classify = 34.599 s, t_update = 1.673 s, total = 36.272 s, n_iter = 100, final_shift = 0.950925
Repetition 3: t_classify = 34.535 s, t_update = 1.626 s, total = 36.161 s, n_iter = 100, final_shift = 2.814383
Repetition 4: t_classify = 34.528 s, t_update = 1.634 s, total = 36.162 s, n_iter = 100, final_shift = 0.950935
Repetition 5: t_classify = 34.616 s, t_update = 1.660 s, total = 36.276 s, n_iter = 100, final_shift = 3.092424
