================================================================================
Machine metadata:
================================================================================
CPU Vendor: AuthenticAMD
CPU Model: Common KVM processor
CPU Cores:                       8
Threads per core: 1
Threads per core: 1 (no symmetric multithreading)
CPU MHz: 
RAM: 62.79 GB
OS: Debian GNU/Linux 12 (bookworm)
GCC version: gcc (Debian 12.2.0-14+deb12u1) 12.2.0
================================================================================
Experiment results:
================================================================================
Repetition 1: t_classify = 1.261 s, t_update = 0.251 s, total = 1.511 s, n_iter = 100, final_shift = 0.000000
Repetition 2: t_classify = 1.257 s, t_update = 0.248 s, total = 1.505 s, n_iter = 100, final_shift = 0.000000
Repetition 3: t_classify = 1.257 s, t_update = 0.249 s, total = 1.506 s, n_iter = 100, final_shift = 0.000000
Repetition 4: t_classify = 1.270 s, t_update = 0.252 s, total = 1.522 s, n_iter = 100, final_shift = 0.000000
Repetition 5: t_classify = 1.267 s, t_update = 0.256 s, total = 1.522 s, n_iter = 100, final_shift = 0.000000
