================================================================================
Machine metadata:
================================================================================
CPU Vendor: AuthenticAMD
CPU Model: Common KVM processor
CPU Cores:                       8
Threads per core: 1
Threads per core: 1 (no symmetric multithreading)
CPU MHz: 
RAM: 62.79 GB
OS: Debian GNU/Linux 12 (bookworm)
GCC version: gcc (Debian 12.2.0-14+deb12u1) 12.2.0
================================================================================
Experiment results:
================================================================================
Repetition 1: t_classify = 14.458 s, t_update = 1.333 s, total = 15.792 s, n_iter = 100, final_shift = 1.956424
Repetition 2: t_classify = 14.440 s, t_update = 1.335 s, total = 15.775 s, n_iter = 100, final_shift = 1.706178
Repetition 3: t_classify = 14.482 s, t_update = 1.403 s, total = 15.885 s, n_iter = 100, final_shift = 0.031562
Repetition 4: t_classify = 14.458 s, t_update = 1.380 s, total = 15.838 s, n_iter = 100, final_shift = 1.871313
Repetition 5: t_classify = 14.441 s, t_update = 1.334 s, total = 15.775 s, n_iter = 100, final_shift = 1.956447
