================================================================================
Machine metadata:
================================================================================
CPU Vendor: AuthenticAMD
CPU Model: Common KVM processor
CPU Cores:                       8
Threads per core: 1
Threads per core: 1 (no symmetric multithreading)
CPU MHz: 
RAM: 62.79 GB
OS: Debian GNU/Linux 12 (bookworm)
GCC version: gcc (Debian 12.2.0-14+deb12u1) 12.2.0
================================================================================
Experiment results:
================================================================================
Repetition 1: t_classify = 13.012 s, t_update = 2.081 s, total = 15.093 s, n_iter = 100, final_shift = 0.124703
Repetition 2: t_classify = 13.173 s, t_update = 2.127 s, total = 15.300 s, n_iter = 100, final_shift = 0.124703
Repetition 3: t_classify = 12.927 s, t_update = 2.018 s, total = 14.944 s, n_iter = 100, final_shift = 0.124703
Repetition 4: t_classify = 12.899 s, t_update = 1.999 s, total = 14.898 s, n_iter = 100, final_shift = 0.124703
Repetition 5: t_classify = 12.923 s, t_update = 2.043 s, total = 14.966 s, n_iter = 100, final_shift = 0.124703
