================================================================================
Machine metadata:
================================================================================
CPU Vendor: AuthenticAMD
CPU Model: Common KVM processor
CPU Cores:                       8
Threads per core: 1
Threads per core: 1 (no symmetric multithreading)
CPU MHz: 
RAM: 62.79 GB
OS: Debian GNU/Linux 12 (bookworm)
GCC version: gcc (Debian 12.2.0-14+deb12u1) 12.2.0
================================================================================
Experiment results:
================================================================================
Repetition 1: t_classify = 5.241 s, t_update = 0.496 s, total = 5.738 s, n_iter = 100, final_shift = 0.000000
Repetition 2: t_classify = 5.230 s, t_update = 0.499 s, total = 5.729 s, n_iter = 100, final_shift = 0.000000
Repetition 3: t_classify = 5.251 s, t_update = 0.511 s, total = 5.762 s, n_iter = 100, final_shift = 0.000000
Repetition 4: t_classify = 5.219 s, t_update = 0.488 s, total = 5.707 s, n_iter = 100, final_shift = 0.000000
Repetition 5: t_classify = 5.219 s, t_update = 0.492 s, total = 5.710 s, n_iter = 100, final_shift = 0.000000
