================================================================================
Machine metadata:
================================================================================
CPU Vendor: AuthenticAMD
CPU Model: Common KVM processor
CPU Cores:                       8
Threads per core: 1
Threads per core: 1 (no symmetric multithreading)
CPU MHz: 
RAM: 62.79 GB
OS: Debian GNU/Linux 12 (bookworm)
GCC version: gcc (Debian 12.2.0-14+deb12u1) 12.2.0
================================================================================
Experiment results:
================================================================================
Repetition 1: t_classify = 17.289 s, t_update = 1.670 s, total = 18.959 s, n_iter = 100, final_shift = 0.000000
Repetition 2: t_classify = 17.315 s, t_update = 1.675 s, total = 18.990 s, n_iter = 100, final_shift = 0.000000
Repetition 3: t_classify = 17.299 s, t_update = 1.665 s, total = 18.964 s, n_iter = 100, final_shift = 0.000000
Repetition 4: t_classify = 17.273 s, t_update = 1.648 s, total = 18.921 s, n_iter = 100, final_shift = 0.000000
Repetition 5: t_classify = 17.342 s, t_update = 1.667 s, total = 19.009 s, n_iter = 100, final_shift = 0.000000
