================================================================================
Machine metadata:
================================================================================
CPU Vendor: AuthenticAMD
CPU Model: Common KVM processor
CPU Cores:                       8
Threads per core: 1
Threads per core: 1 (no symmetric multithreading)
CPU MHz: 
RAM: 62.79 GB
OS: Debian GNU/Linux 12 (bookworm)
GCC version: gcc (Debian 12.2.0-14+deb12u1) 12.2.0
================================================================================
Experiment results:
================================================================================
Repetition 1: t_classify = 6.914 s, t_update = 1.087 s, total = 8.001 s, n_iter = 100, final_shift = 0.000000
Repetition 2: t_classify = 6.983 s, t_update = 1.094 s, total = 8.078 s, n_iter = 100, final_shift = 0.000000
Repetition 3: t_classify = 6.941 s, t_update = 1.127 s, total = 8.068 s, n_iter = 100, final_shift = 0.000000
Repetition 4: t_classify = 6.948 s, t_update = 1.101 s, total = 8.049 s, n_iter = 100, final_shift = 0.000000
Repetition 5: t_classify = 6.966 s, t_update = 1.133 s, total = 8.099 s, n_iter = 100, final_shift = 0.000000
