================================================================================
Machine metadata:
================================================================================
CPU Vendor: AuthenticAMD
CPU Model: Common KVM processor
CPU Cores:                       8
Threads per core: 1
Threads per core: 1 (no symmetric multithreading)
CPU MHz: 
RAM: 62.79 GB
OS: Debian GNU/Linux 12 (bookworm)
GCC version: gcc (Debian 12.2.0-14+deb12u1) 12.2.0
================================================================================
Experiment results:
================================================================================
Repetition 1: t_classify = 1.338 s, t_update = 0.134 s, total = 1.472 s, n_iter = 100, final_shift = 0.000000
Repetition 2: t_classify = 1.324 s, t_update = 0.133 s, total = 1.458 s, n_iter = 100, final_shift = 0.000000
Repetition 3: t_classify = 1.321 s, t_update = 0.135 s, total = 1.456 s, n_iter = 100, final_shift = 0.000000
Repetition 4: t_classify = 1.341 s, t_update = 0.141 s, total = 1.482 s, n_iter = 100, final_shift = 0.000000
Repetition 5: t_classify = 1.320 s, t_update = 0.135 s, total = 1.455 s, n_iter = 100, final_shift = 0.000000
