================================================================================
Machine metadata:
================================================================================
CPU Vendor: AuthenticAMD
CPU Model: Common KVM processor
CPU Cores:                       8
Threads per core: 1
Threads per core: 1 (no symmetric multithreading)
CPU MHz: 
RAM: 62.79 GB
OS: Debian GNU/Linux 12 (bookworm)
GCC version: gcc (Debian 12.2.0-14+deb12u1) 12.2.0
================================================================================
Experiment results:
================================================================================
Repetition 1: t_classify = 1.826 s, t_update = 0.218 s, total = 2.044 s, n_iter = 100, final_shift = 0.000000
Repetition 2: t_classify = 1.827 s, t_update = 0.212 s, total = 2.039 s, n_iter = 100, final_shift = 0.000000
Repetition 3: t_classify = 1.826 s, t_update = 0.213 s, total = 2.039 s, n_iter = 100, final_shift = 0.000000
Repetition 4: t_classify = 1.836 s, t_update = 0.216 s, total = 2.052 s, n_iter = 100, final_shift = 0.000000
Repetition 5: t_classify = 1.830 s, t_update = 0.214 s, total = 2.044 s, n_iter = 100, final_shift = 0.000000
