================================================================================
Machine metadata:
================================================================================
CPU Vendor: AuthenticAMD
CPU Model: Common KVM processor
CPU Cores:                       8
Threads per core: 1
Threads per core: 1 (no symmetric multithreading)
CPU MHz: 
RAM: 62.79 GB
OS: Debian GNU/Linux 12 (bookworm)
GCC version: gcc (Debian 12.2.0-14+deb12u1) 12.2.0
================================================================================
Experiment results:
================================================================================
Repetition 1: t_classify = 4.157 s, t_update = 0.659 s, total = 4.816 s, n_iter = 100, final_shift = 0.005549
Repetition 2: t_classify = 4.139 s, t_update = 0.656 s, total = 4.795 s, n_iter = 100, final_shift = 0.004834
Repetition 3: t_classify = 4.142 s, t_update = 0.651 s, total = 4.793 s, n_iter = 100, final_shift = 0.004902
Repetition 4: t_classify = 4.136 s, t_update = 0.653 s, total = 4.789 s, n_iter = 100, final_shift = 0.004834
Repetition 5: t_classify = 4.134 s, t_update = 0.648 s, total = 4.783 s, n_iter = 100, final_shift = 0.004902
