================================================================================
Machine metadata:
================================================================================
CPU Vendor: AuthenticAMD
CPU Model: Common KVM processor
CPU Cores:                       8
Threads per core: 1
Threads per core: 1 (no symmetric multithreading)
CPU MHz: 
RAM: 62.79 GB
OS: Debian GNU/Linux 12 (bookworm)
GCC version: gcc (Debian 12.2.0-14+deb12u1) 12.2.0
================================================================================
Experiment results:
================================================================================
Repetition 1: t_classify = 1.751 s, t_update = 0.209 s, total = 1.960 s, n_iter = 100, final_shift = 0.000000
Repetition 2: t_classify = 1.756 s, t_update = 0.211 s, total = 1.967 s, n_iter = 100, final_shift = 0.000000
Repetition 3: t_classify = 1.752 s, t_update = 0.211 s, total = 1.963 s, n_iter = 100, final_shift = 0.000000
Repetition 4: t_classify = 1.797 s, t_update = 0.218 s, total = 2.015 s, n_iter = 100, final_shift = 0.000000
Repetition 5: t_classify = 1.758 s, t_update = 0.211 s, total = 1.969 s, n_iter = 100, final_shift = 0.000000
