================================================================================
Machine metadata:
================================================================================
CPU Vendor: AuthenticAMD
CPU Model: Common KVM processor
CPU Cores:                       8
Threads per core: 1
Threads per core: 1 (no symmetric multithreading)
CPU MHz: 
RAM: 62.79 GB
OS: Debian GNU/Linux 12 (bookworm)
GCC version: gcc (Debian 12.2.0-14+deb12u1) 12.2.0
================================================================================
Experiment results:
================================================================================
Repetition 1: t_classify = 60.401 s, t_update = 3.544 s, total = 63.945 s, n_iter = 100, final_shift = 0.000000
Repetition 2: t_classify = 59.663 s, t_update = 2.803 s, total = 62.466 s, n_iter = 100, final_shift = 0.000000
Repetition 3: t_classify = 59.670 s, t_update = 2.852 s, total = 62.522 s, n_iter = 100, final_shift = 0.000000
Repetition 4: t_classify = 59.694 s, t_update = 2.800 s, total = 62.495 s, n_iter = 100, final_shift = 0.000000
Repetition 5: t_classify = 59.647 s, t_update = 2.798 s, total = 62.445 s, n_iter = 100, final_shift = 0.000000
