================================================================================
Machine metadata:
================================================================================
CPU Vendor: AuthenticAMD
CPU Model: Common KVM processor
CPU Cores:                       8
Threads per core: 1
Threads per core: 1 (no symmetric multithreading)
CPU MHz: 
RAM: 62.79 GB
OS: Debian GNU/Linux 12 (bookworm)
GCC version: gcc (Debian 12.2.0-14+deb12u1) 12.2.0
================================================================================
Experiment results:
================================================================================
Repetition 1: t_classify = 3.124 s, t_update = 0.492 s, total = 3.616 s, n_iter = 100, final_shift = 0.000000
Repetition 2: t_classify = 3.116 s, t_update = 0.484 s, total = 3.600 s, n_iter = 100, final_shift = 0.000000
Repetition 3: t_classify = 3.128 s, t_update = 0.499 s, total = 3.628 s, n_iter = 100, final_shift = 0.000000
Repetition 4: t_classify = 3.137 s, t_update = 0.506 s, total = 3.643 s, n_iter = 100, final_shift = 0.000000
Repetition 5: t_classify = 3.117 s, t_update = 0.490 s, total = 3.607 s, n_iter = 100, final_shift = 0.000000
