================================================================================
Machine metadata:
================================================================================
CPU Vendor: AuthenticAMD
CPU Model: Common KVM processor
CPU Cores:                       8
Threads per core: 1
Threads per core: 1 (no symmetric multithreading)
CPU MHz: 
RAM: 62.79 GB
OS: Debian GNU/Linux 12 (bookworm)
GCC version: gcc (Debian 12.2.0-14+deb12u1) 12.2.0
================================================================================
Experiment results:
================================================================================
Repetition 1: t_classify = 1.582 s, t_update = 0.263 s, total = 1.844 s, n_iter = 100, final_shift = 0.000000
Repetition 2: t_classify = 1.543 s, t_update = 0.267 s, total = 1.810 s, n_iter = 100, final_shift = 0.000000
Repetition 3: t_classify = 1.545 s, t_update = 0.264 s, total = 1.808 s, n_iter = 100, final_shift = 0.000000
Repetition 4: t_classify = 1.548 s, t_update = 0.256 s, total = 1.804 s, n_iter = 100, final_shift = 0.000000
Repetition 5: t_classify = 1.537 s, t_update = 0.252 s, total = 1.789 s, n_iter = 100, final_shift = 0.000000
