================================================================================
Machine metadata:
================================================================================
CPU Vendor: AuthenticAMD
CPU Model: Common KVM processor
CPU Cores:                       8
Threads per core: 1
Threads per core: 1 (no symmetric multithreading)
CPU MHz: 
RAM: 62.79 GB
OS: Debian GNU/Linux 12 (bookworm)
GCC version: gcc (Debian 12.2.0-14+deb12u1) 12.2.0
================================================================================
Experiment results:
================================================================================
Repetition 1: t_classify = 8.277 s, t_update = 1.326 s, total = 9.603 s, n_iter = 100, final_shift = 0.000000
Repetition 2: t_classify = 8.323 s, t_update = 1.350 s, total = 9.673 s, n_iter = 100, final_shift = 0.000000
Repetition 3: t_classify = 8.299 s, t_update = 1.295 s, total = 9.594 s, n_iter = 100, final_shift = 0.000000
Repetition 4: t_classify = 8.299 s, t_update = 1.314 s, total = 9.613 s, n_iter = 100, final_shift = 0.000000
Repetition 5: t_classify = 8.305 s, t_update = 1.328 s, total = 9.634 s, n_iter = 100, final_shift = 0.000000
