================================================================================
Machine metadata:
================================================================================
CPU Vendor: AuthenticAMD
CPU Model: Common KVM processor
CPU Cores:                       8
Threads per core: 1
Threads per core: 1 (no symmetric multithreading)
CPU MHz: 
RAM: 62.79 GB
OS: Debian GNU/Linux 12 (bookworm)
GCC version: gcc (Debian 12.2.0-14+deb12u1) 12.2.0
================================================================================
Experiment results:
================================================================================
Repetition 1: t_classify = 12.297 s, t_update = 0.693 s, total = 12.990 s, n_iter = 100, final_shift = 34.049999
Repetition 2: t_classify = 12.266 s, t_update = 0.614 s, total = 12.880 s, n_iter = 100, final_shift = 34.049797
Repetition 3: t_classify = 12.256 s, t_update = 0.630 s, total = 12.886 s, n_iter = 100, final_shift = 34.049984
Repetition 4: t_classify = 12.300 s, t_update = 0.637 s, total = 12.938 s, n_iter = 100, final_shift = 57.424149
Repetition 5: t_classify = 12.338 s, t_update = 0.646 s, total = 12.984 s, n_iter = 100, final_shift = 34.049946
