================================================================================
Machine metadata:
================================================================================
CPU Vendor: AuthenticAMD
CPU Model: Common KVM processor
CPU Cores:                       8
Threads per core: 1
Threads per core: 1 (no symmetric multithreading)
CPU MHz: 
RAM: 62.79 GB
OS: Debian GNU/Linux 12 (bookworm)
GCC version: gcc (Debian 12.2.0-14+deb12u1) 12.2.0
================================================================================
Experiment results:
================================================================================
Repetition 1: t_classify = 0.267 s, t_update = 0.056 s, total = 0.323 s, n_iter = 100, final_shift = 0.000000
Repetition 2: t_classify = 0.274 s, t_update = 0.058 s, total = 0.331 s, n_iter = 100, final_shift = 0.000000
Repetition 3: t_classify = 0.269 s, t_update = 0.056 s, total = 0.325 s, n_iter = 100, final_shift = 0.000000
Repetition 4: t_classify = 0.290 s, t_update = 0.063 s, total = 0.353 s, n_iter = 100, final_shift = 0.000000
Repetition 5: t_classify = 0.266 s, t_update = 0.055 s, total = 0.321 s, n_iter = 100, final_shift = 0.000000
