================================================================================
Machine metadata:
================================================================================
CPU Vendor: AuthenticAMD
CPU Model: Common KVM processor
CPU Cores:                       8
Threads per core: 1
Threads per core: 1 (no symmetric multithreading)
CPU MHz: 
RAM: 62.79 GB
OS: Debian GNU/Linux 12 (bookworm)
GCC version: gcc (Debian 12.2.0-14+deb12u1) 12.2.0
================================================================================
Experiment results:
================================================================================
Repetition 1: t_classify = 4.166 s, t_update = 0.810 s, total = 4.976 s, n_iter = 100, final_shift = 0.000000
Repetition 2: t_classify = 4.179 s, t_update = 0.816 s, total = 4.995 s, n_iter = 100, final_shift = 0.000000
Repetition 3: t_classify = 4.170 s, t_update = 0.814 s, total = 4.984 s, n_iter = 100, final_shift = 0.000000
Repetition 4: t_classify = 4.169 s, t_update = 0.814 s, total = 4.982 s, n_iter = 100, final_shift = 0.000000
Repetition 5: t_classify = 4.190 s, t_update = 0.820 s, total = 5.009 s, n_iter = 100, final_shift = 0.000000
