================================================================================
Machine metadata:
================================================================================
CPU Vendor: AuthenticAMD
CPU Model: Common KVM processor
CPU Cores:                       8
Threads per core: 1
Threads per core: 1 (no symmetric multithreading)
CPU MHz: 
RAM: 62.79 GB
OS: Debian GNU/Linux 12 (bookworm)
GCC version: gcc (Debian 12.2.0-14+deb12u1) 12.2.0
================================================================================
Experiment results:
================================================================================
Repetition 1: t_classify = 5.442 s, t_update = 0.262 s, total = 5.704 s, n_iter = 100, final_shift = 0.021903
Repetition 2: t_classify = 5.415 s, t_update = 0.263 s, total = 5.678 s, n_iter = 100, final_shift = 0.021903
Repetition 3: t_classify = 5.442 s, t_update = 0.255 s, total = 5.698 s, n_iter = 100, final_shift = 0.021903
Repetition 4: t_classify = 5.442 s, t_update = 0.258 s, total = 5.700 s, n_iter = 100, final_shift = 0.021903
Repetition 5: t_classify = 5.465 s, t_update = 0.259 s, total = 5.724 s, n_iter = 100, final_shift = 0.021903
