================================================================================
Machine metadata:
================================================================================
CPU Vendor: AuthenticAMD
CPU Model: Common KVM processor
CPU Cores:                       8
Threads per core: 1
Threads per core: 1 (no symmetric multithreading)
CPU MHz: 
RAM: 62.79 GB
OS: Debian GNU/Linux 12 (bookworm)
GCC version: gcc (Debian 12.2.0-14+deb12u1) 12.2.0
================================================================================
Experiment results:
================================================================================
Repetition 1: t_classify = 4.361 s, t_update = 0.253 s, total = 4.614 s, n_iter = 100, final_shift = 0.052196
Repetition 2: t_classify = 4.368 s, t_update = 0.252 s, total = 4.620 s, n_iter = 100, final_shift = 0.052196
Repetition 3: t_classify = 4.361 s, t_update = 0.251 s, total = 4.612 s, n_iter = 100, final_shift = 0.052196
Repetition 4: t_classify = 4.349 s, t_update = 0.254 s, total = 4.603 s, n_iter = 100, final_shift = 0.052196
Repetition 5: t_classify = 4.378 s, t_update = 0.256 s, total = 4.633 s, n_iter = 100, final_shift = 0.052196
