================================================================================
Machine metadata:
================================================================================
CPU Vendor: AuthenticAMD
CPU Model: Common KVM processor
CPU Cores:                       8
Threads per core: 1
Threads per core: 1 (no symmetric multithreading)
CPU MHz: 
RAM: 62.79 GB
OS: Debian GNU/Linux 12 (bookworm)
GCC version: gcc (Debian 12.2.0-14+deb12u1) 12.2.0
================================================================================
Experiment results:
================================================================================
Repetition 1: t_classify = 5.049 s, t_update = 0.823 s, total = 5.872 s, n_iter = 100, final_shift = 0.000000
Repetition 2: t_classify = 5.057 s, t_update = 0.827 s, total = 5.884 s, n_iter = 100, final_shift = 0.000000
Repetition 3: t_classify = 5.057 s, t_update = 0.846 s, total = 5.903 s, n_iter = 100, final_shift = 0.000000
Repetition 4: t_classify = 5.047 s, t_update = 0.825 s, total = 5.872 s, n_iter = 100, final_shift = 0.000000
Repetition 5: t_classify = 5.072 s, t_update = 0.833 s, total = 5.905 s, n_iter = 100, final_shift = 0.000000
