================================================================================
Machine metadata:
================================================================================
CPU Vendor: AuthenticAMD
CPU Model: Common KVM processor
CPU Cores:                       8
Threads per core: 1
Threads per core: 1 (no symmetric multithreading)
CPU MHz: 
RAM: 62.79 GB
OS: Debian GNU/Linux 12 (bookworm)
GCC version: gcc (Debian 12.2.0-14+deb12u1) 12.2.0
================================================================================
Experiment results:
================================================================================
Repetition 1: t_classify = 2.658 s, t_update = 0.442 s, total = 3.100 s, n_iter = 100, final_shift = 0.000000
Repetition 2: t_classify = 2.669 s, t_update = 0.450 s, total = 3.119 s, n_iter = 100, final_shift = 0.000000
Repetition 3: t_classify = 2.672 s, t_update = 0.435 s, total = 3.107 s, n_iter = 100, final_shift = 0.000000
Repetition 4: t_classify = 2.674 s, t_update = 0.447 s, total = 3.121 s, n_iter = 100, final_shift = 0.000000
Repetition 5: t_classify = 2.651 s, t_update = 0.435 s, total = 3.086 s, n_iter = 100, final_shift = 0.000000
