================================================================================
Machine metadata:
================================================================================
CPU Vendor: AuthenticAMD
CPU Model: Common KVM processor
CPU Cores:                       8
Threads per core: 1
Threads per core: 1 (no symmetric multithreading)
CPU MHz: 
RAM: 62.79 GB
OS: Debian GNU/Linux 12 (bookworm)
GCC version: gcc (Debian 12.2.0-14+deb12u1) 12.2.0
================================================================================
Experiment results:
================================================================================
Repetition 1: t_classify = 17.383 s, t_update = 1.612 s, total = 18.995 s, n_iter = 100, final_shift = 0.000000
Repetition 2: t_classify = 17.361 s, t_update = 1.603 s, total = 18.963 s, n_iter = 100, final_shift = 0.000000
Repetition 3: t_classify = 17.392 s, t_update = 1.607 s, total = 18.999 s, n_iter = 100, final_shift = 0.000000
Repetition 4: t_classify = 17.416 s, t_update = 1.608 s, total = 19.024 s, n_iter = 100, final_shift = 0.000000
Repetition 5: t_classify = 17.423 s, t_update = 1.600 s, total = 19.023 s, n_iter = 100, final_shift = 0.000000
