================================================================================
Machine metadata:
================================================================================
CPU Vendor: AuthenticAMD
CPU Model: Common KVM processor
CPU Cores:                       8
Threads per core: 1
Threads per core: 1 (no symmetric multithreading)
CPU MHz: 
RAM: 62.79 GB
OS: Debian GNU/Linux 12 (bookworm)
GCC version: gcc (Debian 12.2.0-14+deb12u1) 12.2.0
================================================================================
Experiment results:
================================================================================
Repetition 1: t_classify = 1.520 s, t_update = 0.251 s, total = 1.770 s, n_iter = 100, final_shift = 0.000000
Repetition 2: t_classify = 1.524 s, t_update = 0.250 s, total = 1.774 s, n_iter = 100, final_shift = 0.000000
Repetition 3: t_classify = 1.522 s, t_update = 0.259 s, total = 1.781 s, n_iter = 100, final_shift = 0.000000
Repetition 4: t_classify = 1.522 s, t_update = 0.251 s, total = 1.773 s, n_iter = 100, final_shift = 0.000000
Repetition 5: t_classify = 1.521 s, t_update = 0.253 s, total = 1.775 s, n_iter = 100, final_shift = 0.000000
