================================================================================
Machine metadata:
================================================================================
CPU Vendor: AuthenticAMD
CPU Model: Common KVM processor
CPU Cores:                       8
Threads per core: 1
Threads per core: 1 (no symmetric multithreading)
CPU MHz: 
RAM: 62.79 GB
OS: Debian GNU/Linux 12 (bookworm)
GCC version: gcc (Debian 12.2.0-14+deb12u1) 12.2.0
================================================================================
Experiment results:
================================================================================
Repetition 1: t_classify = 4.980 s, t_update = 0.470 s, total = 5.449 s, n_iter = 100, final_shift = 0.000000
Repetition 2: t_classify = 5.006 s, t_update = 0.472 s, total = 5.478 s, n_iter = 100, final_shift = 0.000000
Repetition 3: t_classify = 4.996 s, t_update = 0.478 s, total = 5.474 s, n_iter = 100, final_shift = 0.000000
Repetition 4: t_classify = 5.000 s, t_update = 0.469 s, total = 5.469 s, n_iter = 100, final_shift = 0.000000
Repetition 5: t_classify = 4.975 s, t_update = 0.470 s, total = 5.445 s, n_iter = 100, final_shift = 0.000000
