================================================================================
Machine metadata:
================================================================================
CPU Vendor: AuthenticAMD
CPU Model: Common KVM processor
CPU Cores:                       8
Threads per core: 1
Threads per core: 1 (no symmetric multithreading)
CPU MHz: 
RAM: 62.79 GB
OS: Debian GNU/Linux 12 (bookworm)
GCC version: gcc (Debian 12.2.0-14+deb12u1) 12.2.0
================================================================================
Experiment results:
================================================================================
Repetition 1: t_classify = 10.697 s, t_update = 0.565 s, total = 11.262 s, n_iter = 100, final_shift = 0.021688
Repetition 2: t_classify = 10.758 s, t_update = 0.580 s, total = 11.338 s, n_iter = 100, final_shift = 0.021688
Repetition 3: t_classify = 10.746 s, t_update = 0.600 s, total = 11.346 s, n_iter = 100, final_shift = 0.021688
Repetition 4: t_classify = 10.769 s, t_update = 0.565 s, total = 11.334 s, n_iter = 100, final_shift = 0.021688
Repetition 5: t_classify = 10.744 s, t_update = 0.541 s, total = 11.285 s, n_iter = 100, final_shift = 0.021688
