================================================================================
Machine metadata:
================================================================================
CPU Vendor: AuthenticAMD
CPU Model: Common KVM processor
CPU Cores:                       8
Threads per core: 1
Threads per core: 1 (no symmetric multithreading)
CPU MHz: 
RAM: 62.79 GB
OS: Debian GNU/Linux 12 (bookworm)
GCC version: gcc (Debian 12.2.0-14+deb12u1) 12.2.0
================================================================================
Experiment results:
================================================================================
Repetition 1: t_classify = 11.592 s, t_update = 1.118 s, total = 12.710 s, n_iter = 100, final_shift = 0.355605
Repetition 2: t_classify = 11.610 s, t_update = 1.147 s, total = 12.756 s, n_iter = 100, final_shift = 0.095525
Repetition 3: t_classify = 11.577 s, t_update = 1.135 s, total = 12.712 s, n_iter = 100, final_shift = 0.000000
Repetition 4: t_classify = 11.542 s, t_update = 1.110 s, total = 12.652 s, n_iter = 100, final_shift = 0.000000
Repetition 5: t_classify = 11.541 s, t_update = 1.094 s, total = 12.635 s, n_iter = 100, final_shift = 0.000000
