================================================================================
Machine metadata:
================================================================================
CPU Vendor: AuthenticAMD
CPU Model: Common KVM processor
CPU Cores:                       8
Threads per core: 1
Threads per core: 1 (no symmetric multithreading)
CPU MHz: 
RAM: 62.79 GB
OS: Debian GNU/Linux 12 (bookworm)
GCC version: gcc (Debian 12.2.0-14+deb12u1) 12.2.0
================================================================================
Experiment results:
================================================================================
Repetition 1: t_classify = 1.039 s, t_update = 0.162 s, total = 1.201 s, n_iter = 100, final_shift = 1.234349
Repetition 2: t_classify = 1.040 s, t_update = 0.162 s, total = 1.202 s, n_iter = 100, final_shift = 1.234367
Repetition 3: t_classify = 1.038 s, t_update = 0.162 s, total = 1.201 s, n_iter = 100, final_shift = 0.782139
Repetition 4: t_classify = 1.038 s, t_update = 0.164 s, total = 1.202 s, n_iter = 100, final_shift = 1.234381
Repetition 5: t_classify = 1.318 s, t_update = 0.162 s, total = 1.479 s, n_iter = 100, final_shift = 1.509388
