================================================================================
Machine metadata:
================================================================================
CPU Vendor: AuthenticAMD
CPU Model: Common KVM processor
CPU Cores:                       8
Threads per core: 1
Threads per core: 1 (no symmetric multithreading)
CPU MHz: 
RAM: 62.79 GB
OS: Debian GNU/Linux 12 (bookworm)
GCC version: gcc (Debian 12.2.0-14+deb12u1) 12.2.0
================================================================================
Experiment results:
================================================================================
Repetition 1: t_classify = 102.837 s, t_update = 4.796 s, total = 107.632 s, n_iter = 100, final_shift = 3.092409
Repetition 2: t_classify = 102.875 s, t_update = 4.801 s, total = 107.676 s, n_iter = 100, final_shift = 3.092409
Repetition 3: t_classify = 102.822 s, t_update = 4.795 s, total = 107.617 s, n_iter = 100, final_shift = 3.092409
Repetition 4: t_classify = 102.903 s, t_update = 4.801 s, total = 107.704 s, n_iter = 100, final_shift = 3.092409
Repetition 5: t_classify = 102.754 s, t_update = 4.791 s, total = 107.545 s, n_iter = 100, final_shift = 3.092409
