================================================================================
Machine metadata:
================================================================================
CPU Vendor: AuthenticAMD
CPU Model: Common KVM processor
CPU Cores:                       8
Threads per core: 1
Threads per core: 1 (no symmetric multithreading)
CPU MHz: 
RAM: 62.79 GB
OS: Debian GNU/Linux 12 (bookworm)
GCC version: gcc (Debian 12.2.0-14+deb12u1) 12.2.0
================================================================================
Experiment results:
================================================================================
Repetition 1: t_classify = 8.815 s, t_update = 0.509 s, total = 9.324 s, n_iter = 100, final_shift = 0.000003
Repetition 2: t_classify = 8.871 s, t_update = 0.511 s, total = 9.382 s, n_iter = 100, final_shift = 0.000003
Repetition 3: t_classify = 9.041 s, t_update = 0.510 s, total = 9.551 s, n_iter = 100, final_shift = 0.000003
Repetition 4: t_classify = 8.826 s, t_update = 0.510 s, total = 9.337 s, n_iter = 100, final_shift = 0.000003
Repetition 5: t_classify = 8.834 s, t_update = 0.512 s, total = 9.346 s, n_iter = 100, final_shift = 0.000003
