================================================================================
Machine metadata:
================================================================================
CPU Vendor: AuthenticAMD
CPU Model: Common KVM processor
CPU Cores:                       8
Threads per core: 1
Threads per core: 1 (no symmetric multithreading)
CPU MHz: 
RAM: 62.79 GB
OS: Debian GNU/Linux 12 (bookworm)
GCC version: gcc (Debian 12.2.0-14+deb12u1) 12.2.0
================================================================================
Experiment results:
================================================================================
Repetition 1: t_classify = 17.076 s, t_update = 0.802 s, total = 17.878 s, n_iter = 100, final_shift = 0.000000
Repetition 2: t_classify = 17.027 s, t_update = 0.804 s, total = 17.831 s, n_iter = 100, final_shift = 0.000000
Repetition 3: t_classify = 17.017 s, t_update = 0.798 s, total = 17.815 s, n_iter = 100, final_shift = 0.000000
Repetition 4: t_classify = 17.017 s, t_update = 0.810 s, total = 17.827 s, n_iter = 100, final_shift = 0.000000
Repetition 5: t_classify = 17.011 s, t_update = 0.798 s, total = 17.809 s, n_iter = 100, final_shift = 0.000000
