================================================================================
Machine metadata:
================================================================================
CPU Vendor: AuthenticAMD
CPU Model: Common KVM processor
CPU Cores:                       8
Threads per core: 1
Threads per core: 1 (no symmetric multithreading)
CPU MHz: 
RAM: 62.79 GB
OS: Debian GNU/Linux 12 (bookworm)
GCC version: gcc (Debian 12.2.0-14+deb12u1) 12.2.0
================================================================================
Experiment results:
================================================================================
Repetition 1: t_classify = 0.757 s, t_update = 0.080 s, total = 0.837 s, n_iter = 100, final_shift = 0.000000
Repetition 2: t_classify = 0.751 s, t_update = 0.074 s, total = 0.825 s, n_iter = 100, final_shift = 0.000000
Repetition 3: t_classify = 0.751 s, t_update = 0.074 s, total = 0.825 s, n_iter = 100, final_shift = 0.000000
Repetition 4: t_classify = 0.755 s, t_update = 0.078 s, total = 0.832 s, n_iter = 100, final_shift = 0.000000
Repetition 5: t_classify = 0.756 s, t_update = 0.076 s, total = 0.831 s, n_iter = 100, final_shift = 0.000000
