================================================================================
Machine metadata:
================================================================================
CPU Vendor: AuthenticAMD
CPU Model: Common KVM processor
CPU Cores:                       8
Threads per core: 1
Threads per core: 1 (no symmetric multithreading)
CPU MHz: 
RAM: 62.79 GB
OS: Debian GNU/Linux 12 (bookworm)
GCC version: gcc (Debian 12.2.0-14+deb12u1) 12.2.0
================================================================================
Experiment results:
================================================================================
Repetition 1: t_classify = 1.740 s, t_update = 0.172 s, total = 1.913 s, n_iter = 100, final_shift = 0.000000
Repetition 2: t_classify = 1.735 s, t_update = 0.169 s, total = 1.904 s, n_iter = 100, final_shift = 0.000000
Repetition 3: t_classify = 1.746 s, t_update = 0.171 s, total = 1.917 s, n_iter = 100, final_shift = 0.000000
Repetition 4: t_classify = 1.747 s, t_update = 0.168 s, total = 1.914 s, n_iter = 100, final_shift = 0.000000
Repetition 5: t_classify = 1.755 s, t_update = 0.172 s, total = 1.927 s, n_iter = 100, final_shift = 0.000000
