================================================================================
Machine metadata:
================================================================================
CPU Vendor: AuthenticAMD
CPU Model: Common KVM processor
CPU Cores:                       8
Threads per core: 1
Threads per core: 1 (no symmetric multithreading)
CPU MHz: 
RAM: 62.79 GB
OS: Debian GNU/Linux 12 (bookworm)
GCC version: gcc (Debian 12.2.0-14+deb12u1) 12.2.0
================================================================================
Experiment results:
================================================================================
Repetition 1: t_classify = 0.765 s, t_update = 0.154 s, total = 0.919 s, n_iter = 100, final_shift = 0.000000
Repetition 2: t_classify = 0.761 s, t_update = 0.155 s, total = 0.916 s, n_iter = 100, final_shift = 0.000000
Repetition 3: t_classify = 0.755 s, t_update = 0.150 s, total = 0.906 s, n_iter = 100, final_shift = 0.000000
Repetition 4: t_classify = 0.755 s, t_update = 0.150 s, total = 0.905 s, n_iter = 100, final_shift = 0.000000
Repetition 5: t_classify = 0.762 s, t_update = 0.155 s, total = 0.917 s, n_iter = 100, final_shift = 0.000000
