================================================================================
Machine metadata:
================================================================================
CPU Vendor: AuthenticAMD
CPU Model: Common KVM processor
CPU Cores:                       8
Threads per core: 1
Threads per core: 1 (no symmetric multithreading)
CPU MHz: 
RAM: 62.79 GB
OS: Debian GNU/Linux 12 (bookworm)
GCC version: gcc (Debian 12.2.0-14+deb12u1) 12.2.0
================================================================================
Experiment results:
================================================================================
Repetition 1: t_classify = 0.879 s, t_update = 0.089 s, total = 0.968 s, n_iter = 100, final_shift = 0.000000
Repetition 2: t_classify = 0.874 s, t_update = 0.087 s, total = 0.961 s, n_iter = 100, final_shift = 0.000000
Repetition 3: t_classify = 0.874 s, t_update = 0.086 s, total = 0.960 s, n_iter = 100, final_shift = 0.000000
Repetition 4: t_classify = 0.875 s, t_update = 0.087 s, total = 0.962 s, n_iter = 100, final_shift = 0.000000
Repetition 5: t_classify = 0.875 s, t_update = 0.092 s, total = 0.967 s, n_iter = 100, final_shift = 0.000000
