================================================================================
Machine metadata:
================================================================================
CPU Vendor: AuthenticAMD
CPU Model: Common KVM processor
CPU Cores:                       8
Threads per core: 1
Threads per core: 1 (no symmetric multithreading)
CPU MHz: 
RAM: 62.79 GB
OS: Debian GNU/Linux 12 (bookworm)
GCC version: gcc (Debian 12.2.0-14+deb12u1) 12.2.0
================================================================================
Experiment results:
================================================================================
Repetition 1: t_classify = 26.060 s, t_update = 2.406 s, total = 28.466 s, n_iter = 100, final_shift = 0.000000
Repetition 2: t_classify = 26.002 s, t_update = 2.398 s, total = 28.400 s, n_iter = 100, final_shift = 0.000000
Repetition 3: t_classify = 25.977 s, t_update = 2.400 s, total = 28.377 s, n_iter = 100, final_shift = 0.000000
Repetition 4: t_classify = 25.975 s, t_update = 2.402 s, total = 28.377 s, n_iter = 100, final_shift = 0.000000
Repetition 5: t_classify = 26.032 s, t_update = 2.401 s, total = 28.433 s, n_iter = 100, final_shift = 0.000000
