================================================================================
Machine metadata:
================================================================================
CPU Vendor: AuthenticAMD
CPU Model: Common KVM processor
CPU Cores:                       8
Threads per core: 1
Threads per core: 1 (no symmetric multithreading)
CPU MHz: 
RAM: 62.79 GB
OS: Debian GNU/Linux 12 (bookworm)
GCC version: gcc (Debian 12.2.0-14+deb12u1) 12.2.0
================================================================================
Experiment results:
================================================================================
Repetition 1: t_classify = 9.808 s, t_update = 0.490 s, total = 10.298 s, n_iter = 100, final_shift = 0.994226
Repetition 2: t_classify = 9.778 s, t_update = 0.478 s, total = 10.257 s, n_iter = 100, final_shift = 0.905373
Repetition 3: t_classify = 9.795 s, t_update = 0.480 s, total = 10.275 s, n_iter = 100, final_shift = 0.994194
Repetition 4: t_classify = 9.798 s, t_update = 0.479 s, total = 10.277 s, n_iter = 100, final_shift = 0.994225
Repetition 5: t_classify = 9.773 s, t_update = 0.472 s, total = 10.245 s, n_iter = 100, final_shift = 0.002867
