================================================================================
Machine metadata:
================================================================================
CPU Vendor: AuthenticAMD
CPU Model: Common KVM processor
CPU Cores:                       8
Threads per core: 1
Threads per core: 1 (no symmetric multithreading)
CPU MHz: 
RAM: 62.79 GB
OS: Debian GNU/Linux 12 (bookworm)
GCC version: gcc (Debian 12.2.0-14+deb12u1) 12.2.0
================================================================================
Experiment results:
================================================================================
Repetition 1: t_classify = 18.329 s, t_update = 1.731 s, total = 20.060 s, n_iter = 100, final_shift = 1.805468
Repetition 2: t_classify = 18.301 s, t_update = 1.726 s, total = 20.027 s, n_iter = 100, final_shift = 1.805468
Repetition 3: t_classify = 18.361 s, t_update = 1.760 s, total = 20.121 s, n_iter = 100, final_shift = 1.805468
Repetition 4: t_classify = 18.337 s, t_update = 1.717 s, total = 20.054 s, n_iter = 100, final_shift = 1.805468
Repetition 5: t_classify = 18.298 s, t_update = 1.809 s, total = 20.107 s, n_iter = 100, final_shift = 1.805468
