================================================================================
Machine metadata:
================================================================================
CPU Vendor: AuthenticAMD
CPU Model: Common KVM processor
CPU Cores:                       8
Threads per core: 1
Threads per core: 1 (no symmetric multithreading)
CPU MHz: 
RAM: 62.79 GB
OS: Debian GNU/Linux 12 (bookworm)
GCC version: gcc (Debian 12.2.0-14+deb12u1) 12.2.0
================================================================================
Experiment results:
================================================================================
Repetition 1: t_classify = 5.187 s, t_update = 0.511 s, total = 5.699 s, n_iter = 100, final_shift = 0.000000
Repetition 2: t_classify = 5.195 s, t_update = 0.502 s, total = 5.697 s, n_iter = 100, final_shift = 0.000000
Repetition 3: t_classify = 5.190 s, t_update = 0.520 s, total = 5.711 s, n_iter = 100, final_shift = 0.000000
Repetition 4: t_classify = 5.196 s, t_update = 0.509 s, total = 5.705 s, n_iter = 100, final_shift = 0.000000
Repetition 5: t_classify = 5.192 s, t_update = 0.507 s, total = 5.698 s, n_iter = 100, final_shift = 0.000000
