================================================================================
Machine metadata:
================================================================================
CPU Vendor: AuthenticAMD
CPU Model: Common KVM processor
CPU Cores:                       8
Threads per core: 1
Threads per core: 1 (no symmetric multithreading)
CPU MHz: 
RAM: 62.79 GB
OS: Debian GNU/Linux 12 (bookworm)
GCC version: gcc (Debian 12.2.0-14+deb12u1) 12.2.0
================================================================================
Experiment results:
================================================================================
Repetition 1: t_classify = 3.257 s, t_update = 0.184 s, total = 3.441 s, n_iter = 100, final_shift = 0.000629
Repetition 2: t_classify = 3.253 s, t_update = 0.185 s, total = 3.438 s, n_iter = 100, final_shift = 0.000825
Repetition 3: t_classify = 3.248 s, t_update = 0.186 s, total = 3.434 s, n_iter = 100, final_shift = 0.000941
Repetition 4: t_classify = 3.275 s, t_update = 0.188 s, total = 3.464 s, n_iter = 100, final_shift = 0.000885
Repetition 5: t_classify = 3.251 s, t_update = 0.187 s, total = 3.439 s, n_iter = 100, final_shift = 0.000842
