================================================================================
Machine metadata:
================================================================================
CPU Vendor: AuthenticAMD
CPU Model: Common KVM processor
CPU Cores:                       8
Threads per core: 1
Threads per core: 1 (no symmetric multithreading)
CPU MHz: 
RAM: 62.79 GB
OS: Debian GNU/Linux 12 (bookworm)
GCC version: gcc (Debian 12.2.0-14+deb12u1) 12.2.0
================================================================================
Experiment results:
================================================================================
Repetition 1: t_classify = 4.466 s, t_update = 0.717 s, total = 5.183 s, n_iter = 100, final_shift = 0.084779
Repetition 2: t_classify = 4.459 s, t_update = 0.710 s, total = 5.169 s, n_iter = 100, final_shift = 0.084780
Repetition 3: t_classify = 4.465 s, t_update = 0.708 s, total = 5.174 s, n_iter = 100, final_shift = 0.089497
Repetition 4: t_classify = 4.461 s, t_update = 0.712 s, total = 5.173 s, n_iter = 100, final_shift = 0.083719
Repetition 5: t_classify = 4.465 s, t_update = 0.707 s, total = 5.172 s, n_iter = 100, final_shift = 0.084777
