================================================================================
Machine metadata:
================================================================================
CPU Vendor: AuthenticAMD
CPU Model: Common KVM processor
CPU Cores:                       8
Threads per core: 1
Threads per core: 1 (no symmetric multithreading)
CPU MHz: 
RAM: 62.79 GB
OS: Debian GNU/Linux 12 (bookworm)
GCC version: gcc (Debian 12.2.0-14+deb12u1) 12.2.0
================================================================================
Experiment results:
================================================================================
Repetition 1: t_classify = 1.984 s, t_update = 0.200 s, total = 2.185 s, n_iter = 100, final_shift = 0.000000
Repetition 2: t_classify = 1.988 s, t_update = 0.203 s, total = 2.190 s, n_iter = 100, final_shift = 0.000000
Repetition 3: t_classify = 1.986 s, t_update = 0.198 s, total = 2.183 s, n_iter = 100, final_shift = 0.000000
Repetition 4: t_classify = 1.994 s, t_update = 0.204 s, total = 2.197 s, n_iter = 100, final_shift = 0.000000
Repetition 5: t_classify = 1.997 s, t_update = 0.211 s, total = 2.208 s, n_iter = 100, final_shift = 0.000000
