================================================================================
Machine metadata:
================================================================================
CPU Vendor: AuthenticAMD
CPU Model: Common KVM processor
CPU Cores:                       8
Threads per core: 1
Threads per core: 1 (no symmetric multithreading)
CPU MHz: 
RAM: 62.79 GB
OS: Debian GNU/Linux 12 (bookworm)
GCC version: gcc (Debian 12.2.0-14+deb12u1) 12.2.0
================================================================================
Experiment results:
================================================================================
Repetition 1: t_classify = 7.784 s, t_update = 1.206 s, total = 8.990 s, n_iter = 100, final_shift = 0.081445
Repetition 2: t_classify = 7.792 s, t_update = 1.201 s, total = 8.993 s, n_iter = 100, final_shift = 0.083720
Repetition 3: t_classify = 7.803 s, t_update = 1.234 s, total = 9.037 s, n_iter = 100, final_shift = 0.048921
Repetition 4: t_classify = 7.787 s, t_update = 1.206 s, total = 8.993 s, n_iter = 100, final_shift = 0.049300
Repetition 5: t_classify = 7.788 s, t_update = 1.239 s, total = 9.027 s, n_iter = 100, final_shift = 0.081443
