================================================================================
Machine metadata:
================================================================================
CPU Vendor: AuthenticAMD
CPU Model: Common KVM processor
CPU Cores:                       8
Threads per core: 1
Threads per core: 1 (no symmetric multithreading)
CPU MHz: 
RAM: 62.79 GB
OS: Debian GNU/Linux 12 (bookworm)
GCC version: gcc (Debian 12.2.0-14+deb12u1) 12.2.0
================================================================================
Experiment results:
================================================================================
Repetition 1: t_classify = 8.645 s, t_update = 0.799 s, total = 9.444 s, n_iter = 100, final_shift = 1.653854
Repetition 2: t_classify = 8.650 s, t_update = 0.819 s, total = 9.469 s, n_iter = 100, final_shift = 1.653854
Repetition 3: t_classify = 8.647 s, t_update = 0.798 s, total = 9.446 s, n_iter = 100, final_shift = 1.653854
Repetition 4: t_classify = 8.652 s, t_update = 0.807 s, total = 9.459 s, n_iter = 100, final_shift = 1.653854
Repetition 5: t_classify = 8.679 s, t_update = 0.805 s, total = 9.484 s, n_iter = 100, final_shift = 1.653854
