================================================================================
Machine metadata:
================================================================================
CPU Vendor: AuthenticAMD
CPU Model: Common KVM processor
CPU Cores:                       8
Threads per core: 1
Threads per core: 1 (no symmetric multithreading)
CPU MHz: 
RAM: 62.79 GB
OS: Debian GNU/Linux 12 (bookworm)
GCC version: gcc (Debian 12.2.0-14+deb12u1) 12.2.0
================================================================================
Experiment results:
================================================================================
Repetition 1: t_classify = 74.131 s, t_update = 3.454 s, total = 77.584 s, n_iter = 100, final_shift = 0.001020
Repetition 2: t_classify = 74.278 s, t_update = 3.471 s, total = 77.748 s, n_iter = 100, final_shift = 0.001020
Repetition 3: t_classify = 74.050 s, t_update = 3.485 s, total = 77.535 s, n_iter = 100, final_shift = 0.001020
Repetition 4: t_classify = 74.134 s, t_update = 3.518 s, total = 77.652 s, n_iter = 100, final_shift = 0.001020
Repetition 5: t_classify = 74.058 s, t_update = 3.497 s, total = 77.556 s, n_iter = 100, final_shift = 0.001020
