================================================================================
Machine metadata:
================================================================================
CPU Vendor: AuthenticAMD
CPU Model: Common KVM processor
CPU Cores:                       8
Threads per core: 1
Threads per core: 1 (no symmetric multithreading)
CPU MHz: 
RAM: 62.79 GB
OS: Debian GNU/Linux 12 (bookworm)
GCC version: gcc (Debian 12.2.0-14+deb12u1) 12.2.0
================================================================================
Experiment results:
================================================================================
Repetition 1: t_classify = 8.371 s, t_update = 0.843 s, total = 9.214 s, n_iter = 100, final_shift = 0.000000
Repetition 2: t_classify = 8.359 s, t_update = 0.839 s, total = 9.198 s, n_iter = 100, final_shift = 0.000000
Repetition 3: t_classify = 8.341 s, t_update = 0.819 s, total = 9.161 s, n_iter = 100, final_shift = 0.000000
Repetition 4: t_classify = 8.421 s, t_update = 0.831 s, total = 9.252 s, n_iter = 100, final_shift = 0.000000
Repetition 5: t_classify = 8.331 s, t_update = 0.811 s, total = 9.142 s, n_iter = 100, final_shift = 0.000000
