================================================================================
Machine metadata:
================================================================================
CPU Vendor: AuthenticAMD
CPU Model: Common KVM processor
CPU Cores:                       8
Threads per core: 1
Threads per core: 1 (no symmetric multithreading)
CPU MHz: 
RAM: 62.79 GB
OS: Debian GNU/Linux 12 (bookworm)
GCC version: gcc (Debian 12.2.0-14+deb12u1) 12.2.0
================================================================================
Experiment results:
================================================================================
Repetition 1: t_classify = 37.134 s, t_update = 1.738 s, total = 38.872 s, n_iter = 100, final_shift = 0.001020
Repetition 2: t_classify = 37.386 s, t_update = 1.753 s, total = 39.138 s, n_iter = 100, final_shift = 0.001020
Repetition 3: t_classify = 37.393 s, t_update = 1.772 s, total = 39.165 s, n_iter = 100, final_shift = 0.001020
Repetition 4: t_classify = 37.335 s, t_update = 1.748 s, total = 39.083 s, n_iter = 100, final_shift = 0.001020
Repetition 5: t_classify = 37.296 s, t_update = 1.734 s, total = 39.030 s, n_iter = 100, final_shift = 0.001020
