================================================================================
Machine metadata:
================================================================================
CPU Vendor: AuthenticAMD
CPU Model: Common KVM processor
CPU Cores:                       8
Threads per core: 1
Threads per core: 1 (no symmetric multithreading)
CPU MHz: 
RAM: 62.79 GB
OS: Debian GNU/Linux 12 (bookworm)
GCC version: gcc (Debian 12.2.0-14+deb12u1) 12.2.0
================================================================================
Experiment results:
================================================================================
Repetition 1: t_classify = 11.378 s, t_update = 0.542 s, total = 11.920 s, n_iter = 100, final_shift = 0.000000
Repetition 2: t_classify = 11.370 s, t_update = 0.551 s, total = 11.921 s, n_iter = 100, final_shift = 0.000000
Repetition 3: t_classify = 11.405 s, t_update = 0.544 s, total = 11.950 s, n_iter = 100, final_shift = 0.000000
Repetition 4: t_classify = 11.366 s, t_update = 0.534 s, total = 11.900 s, n_iter = 100, final_shift = 0.000000
Repetition 5: t_classify = 11.372 s, t_update = 0.537 s, total = 11.909 s, n_iter = 100, final_shift = 0.000000
