================================================================================
Machine metadata:
================================================================================
CPU Vendor: AuthenticAMD
CPU Model: Common KVM processor
CPU Cores:                       8
Threads per core: 1
Threads per core: 1 (no symmetric multithreading)
CPU MHz: 
RAM: 62.79 GB
OS: Debian GNU/Linux 12 (bookworm)
GCC version: gcc (Debian 12.2.0-14+deb12u1) 12.2.0
================================================================================
Experiment results:
================================================================================
Repetition 1: t_classify = 1.113 s, t_update = 0.128 s, total = 1.241 s, n_iter = 100, final_shift = 0.000000
Repetition 2: t_classify = 1.115 s, t_update = 0.128 s, total = 1.242 s, n_iter = 100, final_shift = 0.000000
Repetition 3: t_classify = 1.106 s, t_update = 0.126 s, total = 1.233 s, n_iter = 100, final_shift = 0.000000
Repetition 4: t_classify = 1.108 s, t_update = 0.127 s, total = 1.235 s, n_iter = 100, final_shift = 0.000000
Repetition 5: t_classify = 1.115 s, t_update = 0.130 s, total = 1.245 s, n_iter = 100, final_shift = 0.000000
