================================================================================
Machine metadata:
================================================================================
CPU Vendor: AuthenticAMD
CPU Model: Common KVM processor
CPU Cores:                       8
Threads per core: 1
Threads per core: 1 (no symmetric multithreading)
CPU MHz: 
RAM: 62.79 GB
OS: Debian GNU/Linux 12 (bookworm)
GCC version: gcc (Debian 12.2.0-14+deb12u1) 12.2.0
================================================================================
Experiment results:
================================================================================
Repetition 1: t_classify = 17.163 s, t_update = 0.847 s, total = 18.011 s, n_iter = 100, final_shift = 0.000000
Repetition 2: t_classify = 17.174 s, t_update = 0.881 s, total = 18.055 s, n_iter = 100, final_shift = 0.000000
Repetition 3: t_classify = 17.181 s, t_update = 0.876 s, total = 18.056 s, n_iter = 100, final_shift = 0.000000
Repetition 4: t_classify = 17.217 s, t_update = 0.888 s, total = 18.105 s, n_iter = 100, final_shift = 0.000000
Repetition 5: t_classify = 17.291 s, t_update = 0.914 s, total = 18.206 s, n_iter = 100, final_shift = 0.000000
