================================================================================
Machine metadata:
================================================================================
CPU Vendor: AuthenticAMD
CPU Model: Common KVM processor
CPU Cores:                       8
Threads per core: 1
Threads per core: 1 (no symmetric multithreading)
CPU MHz: 
RAM: 62.79 GB
OS: Debian GNU/Linux 12 (bookworm)
GCC version: gcc (Debian 12.2.0-14+deb12u1) 12.2.0
================================================================================
Experiment results:
================================================================================
Repetition 1: t_classify = 1.515 s, t_update = 0.245 s, total = 1.761 s, n_iter = 100, final_shift = 0.000000
Repetition 2: t_classify = 1.515 s, t_update = 0.247 s, total = 1.762 s, n_iter = 100, final_shift = 0.000000
Repetition 3: t_classify = 1.516 s, t_update = 0.249 s, total = 1.765 s, n_iter = 100, final_shift = 0.000000
Repetition 4: t_classify = 1.520 s, t_update = 0.250 s, total = 1.771 s, n_iter = 100, final_shift = 0.000000
Repetition 5: t_classify = 1.518 s, t_update = 0.250 s, total = 1.768 s, n_iter = 100, final_shift = 0.000000
