================================================================================
Machine metadata:
================================================================================
CPU Vendor: AuthenticAMD
CPU Model: Common KVM processor
CPU Cores:                       8
Threads per core: 1
Threads per core: 1 (no symmetric multithreading)
CPU MHz: 
RAM: 62.79 GB
OS: Debian GNU/Linux 12 (bookworm)
GCC version: gcc (Debian 12.2.0-14+deb12u1) 12.2.0
================================================================================
Experiment results:
================================================================================
Repetition 1: t_classify = 17.324 s, t_update = 0.859 s, total = 18.183 s, n_iter = 100, final_shift = 0.862592
Repetition 2: t_classify = 17.276 s, t_update = 0.875 s, total = 18.151 s, n_iter = 100, final_shift = 0.950884
Repetition 3: t_classify = 17.344 s, t_update = 0.870 s, total = 18.214 s, n_iter = 100, final_shift = 0.950907
Repetition 4: t_classify = 17.353 s, t_update = 0.884 s, total = 18.238 s, n_iter = 100, final_shift = 0.950907
Repetition 5: t_classify = 17.316 s, t_update = 0.817 s, total = 18.133 s, n_iter = 100, final_shift = 0.950901
