================================================================================
Machine metadata:
================================================================================
CPU Vendor: AuthenticAMD
CPU Model: Common KVM processor
CPU Cores:                       8
Threads per core: 1
Threads per core: 1 (no symmetric multithreading)
CPU MHz: 
RAM: 62.79 GB
OS: Debian GNU/Linux 12 (bookworm)
GCC version: gcc (Debian 12.2.0-14+deb12u1) 12.2.0
================================================================================
Experiment results:
================================================================================
Repetition 1: t_classify = 6.423 s, t_update = 0.624 s, total = 7.048 s, n_iter = 100, final_shift = 0.000000
Repetition 2: t_classify = 6.429 s, t_update = 0.632 s, total = 7.061 s, n_iter = 100, final_shift = 0.000000
Repetition 3: t_classify = 6.434 s, t_update = 0.635 s, total = 7.069 s, n_iter = 100, final_shift = 0.000000
Repetition 4: t_classify = 6.420 s, t_update = 0.633 s, total = 7.053 s, n_iter = 100, final_shift = 0.000000
Repetition 5: t_classify = 6.429 s, t_update = 0.625 s, total = 7.054 s, n_iter = 100, final_shift = 0.000000
