================================================================================
Machine metadata:
================================================================================
CPU Vendor: AuthenticAMD
CPU Model: Common KVM processor
CPU Cores:                       8
Threads per core: 1
Threads per core: 1 (no symmetric multithreading)
CPU MHz: 
RAM: 62.79 GB
OS: Debian GNU/Linux 12 (bookworm)
GCC version: gcc (Debian 12.2.0-14+deb12u1) 12.2.0
================================================================================
Experiment results:
================================================================================
Repetition 1: t_classify = 45.577 s, t_update = 2.167 s, total = 47.744 s, n_iter = 100, final_shift = 2.196456
Repetition 2: t_classify = 45.727 s, t_update = 2.318 s, total = 48.046 s, n_iter = 100, final_shift = 2.196433
Repetition 3: t_classify = 45.654 s, t_update = 2.184 s, total = 47.838 s, n_iter = 100, final_shift = 2.196433
Repetition 4: t_classify = 45.650 s, t_update = 2.218 s, total = 47.868 s, n_iter = 100, final_shift = 2.196456
Repetition 5: t_classify = 45.562 s, t_update = 2.174 s, total = 47.736 s, n_iter = 100, final_shift = 2.196456
