================================================================================
Machine metadata:
================================================================================
CPU Vendor: AuthenticAMD
CPU Model: Common KVM processor
CPU Cores:                       8
Threads per core: 1
Threads per core: 1 (no symmetric multithreading)
CPU MHz: 
RAM: 62.79 GB
OS: Debian GNU/Linux 12 (bookworm)
GCC version: gcc (Debian 12.2.0-14+deb12u1) 12.2.0
================================================================================
Experiment results:
================================================================================
Repetition 1: t_classify = 3.488 s, t_update = 0.583 s, total = 4.071 s, n_iter = 100, final_shift = 0.000000
Repetition 2: t_classify = 3.498 s, t_update = 0.582 s, total = 4.080 s, n_iter = 100, final_shift = 0.000000
Repetition 3: t_classify = 3.502 s, t_update = 0.585 s, total = 4.088 s, n_iter = 100, final_shift = 0.000000
Repetition 4: t_classify = 3.514 s, t_update = 0.584 s, total = 4.098 s, n_iter = 100, final_shift = 0.000000
Repetition 5: t_classify = 3.522 s, t_update = 0.590 s, total = 4.113 s, n_iter = 100, final_shift = 0.000000
