================================================================================
Machine metadata:
================================================================================
CPU Vendor: AuthenticAMD
CPU Model: Common KVM processor
CPU Cores:                       8
Threads per core: 1
Threads per core: 1 (no symmetric multithreading)
CPU MHz: 
RAM: 62.79 GB
OS: Debian GNU/Linux 12 (bookworm)
GCC version: gcc (Debian 12.2.0-14+deb12u1) 12.2.0
================================================================================
Experiment results:
================================================================================
Repetition 1: t_classify = 2.966 s, t_update = 0.469 s, total = 3.436 s, n_iter = 100, final_shift = 0.008170
Repetition 2: t_classify = 2.962 s, t_update = 0.485 s, total = 3.447 s, n_iter = 100, final_shift = 0.006362
Repetition 3: t_classify = 2.962 s, t_update = 0.468 s, total = 3.430 s, n_iter = 100, final_shift = 0.007980
Repetition 4: t_classify = 2.960 s, t_update = 0.470 s, total = 3.431 s, n_iter = 100, final_shift = 0.005849
Repetition 5: t_classify = 2.956 s, t_update = 0.465 s, total = 3.421 s, n_iter = 100, final_shift = 0.007271
