================================================================================
Machine metadata:
================================================================================
CPU Vendor: AuthenticAMD
CPU Model: Common KVM processor
CPU Cores:                       8
Threads per core: 1
Threads per core: 1 (no symmetric multithreading)
CPU MHz: 
RAM: 62.79 GB
OS: Debian GNU/Linux 12 (bookworm)
GCC version: gcc (Debian 12.2.0-14+deb12u1) 12.2.0
================================================================================
Experiment results:
================================================================================
Repetition 1: t_classify = 4.370 s, t_update = 0.207 s, total = 4.577 s, n_iter = 100, final_shift = 0.015669
Repetition 2: t_classify = 4.330 s, t_update = 0.207 s, total = 4.537 s, n_iter = 100, final_shift = 0.015669
Repetition 3: t_classify = 4.367 s, t_update = 0.207 s, total = 4.574 s, n_iter = 100, final_shift = 0.015669
Repetition 4: t_classify = 4.365 s, t_update = 0.208 s, total = 4.573 s, n_iter = 100, final_shift = 0.015669
Repetition 5: t_classify = 4.361 s, t_update = 0.208 s, total = 4.570 s, n_iter = 100, final_shift = 0.015669
