================================================================================
Machine metadata:
================================================================================
CPU Vendor: AuthenticAMD
CPU Model: Common KVM processor
CPU Cores:                       8
Threads per core: 1
Threads per core: 1 (no symmetric multithreading)
CPU MHz: 
RAM: 62.79 GB
OS: Debian GNU/Linux 12 (bookworm)
GCC version: gcc (Debian 12.2.0-14+deb12u1) 12.2.0
================================================================================
Experiment results:
================================================================================
Repetition 1: t_classify = 13.080 s, t_update = 0.638 s, total = 13.718 s, n_iter = 100, final_shift = 0.016226
Repetition 2: t_classify = 13.047 s, t_update = 0.637 s, total = 13.684 s, n_iter = 100, final_shift = 0.016226
Repetition 3: t_classify = 13.074 s, t_update = 0.636 s, total = 13.710 s, n_iter = 100, final_shift = 0.016226
Repetition 4: t_classify = 13.021 s, t_update = 0.643 s, total = 13.664 s, n_iter = 100, final_shift = 0.016226
Repetition 5: t_classify = 13.059 s, t_update = 0.631 s, total = 13.690 s, n_iter = 100, final_shift = 0.016226
