================================================================================
Machine metadata:
================================================================================
CPU Vendor: AuthenticAMD
CPU Model: Common KVM processor
CPU Cores:                       8
Threads per core: 1
Threads per core: 1 (no symmetric multithreading)
CPU MHz: 
RAM: 62.79 GB
OS: Debian GNU/Linux 12 (bookworm)
GCC version: gcc (Debian 12.2.0-14+deb12u1) 12.2.0
================================================================================
Experiment results:
================================================================================
Repetition 1: t_classify = 1.241 s, t_update = 0.243 s, total = 1.484 s, n_iter = 100, final_shift = 0.000000
Repetition 2: t_classify = 1.242 s, t_update = 0.245 s, total = 1.487 s, n_iter = 100, final_shift = 0.000000
Repetition 3: t_classify = 1.235 s, t_update = 0.243 s, total = 1.477 s, n_iter = 100, final_shift = 0.000000
Repetition 4: t_classify = 1.238 s, t_update = 0.244 s, total = 1.481 s, n_iter = 100, final_shift = 0.000000
Repetition 5: t_classify = 1.253 s, t_update = 0.249 s, total = 1.502 s, n_iter = 100, final_shift = 0.000000
