================================================================================
Machine metadata:
================================================================================
CPU Vendor: AuthenticAMD
CPU Model: Common KVM processor
CPU Cores:                       8
Threads per core: 1
Threads per core: 1 (no symmetric multithreading)
CPU MHz: 
RAM: 62.79 GB
OS: Debian GNU/Linux 12 (bookworm)
GCC version: gcc (Debian 12.2.0-14+deb12u1) 12.2.0
================================================================================
Experiment results:
================================================================================
Repetition 1: t_classify = 3.045 s, t_update = 0.505 s, total = 3.550 s, n_iter = 100, final_shift = 0.000000
Repetition 2: t_classify = 3.056 s, t_update = 0.521 s, total = 3.577 s, n_iter = 100, final_shift = 0.000000
Repetition 3: t_classify = 3.052 s, t_update = 0.505 s, total = 3.557 s, n_iter = 100, final_shift = 0.000000
Repetition 4: t_classify = 3.056 s, t_update = 0.508 s, total = 3.563 s, n_iter = 100, final_shift = 0.000000
Repetition 5: t_classify = 3.051 s, t_update = 0.504 s, total = 3.555 s, n_iter = 100, final_shift = 0.000000
