================================================================================
Machine metadata:
================================================================================
CPU Vendor: AuthenticAMD
CPU Model: Common KVM processor
CPU Cores:                       8
Threads per core: 1
Threads per core: 1 (no symmetric multithreading)
CPU MHz: 
RAM: 62.79 GB
OS: Debian GNU/Linux 12 (bookworm)
GCC version: gcc (Debian 12.2.0-14+deb12u1) 12.2.0
================================================================================
Experiment results:
================================================================================
Repetition 1: t_classify = 2.631 s, t_update = 0.254 s, total = 2.885 s, n_iter = 100, final_shift = 0.000000
Repetition 2: t_classify = 2.630 s, t_update = 0.252 s, total = 2.882 s, n_iter = 100, final_shift = 0.000000
Repetition 3: t_classify = 2.631 s, t_update = 0.253 s, total = 2.884 s, n_iter = 100, final_shift = 0.000000
Repetition 4: t_classify = 2.631 s, t_update = 0.254 s, total = 2.885 s, n_iter = 100, final_shift = 0.000000
Repetition 5: t_classify = 2.673 s, t_update = 0.261 s, total = 2.934 s, n_iter = 100, final_shift = 0.000000
