================================================================================
Machine metadata:
================================================================================
CPU Vendor: AuthenticAMD
CPU Model: Common KVM processor
CPU Cores:                       8
Threads per core: 1
Threads per core: 1 (no symmetric multithreading)
CPU MHz: 
RAM: 62.79 GB
OS: Debian GNU/Linux 12 (bookworm)
GCC version: gcc (Debian 12.2.0-14+deb12u1) 12.2.0
================================================================================
Experiment results:
================================================================================
Repetition 1: t_classify = 9.201 s, t_update = 1.523 s, total = 10.725 s, n_iter = 100, final_shift = 0.000000
Repetition 2: t_classify = 9.192 s, t_update = 1.493 s, total = 10.685 s, n_iter = 100, final_shift = 0.000000
Repetition 3: t_classify = 9.169 s, t_update = 1.482 s, total = 10.652 s, n_iter = 100, final_shift = 0.000000
Repetition 4: t_classify = 9.206 s, t_update = 1.518 s, total = 10.724 s, n_iter = 100, final_shift = 0.000000
Repetition 5: t_classify = 9.197 s, t_update = 1.482 s, total = 10.679 s, n_iter = 100, final_shift = 0.000000
