================================================================================
Machine metadata:
================================================================================
CPU Vendor: AuthenticAMD
CPU Model: Common KVM processor
CPU Cores:                       8
Threads per core: 1
Threads per core: 1 (no symmetric multithreading)
CPU MHz: 
RAM: 62.79 GB
OS: Debian GNU/Linux 12 (bookworm)
GCC version: gcc (Debian 12.2.0-14+deb12u1) 12.2.0
================================================================================
Experiment results:
================================================================================
Repetition 1: t_classify = 4.347 s, t_update = 0.411 s, total = 4.758 s, n_iter = 100, final_shift = 1.653900
Repetition 2: t_classify = 4.349 s, t_update = 0.417 s, total = 4.765 s, n_iter = 100, final_shift = 0.259913
Repetition 3: t_classify = 4.350 s, t_update = 0.420 s, total = 4.771 s, n_iter = 100, final_shift = 0.259912
Repetition 4: t_classify = 4.353 s, t_update = 0.408 s, total = 4.761 s, n_iter = 100, final_shift = 0.259913
Repetition 5: t_classify = 4.405 s, t_update = 0.420 s, total = 4.825 s, n_iter = 100, final_shift = 0.259917
