================================================================================
Machine metadata:
================================================================================
CPU Vendor: AuthenticAMD
CPU Model: Common KVM processor
CPU Cores:                       8
Threads per core: 1
Threads per core: 1 (no symmetric multithreading)
CPU MHz: 
RAM: 62.79 GB
OS: Debian GNU/Linux 12 (bookworm)
GCC version: gcc (Debian 12.2.0-14+deb12u1) 12.2.0
================================================================================
Experiment results:
================================================================================
Repetition 1: t_classify = 10.314 s, t_update = 1.594 s, total = 11.908 s, n_iter = 100, final_shift = 0.000000
Repetition 2: t_classify = 10.347 s, t_update = 1.596 s, total = 11.942 s, n_iter = 100, final_shift = 0.000000
Repetition 3: t_classify = 10.347 s, t_update = 1.594 s, total = 11.941 s, n_iter = 100, final_shift = 0.000000
Repetition 4: t_classify = 10.320 s, t_update = 1.593 s, total = 11.913 s, n_iter = 100, final_shift = 0.000000
Repetition 5: t_classify = 10.379 s, t_update = 1.600 s, total = 11.979 s, n_iter = 100, final_shift = 0.000000
