================================================================================
Machine metadata:
================================================================================
CPU Vendor: AuthenticAMD
CPU Model: Common KVM processor
CPU Cores:                       8
Threads per core: 1
Threads per core: 1 (no symmetric multithreading)
CPU MHz: 
RAM: 62.79 GB
OS: Debian GNU/Linux 12 (bookworm)
GCC version: gcc (Debian 12.2.0-14+deb12u1) 12.2.0
================================================================================
Experiment results:
================================================================================
Repetition 1: t_classify = 26.100 s, t_update = 1.290 s, total = 27.390 s, n_iter = 100, final_shift = 0.008279
Repetition 2: t_classify = 25.995 s, t_update = 1.244 s, total = 27.239 s, n_iter = 100, final_shift = 0.008279
Repetition 3: t_classify = 26.035 s, t_update = 1.313 s, total = 27.348 s, n_iter = 100, final_shift = 0.008279
Repetition 4: t_classify = 25.987 s, t_update = 1.244 s, total = 27.231 s, n_iter = 100, final_shift = 0.008279
Repetition 5: t_classify = 25.984 s, t_update = 1.240 s, total = 27.223 s, n_iter = 100, final_shift = 0.008279
