================================================================================
Machine metadata:
================================================================================
CPU Vendor: AuthenticAMD
CPU Model: Common KVM processor
CPU Cores:                       8
Threads per core: 1
Threads per core: 1 (no symmetric multithreading)
CPU MHz: 
RAM: 62.79 GB
OS: Debian GNU/Linux 12 (bookworm)
GCC version: gcc (Debian 12.2.0-14+deb12u1) 12.2.0
================================================================================
Experiment results:
================================================================================
Repetition 1: t_classify = 3.471 s, t_update = 0.403 s, total = 3.874 s, n_iter = 100, final_shift = 0.000000
Repetition 2: t_classify = 3.483 s, t_update = 0.404 s, total = 3.888 s, n_iter = 100, final_shift = 0.000000
Repetition 3: t_classify = 3.483 s, t_update = 0.406 s, total = 3.889 s, n_iter = 100, final_shift = 0.000000
Repetition 4: t_classify = 3.479 s, t_update = 0.403 s, total = 3.882 s, n_iter = 100, final_shift = 0.000000
Repetition 5: t_classify = 3.474 s, t_update = 0.402 s, total = 3.876 s, n_iter = 100, final_shift = 0.000000
