================================================================================
Machine metadata:
================================================================================
CPU Vendor: AuthenticAMD
CPU Model: Common KVM processor
CPU Cores:                       8
Threads per core: 1
Threads per core: 1 (no symmetric multithreading)
CPU MHz: 
RAM: 62.79 GB
OS: Debian GNU/Linux 12 (bookworm)
GCC version: gcc (Debian 12.2.0-14+deb12u1) 12.2.0
================================================================================
Experiment results:
================================================================================
Repetition 1: t_classify = 83.708 s, t_update = 3.933 s, total = 87.641 s, n_iter = 100, final_shift = 0.022385
Repetition 2: t_classify = 83.608 s, t_update = 3.937 s, total = 87.545 s, n_iter = 100, final_shift = 0.022385
Repetition 3: t_classify = 83.661 s, t_update = 3.932 s, total = 87.593 s, n_iter = 100, final_shift = 0.022385
Repetition 4: t_classify = 83.834 s, t_update = 3.963 s, total = 87.797 s, n_iter = 100, final_shift = 0.022385
Repetition 5: t_classify = 94.047 s, t_update = 3.971 s, total = 98.018 s, n_iter = 100, final_shift = 0.022385
