================================================================================
Machine metadata:
================================================================================
CPU Vendor: AuthenticAMD
CPU Model: Common KVM processor
CPU Cores:                       8
Threads per core: 1
Threads per core: 1 (no symmetric multithreading)
CPU MHz: 
RAM: 62.79 GB
OS: Debian GNU/Linux 12 (bookworm)
GCC version: gcc (Debian 12.2.0-14+deb12u1) 12.2.0
================================================================================
Experiment results:
================================================================================
Repetition 1: t_classify = 7.237 s, t_update = 0.683 s, total = 7.920 s, n_iter = 100, final_shift = 2.335812
Repetition 2: t_classify = 7.256 s, t_update = 0.701 s, total = 7.957 s, n_iter = 100, final_shift = 2.332129
Repetition 3: t_classify = 7.265 s, t_update = 0.696 s, total = 7.961 s, n_iter = 100, final_shift = 2.386338
Repetition 4: t_classify = 7.240 s, t_update = 0.697 s, total = 7.937 s, n_iter = 100, final_shift = 2.338273
Repetition 5: t_classify = 7.241 s, t_update = 0.676 s, total = 7.917 s, n_iter = 100, final_shift = 2.386324
