================================================================================
Machine metadata:
================================================================================
CPU Vendor: AuthenticAMD
CPU Model: Common KVM processor
CPU Cores:                       8
Threads per core: 1
Threads per core: 1 (no symmetric multithreading)
CPU MHz: 
RAM: 62.79 GB
OS: Debian GNU/Linux 12 (bookworm)
GCC version: gcc (Debian 12.2.0-14+deb12u1) 12.2.0
================================================================================
Experiment results:
================================================================================
Repetition 1: t_classify = 6.895 s, t_update = 1.069 s, total = 7.964 s, n_iter = 100, final_shift = 0.005678
Repetition 2: t_classify = 6.880 s, t_update = 1.073 s, total = 7.952 s, n_iter = 100, final_shift = 0.006941
Repetition 3: t_classify = 6.894 s, t_update = 1.079 s, total = 7.972 s, n_iter = 100, final_shift = 0.006939
Repetition 4: t_classify = 6.893 s, t_update = 1.075 s, total = 7.968 s, n_iter = 100, final_shift = 0.005124
Repetition 5: t_classify = 6.881 s, t_update = 1.079 s, total = 7.960 s, n_iter = 100, final_shift = 0.006939
