================================================================================
Machine metadata:
================================================================================
CPU Vendor: AuthenticAMD
CPU Model: Common KVM processor
CPU Cores:                       8
Threads per core: 1
Threads per core: 1 (no symmetric multithreading)
CPU MHz: 
RAM: 62.79 GB
OS: Debian GNU/Linux 12 (bookworm)
GCC version: gcc (Debian 12.2.0-14+deb12u1) 12.2.0
================================================================================
Experiment results:
================================================================================
Repetition 1: t_classify = 17.095 s, t_update = 0.809 s, total = 17.904 s, n_iter = 100, final_shift = 0.000000
Repetition 2: t_classify = 17.100 s, t_update = 0.822 s, total = 17.923 s, n_iter = 100, final_shift = 0.000000
Repetition 3: t_classify = 17.219 s, t_update = 0.886 s, total = 18.106 s, n_iter = 100, final_shift = 0.000000
Repetition 4: t_classify = 17.194 s, t_update = 0.870 s, total = 18.064 s, n_iter = 100, final_shift = 0.000000
Repetition 5: t_classify = 17.172 s, t_update = 0.846 s, total = 18.018 s, n_iter = 100, final_shift = 0.000000
