================================================================================
Machine metadata:
================================================================================
CPU Vendor: AuthenticAMD
CPU Model: Common KVM processor
CPU Cores:                       8
Threads per core: 1
Threads per core: 1 (no symmetric multithreading)
CPU MHz: 
RAM: 62.79 GB
OS: Debian GNU/Linux 12 (bookworm)
GCC version: gcc (Debian 12.2.0-14+deb12u1) 12.2.0
================================================================================
Experiment results:
================================================================================
Repetition 1: t_classify = 3.497 s, t_update = 0.341 s, total = 3.838 s, n_iter = 100, final_shift = 0.000000
Repetition 2: t_classify = 3.495 s, t_update = 0.343 s, total = 3.838 s, n_iter = 100, final_shift = 0.000000
Repetition 3: t_classify = 3.500 s, t_update = 0.343 s, total = 3.843 s, n_iter = 100, final_shift = 0.000000
Repetition 4: t_classify = 3.510 s, t_update = 0.339 s, total = 3.849 s, n_iter = 100, final_shift = 0.000000
Repetition 5: t_classify = 3.507 s, t_update = 0.345 s, total = 3.853 s, n_iter = 100, final_shift = 0.000000
