================================================================================
Machine metadata:
================================================================================
CPU Vendor: AuthenticAMD
CPU Model: Common KVM processor
CPU Cores:                       8
Threads per core: 1
Threads per core: 1 (no symmetric multithreading)
CPU MHz: 
RAM: 62.79 GB
OS: Debian GNU/Linux 12 (bookworm)
GCC version: gcc (Debian 12.2.0-14+deb12u1) 12.2.0
================================================================================
Experiment results:
================================================================================
Repetition 1: t_classify = 21.594 s, t_update = 2.002 s, total = 23.596 s, n_iter = 100, final_shift = 2.405617
Repetition 2: t_classify = 21.557 s, t_update = 2.006 s, total = 23.562 s, n_iter = 100, final_shift = 2.405617
Repetition 3: t_classify = 21.570 s, t_update = 2.029 s, total = 23.599 s, n_iter = 100, final_shift = 2.405617
Repetition 4: t_classify = 21.558 s, t_update = 2.007 s, total = 23.565 s, n_iter = 100, final_shift = 2.405617
Repetition 5: t_classify = 21.552 s, t_update = 1.995 s, total = 23.546 s, n_iter = 100, final_shift = 2.405617
