================================================================================
Machine metadata:
================================================================================
CPU Vendor: AuthenticAMD
CPU Model: Common KVM processor
CPU Cores:                       8
Threads per core: 1
Threads per core: 1 (no symmetric multithreading)
CPU MHz: 
RAM: 62.79 GB
OS: Debian GNU/Linux 12 (bookworm)
GCC version: gcc (Debian 12.2.0-14+deb12u1) 12.2.0
================================================================================
Experiment results:
================================================================================
Repetition 1: t_classify = 2.057 s, t_update = 0.121 s, total = 2.178 s, n_iter = 100, final_shift = 0.003394
Repetition 2: t_classify = 2.053 s, t_update = 0.125 s, total = 2.178 s, n_iter = 100, final_shift = 0.003394
Repetition 3: t_classify = 2.044 s, t_update = 0.126 s, total = 2.170 s, n_iter = 100, final_shift = 0.003394
Repetition 4: t_classify = 2.054 s, t_update = 0.123 s, total = 2.177 s, n_iter = 100, final_shift = 0.003394
Repetition 5: t_classify = 2.071 s, t_update = 0.125 s, total = 2.196 s, n_iter = 100, final_shift = 0.003394
