================================================================================
Machine metadata:
================================================================================
CPU Vendor: AuthenticAMD
CPU Model: Common KVM processor
CPU Cores:                       8
Threads per core: 1
Threads per core: 1 (no symmetric multithreading)
CPU MHz: 
RAM: 62.79 GB
OS: Debian GNU/Linux 12 (bookworm)
GCC version: gcc (Debian 12.2.0-14+deb12u1) 12.2.0
================================================================================
Experiment results:
================================================================================
Repetition 1: t_classify = 1.497 s, t_update = 0.151 s, total = 1.648 s, n_iter = 100, final_shift = 0.000000
Repetition 2: t_classify = 1.518 s, t_update = 0.155 s, total = 1.673 s, n_iter = 100, final_shift = 0.000000
Repetition 3: t_classify = 1.501 s, t_update = 0.148 s, total = 1.649 s, n_iter = 100, final_shift = 0.000000
Repetition 4: t_classify = 1.498 s, t_update = 0.152 s, total = 1.650 s, n_iter = 100, final_shift = 0.000000
Repetition 5: t_classify = 1.495 s, t_update = 0.150 s, total = 1.645 s, n_iter = 100, final_shift = 0.000000
