================================================================================
Machine metadata:
================================================================================
CPU Vendor: AuthenticAMD
CPU Model: Common KVM processor
CPU Cores:                       8
Threads per core: 1
Threads per core: 1 (no symmetric multithreading)
CPU MHz: 
RAM: 62.79 GB
OS: Debian GNU/Linux 12 (bookworm)
GCC version: gcc (Debian 12.2.0-14+deb12u1) 12.2.0
================================================================================
Experiment results:
================================================================================
Repetition 1: t_classify = 5.174 s, t_update = 0.805 s, total = 5.979 s, n_iter = 100, final_shift = 0.000000
Repetition 2: t_classify = 5.182 s, t_update = 0.813 s, total = 5.995 s, n_iter = 100, final_shift = 0.000000
Repetition 3: t_classify = 5.184 s, t_update = 0.809 s, total = 5.993 s, n_iter = 100, final_shift = 0.000000
Repetition 4: t_classify = 5.169 s, t_update = 0.803 s, total = 5.972 s, n_iter = 100, final_shift = 0.000000
Repetition 5: t_classify = 5.166 s, t_update = 0.802 s, total = 5.968 s, n_iter = 100, final_shift = 0.000000
