================================================================================
Machine metadata:
================================================================================
CPU Vendor: AuthenticAMD
CPU Model: Common KVM processor
CPU Cores:                       8
Threads per core: 1
Threads per core: 1 (no symmetric multithreading)
CPU MHz: 
RAM: 62.79 GB
OS: Debian GNU/Linux 12 (bookworm)
GCC version: gcc (Debian 12.2.0-14+deb12u1) 12.2.0
================================================================================
Experiment results:
================================================================================
Repetition 1: t_classify = 30.955 s, t_update = 4.809 s, total = 35.764 s, n_iter = 100, final_shift = 0.080905
Repetition 2: t_classify = 30.951 s, t_update = 4.797 s, total = 35.748 s, n_iter = 100, final_shift = 0.080905
Repetition 3: t_classify = 30.955 s, t_update = 4.780 s, total = 35.736 s, n_iter = 100, final_shift = 0.080905
Repetition 4: t_classify = 30.926 s, t_update = 4.775 s, total = 35.701 s, n_iter = 100, final_shift = 0.080905
Repetition 5: t_classify = 31.003 s, t_update = 4.805 s, total = 35.807 s, n_iter = 100, final_shift = 0.080905
