================================================================================
Machine metadata:
================================================================================
CPU Vendor: AuthenticAMD
CPU Model: Common KVM processor
CPU Cores:                       8
Threads per core: 1
Threads per core: 1 (no symmetric multithreading)
CPU MHz: 
RAM: 62.79 GB
OS: Debian GNU/Linux 12 (bookworm)
GCC version: gcc (Debian 12.2.0-14+deb12u1) 12.2.0
================================================================================
Experiment results:
================================================================================
Repetition 1: t_classify = 13.679 s, t_update = 0.666 s, total = 14.344 s, n_iter = 100, final_shift = 0.999721
Repetition 2: t_classify = 13.725 s, t_update = 0.677 s, total = 14.402 s, n_iter = 100, final_shift = 0.999728
Repetition 3: t_classify = 13.701 s, t_update = 0.683 s, total = 14.385 s, n_iter = 100, final_shift = 0.999740
Repetition 4: t_classify = 13.709 s, t_update = 0.678 s, total = 14.387 s, n_iter = 100, final_shift = 0.999733
Repetition 5: t_classify = 13.778 s, t_update = 0.709 s, total = 14.488 s, n_iter = 100, final_shift = 0.999716
