================================================================================
Machine metadata:
================================================================================
CPU Vendor: AuthenticAMD
CPU Model: Common KVM processor
CPU Cores:                       8
Threads per core: 1
Threads per core: 1 (no symmetric multithreading)
CPU MHz: 
RAM: 62.79 GB
OS: Debian GNU/Linux 12 (bookworm)
GCC version: gcc (Debian 12.2.0-14+deb12u1) 12.2.0
================================================================================
Experiment results:
================================================================================
Repetition 1: t_classify = 1.447 s, t_update = 0.135 s, total = 1.581 s, n_iter = 100, final_shift = 15.458862
Repetition 2: t_classify = 1.447 s, t_update = 0.137 s, total = 1.583 s, n_iter = 100, final_shift = 15.458940
Repetition 3: t_classify = 1.451 s, t_update = 0.138 s, total = 1.588 s, n_iter = 100, final_shift = 15.459018
Repetition 4: t_classify = 1.443 s, t_update = 0.135 s, total = 1.578 s, n_iter = 100, final_shift = 15.458941
Repetition 5: t_classify = 1.449 s, t_update = 0.139 s, total = 1.588 s, n_iter = 100, final_shift = 15.458973
