================================================================================
Machine metadata:
================================================================================
CPU Vendor: AuthenticAMD
CPU Model: Common KVM processor
CPU Cores:                       8
Threads per core: 1
Threads per core: 1 (no symmetric multithreading)
CPU MHz: 
RAM: 62.79 GB
OS: Debian GNU/Linux 12 (bookworm)
GCC version: gcc (Debian 12.2.0-14+deb12u1) 12.2.0
================================================================================
Experiment results:
================================================================================
Repetition 1: t_classify = 6.043 s, t_update = 0.713 s, total = 6.755 s, n_iter = 100, final_shift = 0.000000
Repetition 2: t_classify = 6.040 s, t_update = 0.711 s, total = 6.751 s, n_iter = 100, final_shift = 0.000000
Repetition 3: t_classify = 6.048 s, t_update = 0.712 s, total = 6.760 s, n_iter = 100, final_shift = 0.000000
Repetition 4: t_classify = 6.058 s, t_update = 0.715 s, total = 6.773 s, n_iter = 100, final_shift = 0.000000
Repetition 5: t_classify = 6.035 s, t_update = 0.711 s, total = 6.746 s, n_iter = 100, final_shift = 0.000000
