================================================================================
Machine metadata:
================================================================================
CPU Vendor: AuthenticAMD
CPU Model: Common KVM processor
CPU Cores:                       8
Threads per core: 1
Threads per core: 1 (no symmetric multithreading)
CPU MHz: 
RAM: 62.79 GB
OS: Debian GNU/Linux 12 (bookworm)
GCC version: gcc (Debian 12.2.0-14+deb12u1) 12.2.0
================================================================================
Experiment results:
================================================================================
Repetition 1: t_classify = 7.166 s, t_update = 0.352 s, total = 7.517 s, n_iter = 100, final_shift = 0.003859
Repetition 2: t_classify = 7.170 s, t_update = 0.346 s, total = 7.516 s, n_iter = 100, final_shift = 0.003859
Repetition 3: t_classify = 7.162 s, t_update = 0.344 s, total = 7.506 s, n_iter = 100, final_shift = 0.003859
Repetition 4: t_classify = 7.161 s, t_update = 0.338 s, total = 7.499 s, n_iter = 100, final_shift = 0.003859
Repetition 5: t_classify = 7.170 s, t_update = 0.346 s, total = 7.515 s, n_iter = 100, final_shift = 0.003859
