================================================================================
Machine metadata:
================================================================================
CPU Vendor: AuthenticAMD
CPU Model: Common KVM processor
CPU Cores:                       8
Threads per core: 1
Threads per core: 1 (no symmetric multithreading)
CPU MHz: 
RAM: 62.79 GB
OS: Debian GNU/Linux 12 (bookworm)
GCC version: gcc (Debian 12.2.0-14+deb12u1) 12.2.0
================================================================================
Experiment results:
================================================================================
Repetition 1: t_classify = 4.064 s, t_update = 0.675 s, total = 4.739 s, n_iter = 100, final_shift = 0.000000
Repetition 2: t_classify = 4.049 s, t_update = 0.666 s, total = 4.716 s, n_iter = 100, final_shift = 0.000000
Repetition 3: t_classify = 4.065 s, t_update = 0.668 s, total = 4.733 s, n_iter = 100, final_shift = 0.000000
Repetition 4: t_classify = 4.073 s, t_update = 0.679 s, total = 4.753 s, n_iter = 100, final_shift = 0.000000
Repetition 5: t_classify = 4.072 s, t_update = 0.684 s, total = 4.756 s, n_iter = 100, final_shift = 0.000000
