================================================================================
Machine metadata:
================================================================================
CPU Vendor: AuthenticAMD
CPU Model: Common KVM processor
CPU Cores:                       8
Threads per core: 1
Threads per core: 1 (no symmetric multithreading)
CPU MHz: 
RAM: 62.79 GB
OS: Debian GNU/Linux 12 (bookworm)
GCC version: gcc (Debian 12.2.0-14+deb12u1) 12.2.0
================================================================================
Experiment results:
================================================================================
Repetition 1: t_classify = 1.537 s, t_update = 0.190 s, total = 1.727 s, n_iter = 100, final_shift = 0.000000
Repetition 2: t_classify = 1.550 s, t_update = 0.189 s, total = 1.739 s, n_iter = 100, final_shift = 0.000000
Repetition 3: t_classify = 1.522 s, t_update = 0.186 s, total = 1.708 s, n_iter = 100, final_shift = 0.000000
Repetition 4: t_classify = 1.570 s, t_update = 0.196 s, total = 1.765 s, n_iter = 100, final_shift = 0.000000
Repetition 5: t_classify = 1.539 s, t_update = 0.187 s, total = 1.727 s, n_iter = 100, final_shift = 0.000000
