================================================================================
Machine metadata:
================================================================================
CPU Vendor: AuthenticAMD
CPU Model: Common KVM processor
CPU Cores:                       8
Threads per core: 1
Threads per core: 1 (no symmetric multithreading)
CPU MHz: 
RAM: 62.79 GB
OS: Debian GNU/Linux 12 (bookworm)
GCC version: gcc (Debian 12.2.0-14+deb12u1) 12.2.0
================================================================================
Experiment results:
================================================================================
Repetition 1: t_classify = 0.508 s, t_update = 0.086 s, total = 0.594 s, n_iter = 100, final_shift = 0.000000
Repetition 2: t_classify = 0.507 s, t_update = 0.085 s, total = 0.592 s, n_iter = 100, final_shift = 0.000000
Repetition 3: t_classify = 0.510 s, t_update = 0.086 s, total = 0.595 s, n_iter = 100, final_shift = 0.000000
Repetition 4: t_classify = 0.515 s, t_update = 0.089 s, total = 0.604 s, n_iter = 100, final_shift = 0.000000
Repetition 5: t_classify = 0.511 s, t_update = 0.089 s, total = 0.600 s, n_iter = 100, final_shift = 0.000000
