================================================================================
Machine metadata:
================================================================================
CPU Vendor: AuthenticAMD
CPU Model: Common KVM processor
CPU Cores:                       8
Threads per core: 1
Threads per core: 1 (no symmetric multithreading)
CPU MHz: 
RAM: 62.79 GB
OS: Debian GNU/Linux 12 (bookworm)
GCC version: gcc (Debian 12.2.0-14+deb12u1) 12.2.0
================================================================================
Experiment results:
================================================================================
Repetition 1: t_classify = 10.388 s, t_update = 0.997 s, total = 11.385 s, n_iter = 100, final_shift = 0.000000
Repetition 2: t_classify = 10.405 s, t_update = 0.994 s, total = 11.399 s, n_iter = 100, final_shift = 0.000000
Repetition 3: t_classify = 10.376 s, t_update = 0.995 s, total = 11.372 s, n_iter = 100, final_shift = 0.000000
Repetition 4: t_classify = 10.408 s, t_update = 1.000 s, total = 11.408 s, n_iter = 100, final_shift = 0.000000
Repetition 5: t_classify = 10.381 s, t_update = 1.002 s, total = 11.383 s, n_iter = 100, final_shift = 0.000000
