================================================================================
Machine metadata:
================================================================================
CPU Vendor: AuthenticAMD
CPU Model: Common KVM processor
CPU Cores:                       8
Threads per core: 1
Threads per core: 1 (no symmetric multithreading)
CPU MHz: 
RAM: 62.79 GB
OS: Debian GNU/Linux 12 (bookworm)
GCC version: gcc (Debian 12.2.0-14+deb12u1) 12.2.0
================================================================================
Experiment results:
================================================================================
Repetition 1: t_classify = 15.471 s, t_update = 1.479 s, total = 16.950 s, n_iter = 100, final_shift = 0.000000
Repetition 2: t_classify = 15.462 s, t_update = 1.474 s, total = 16.936 s, n_iter = 100, final_shift = 0.000000
Repetition 3: t_classify = 15.500 s, t_update = 1.484 s, total = 16.984 s, n_iter = 100, final_shift = 0.000000
Repetition 4: t_classify = 15.560 s, t_update = 1.517 s, total = 17.076 s, n_iter = 100, final_shift = 0.000000
Repetition 5: t_classify = 15.512 s, t_update = 1.481 s, total = 16.993 s, n_iter = 100, final_shift = 0.000000
