================================================================================
Machine metadata:
================================================================================
CPU Vendor: AuthenticAMD
CPU Model: Common KVM processor
CPU Cores:                       8
Threads per core: 1
Threads per core: 1 (no symmetric multithreading)
CPU MHz: 
RAM: 62.79 GB
OS: Debian GNU/Linux 12 (bookworm)
GCC version: gcc (Debian 12.2.0-14+deb12u1) 12.2.0
================================================================================
Experiment results:
================================================================================
Repetition 1: t_classify = 34.523 s, t_update = 3.198 s, total = 37.721 s, n_iter = 100, final_shift = 0.000000
Repetition 2: t_classify = 34.821 s, t_update = 3.676 s, total = 38.497 s, n_iter = 100, final_shift = 0.000000
Repetition 3: t_classify = 34.444 s, t_update = 3.242 s, total = 37.686 s, n_iter = 100, final_shift = 0.000000
Repetition 4: t_classify = 34.571 s, t_update = 3.433 s, total = 38.003 s, n_iter = 100, final_shift = 0.000000
Repetition 5: t_classify = 34.592 s, t_update = 3.292 s, total = 37.884 s, n_iter = 100, final_shift = 0.000000
