================================================================================
Machine metadata:
================================================================================
CPU Vendor: AuthenticAMD
CPU Model: Common KVM processor
CPU Cores:                       8
Threads per core: 1
Threads per core: 1 (no symmetric multithreading)
CPU MHz: 
RAM: 62.79 GB
OS: Debian GNU/Linux 12 (bookworm)
GCC version: gcc (Debian 12.2.0-14+deb12u1) 12.2.0
================================================================================
Experiment results:
================================================================================
Repetition 1: t_classify = 10.315 s, t_update = 1.598 s, total = 11.912 s, n_iter = 100, final_shift = 0.005389
Repetition 2: t_classify = 10.311 s, t_update = 1.597 s, total = 11.908 s, n_iter = 100, final_shift = 0.005389
Repetition 3: t_classify = 10.321 s, t_update = 1.596 s, total = 11.917 s, n_iter = 100, final_shift = 0.005389
Repetition 4: t_classify = 10.305 s, t_update = 1.597 s, total = 11.902 s, n_iter = 100, final_shift = 0.005389
Repetition 5: t_classify = 10.313 s, t_update = 1.599 s, total = 11.912 s, n_iter = 100, final_shift = 0.005389
