================================================================================
Machine metadata:
================================================================================
CPU Vendor: AuthenticAMD
CPU Model: Common KVM processor
CPU Cores:                       8
Threads per core: 1
Threads per core: 1 (no symmetric multithreading)
CPU MHz: 
RAM: 62.79 GB
OS: Debian GNU/Linux 12 (bookworm)
GCC version: gcc (Debian 12.2.0-14+deb12u1) 12.2.0
================================================================================
Experiment results:
================================================================================
Repetition 1: t_classify = 13.990 s, t_update = 1.620 s, total = 15.610 s, n_iter = 100, final_shift = 0.000000
Repetition 2: t_classify = 13.970 s, t_update = 1.612 s, total = 15.583 s, n_iter = 100, final_shift = 0.000000
Repetition 3: t_classify = 14.014 s, t_update = 1.620 s, total = 15.634 s, n_iter = 100, final_shift = 0.000000
Repetition 4: t_classify = 13.993 s, t_update = 1.617 s, total = 15.610 s, n_iter = 100, final_shift = 0.000000
Repetition 5: t_classify = 13.984 s, t_update = 1.614 s, total = 15.598 s, n_iter = 100, final_shift = 0.000000
