================================================================================
Machine metadata:
================================================================================
CPU Vendor: AuthenticAMD
CPU Model: Common KVM processor
CPU Cores:                       8
Threads per core: 1
Threads per core: 1 (no symmetric multithreading)
CPU MHz: 
RAM: 62.79 GB
OS: Debian GNU/Linux 12 (bookworm)
GCC version: gcc (Debian 12.2.0-14+deb12u1) 12.2.0
================================================================================
Experiment results:
================================================================================
Repetition 1: t_classify = 136.165 s, t_update = 6.372 s, total = 142.537 s, n_iter = 100, final_shift = 5.826838
Repetition 2: t_classify = 136.503 s, t_update = 6.413 s, total = 142.916 s, n_iter = 100, final_shift = 5.826838
Repetition 3: t_classify = 136.212 s, t_update = 6.461 s, total = 142.673 s, n_iter = 100, final_shift = 5.826838
Repetition 4: t_classify = 136.252 s, t_update = 6.386 s, total = 142.638 s, n_iter = 100, final_shift = 5.826838
Repetition 5: t_classify = 136.313 s, t_update = 6.386 s, total = 142.699 s, n_iter = 100, final_shift = 5.826838
