================================================================================
Machine metadata:
================================================================================
CPU Vendor: AuthenticAMD
CPU Model: Common KVM processor
CPU Cores:                       8
Threads per core: 1
Threads per core: 1 (no symmetric multithreading)
CPU MHz: 
RAM: 62.79 GB
OS: Debian GNU/Linux 12 (bookworm)
GCC version: gcc (Debian 12.2.0-14+deb12u1) 12.2.0
================================================================================
Experiment results:
================================================================================
Repetition 1: t_classify = 17.196 s, t_update = 1.606 s, total = 18.803 s, n_iter = 100, final_shift = 1.725773
Repetition 2: t_classify = 17.172 s, t_update = 1.591 s, total = 18.763 s, n_iter = 100, final_shift = 1.725773
Repetition 3: t_classify = 17.207 s, t_update = 1.606 s, total = 18.814 s, n_iter = 100, final_shift = 1.725773
Repetition 4: t_classify = 17.179 s, t_update = 1.593 s, total = 18.773 s, n_iter = 100, final_shift = 1.725773
Repetition 5: t_classify = 17.179 s, t_update = 1.594 s, total = 18.773 s, n_iter = 100, final_shift = 1.725773
