================================================================================
Machine metadata:
================================================================================
CPU Vendor: AuthenticAMD
CPU Model: Common KVM processor
CPU Cores:                       8
Threads per core: 1
Threads per core: 1 (no symmetric multithreading)
CPU MHz: 
RAM: 62.79 GB
OS: Debian GNU/Linux 12 (bookworm)
GCC version: gcc (Debian 12.2.0-14+deb12u1) 12.2.0
================================================================================
Experiment results:
================================================================================
Repetition 1: t_classify = 10.729 s, t_update = 0.524 s, total = 11.253 s, n_iter = 100, final_shift = 30.960575
Repetition 2: t_classify = 10.720 s, t_update = 0.527 s, total = 11.247 s, n_iter = 100, final_shift = 9.488184
Repetition 3: t_classify = 10.707 s, t_update = 0.513 s, total = 11.220 s, n_iter = 100, final_shift = 31.099495
Repetition 4: t_classify = 10.726 s, t_update = 0.516 s, total = 11.242 s, n_iter = 100, final_shift = 30.270306
Repetition 5: t_classify = 10.710 s, t_update = 0.513 s, total = 11.223 s, n_iter = 100, final_shift = 30.270327
