================================================================================
Machine metadata:
================================================================================
CPU Vendor: AuthenticAMD
CPU Model: Common KVM processor
CPU Cores:                       8
Threads per core: 1
Threads per core: 1 (no symmetric multithreading)
CPU MHz: 
RAM: 62.79 GB
OS: Debian GNU/Linux 12 (bookworm)
GCC version: gcc (Debian 12.2.0-14+deb12u1) 12.2.0
================================================================================
Experiment results:
================================================================================
Repetition 1: t_classify = 7.365 s, t_update = 0.714 s, total = 8.079 s, n_iter = 100, final_shift = 1.805468
Repetition 2: t_classify = 7.385 s, t_update = 0.705 s, total = 8.090 s, n_iter = 100, final_shift = 1.805468
Repetition 3: t_classify = 7.386 s, t_update = 0.734 s, total = 8.120 s, n_iter = 100, final_shift = 1.805468
Repetition 4: t_classify = 7.402 s, t_update = 0.725 s, total = 8.127 s, n_iter = 100, final_shift = 1.805468
Repetition 5: t_classify = 7.376 s, t_update = 0.729 s, total = 8.106 s, n_iter = 100, final_shift = 1.805468
