================================================================================
Machine metadata:
================================================================================
CPU Vendor: AuthenticAMD
CPU Model: Common KVM processor
CPU Cores:                       8
Threads per core: 1
Threads per core: 1 (no symmetric multithreading)
CPU MHz: 
RAM: 62.79 GB
OS: Debian GNU/Linux 12 (bookworm)
GCC version: gcc (Debian 12.2.0-14+deb12u1) 12.2.0
================================================================================
Experiment results:
================================================================================
Repetition 1: t_classify = 8.573 s, t_update = 0.884 s, total = 9.457 s, n_iter = 100, final_shift = 0.000000
Repetition 2: t_classify = 8.542 s, t_update = 0.842 s, total = 9.384 s, n_iter = 100, final_shift = 0.000000
Repetition 3: t_classify = 8.564 s, t_update = 0.884 s, total = 9.448 s, n_iter = 100, final_shift = 0.000000
Repetition 4: t_classify = 8.543 s, t_update = 0.842 s, total = 9.385 s, n_iter = 100, final_shift = 0.000000
Repetition 5: t_classify = 8.543 s, t_update = 0.832 s, total = 9.375 s, n_iter = 100, final_shift = 0.000000
