================================================================================
Machine metadata:
================================================================================
CPU Vendor: AuthenticAMD
CPU Model: Common KVM processor
CPU Cores:                       8
Threads per core: 1
Threads per core: 1 (no symmetric multithreading)
CPU MHz: 
RAM: 62.79 GB
OS: Debian GNU/Linux 12 (bookworm)
GCC version: gcc (Debian 12.2.0-14+deb12u1) 12.2.0
================================================================================
Experiment results:
================================================================================
Repetition 1: t_classify = 8.768 s, t_update = 0.874 s, total = 9.642 s, n_iter = 100, final_shift = 0.812154
Repetition 2: t_classify = 8.738 s, t_update = 0.862 s, total = 9.601 s, n_iter = 100, final_shift = 0.812187
Repetition 3: t_classify = 8.728 s, t_update = 0.847 s, total = 9.574 s, n_iter = 100, final_shift = 0.870381
Repetition 4: t_classify = 8.745 s, t_update = 0.895 s, total = 9.639 s, n_iter = 100, final_shift = 0.870375
Repetition 5: t_classify = 8.708 s, t_update = 0.899 s, total = 9.606 s, n_iter = 100, final_shift = 0.815615
