================================================================================
Machine metadata:
================================================================================
CPU Vendor: AuthenticAMD
CPU Model: Common KVM processor
CPU Cores:                       8
Threads per core: 1
Threads per core: 1 (no symmetric multithreading)
CPU MHz: 
RAM: 62.79 GB
OS: Debian GNU/Linux 12 (bookworm)
GCC version: gcc (Debian 12.2.0-14+deb12u1) 12.2.0
================================================================================
Experiment results:
================================================================================
Repetition 1: t_classify = 15.925 s, t_update = 0.762 s, total = 16.687 s, n_iter = 100, final_shift = 0.950924
Repetition 2: t_classify = 14.925 s, t_update = 0.776 s, total = 15.701 s, n_iter = 100, final_shift = 0.950944
Repetition 3: t_classify = 14.845 s, t_update = 0.721 s, total = 15.567 s, n_iter = 100, final_shift = 0.950925
Repetition 4: t_classify = 14.821 s, t_update = 0.723 s, total = 15.544 s, n_iter = 100, final_shift = 0.950951
Repetition 5: t_classify = 14.806 s, t_update = 0.728 s, total = 15.534 s, n_iter = 100, final_shift = 0.950936
