================================================================================
Machine metadata:
================================================================================
CPU Vendor: AuthenticAMD
CPU Model: Common KVM processor
CPU Cores:                       8
Threads per core: 1
Threads per core: 1 (no symmetric multithreading)
CPU MHz: 
RAM: 62.79 GB
OS: Debian GNU/Linux 12 (bookworm)
GCC version: gcc (Debian 12.2.0-14+deb12u1) 12.2.0
================================================================================
Experiment results:
================================================================================
Repetition 1: t_classify = 16.066 s, t_update = 0.745 s, total = 16.811 s, n_iter = 100, final_shift = 0.027743
Repetition 2: t_classify = 16.091 s, t_update = 0.742 s, total = 16.833 s, n_iter = 100, final_shift = 0.027743
Repetition 3: t_classify = 16.079 s, t_update = 0.745 s, total = 16.824 s, n_iter = 100, final_shift = 0.027743
Repetition 4: t_classify = 16.092 s, t_update = 0.743 s, total = 16.834 s, n_iter = 100, final_shift = 0.027743
Repetition 5: t_classify = 16.086 s, t_update = 0.747 s, total = 16.833 s, n_iter = 100, final_shift = 0.027743
