================================================================================
Machine metadata:
================================================================================
CPU Vendor: AuthenticAMD
CPU Model: Common KVM processor
CPU Cores:                       8
Threads per core: 1
Threads per core: 1 (no symmetric multithreading)
CPU MHz: 
RAM: 62.79 GB
OS: Debian GNU/Linux 12 (bookworm)
GCC version: gcc (Debian 12.2.0-14+deb12u1) 12.2.0
================================================================================
Experiment results:
================================================================================
Repetition 1: t_classify = 2.165 s, t_update = 0.127 s, total = 2.293 s, n_iter = 100, final_shift = 0.000202
Repetition 2: t_classify = 2.182 s, t_update = 0.130 s, total = 2.312 s, n_iter = 100, final_shift = 0.000202
Repetition 3: t_classify = 2.159 s, t_update = 0.126 s, total = 2.285 s, n_iter = 100, final_shift = 0.000202
Repetition 4: t_classify = 2.181 s, t_update = 0.127 s, total = 2.308 s, n_iter = 100, final_shift = 0.000202
Repetition 5: t_classify = 2.183 s, t_update = 0.129 s, total = 2.311 s, n_iter = 100, final_shift = 0.000202
