================================================================================
Machine metadata:
================================================================================
CPU Vendor: AuthenticAMD
CPU Model: Common KVM processor
CPU Cores:                       8
Threads per core: 1
Threads per core: 1 (no symmetric multithreading)
CPU MHz: 
RAM: 62.79 GB
OS: Debian GNU/Linux 12 (bookworm)
GCC version: gcc (Debian 12.2.0-14+deb12u1) 12.2.0
================================================================================
Experiment results:
================================================================================
Repetition 1: t_classify = 15.125 s, t_update = 2.456 s, total = 17.581 s, n_iter = 100, final_shift = 0.000000
Repetition 2: t_classify = 15.140 s, t_update = 2.460 s, total = 17.599 s, n_iter = 100, final_shift = 0.000000
Repetition 3: t_classify = 15.124 s, t_update = 2.451 s, total = 17.575 s, n_iter = 100, final_shift = 0.000000
Repetition 4: t_classify = 15.105 s, t_update = 2.450 s, total = 17.554 s, n_iter = 100, final_shift = 0.000000
Repetition 5: t_classify = 15.119 s, t_update = 2.454 s, total = 17.572 s, n_iter = 100, final_shift = 0.000000
