================================================================================
Machine metadata:
================================================================================
CPU Vendor: AuthenticAMD
CPU Model: Common KVM processor
CPU Cores:                       8
Threads per core: 1
Threads per core: 1 (no symmetric multithreading)
CPU MHz: 
RAM: 62.79 GB
OS: Debian GNU/Linux 12 (bookworm)
GCC version: gcc (Debian 12.2.0-14+deb12u1) 12.2.0
================================================================================
Experiment results:
================================================================================
Repetition 1: t_classify = 8.437 s, t_update = 0.479 s, total = 8.916 s, n_iter = 100, final_shift = 0.000989
Repetition 2: t_classify = 8.441 s, t_update = 0.480 s, total = 8.921 s, n_iter = 100, final_shift = 0.000989
Repetition 3: t_classify = 8.438 s, t_update = 0.478 s, total = 8.917 s, n_iter = 100, final_shift = 0.000989
Repetition 4: t_classify = 8.438 s, t_update = 0.480 s, total = 8.917 s, n_iter = 100, final_shift = 0.000989
Repetition 5: t_classify = 8.439 s, t_update = 0.482 s, total = 8.921 s, n_iter = 100, final_shift = 0.000989
