================================================================================
Machine metadata:
================================================================================
CPU Vendor: AuthenticAMD
CPU Model: Common KVM processor
CPU Cores:                       8
Threads per core: 1
Threads per core: 1 (no symmetric multithreading)
CPU MHz: 
RAM: 62.79 GB
OS: Debian GNU/Linux 12 (bookworm)
GCC version: gcc (Debian 12.2.0-14+deb12u1) 12.2.0
================================================================================
Experiment results:
================================================================================
Repetition 1: t_classify = 2.544 s, t_update = 0.419 s, total = 2.964 s, n_iter = 100, final_shift = 0.000000
Repetition 2: t_classify = 2.553 s, t_update = 0.431 s, total = 2.984 s, n_iter = 100, final_shift = 0.000000
Repetition 3: t_classify = 2.555 s, t_update = 0.430 s, total = 2.985 s, n_iter = 100, final_shift = 0.000000
Repetition 4: t_classify = 2.539 s, t_update = 0.424 s, total = 2.964 s, n_iter = 100, final_shift = 0.000000
Repetition 5: t_classify = 2.544 s, t_update = 0.419 s, total = 2.963 s, n_iter = 100, final_shift = 0.000000
