================================================================================
Machine metadata:
================================================================================
CPU Vendor: AuthenticAMD
CPU Model: Common KVM processor
CPU Cores:                       8
Threads per core: 1
Threads per core: 1 (no symmetric multithreading)
CPU MHz: 
RAM: 62.79 GB
OS: Debian GNU/Linux 12 (bookworm)
GCC version: gcc (Debian 12.2.0-14+deb12u1) 12.2.0
================================================================================
Experiment results:
================================================================================
Repetition 1: t_classify = 25.451 s, t_update = 2.463 s, total = 27.914 s, n_iter = 100, final_shift = 0.000000
Repetition 2: t_classify = 25.518 s, t_update = 2.465 s, total = 27.983 s, n_iter = 100, final_shift = 0.000000
Repetition 3: t_classify = 25.448 s, t_update = 2.463 s, total = 27.912 s, n_iter = 100, final_shift = 0.000000
Repetition 4: t_classify = 25.449 s, t_update = 2.448 s, total = 27.897 s, n_iter = 100, final_shift = 0.000000
Repetition 5: t_classify = 25.425 s, t_update = 2.538 s, total = 27.963 s, n_iter = 100, final_shift = 0.000000
