================================================================================
Machine metadata:
================================================================================
CPU Vendor: AuthenticAMD
CPU Model: Common KVM processor
CPU Cores:                       8
Threads per core: 1
Threads per core: 1 (no symmetric multithreading)
CPU MHz: 
RAM: 62.79 GB
OS: Debian GNU/Linux 12 (bookworm)
GCC version: gcc (Debian 12.2.0-14+deb12u1) 12.2.0
================================================================================
Experiment results:
================================================================================
Repetition 1: t_classify = 17.451 s, t_update = 1.010 s, total = 18.460 s, n_iter = 100, final_shift = 0.000000
Repetition 2: t_classify = 17.437 s, t_update = 1.008 s, total = 18.445 s, n_iter = 100, final_shift = 0.000000
Repetition 3: t_classify = 17.463 s, t_update = 1.011 s, total = 18.474 s, n_iter = 100, final_shift = 0.000000
Repetition 4: t_classify = 17.466 s, t_update = 1.008 s, total = 18.474 s, n_iter = 100, final_shift = 0.000000
Repetition 5: t_classify = 17.513 s, t_update = 1.017 s, total = 18.530 s, n_iter = 100, final_shift = 0.000000
