================================================================================
Machine metadata:
================================================================================
CPU Vendor: AuthenticAMD
CPU Model: Common KVM processor
CPU Cores:                       8
Threads per core: 1
Threads per core: 1 (no symmetric multithreading)
CPU MHz: 
RAM: 62.79 GB
OS: Debian GNU/Linux 12 (bookworm)
GCC version: gcc (Debian 12.2.0-14+deb12u1) 12.2.0
================================================================================
Experiment results:
================================================================================
Repetition 1: t_classify = 15.450 s, t_update = 2.403 s, total = 17.852 s, n_iter = 100, final_shift = 0.000000
Repetition 2: t_classify = 15.438 s, t_update = 2.400 s, total = 17.838 s, n_iter = 100, final_shift = 0.000000
Repetition 3: t_classify = 15.445 s, t_update = 2.397 s, total = 17.842 s, n_iter = 100, final_shift = 0.000000
Repetition 4: t_classify = 19.967 s, t_update = 2.388 s, total = 22.355 s, n_iter = 100, final_shift = 0.000000
Repetition 5: t_classify = 15.398 s, t_update = 2.389 s, total = 17.787 s, n_iter = 100, final_shift = 0.000000
