================================================================================
Machine metadata:
================================================================================
CPU Vendor: AuthenticAMD
CPU Model: Common KVM processor
CPU Cores:                       8
Threads per core: 1
Threads per core: 1 (no symmetric multithreading)
CPU MHz: 
RAM: 62.79 GB
OS: Debian GNU/Linux 12 (bookworm)
GCC version: gcc (Debian 12.2.0-14+deb12u1) 12.2.0
================================================================================
Experiment results:
================================================================================
Repetition 1: t_classify = 6.456 s, t_update = 0.322 s, total = 6.778 s, n_iter = 100, final_shift = 0.000000
Repetition 2: t_classify = 6.460 s, t_update = 0.324 s, total = 6.784 s, n_iter = 100, final_shift = 0.000000
Repetition 3: t_classify = 6.482 s, t_update = 0.327 s, total = 6.809 s, n_iter = 100, final_shift = 0.000000
Repetition 4: t_classify = 6.468 s, t_update = 0.325 s, total = 6.793 s, n_iter = 100, final_shift = 0.000000
Repetition 5: t_classify = 6.459 s, t_update = 0.309 s, total = 6.768 s, n_iter = 100, final_shift = 0.000000
