================================================================================
Machine metadata:
================================================================================
CPU Vendor: AuthenticAMD
CPU Model: Common KVM processor
CPU Cores:                       8
Threads per core: 1
Threads per core: 1 (no symmetric multithreading)
CPU MHz: 
RAM: 62.79 GB
OS: Debian GNU/Linux 12 (bookworm)
GCC version: gcc (Debian 12.2.0-14+deb12u1) 12.2.0
================================================================================
Experiment results:
================================================================================
Repetition 1: t_classify = 2.693 s, t_update = 0.161 s, total = 2.854 s, n_iter = 100, final_shift = 0.000135
Repetition 2: t_classify = 2.714 s, t_update = 0.159 s, total = 2.873 s, n_iter = 100, final_shift = 0.000135
Repetition 3: t_classify = 2.701 s, t_update = 0.158 s, total = 2.858 s, n_iter = 100, final_shift = 0.000135
Repetition 4: t_classify = 2.697 s, t_update = 0.158 s, total = 2.855 s, n_iter = 100, final_shift = 0.000135
Repetition 5: t_classify = 2.700 s, t_update = 0.156 s, total = 2.857 s, n_iter = 100, final_shift = 0.000135
