================================================================================
Machine metadata:
================================================================================
CPU Vendor: AuthenticAMD
CPU Model: Common KVM processor
CPU Cores:                       8
Threads per core: 1
Threads per core: 1 (no symmetric multithreading)
CPU MHz: 
RAM: 62.79 GB
OS: Debian GNU/Linux 12 (bookworm)
GCC version: gcc (Debian 12.2.0-14+deb12u1) 12.2.0
================================================================================
Experiment results:
================================================================================
Repetition 1: t_classify = 15.093 s, t_update = 0.712 s, total = 15.805 s, n_iter = 100, final_shift = 0.001020
Repetition 2: t_classify = 15.090 s, t_update = 0.715 s, total = 15.804 s, n_iter = 100, final_shift = 0.001020
Repetition 3: t_classify = 15.112 s, t_update = 0.707 s, total = 15.819 s, n_iter = 100, final_shift = 0.001020
Repetition 4: t_classify = 15.079 s, t_update = 0.721 s, total = 15.799 s, n_iter = 100, final_shift = 0.001020
Repetition 5: t_classify = 15.050 s, t_update = 0.720 s, total = 15.770 s, n_iter = 100, final_shift = 0.001020
