================================================================================
Machine metadata:
================================================================================
CPU Vendor: AuthenticAMD
CPU Model: Common KVM processor
CPU Cores:                       8
Threads per core: 1
Threads per core: 1 (no symmetric multithreading)
CPU MHz: 
RAM: 62.79 GB
OS: Debian GNU/Linux 12 (bookworm)
GCC version: gcc (Debian 12.2.0-14+deb12u1) 12.2.0
================================================================================
Experiment results:
================================================================================
Repetition 1: t_classify = 14.190 s, t_update = 0.813 s, total = 15.003 s, n_iter = 100, final_shift = 0.000000
Repetition 2: t_classify = 14.169 s, t_update = 0.815 s, total = 14.984 s, n_iter = 100, final_shift = 0.000000
Repetition 3: t_classify = 14.148 s, t_update = 0.812 s, total = 14.960 s, n_iter = 100, final_shift = 0.000000
Repetition 4: t_classify = 14.188 s, t_update = 0.822 s, total = 15.010 s, n_iter = 100, final_shift = 0.000000
Repetition 5: t_classify = 14.140 s, t_update = 0.816 s, total = 14.956 s, n_iter = 100, final_shift = 0.000000
