================================================================================
Machine metadata:
================================================================================
CPU Vendor: AuthenticAMD
CPU Model: Common KVM processor
CPU Cores:                       8
Threads per core: 1
Threads per core: 1 (no symmetric multithreading)
CPU MHz: 
RAM: 62.79 GB
OS: Debian GNU/Linux 12 (bookworm)
GCC version: gcc (Debian 12.2.0-14+deb12u1) 12.2.0
================================================================================
Experiment results:
================================================================================
Repetition 1: t_classify = 1.324 s, t_update = 0.162 s, total = 1.486 s, n_iter = 100, final_shift = 0.000000
Repetition 2: t_classify = 1.330 s, t_update = 0.166 s, total = 1.496 s, n_iter = 100, final_shift = 0.000000
Repetition 3: t_classify = 1.320 s, t_update = 0.161 s, total = 1.481 s, n_iter = 100, final_shift = 0.000000
Repetition 4: t_classify = 1.316 s, t_update = 0.160 s, total = 1.477 s, n_iter = 100, final_shift = 0.000000
Repetition 5: t_classify = 1.322 s, t_update = 0.163 s, total = 1.485 s, n_iter = 100, final_shift = 0.000000
