================================================================================
Machine metadata:
================================================================================
CPU Vendor: AuthenticAMD
CPU Model: Common KVM processor
CPU Cores:                       8
Threads per core: 1
Threads per core: 1 (no symmetric multithreading)
CPU MHz: 
RAM: 62.79 GB
OS: Debian GNU/Linux 12 (bookworm)
GCC version: gcc (Debian 12.2.0-14+deb12u1) 12.2.0
================================================================================
Experiment results:
================================================================================
Repetition 1: t_classify = 41.812 s, t_update = 1.995 s, total = 43.807 s, n_iter = 100, final_shift = 0.006607
Repetition 2: t_classify = 41.667 s, t_update = 1.990 s, total = 43.657 s, n_iter = 100, final_shift = 0.006607
Repetition 3: t_classify = 41.740 s, t_update = 1.988 s, total = 43.728 s, n_iter = 100, final_shift = 0.006607
Repetition 4: t_classify = 41.803 s, t_update = 1.987 s, total = 43.790 s, n_iter = 100, final_shift = 0.006607
Repetition 5: t_classify = 41.855 s, t_update = 1.993 s, total = 43.848 s, n_iter = 100, final_shift = 0.006607
