================================================================================
Machine metadata:
================================================================================
CPU Vendor: AuthenticAMD
CPU Model: Common KVM processor
CPU Cores:                       8
Threads per core: 1
Threads per core: 1 (no symmetric multithreading)
CPU MHz: 
RAM: 62.79 GB
OS: Debian GNU/Linux 12 (bookworm)
GCC version: gcc (Debian 12.2.0-14+deb12u1) 12.2.0
================================================================================
Experiment results:
================================================================================
Repetition 1: t_classify = 1.736 s, t_update = 0.273 s, total = 2.009 s, n_iter = 100, final_shift = 0.000000
Repetition 2: t_classify = 1.735 s, t_update = 0.272 s, total = 2.007 s, n_iter = 100, final_shift = 0.000000
Repetition 3: t_classify = 1.739 s, t_update = 0.271 s, total = 2.011 s, n_iter = 100, final_shift = 0.000000
Repetition 4: t_classify = 1.735 s, t_update = 0.270 s, total = 2.005 s, n_iter = 100, final_shift = 0.000000
Repetition 5: t_classify = 1.731 s, t_update = 0.270 s, total = 2.001 s, n_iter = 100, final_shift = 0.000000
