================================================================================
Machine metadata:
================================================================================
CPU Vendor: AuthenticAMD
CPU Model: Common KVM processor
CPU Cores:                       8
Threads per core: 1
Threads per core: 1 (no symmetric multithreading)
CPU MHz: 
RAM: 62.79 GB
OS: Debian GNU/Linux 12 (bookworm)
GCC version: gcc (Debian 12.2.0-14+deb12u1) 12.2.0
================================================================================
Experiment results:
================================================================================
Repetition 1: t_classify = 7.063 s, t_update = 0.406 s, total = 7.470 s, n_iter = 100, final_shift = 0.005322
Repetition 2: t_classify = 7.075 s, t_update = 0.408 s, total = 7.483 s, n_iter = 100, final_shift = 0.005322
Repetition 3: t_classify = 7.094 s, t_update = 0.408 s, total = 7.502 s, n_iter = 100, final_shift = 0.005322
Repetition 4: t_classify = 7.076 s, t_update = 0.410 s, total = 7.486 s, n_iter = 100, final_shift = 0.005322
Repetition 5: t_classify = 7.081 s, t_update = 0.407 s, total = 7.488 s, n_iter = 100, final_shift = 0.005322
