================================================================================
Machine metadata:
================================================================================
CPU Vendor: AuthenticAMD
CPU Model: Common KVM processor
CPU Cores:                       8
Threads per core: 1
Threads per core: 1 (no symmetric multithreading)
CPU MHz: 
RAM: 62.79 GB
OS: Debian GNU/Linux 12 (bookworm)
GCC version: gcc (Debian 12.2.0-14+deb12u1) 12.2.0
================================================================================
Experiment results:
================================================================================
Repetition 1: t_classify = 2.904 s, t_update = 0.274 s, total = 3.178 s, n_iter = 100, final_shift = 0.259913
Repetition 2: t_classify = 2.907 s, t_update = 0.272 s, total = 3.179 s, n_iter = 100, final_shift = 0.259914
Repetition 3: t_classify = 2.910 s, t_update = 0.272 s, total = 3.181 s, n_iter = 100, final_shift = 0.259910
Repetition 4: t_classify = 2.907 s, t_update = 0.273 s, total = 3.179 s, n_iter = 100, final_shift = 0.259916
Repetition 5: t_classify = 2.902 s, t_update = 0.277 s, total = 3.179 s, n_iter = 100, final_shift = 0.440165
