================================================================================
Machine metadata:
================================================================================
CPU Vendor: AuthenticAMD
CPU Model: Common KVM processor
CPU Cores:                       8
Threads per core: 1
Threads per core: 1 (no symmetric multithreading)
CPU MHz: 
RAM: 62.79 GB
OS: Debian GNU/Linux 12 (bookworm)
GCC version: gcc (Debian 12.2.0-14+deb12u1) 12.2.0
================================================================================
Experiment results:
================================================================================
Repetition 1: t_classify = 5.312 s, t_update = 0.249 s, total = 5.561 s, n_iter = 100, final_shift = 0.077580
Repetition 2: t_classify = 5.309 s, t_update = 0.250 s, total = 5.559 s, n_iter = 100, final_shift = 0.077580
Repetition 3: t_classify = 5.320 s, t_update = 0.248 s, total = 5.568 s, n_iter = 100, final_shift = 0.077580
Repetition 4: t_classify = 5.314 s, t_update = 0.248 s, total = 5.562 s, n_iter = 100, final_shift = 0.077580
Repetition 5: t_classify = 5.324 s, t_update = 0.252 s, total = 5.576 s, n_iter = 100, final_shift = 0.077580
