================================================================================
Machine metadata:
================================================================================
CPU Vendor: AuthenticAMD
CPU Model: Common KVM processor
CPU Cores:                       8
Threads per core: 1
Threads per core: 1 (no symmetric multithreading)
CPU MHz: 
RAM: 62.79 GB
OS: Debian GNU/Linux 12 (bookworm)
GCC version: gcc (Debian 12.2.0-14+deb12u1) 12.2.0
================================================================================
Experiment results:
================================================================================
Repetition 1: t_classify = 2.889 s, t_update = 0.168 s, total = 3.057 s, n_iter = 100, final_shift = 0.005322
Repetition 2: t_classify = 2.881 s, t_update = 0.169 s, total = 3.049 s, n_iter = 100, final_shift = 0.005322
Repetition 3: t_classify = 2.947 s, t_update = 0.172 s, total = 3.118 s, n_iter = 100, final_shift = 0.005322
Repetition 4: t_classify = 2.888 s, t_update = 0.170 s, total = 3.058 s, n_iter = 100, final_shift = 0.005322
Repetition 5: t_classify = 2.874 s, t_update = 0.168 s, total = 3.042 s, n_iter = 100, final_shift = 0.005322
