================================================================================
Machine metadata:
================================================================================
CPU Vendor: AuthenticAMD
CPU Model: Common KVM processor
CPU Cores:                       8
Threads per core: 1
Threads per core: 1 (no symmetric multithreading)
CPU MHz: 
RAM: 62.79 GB
OS: Debian GNU/Linux 12 (bookworm)
GCC version: gcc (Debian 12.2.0-14+deb12u1) 12.2.0
================================================================================
Experiment results:
================================================================================
Repetition 1: t_classify = 0.771 s, t_update = 0.133 s, total = 0.904 s, n_iter = 100, final_shift = 0.000000
Repetition 2: t_classify = 0.779 s, t_update = 0.134 s, total = 0.913 s, n_iter = 100, final_shift = 0.000000
Repetition 3: t_classify = 0.769 s, t_update = 0.129 s, total = 0.899 s, n_iter = 100, final_shift = 0.000000
Repetition 4: t_classify = 0.774 s, t_update = 0.131 s, total = 0.905 s, n_iter = 100, final_shift = 0.000000
Repetition 5: t_classify = 0.771 s, t_update = 0.132 s, total = 0.903 s, n_iter = 100, final_shift = 0.000000
