================================================================================
Machine metadata:
================================================================================
CPU Vendor: AuthenticAMD
CPU Model: Common KVM processor
CPU Cores:                       8
Threads per core: 1
Threads per core: 1 (no symmetric multithreading)
CPU MHz: 
RAM: 62.79 GB
OS: Debian GNU/Linux 12 (bookworm)
GCC version: gcc (Debian 12.2.0-14+deb12u1) 12.2.0
================================================================================
Experiment results:
================================================================================
Repetition 1: t_classify = 43.136 s, t_update = 3.984 s, total = 47.120 s, n_iter = 100, final_shift = 6.327338
Repetition 2: t_classify = 43.146 s, t_update = 3.987 s, total = 47.133 s, n_iter = 100, final_shift = 6.327338
Repetition 3: t_classify = 43.072 s, t_update = 3.990 s, total = 47.061 s, n_iter = 100, final_shift = 6.327338
Repetition 4: t_classify = 43.319 s, t_update = 3.999 s, total = 47.318 s, n_iter = 100, final_shift = 6.327338
Repetition 5: t_classify = 43.178 s, t_update = 3.993 s, total = 47.171 s, n_iter = 100, final_shift = 6.327338
