================================================================================
Machine metadata:
================================================================================
CPU Vendor: AuthenticAMD
CPU Model: Common KVM processor
CPU Cores:                       8
Threads per core: 1
Threads per core: 1 (no symmetric multithreading)
CPU MHz: 
RAM: 62.79 GB
OS: Debian GNU/Linux 12 (bookworm)
GCC version: gcc (Debian 12.2.0-14+deb12u1) 12.2.0
================================================================================
Experiment results:
================================================================================
Repetition 1: t_classify = 8.698 s, t_update = 0.803 s, total = 9.501 s, n_iter = 100, final_shift = 0.000000
Repetition 2: t_classify = 8.681 s, t_update = 0.801 s, total = 9.483 s, n_iter = 100, final_shift = 0.000000
Repetition 3: t_classify = 8.688 s, t_update = 0.833 s, total = 9.522 s, n_iter = 100, final_shift = 0.000000
Repetition 4: t_classify = 8.722 s, t_update = 0.820 s, total = 9.542 s, n_iter = 100, final_shift = 0.000000
Repetition 5: t_classify = 8.690 s, t_update = 0.808 s, total = 9.498 s, n_iter = 100, final_shift = 0.000000
