================================================================================
Machine metadata:
================================================================================
CPU Vendor: AuthenticAMD
CPU Model: Common KVM processor
CPU Cores:                       8
Threads per core: 1
Threads per core: 1 (no symmetric multithreading)
CPU MHz: 
RAM: 62.79 GB
OS: Debian GNU/Linux 12 (bookworm)
GCC version: gcc (Debian 12.2.0-14+deb12u1) 12.2.0
================================================================================
Experiment results:
================================================================================
Repetition 1: t_classify = 5.457 s, t_update = 0.529 s, total = 5.985 s, n_iter = 100, final_shift = 4.575792
Repetition 2: t_classify = 5.448 s, t_update = 0.512 s, total = 5.960 s, n_iter = 100, final_shift = 4.575755
Repetition 3: t_classify = 5.443 s, t_update = 0.509 s, total = 5.952 s, n_iter = 100, final_shift = 2.626306
Repetition 4: t_classify = 5.450 s, t_update = 0.517 s, total = 5.967 s, n_iter = 100, final_shift = 0.878532
Repetition 5: t_classify = 5.477 s, t_update = 0.532 s, total = 6.008 s, n_iter = 100, final_shift = 0.958536
