================================================================================
Machine metadata:
================================================================================
CPU Vendor: AuthenticAMD
CPU Model: Common KVM processor
CPU Cores:                       8
Threads per core: 1
Threads per core: 1 (no symmetric multithreading)
CPU MHz: 
RAM: 62.79 GB
OS: Debian GNU/Linux 12 (bookworm)
GCC version: gcc (Debian 12.2.0-14+deb12u1) 12.2.0
================================================================================
Experiment results:
================================================================================
Repetition 1: t_classify = 9.166 s, t_update = 0.883 s, total = 10.049 s, n_iter = 100, final_shift = 1.805468
Repetition 2: t_classify = 9.189 s, t_update = 0.870 s, total = 10.058 s, n_iter = 100, final_shift = 1.805468
Repetition 3: t_classify = 9.167 s, t_update = 0.883 s, total = 10.050 s, n_iter = 100, final_shift = 1.805468
Repetition 4: t_classify = 9.140 s, t_update = 0.887 s, total = 10.027 s, n_iter = 100, final_shift = 1.805468
Repetition 5: t_classify = 9.199 s, t_update = 0.875 s, total = 10.074 s, n_iter = 100, final_shift = 1.805468
