================================================================================
Machine metadata:
================================================================================
CPU Vendor: AuthenticAMD
CPU Model: Common KVM processor
CPU Cores:                       8
Threads per core: 1
Threads per core: 1 (no symmetric multithreading)
CPU MHz: 
RAM: 62.79 GB
OS: Debian GNU/Linux 12 (bookworm)
GCC version: gcc (Debian 12.2.0-14+deb12u1) 12.2.0
================================================================================
Experiment results:
================================================================================
Repetition 1: t_classify = 3.802 s, t_update = 0.629 s, total = 4.431 s, n_iter = 100, final_shift = 0.000000
Repetition 2: t_classify = 3.785 s, t_update = 0.621 s, total = 4.406 s, n_iter = 100, final_shift = 0.000000
Repetition 3: t_classify = 3.801 s, t_update = 0.631 s, total = 4.432 s, n_iter = 100, final_shift = 0.000000
Repetition 4: t_classify = 3.792 s, t_update = 0.623 s, total = 4.415 s, n_iter = 100, final_shift = 0.000000
Repetition 5: t_classify = 3.802 s, t_update = 0.626 s, total = 4.428 s, n_iter = 100, final_shift = 0.000000
