================================================================================
Machine metadata:
================================================================================
CPU Vendor: AuthenticAMD
CPU Model: Common KVM processor
CPU Cores:                       8
Threads per core: 1
Threads per core: 1 (no symmetric multithreading)
CPU MHz: 
RAM: 62.79 GB
OS: Debian GNU/Linux 12 (bookworm)
GCC version: gcc (Debian 12.2.0-14+deb12u1) 12.2.0
================================================================================
Experiment results:
================================================================================
Repetition 1: t_classify = 3.162 s, t_update = 0.530 s, total = 3.692 s, n_iter = 100, final_shift = 0.000000
Repetition 2: t_classify = 3.162 s, t_update = 0.390 s, total = 3.552 s, n_iter = 100, final_shift = 0.000000
Repetition 3: t_classify = 3.180 s, t_update = 0.243 s, total = 3.424 s, n_iter = 100, final_shift = 0.000000
Repetition 4: t_classify = 3.159 s, t_update = 0.438 s, total = 3.596 s, n_iter = 100, final_shift = 0.000000
Repetition 5: t_classify = 3.179 s, t_update = 0.245 s, total = 3.424 s, n_iter = 100, final_shift = 0.000000
