================================================================================
Machine metadata:
================================================================================
CPU Vendor: AuthenticAMD
CPU Model: Common KVM processor
CPU Cores:                       8
Threads per core: 1
Threads per core: 1 (no symmetric multithreading)
CPU MHz: 
RAM: 62.79 GB
OS: Debian GNU/Linux 12 (bookworm)
GCC version: gcc (Debian 12.2.0-14+deb12u1) 12.2.0
================================================================================
Experiment results:
================================================================================
Repetition 1: t_classify = 1.787 s, t_update = 0.286 s, total = 2.073 s, n_iter = 100, final_shift = 0.000000
Repetition 2: t_classify = 1.771 s, t_update = 0.267 s, total = 2.038 s, n_iter = 100, final_shift = 0.000000
Repetition 3: t_classify = 1.792 s, t_update = 0.303 s, total = 2.095 s, n_iter = 100, final_shift = 0.000000
Repetition 4: t_classify = 1.756 s, t_update = 0.173 s, total = 1.929 s, n_iter = 100, final_shift = 0.000000
Repetition 5: t_classify = 1.793 s, t_update = 0.291 s, total = 2.084 s, n_iter = 100, final_shift = 0.000000
