================================================================================
Machine metadata:
================================================================================
CPU Vendor: AuthenticAMD
CPU Model: Common KVM processor
CPU Cores:                       8
Threads per core: 1
Threads per core: 1 (no symmetric multithreading)
CPU MHz: 
RAM: 62.79 GB
OS: Debian GNU/Linux 12 (bookworm)
GCC version: gcc (Debian 12.2.0-14+deb12u1) 12.2.0
================================================================================
Experiment results:
================================================================================
Repetition 1: t_classify = 2.657 s, t_update = 0.164 s, total = 2.821 s, n_iter = 100, final_shift = 0.950894
Repetition 2: t_classify = 2.708 s, t_update = 0.186 s, total = 2.895 s, n_iter = 100, final_shift = 0.950903
Repetition 3: t_classify = 2.676 s, t_update = 0.162 s, total = 2.838 s, n_iter = 100, final_shift = 0.950896
Repetition 4: t_classify = 2.670 s, t_update = 0.143 s, total = 2.813 s, n_iter = 100, final_shift = 0.950889
Repetition 5: t_classify = 2.633 s, t_update = 0.117 s, total = 2.750 s, n_iter = 100, final_shift = 0.950916
