================================================================================
Machine metadata:
================================================================================
CPU Vendor: AuthenticAMD
CPU Model: Common KVM processor
CPU Cores:                       8
Threads per core: 1
Threads per core: 1 (no symmetric multithreading)
CPU MHz: 
RAM: 62.79 GB
OS: Debian GNU/Linux 12 (bookworm)
GCC version: gcc (Debian 12.2.0-14+deb12u1) 12.2.0
================================================================================
Experiment results:
================================================================================
Repetition 1: t_classify = 1.746 s, t_update = 0.051 s, total = 1.797 s, n_iter = 100, final_shift = 0.000000
Repetition 2: t_classify = 1.790 s, t_update = 0.050 s, total = 1.840 s, n_iter = 100, final_shift = 0.000000
Repetition 3: t_classify = 1.740 s, t_update = 0.041 s, total = 1.782 s, n_iter = 100, final_shift = 0.000000
Repetition 4: t_classify = 1.748 s, t_update = 0.051 s, total = 1.799 s, n_iter = 100, final_shift = 0.000000
Repetition 5: t_classify = 1.754 s, t_update = 0.044 s, total = 1.799 s, n_iter = 100, final_shift = 0.000000
