================================================================================
Machine metadata:
================================================================================
CPU Vendor: AuthenticAMD
CPU Model: Common KVM processor
CPU Cores:                       8
Threads per core: 1
Threads per core: 1 (no symmetric multithreading)
CPU MHz: 
RAM: 62.79 GB
OS: Debian GNU/Linux 12 (bookworm)
GCC version: gcc (Debian 12.2.0-14+deb12u1) 12.2.0
================================================================================
Experiment results:
================================================================================
Repetition 1: t_classify = 5.222 s, t_update = 0.405 s, total = 5.628 s, n_iter = 100, final_shift = 0.000000
Repetition 2: t_classify = 5.312 s, t_update = 0.444 s, total = 5.756 s, n_iter = 100, final_shift = 0.000000
Repetition 3: t_classify = 5.325 s, t_update = 0.451 s, total = 5.775 s, n_iter = 100, final_shift = 0.000000
Repetition 4: t_classify = 5.282 s, t_update = 0.475 s, total = 5.756 s, n_iter = 100, final_shift = 0.000000
Repetition 5: t_classify = 5.261 s, t_update = 0.430 s, total = 5.690 s, n_iter = 100, final_shift = 0.000000
