================================================================================
Machine metadata:
================================================================================
CPU Vendor: AuthenticAMD
CPU Model: Common KVM processor
CPU Cores:                       8
Threads per core: 1
Threads per core: 1 (no symmetric multithreading)
CPU MHz: 
RAM: 62.79 GB
OS: Debian GNU/Linux 12 (bookworm)
GCC version: gcc (Debian 12.2.0-14+deb12u1) 12.2.0
================================================================================
Experiment results:
================================================================================
Repetition 1: t_classify = 3.014 s, t_update = 0.224 s, total = 3.238 s, n_iter = 100, final_shift = 0.000000
Repetition 2: t_classify = 3.092 s, t_update = 0.269 s, total = 3.361 s, n_iter = 100, final_shift = 0.000000
Repetition 3: t_classify = 3.071 s, t_update = 0.250 s, total = 3.321 s, n_iter = 100, final_shift = 0.000000
Repetition 4: t_classify = 3.052 s, t_update = 0.285 s, total = 3.336 s, n_iter = 100, final_shift = 0.000000
Repetition 5: t_classify = 3.042 s, t_update = 0.207 s, total = 3.249 s, n_iter = 100, final_shift = 0.000000
