================================================================================
Machine metadata:
================================================================================
CPU Vendor: AuthenticAMD
CPU Model: Common KVM processor
CPU Cores:                       8
Threads per core: 1
Threads per core: 1 (no symmetric multithreading)
CPU MHz: 
RAM: 62.79 GB
OS: Debian GNU/Linux 12 (bookworm)
GCC version: gcc (Debian 12.2.0-14+deb12u1) 12.2.0
================================================================================
Experiment results:
================================================================================
Repetition 1: t_classify = 0.760 s, t_update = 0.034 s, total = 0.794 s, n_iter = 100, final_shift = 0.057275
Repetition 2: t_classify = 0.763 s, t_update = 0.038 s, total = 0.801 s, n_iter = 100, final_shift = 0.057275
Repetition 3: t_classify = 0.758 s, t_update = 0.034 s, total = 0.792 s, n_iter = 100, final_shift = 0.057275
Repetition 4: t_classify = 0.782 s, t_update = 0.034 s, total = 0.816 s, n_iter = 100, final_shift = 0.057275
Repetition 5: t_classify = 0.761 s, t_update = 0.036 s, total = 0.797 s, n_iter = 100, final_shift = 0.057275
