================================================================================
Machine metadata:
================================================================================
CPU Vendor: AuthenticAMD
CPU Model: Common KVM processor
CPU Cores:                       8
Threads per core: 1
Threads per core: 1 (no symmetric multithreading)
CPU MHz: 
RAM: 62.79 GB
OS: Debian GNU/Linux 12 (bookworm)
GCC version: gcc (Debian 12.2.0-14+deb12u1) 12.2.0
================================================================================
Experiment results:
================================================================================
Repetition 1: t_classify = 0.462 s, t_update = 0.022 s, total = 0.484 s, n_iter = 100, final_shift = 0.052196
Repetition 2: t_classify = 0.462 s, t_update = 0.024 s, total = 0.486 s, n_iter = 100, final_shift = 0.052196
Repetition 3: t_classify = 0.460 s, t_update = 0.021 s, total = 0.481 s, n_iter = 100, final_shift = 0.052196
Repetition 4: t_classify = 0.495 s, t_update = 0.022 s, total = 0.517 s, n_iter = 100, final_shift = 0.052196
Repetition 5: t_classify = 0.457 s, t_update = 0.021 s, total = 0.478 s, n_iter = 100, final_shift = 0.052196
