================================================================================
Machine metadata:
================================================================================
CPU Vendor: AuthenticAMD
CPU Model: Common KVM processor
CPU Cores:                       8
Threads per core: 1
Threads per core: 1 (no symmetric multithreading)
CPU MHz: 
RAM: 62.79 GB
OS: Debian GNU/Linux 12 (bookworm)
GCC version: gcc (Debian 12.2.0-14+deb12u1) 12.2.0
================================================================================
Experiment results:
================================================================================
Repetition 1: t_classify = 1.509 s, t_update = 0.078 s, total = 1.587 s, n_iter = 100, final_shift = 0.994220
Repetition 2: t_classify = 1.553 s, t_update = 0.069 s, total = 1.623 s, n_iter = 100, final_shift = 0.994205
Repetition 3: t_classify = 1.534 s, t_update = 0.086 s, total = 1.620 s, n_iter = 100, final_shift = 0.994214
Repetition 4: t_classify = 1.561 s, t_update = 0.057 s, total = 1.617 s, n_iter = 100, final_shift = 0.994207
Repetition 5: t_classify = 1.521 s, t_update = 0.052 s, total = 1.572 s, n_iter = 100, final_shift = 0.905368
