================================================================================
Machine metadata:
================================================================================
CPU Vendor: AuthenticAMD
CPU Model: Common KVM processor
CPU Cores:                       8
Threads per core: 1
Threads per core: 1 (no symmetric multithreading)
CPU MHz: 
RAM: 62.79 GB
OS: Debian GNU/Linux 12 (bookworm)
GCC version: gcc (Debian 12.2.0-14+deb12u1) 12.2.0
================================================================================
Experiment results:
================================================================================
Repetition 1: t_classify = 0.699 s, t_update = 0.021 s, total = 0.721 s, n_iter = 100, final_shift = 0.018047
Repetition 2: t_classify = 0.685 s, t_update = 0.024 s, total = 0.709 s, n_iter = 100, final_shift = 0.043206
Repetition 3: t_classify = 0.685 s, t_update = 0.028 s, total = 0.713 s, n_iter = 100, final_shift = 0.043211
Repetition 4: t_classify = 0.685 s, t_update = 0.021 s, total = 0.706 s, n_iter = 100, final_shift = 0.018047
Repetition 5: t_classify = 0.687 s, t_update = 0.018 s, total = 0.706 s, n_iter = 100, final_shift = 0.018047
