================================================================================
Machine metadata:
================================================================================
CPU Vendor: AuthenticAMD
CPU Model: Common KVM processor
CPU Cores:                       8
Threads per core: 1
Threads per core: 1 (no symmetric multithreading)
CPU MHz: 
RAM: 62.79 GB
OS: Debian GNU/Linux 12 (bookworm)
GCC version: gcc (Debian 12.2.0-14+deb12u1) 12.2.0
================================================================================
Experiment results:
================================================================================
Repetition 1: t_classify = 1.128 s, t_update = 0.193 s, total = 1.321 s, n_iter = 100, final_shift = 0.001997
Repetition 2: t_classify = 1.129 s, t_update = 0.164 s, total = 1.293 s, n_iter = 100, final_shift = 0.000734
Repetition 3: t_classify = 1.135 s, t_update = 0.160 s, total = 1.294 s, n_iter = 100, final_shift = 0.001998
Repetition 4: t_classify = 1.144 s, t_update = 0.165 s, total = 1.309 s, n_iter = 100, final_shift = 0.000734
Repetition 5: t_classify = 1.132 s, t_update = 0.157 s, total = 1.289 s, n_iter = 100, final_shift = 0.001998
