================================================================================
Machine metadata:
================================================================================
CPU Vendor: AuthenticAMD
CPU Model: Common KVM processor
CPU Cores:                       8
Threads per core: 1
Threads per core: 1 (no symmetric multithreading)
CPU MHz: 
RAM: 62.79 GB
OS: Debian GNU/Linux 12 (bookworm)
GCC version: gcc (Debian 12.2.0-14+deb12u1) 12.2.0
================================================================================
Experiment results:
================================================================================
Repetition 1: t_classify = 0.936 s, t_update = 0.065 s, total = 1.001 s, n_iter = 100, final_shift = 4.487792
Repetition 2: t_classify = 0.935 s, t_update = 0.052 s, total = 0.987 s, n_iter = 100, final_shift = 4.487792
Repetition 3: t_classify = 0.926 s, t_update = 0.067 s, total = 0.994 s, n_iter = 100, final_shift = 4.487792
Repetition 4: t_classify = 0.934 s, t_update = 0.065 s, total = 0.999 s, n_iter = 100, final_shift = 4.487792
Repetition 5: t_classify = 0.945 s, t_update = 0.057 s, total = 1.002 s, n_iter = 100, final_shift = 4.487792
