================================================================================
Machine metadata:
================================================================================
CPU Vendor: AuthenticAMD
CPU Model: Common KVM processor
CPU Cores:                       8
Threads per core: 1
Threads per core: 1 (no symmetric multithreading)
CPU MHz: 
RAM: 62.79 GB
OS: Debian GNU/Linux 12 (bookworm)
GCC version: gcc (Debian 12.2.0-14+deb12u1) 12.2.0
================================================================================
Experiment results:
================================================================================
Repetition 1: t_classify = 0.962 s, t_update = 0.098 s, total = 1.060 s, n_iter = 100, final_shift = 0.000000
Repetition 2: t_classify = 0.967 s, t_update = 0.169 s, total = 1.137 s, n_iter = 100, final_shift = 0.000000
Repetition 3: t_classify = 0.972 s, t_update = 0.159 s, total = 1.130 s, n_iter = 100, final_shift = 0.000000
Repetition 4: t_classify = 0.981 s, t_update = 0.142 s, total = 1.123 s, n_iter = 100, final_shift = 0.000000
Repetition 5: t_classify = 0.964 s, t_update = 0.123 s, total = 1.086 s, n_iter = 100, final_shift = 0.000000
