================================================================================
Machine metadata:
================================================================================
CPU Vendor: AuthenticAMD
CPU Model: Common KVM processor
CPU Cores:                       8
Threads per core: 1
Threads per core: 1 (no symmetric multithreading)
CPU MHz: 
RAM: 62.79 GB
OS: Debian GNU/Linux 12 (bookworm)
GCC version: gcc (Debian 12.2.0-14+deb12u1) 12.2.0
================================================================================
Experiment results:
================================================================================
Repetition 1: t_classify = 0.063 s, t_update = 0.010 s, total = 0.073 s, n_iter = 100, final_shift = 0.000000
Repetition 2: t_classify = 0.059 s, t_update = 0.011 s, total = 0.070 s, n_iter = 100, final_shift = 0.000000
Repetition 3: t_classify = 0.076 s, t_update = 0.012 s, total = 0.088 s, n_iter = 100, final_shift = 0.000000
Repetition 4: t_classify = 0.061 s, t_update = 0.011 s, total = 0.072 s, n_iter = 100, final_shift = 0.000000
Repetition 5: t_classify = 0.060 s, t_update = 0.014 s, total = 0.075 s, n_iter = 100, final_shift = 0.000000
