================================================================================
Machine metadata:
================================================================================
CPU Vendor: AuthenticAMD
CPU Model: Common KVM processor
CPU Cores:                       8
Threads per core: 1
Threads per core: 1 (no symmetric multithreading)
CPU MHz: 
RAM: 62.79 GB
OS: Debian GNU/Linux 12 (bookworm)
GCC version: gcc (Debian 12.2.0-14+deb12u1) 12.2.0
================================================================================
Experiment results:
================================================================================
Repetition 1: t_classify = 0.562 s, t_update = 0.046 s, total = 0.607 s, n_iter = 100, final_shift = 0.000000
Repetition 2: t_classify = 0.570 s, t_update = 0.033 s, total = 0.603 s, n_iter = 100, final_shift = 0.000000
Repetition 3: t_classify = 0.579 s, t_update = 0.046 s, total = 0.625 s, n_iter = 100, final_shift = 0.000000
Repetition 4: t_classify = 0.577 s, t_update = 0.039 s, total = 0.616 s, n_iter = 100, final_shift = 0.000000
Repetition 5: t_classify = 0.596 s, t_update = 0.036 s, total = 0.631 s, n_iter = 100, final_shift = 0.000000
