================================================================================
Machine metadata:
================================================================================
CPU Vendor: AuthenticAMD
CPU Model: Common KVM processor
CPU Cores:                       8
Threads per core: 1
Threads per core: 1 (no symmetric multithreading)
CPU MHz: 
RAM: 62.79 GB
OS: Debian GNU/Linux 12 (bookworm)
GCC version: gcc (Debian 12.2.0-14+deb12u1) 12.2.0
================================================================================
Experiment results:
================================================================================
Repetition 1: t_classify = 3.955 s, t_update = 0.288 s, total = 4.242 s, n_iter = 100, final_shift = 0.000000
Repetition 2: t_classify = 3.987 s, t_update = 0.602 s, total = 4.589 s, n_iter = 100, final_shift = 0.000000
Repetition 3: t_classify = 3.959 s, t_update = 0.289 s, total = 4.248 s, n_iter = 100, final_shift = 0.000000
Repetition 4: t_classify = 3.946 s, t_update = 0.289 s, total = 4.235 s, n_iter = 100, final_shift = 0.000000
Repetition 5: t_classify = 4.119 s, t_update = 0.617 s, total = 4.736 s, n_iter = 100, final_shift = 0.000000
