================================================================================
Machine metadata:
================================================================================
CPU Vendor: AuthenticAMD
CPU Model: Common KVM processor
CPU Cores:                       8
Threads per core: 1
Threads per core: 1 (no symmetric multithreading)
CPU MHz: 
RAM: 62.79 GB
OS: Debian GNU/Linux 12 (bookworm)
GCC version: gcc (Debian 12.2.0-14+deb12u1) 12.2.0
================================================================================
Experiment results:
================================================================================
Repetition 1: t_classify = 0.566 s, t_update = 0.066 s, total = 0.632 s, n_iter = 100, final_shift = 0.005612
Repetition 2: t_classify = 0.551 s, t_update = 0.061 s, total = 0.611 s, n_iter = 100, final_shift = 0.007263
Repetition 3: t_classify = 0.564 s, t_update = 0.078 s, total = 0.642 s, n_iter = 100, final_shift = 0.006735
Repetition 4: t_classify = 0.549 s, t_update = 0.072 s, total = 0.622 s, n_iter = 100, final_shift = 0.006292
Repetition 5: t_classify = 0.555 s, t_update = 0.069 s, total = 0.624 s, n_iter = 100, final_shift = 0.006920
