================================================================================
Machine metadata:
================================================================================
CPU Vendor: AuthenticAMD
CPU Model: Common KVM processor
CPU Cores:                       8
Threads per core: 1
Threads per core: 1 (no symmetric multithreading)
CPU MHz: 
RAM: 62.79 GB
OS: Debian GNU/Linux 12 (bookworm)
GCC version: gcc (Debian 12.2.0-14+deb12u1) 12.2.0
================================================================================
Experiment results:
================================================================================
Repetition 1: t_classify = 1.832 s, t_update = 0.089 s, total = 1.921 s, n_iter = 100, final_shift = 0.007975
Repetition 2: t_classify = 1.766 s, t_update = 0.093 s, total = 1.860 s, n_iter = 100, final_shift = 0.999746
Repetition 3: t_classify = 1.774 s, t_update = 0.065 s, total = 1.838 s, n_iter = 100, final_shift = 0.999722
Repetition 4: t_classify = 1.814 s, t_update = 0.067 s, total = 1.881 s, n_iter = 100, final_shift = 0.999743
Repetition 5: t_classify = 1.753 s, t_update = 0.074 s, total = 1.827 s, n_iter = 100, final_shift = 0.999740
