================================================================================
Machine metadata:
================================================================================
CPU Vendor: AuthenticAMD
CPU Model: Common KVM processor
CPU Cores:                       8
Threads per core: 1
Threads per core: 1 (no symmetric multithreading)
CPU MHz: 
RAM: 62.79 GB
OS: Debian GNU/Linux 12 (bookworm)
GCC version: gcc (Debian 12.2.0-14+deb12u1) 12.2.0
================================================================================
Experiment results:
================================================================================
Repetition 1: t_classify = 0.444 s, t_update = 0.023 s, total = 0.467 s, n_iter = 100, final_shift = 6.194374
Repetition 2: t_classify = 0.439 s, t_update = 0.023 s, total = 0.462 s, n_iter = 100, final_shift = 6.194378
Repetition 3: t_classify = 0.444 s, t_update = 0.021 s, total = 0.465 s, n_iter = 100, final_shift = 6.194374
Repetition 4: t_classify = 0.438 s, t_update = 0.022 s, total = 0.460 s, n_iter = 100, final_shift = 6.194371
Repetition 5: t_classify = 0.442 s, t_update = 0.021 s, total = 0.463 s, n_iter = 100, final_shift = 6.194369
