================================================================================
Machine metadata:
================================================================================
CPU Vendor: AuthenticAMD
CPU Model: Common KVM processor
CPU Cores:                       8
Threads per core: 1
Threads per core: 1 (no symmetric multithreading)
CPU MHz: 
RAM: 62.79 GB
OS: Debian GNU/Linux 12 (bookworm)
GCC version: gcc (Debian 12.2.0-14+deb12u1) 12.2.0
================================================================================
Experiment results:
================================================================================
Repetition 1: t_classify = 0.693 s, t_update = 0.104 s, total = 0.796 s, n_iter = 100, final_shift = 0.000000
Repetition 2: t_classify = 0.693 s, t_update = 0.107 s, total = 0.800 s, n_iter = 100, final_shift = 0.000000
Repetition 3: t_classify = 0.690 s, t_update = 0.102 s, total = 0.793 s, n_iter = 100, final_shift = 0.000000
Repetition 4: t_classify = 0.691 s, t_update = 0.103 s, total = 0.794 s, n_iter = 100, final_shift = 0.000000
Repetition 5: t_classify = 0.699 s, t_update = 0.134 s, total = 0.833 s, n_iter = 100, final_shift = 0.000000
