================================================================================
Machine metadata:
================================================================================
CPU Vendor: AuthenticAMD
CPU Model: Common KVM processor
CPU Cores:                       8
Threads per core: 1
Threads per core: 1 (no symmetric multithreading)
CPU MHz: 
RAM: 62.79 GB
OS: Debian GNU/Linux 12 (bookworm)
GCC version: gcc (Debian 12.2.0-14+deb12u1) 12.2.0
================================================================================
Experiment results:
================================================================================
Repetition 1: t_classify = 0.773 s, t_update = 0.045 s, total = 0.817 s, n_iter = 100, final_shift = 0.000000
Repetition 2: t_classify = 0.655 s, t_update = 0.041 s, total = 0.695 s, n_iter = 100, final_shift = 0.000000
Repetition 3: t_classify = 0.676 s, t_update = 0.047 s, total = 0.723 s, n_iter = 100, final_shift = 0.000000
Repetition 4: t_classify = 0.657 s, t_update = 0.067 s, total = 0.725 s, n_iter = 100, final_shift = 0.000000
Repetition 5: t_classify = 0.656 s, t_update = 0.043 s, total = 0.699 s, n_iter = 100, final_shift = 0.000000
