================================================================================
Machine metadata:
================================================================================
CPU Vendor: AuthenticAMD
CPU Model: Common KVM processor
CPU Cores:                       8
Threads per core: 1
Threads per core: 1 (no symmetric multithreading)
CPU MHz: 
RAM: 62.79 GB
OS: Debian GNU/Linux 12 (bookworm)
GCC version: gcc (Debian 12.2.0-14+deb12u1) 12.2.0
================================================================================
Experiment results:
================================================================================
Repetition 1: t_classify = 1.855 s, t_update = 0.127 s, total = 1.982 s, n_iter = 100, final_shift = 1.805468
Repetition 2: t_classify = 1.862 s, t_update = 0.131 s, total = 1.993 s, n_iter = 100, final_shift = 1.805468
Repetition 3: t_classify = 1.848 s, t_update = 0.124 s, total = 1.973 s, n_iter = 100, final_shift = 1.805468
Repetition 4: t_classify = 1.852 s, t_update = 0.116 s, total = 1.969 s, n_iter = 100, final_shift = 1.805468
Repetition 5: t_classify = 1.846 s, t_update = 0.115 s, total = 1.961 s, n_iter = 100, final_shift = 1.805468
