================================================================================
Machine metadata:
================================================================================
CPU Vendor: AuthenticAMD
CPU Model: Common KVM processor
CPU Cores:                       8
Threads per core: 1
Threads per core: 1 (no symmetric multithreading)
CPU MHz: 
RAM: 62.79 GB
OS: Debian GNU/Linux 12 (bookworm)
GCC version: gcc (Debian 12.2.0-14+deb12u1) 12.2.0
================================================================================
Experiment results:
================================================================================
Repetition 1: t_classify = 0.530 s, t_update = 0.013 s, total = 0.543 s, n_iter = 100, final_shift = 0.067631
Repetition 2: t_classify = 0.532 s, t_update = 0.012 s, total = 0.544 s, n_iter = 100, final_shift = 0.067631
Repetition 3: t_classify = 0.531 s, t_update = 0.013 s, total = 0.544 s, n_iter = 100, final_shift = 0.067631
Repetition 4: t_classify = 0.530 s, t_update = 0.013 s, total = 0.543 s, n_iter = 100, final_shift = 0.067631
Repetition 5: t_classify = 0.531 s, t_update = 0.017 s, total = 0.548 s, n_iter = 100, final_shift = 0.067631
