================================================================================
Machine metadata:
================================================================================
CPU Vendor: AuthenticAMD
CPU Model: Common KVM processor
CPU Cores:                       8
Threads per core: 1
Threads per core: 1 (no symmetric multithreading)
CPU MHz: 
RAM: 62.79 GB
OS: Debian GNU/Linux 12 (bookworm)
GCC version: gcc (Debian 12.2.0-14+deb12u1) 12.2.0
================================================================================
Experiment results:
================================================================================
Repetition 1: t_classify = 1.151 s, t_update = 0.041 s, total = 1.192 s, n_iter = 100, final_shift = 0.004796
Repetition 2: t_classify = 1.138 s, t_update = 0.030 s, total = 1.168 s, n_iter = 100, final_shift = 0.004796
Repetition 3: t_classify = 1.142 s, t_update = 0.040 s, total = 1.182 s, n_iter = 100, final_shift = 0.004796
Repetition 4: t_classify = 1.219 s, t_update = 0.038 s, total = 1.257 s, n_iter = 100, final_shift = 0.004796
Repetition 5: t_classify = 1.151 s, t_update = 0.038 s, total = 1.189 s, n_iter = 100, final_shift = 0.004796
