================================================================================
Machine metadata:
================================================================================
CPU Vendor: AuthenticAMD
CPU Model: Common KVM processor
CPU Cores:                       8
Threads per core: 1
Threads per core: 1 (no symmetric multithreading)
CPU MHz: 
RAM: 62.79 GB
OS: Debian GNU/Linux 12 (bookworm)
GCC version: gcc (Debian 12.2.0-14+deb12u1) 12.2.0
================================================================================
Experiment results:
================================================================================
Repetition 1: t_classify = 0.965 s, t_update = 0.073 s, total = 1.037 s, n_iter = 100, final_shift = 0.000000
Repetition 2: t_classify = 1.002 s, t_update = 0.066 s, total = 1.068 s, n_iter = 100, final_shift = 0.000000
Repetition 3: t_classify = 0.952 s, t_update = 0.100 s, total = 1.052 s, n_iter = 100, final_shift = 0.000000
Repetition 4: t_classify = 0.948 s, t_update = 0.065 s, total = 1.012 s, n_iter = 100, final_shift = 0.000000
Repetition 5: t_classify = 0.948 s, t_update = 0.061 s, total = 1.008 s, n_iter = 100, final_shift = 0.000000
