================================================================================
Machine metadata:
================================================================================
CPU Vendor: AuthenticAMD
CPU Model: Common KVM processor
CPU Cores:                       8
Threads per core: 1
Threads per core: 1 (no symmetric multithreading)
CPU MHz: 
RAM: 62.79 GB
OS: Debian GNU/Linux 12 (bookworm)
GCC version: gcc (Debian 12.2.0-14+deb12u1) 12.2.0
================================================================================
Experiment results:
================================================================================
Repetition 1: t_classify = 2.280 s, t_update = 0.100 s, total = 2.380 s, n_iter = 100, final_shift = 0.052196
Repetition 2: t_classify = 2.276 s, t_update = 0.099 s, total = 2.375 s, n_iter = 100, final_shift = 0.052196
Repetition 3: t_classify = 2.274 s, t_update = 0.134 s, total = 2.409 s, n_iter = 100, final_shift = 0.052196
Repetition 4: t_classify = 2.270 s, t_update = 0.098 s, total = 2.368 s, n_iter = 100, final_shift = 0.052196
Repetition 5: t_classify = 2.273 s, t_update = 0.098 s, total = 2.371 s, n_iter = 100, final_shift = 0.052196
