================================================================================
Machine metadata:
================================================================================
CPU Vendor: AuthenticAMD
CPU Model: Common KVM processor
CPU Cores:                       8
Threads per core: 1
Threads per core: 1 (no symmetric multithreading)
CPU MHz: 
RAM: 62.79 GB
OS: Debian GNU/Linux 12 (bookworm)
GCC version: gcc (Debian 12.2.0-14+deb12u1) 12.2.0
================================================================================
Experiment results:
================================================================================
Repetition 1: t_classify = 1.531 s, t_update = 0.329 s, total = 1.860 s, n_iter = 100, final_shift = 0.000000
Repetition 2: t_classify = 2.644 s, t_update = 0.154 s, total = 2.798 s, n_iter = 100, final_shift = 0.000000
Repetition 3: t_classify = 1.527 s, t_update = 0.152 s, total = 1.680 s, n_iter = 100, final_shift = 0.000000
Repetition 4: t_classify = 1.554 s, t_update = 0.149 s, total = 1.703 s, n_iter = 100, final_shift = 0.000000
Repetition 5: t_classify = 1.542 s, t_update = 0.330 s, total = 1.872 s, n_iter = 100, final_shift = 0.000000
