================================================================================
Machine metadata:
================================================================================
CPU Vendor: AuthenticAMD
CPU Model: Common KVM processor
CPU Cores:                       8
Threads per core: 1
Threads per core: 1 (no symmetric multithreading)
CPU MHz: 
RAM: 62.79 GB
OS: Debian GNU/Linux 12 (bookworm)
GCC version: gcc (Debian 12.2.0-14+deb12u1) 12.2.0
================================================================================
Experiment results:
================================================================================
Repetition 1: t_classify = 7.015 s, t_update = 0.486 s, total = 7.501 s, n_iter = 100, final_shift = 2.196456
Repetition 2: t_classify = 6.992 s, t_update = 0.339 s, total = 7.331 s, n_iter = 100, final_shift = 2.196415
Repetition 3: t_classify = 6.992 s, t_update = 0.330 s, total = 7.322 s, n_iter = 100, final_shift = 2.196456
Repetition 4: t_classify = 7.027 s, t_update = 0.319 s, total = 7.345 s, n_iter = 100, final_shift = 2.196456
Repetition 5: t_classify = 7.046 s, t_update = 0.399 s, total = 7.445 s, n_iter = 100, final_shift = 2.196433
