================================================================================
Machine metadata:
================================================================================
CPU Vendor: AuthenticAMD
CPU Model: Common KVM processor
CPU Cores:                       8
Threads per core: 1
Threads per core: 1 (no symmetric multithreading)
CPU MHz: 
RAM: 62.79 GB
OS: Debian GNU/Linux 12 (bookworm)
GCC version: gcc (Debian 12.2.0-14+deb12u1) 12.2.0
================================================================================
Experiment results:
================================================================================
Repetition 1: t_classify = 0.538 s, t_update = 0.027 s, total = 0.565 s, n_iter = 100, final_shift = 0.002656
Repetition 2: t_classify = 0.533 s, t_update = 0.024 s, total = 0.557 s, n_iter = 100, final_shift = 0.002656
Repetition 3: t_classify = 0.537 s, t_update = 0.027 s, total = 0.564 s, n_iter = 100, final_shift = 0.002656
Repetition 4: t_classify = 0.534 s, t_update = 0.025 s, total = 0.559 s, n_iter = 100, final_shift = 0.002656
Repetition 5: t_classify = 0.535 s, t_update = 0.025 s, total = 0.560 s, n_iter = 100, final_shift = 0.002656
