================================================================================
Machine metadata:
================================================================================
CPU Vendor: AuthenticAMD
CPU Model: Common KVM processor
CPU Cores:                       8
Threads per core: 1
Threads per core: 1 (no symmetric multithreading)
CPU MHz: 
RAM: 62.79 GB
OS: Debian GNU/Linux 12 (bookworm)
GCC version: gcc (Debian 12.2.0-14+deb12u1) 12.2.0
================================================================================
Experiment results:
================================================================================
Repetition 1: t_classify = 1.331 s, t_update = 0.118 s, total = 1.449 s, n_iter = 100, final_shift = 0.813346
Repetition 2: t_classify = 1.328 s, t_update = 0.118 s, total = 1.446 s, n_iter = 100, final_shift = 0.813609
Repetition 3: t_classify = 1.328 s, t_update = 0.112 s, total = 1.440 s, n_iter = 100, final_shift = 0.756185
Repetition 4: t_classify = 1.322 s, t_update = 0.127 s, total = 1.449 s, n_iter = 100, final_shift = 0.870368
Repetition 5: t_classify = 1.332 s, t_update = 0.105 s, total = 1.437 s, n_iter = 100, final_shift = 0.874542
