================================================================================
Machine metadata:
================================================================================
CPU Vendor: AuthenticAMD
CPU Model: Common KVM processor
CPU Cores:                       8
Threads per core: 1
Threads per core: 1 (no symmetric multithreading)
CPU MHz: 
RAM: 62.79 GB
OS: Debian GNU/Linux 12 (bookworm)
GCC version: gcc (Debian 12.2.0-14+deb12u1) 12.2.0
================================================================================
Experiment results:
================================================================================
Repetition 1: t_classify = 0.457 s, t_update = 0.015 s, total = 0.472 s, n_iter = 100, final_shift = 0.066431
Repetition 2: t_classify = 0.464 s, t_update = 0.018 s, total = 0.482 s, n_iter = 100, final_shift = 0.066431
Repetition 3: t_classify = 0.456 s, t_update = 0.015 s, total = 0.471 s, n_iter = 100, final_shift = 0.066431
Repetition 4: t_classify = 0.456 s, t_update = 0.018 s, total = 0.474 s, n_iter = 100, final_shift = 0.066431
Repetition 5: t_classify = 0.456 s, t_update = 0.016 s, total = 0.472 s, n_iter = 100, final_shift = 0.066431
