================================================================================
Machine metadata:
================================================================================
CPU Vendor: AuthenticAMD
CPU Model: Common KVM processor
CPU Cores:                       8
Threads per core: 1
Threads per core: 1 (no symmetric multithreading)
CPU MHz: 
RAM: 62.79 GB
OS: Debian GNU/Linux 12 (bookworm)
GCC version: gcc (Debian 12.2.0-14+deb12u1) 12.2.0
================================================================================
Experiment results:
================================================================================
Repetition 1: t_classify = 3.179 s, t_update = 0.096 s, total = 3.276 s, n_iter = 100, final_shift = 0.006607
Repetition 2: t_classify = 3.180 s, t_update = 0.090 s, total = 3.270 s, n_iter = 100, final_shift = 0.006607
Repetition 3: t_classify = 3.180 s, t_update = 0.080 s, total = 3.260 s, n_iter = 100, final_shift = 0.006607
Repetition 4: t_classify = 3.183 s, t_update = 0.077 s, total = 3.261 s, n_iter = 100, final_shift = 0.006607
Repetition 5: t_classify = 3.176 s, t_update = 0.083 s, total = 3.259 s, n_iter = 100, final_shift = 0.006607
