================================================================================
Machine metadata:
================================================================================
CPU Vendor: AuthenticAMD
CPU Model: Common KVM processor
CPU Cores:                       8
Threads per core: 1
Threads per core: 1 (no symmetric multithreading)
CPU MHz: 
RAM: 62.79 GB
OS: Debian GNU/Linux 12 (bookworm)
GCC version: gcc (Debian 12.2.0-14+deb12u1) 12.2.0
================================================================================
Experiment results:
================================================================================
Repetition 1: t_classify = 1.599 s, t_update = 0.107 s, total = 1.706 s, n_iter = 100, final_shift = 0.000000
Repetition 2: t_classify = 1.610 s, t_update = 0.115 s, total = 1.725 s, n_iter = 100, final_shift = 0.000000
Repetition 3: t_classify = 1.597 s, t_update = 0.111 s, total = 1.708 s, n_iter = 100, final_shift = 0.000000
Repetition 4: t_classify = 1.589 s, t_update = 0.108 s, total = 1.697 s, n_iter = 100, final_shift = 0.000000
Repetition 5: t_classify = 1.578 s, t_update = 0.092 s, total = 1.670 s, n_iter = 100, final_shift = 0.000000
