================================================================================
Machine metadata:
================================================================================
CPU Vendor: AuthenticAMD
CPU Model: Common KVM processor
CPU Cores:                       8
Threads per core: 1
Threads per core: 1 (no symmetric multithreading)
CPU MHz: 
RAM: 62.79 GB
OS: Debian GNU/Linux 12 (bookworm)
GCC version: gcc (Debian 12.2.0-14+deb12u1) 12.2.0
================================================================================
Experiment results:
================================================================================
Repetition 1: t_classify = 1.585 s, t_update = 0.190 s, total = 1.774 s, n_iter = 100, final_shift = 0.000000
Repetition 2: t_classify = 1.589 s, t_update = 0.200 s, total = 1.789 s, n_iter = 100, final_shift = 0.000000
Repetition 3: t_classify = 1.578 s, t_update = 0.207 s, total = 1.785 s, n_iter = 100, final_shift = 0.000000
Repetition 4: t_classify = 1.582 s, t_update = 0.205 s, total = 1.787 s, n_iter = 100, final_shift = 0.000000
Repetition 5: t_classify = 1.583 s, t_update = 0.192 s, total = 1.775 s, n_iter = 100, final_shift = 0.000000
