================================================================================
Machine metadata:
================================================================================
CPU Vendor: AuthenticAMD
CPU Model: Common KVM processor
CPU Cores:                       8
Threads per core: 1
Threads per core: 1 (no symmetric multithreading)
CPU MHz: 
RAM: 62.79 GB
OS: Debian GNU/Linux 12 (bookworm)
GCC version: gcc (Debian 12.2.0-14+deb12u1) 12.2.0
================================================================================
Experiment results:
================================================================================
Repetition 1: t_classify = 4.792 s, t_update = 0.193 s, total = 4.985 s, n_iter = 100, final_shift = 0.041118
Repetition 2: t_classify = 4.801 s, t_update = 0.370 s, total = 5.171 s, n_iter = 100, final_shift = 0.041118
Repetition 3: t_classify = 4.774 s, t_update = 0.188 s, total = 4.962 s, n_iter = 100, final_shift = 0.041118
Repetition 4: t_classify = 4.796 s, t_update = 0.182 s, total = 4.978 s, n_iter = 100, final_shift = 0.041118
Repetition 5: t_classify = 4.776 s, t_update = 0.170 s, total = 4.946 s, n_iter = 100, final_shift = 0.041118
