================================================================================
Machine metadata:
================================================================================
CPU Vendor: AuthenticAMD
CPU Model: Common KVM processor
CPU Cores:                       8
Threads per core: 1
Threads per core: 1 (no symmetric multithreading)
CPU MHz: 
RAM: 62.79 GB
OS: Debian GNU/Linux 12 (bookworm)
GCC version: gcc (Debian 12.2.0-14+deb12u1) 12.2.0
================================================================================
Experiment results:
================================================================================
Repetition 1: t_classify = 1.580 s, t_update = 0.207 s, total = 1.787 s, n_iter = 100, final_shift = 0.005389
Repetition 2: t_classify = 1.585 s, t_update = 0.202 s, total = 1.787 s, n_iter = 100, final_shift = 0.005389
Repetition 3: t_classify = 1.595 s, t_update = 0.201 s, total = 1.797 s, n_iter = 100, final_shift = 0.005389
Repetition 4: t_classify = 1.576 s, t_update = 0.215 s, total = 1.791 s, n_iter = 100, final_shift = 0.005389
Repetition 5: t_classify = 1.634 s, t_update = 0.210 s, total = 1.844 s, n_iter = 100, final_shift = 0.005389
