================================================================================
Machine metadata:
================================================================================
CPU Vendor: AuthenticAMD
CPU Model: Common KVM processor
CPU Cores:                       8
Threads per core: 1
Threads per core: 1 (no symmetric multithreading)
CPU MHz: 
RAM: 62.79 GB
OS: Debian GNU/Linux 12 (bookworm)
GCC version: gcc (Debian 12.2.0-14+deb12u1) 12.2.0
================================================================================
Experiment results:
================================================================================
Repetition 1: t_classify = 1.054 s, t_update = 0.073 s, total = 1.127 s, n_iter = 100, final_shift = 0.000000
Repetition 2: t_classify = 1.059 s, t_update = 0.078 s, total = 1.137 s, n_iter = 100, final_shift = 0.000000
Repetition 3: t_classify = 1.052 s, t_update = 0.091 s, total = 1.143 s, n_iter = 100, final_shift = 0.000000
Repetition 4: t_classify = 1.064 s, t_update = 0.079 s, total = 1.143 s, n_iter = 100, final_shift = 0.000000
Repetition 5: t_classify = 1.072 s, t_update = 0.085 s, total = 1.156 s, n_iter = 100, final_shift = 0.000000
