================================================================================
Machine metadata:
================================================================================
CPU Vendor: AuthenticAMD
CPU Model: Common KVM processor
CPU Cores:                       8
Threads per core: 1
Threads per core: 1 (no symmetric multithreading)
CPU MHz: 
RAM: 62.79 GB
OS: Debian GNU/Linux 12 (bookworm)
GCC version: gcc (Debian 12.2.0-14+deb12u1) 12.2.0
================================================================================
Experiment results:
================================================================================
Repetition 1: t_classify = 1.511 s, t_update = 0.063 s, total = 1.574 s, n_iter = 100, final_shift = 0.005322
Repetition 2: t_classify = 1.511 s, t_update = 0.063 s, total = 1.574 s, n_iter = 100, final_shift = 0.005322
Repetition 3: t_classify = 1.518 s, t_update = 0.067 s, total = 1.585 s, n_iter = 100, final_shift = 0.005322
Repetition 4: t_classify = 1.515 s, t_update = 0.064 s, total = 1.579 s, n_iter = 100, final_shift = 0.005322
Repetition 5: t_classify = 1.547 s, t_update = 0.071 s, total = 1.619 s, n_iter = 100, final_shift = 0.005322
