================================================================================
Machine metadata:
================================================================================
CPU Vendor: AuthenticAMD
CPU Model: Common KVM processor
CPU Cores:                       8
Threads per core: 1
Threads per core: 1 (no symmetric multithreading)
CPU MHz: 
RAM: 62.79 GB
OS: Debian GNU/Linux 12 (bookworm)
GCC version: gcc (Debian 12.2.0-14+deb12u1) 12.2.0
================================================================================
Experiment results:
================================================================================
Repetition 1: t_classify = 1.351 s, t_update = 0.049 s, total = 1.399 s, n_iter = 100, final_shift = 1.688075
Repetition 2: t_classify = 1.363 s, t_update = 0.046 s, total = 1.409 s, n_iter = 100, final_shift = 1.688027
Repetition 3: t_classify = 1.334 s, t_update = 0.060 s, total = 1.394 s, n_iter = 100, final_shift = 1.688068
Repetition 4: t_classify = 1.337 s, t_update = 0.069 s, total = 1.407 s, n_iter = 100, final_shift = 1.688090
Repetition 5: t_classify = 1.322 s, t_update = 0.046 s, total = 1.367 s, n_iter = 100, final_shift = 1.688076
