================================================================================
Machine metadata:
================================================================================
CPU Vendor: AuthenticAMD
CPU Model: Common KVM processor
CPU Cores:                       8
Threads per core: 1
Threads per core: 1 (no symmetric multithreading)
CPU MHz: 
RAM: 62.79 GB
OS: Debian GNU/Linux 12 (bookworm)
GCC version: gcc (Debian 12.2.0-14+deb12u1) 12.2.0
================================================================================
Experiment results:
================================================================================
Repetition 1: t_classify = 0.658 s, t_update = 0.098 s, total = 0.756 s, n_iter = 100, final_shift = 0.000000
Repetition 2: t_classify = 0.654 s, t_update = 0.094 s, total = 0.748 s, n_iter = 100, final_shift = 0.000000
Repetition 3: t_classify = 0.650 s, t_update = 0.092 s, total = 0.742 s, n_iter = 100, final_shift = 0.000000
Repetition 4: t_classify = 0.663 s, t_update = 0.091 s, total = 0.754 s, n_iter = 100, final_shift = 0.000000
Repetition 5: t_classify = 0.648 s, t_update = 0.086 s, total = 0.735 s, n_iter = 100, final_shift = 0.000000
