================================================================================
Machine metadata:
================================================================================
CPU Vendor: AuthenticAMD
CPU Model: Common KVM processor
CPU Cores:                       8
Threads per core: 1
Threads per core: 1 (no symmetric multithreading)
CPU MHz: 
RAM: 62.79 GB
OS: Debian GNU/Linux 12 (bookworm)
GCC version: gcc (Debian 12.2.0-14+deb12u1) 12.2.0
================================================================================
Experiment results:
================================================================================
Repetition 1: t_classify = 0.136 s, t_update = 0.011 s, total = 0.147 s, n_iter = 100, final_shift = 0.000000
Repetition 2: t_classify = 0.114 s, t_update = 0.013 s, total = 0.127 s, n_iter = 100, final_shift = 0.000000
Repetition 3: t_classify = 0.141 s, t_update = 0.013 s, total = 0.155 s, n_iter = 100, final_shift = 0.000000
Repetition 4: t_classify = 0.111 s, t_update = 0.020 s, total = 0.132 s, n_iter = 100, final_shift = 0.000000
Repetition 5: t_classify = 0.111 s, t_update = 0.021 s, total = 0.132 s, n_iter = 100, final_shift = 0.000000
