================================================================================
Machine metadata:
================================================================================
CPU Vendor: AuthenticAMD
CPU Model: Common KVM processor
CPU Cores:                       8
Threads per core: 1
Threads per core: 1 (no symmetric multithreading)
CPU MHz: 
RAM: 62.79 GB
OS: Debian GNU/Linux 12 (bookworm)
GCC version: gcc (Debian 12.2.0-14+deb12u1) 12.2.0
================================================================================
Experiment results:
================================================================================
Repetition 1: t_classify = 7.858 s, t_update = 0.312 s, total = 8.170 s, n_iter = 100, final_shift = 0.000000
Repetition 2: t_classify = 7.864 s, t_update = 0.310 s, total = 8.174 s, n_iter = 100, final_shift = 0.000000
Repetition 3: t_classify = 7.859 s, t_update = 0.308 s, total = 8.167 s, n_iter = 100, final_shift = 0.000000
Repetition 4: t_classify = 7.871 s, t_update = 0.311 s, total = 8.182 s, n_iter = 100, final_shift = 0.000000
Repetition 5: t_classify = 7.850 s, t_update = 0.295 s, total = 8.145 s, n_iter = 100, final_shift = 0.000000
