================================================================================
Machine metadata:
================================================================================
CPU Vendor: AuthenticAMD
CPU Model: Common KVM processor
CPU Cores:                       8
Threads per core: 1
Threads per core: 1 (no symmetric multithreading)
CPU MHz: 
RAM: 62.79 GB
OS: Debian GNU/Linux 12 (bookworm)
GCC version: gcc (Debian 12.2.0-14+deb12u1) 12.2.0
================================================================================
Experiment results:
================================================================================
Repetition 1: t_classify = 0.384 s, t_update = 0.018 s, total = 0.402 s, n_iter = 100, final_shift = 0.000202
Repetition 2: t_classify = 0.381 s, t_update = 0.018 s, total = 0.399 s, n_iter = 100, final_shift = 0.000202
Repetition 3: t_classify = 0.382 s, t_update = 0.018 s, total = 0.400 s, n_iter = 100, final_shift = 0.000202
Repetition 4: t_classify = 0.381 s, t_update = 0.018 s, total = 0.399 s, n_iter = 100, final_shift = 0.000202
Repetition 5: t_classify = 0.382 s, t_update = 0.018 s, total = 0.400 s, n_iter = 100, final_shift = 0.000202
