================================================================================
Machine metadata:
================================================================================
CPU Vendor: AuthenticAMD
CPU Model: Common KVM processor
CPU Cores:                       8
Threads per core: 1
Threads per core: 1 (no symmetric multithreading)
CPU MHz: 
RAM: 62.79 GB
OS: Debian GNU/Linux 12 (bookworm)
GCC version: gcc (Debian 12.2.0-14+deb12u1) 12.2.0
================================================================================
Experiment results:
================================================================================
Repetition 1: t_classify = 3.155 s, t_update = 0.454 s, total = 3.609 s, n_iter = 100, final_shift = 0.000000
Repetition 2: t_classify = 3.163 s, t_update = 0.433 s, total = 3.595 s, n_iter = 100, final_shift = 0.000000
Repetition 3: t_classify = 3.156 s, t_update = 0.427 s, total = 3.583 s, n_iter = 100, final_shift = 0.000000
Repetition 4: t_classify = 3.197 s, t_update = 0.452 s, total = 3.649 s, n_iter = 100, final_shift = 0.000000
Repetition 5: t_classify = 3.200 s, t_update = 0.922 s, total = 4.122 s, n_iter = 100, final_shift = 0.000000
