================================================================================
Machine metadata:
================================================================================
CPU Vendor: AuthenticAMD
CPU Model: Common KVM processor
CPU Cores:                       8
Threads per core: 1
Threads per core: 1 (no symmetric multithreading)
CPU MHz: 
RAM: 62.79 GB
OS: Debian GNU/Linux 12 (bookworm)
GCC version: gcc (Debian 12.2.0-14+deb12u1) 12.2.0
================================================================================
Experiment results:
================================================================================
Repetition 1: t_classify = 1.309 s, t_update = 0.065 s, total = 1.374 s, n_iter = 100, final_shift = 1.653854
Repetition 2: t_classify = 1.308 s, t_update = 0.069 s, total = 1.377 s, n_iter = 100, final_shift = 1.653854
Repetition 3: t_classify = 1.310 s, t_update = 0.067 s, total = 1.377 s, n_iter = 100, final_shift = 1.653854
Repetition 4: t_classify = 1.321 s, t_update = 0.065 s, total = 1.386 s, n_iter = 100, final_shift = 1.653854
Repetition 5: t_classify = 1.321 s, t_update = 0.064 s, total = 1.385 s, n_iter = 100, final_shift = 1.653854
