================================================================================
Machine metadata:
================================================================================
CPU Vendor: AuthenticAMD
CPU Model: Common KVM processor
CPU Cores:                       8
Threads per core: 1
Threads per core: 1 (no symmetric multithreading)
CPU MHz: 
RAM: 62.79 GB
OS: Debian GNU/Linux 12 (bookworm)
GCC version: gcc (Debian 12.2.0-14+deb12u1) 12.2.0
================================================================================
Experiment results:
================================================================================
Repetition 1: t_classify = 0.263 s, t_update = 0.014 s, total = 0.277 s, n_iter = 100, final_shift = 15.458928
Repetition 2: t_classify = 0.267 s, t_update = 0.026 s, total = 0.292 s, n_iter = 100, final_shift = 15.458926
Repetition 3: t_classify = 0.278 s, t_update = 0.015 s, total = 0.293 s, n_iter = 100, final_shift = 15.458938
Repetition 4: t_classify = 0.262 s, t_update = 0.014 s, total = 0.276 s, n_iter = 100, final_shift = 15.458905
Repetition 5: t_classify = 0.262 s, t_update = 0.014 s, total = 0.275 s, n_iter = 100, final_shift = 15.458880
