================================================================================
Machine metadata:
================================================================================
CPU Vendor: AuthenticAMD
CPU Model: Common KVM processor
CPU Cores:                       8
Threads per core: 1
Threads per core: 1 (no symmetric multithreading)
CPU MHz: 
RAM: 62.79 GB
OS: Debian GNU/Linux 12 (bookworm)
GCC version: gcc (Debian 12.2.0-14+deb12u1) 12.2.0
================================================================================
Experiment results:
================================================================================
Repetition 1: t_classify = 4.679 s, t_update = 0.387 s, total = 5.067 s, n_iter = 100, final_shift = 0.880822
Repetition 2: t_classify = 4.596 s, t_update = 0.365 s, total = 4.962 s, n_iter = 100, final_shift = 0.880822
Repetition 3: t_classify = 4.658 s, t_update = 0.404 s, total = 5.062 s, n_iter = 100, final_shift = 0.880822
Repetition 4: t_classify = 4.628 s, t_update = 0.914 s, total = 5.541 s, n_iter = 100, final_shift = 0.880822
Repetition 5: t_classify = 4.723 s, t_update = 0.707 s, total = 5.430 s, n_iter = 100, final_shift = 0.880822
