================================================================================
Machine metadata:
================================================================================
CPU Vendor: AuthenticAMD
CPU Model: Common KVM processor
CPU Cores:                       8
Threads per core: 1
Threads per core: 1 (no symmetric multithreading)
CPU MHz: 
RAM: 62.79 GB
OS: Debian GNU/Linux 12 (bookworm)
GCC version: gcc (Debian 12.2.0-14+deb12u1) 12.2.0
================================================================================
Experiment results:
================================================================================
Repetition 1: t_classify = 1.285 s, t_update = 0.043 s, total = 1.327 s, n_iter = 100, final_shift = 0.006607
Repetition 2: t_classify = 1.284 s, t_update = 0.035 s, total = 1.319 s, n_iter = 100, final_shift = 0.006607
Repetition 3: t_classify = 1.276 s, t_update = 0.035 s, total = 1.311 s, n_iter = 100, final_shift = 0.006607
Repetition 4: t_classify = 1.279 s, t_update = 0.037 s, total = 1.316 s, n_iter = 100, final_shift = 0.006607
Repetition 5: t_classify = 1.277 s, t_update = 0.032 s, total = 1.309 s, n_iter = 100, final_shift = 0.006607
