================================================================================
Machine metadata:
================================================================================
CPU Vendor: AuthenticAMD
CPU Model: Common KVM processor
CPU Cores:                       8
Threads per core: 1
Threads per core: 1 (no symmetric multithreading)
CPU MHz: 
RAM: 62.79 GB
OS: Debian GNU/Linux 12 (bookworm)
GCC version: gcc (Debian 12.2.0-14+deb12u1) 12.2.0
================================================================================
Experiment results:
================================================================================
Repetition 1: t_classify = 6.382 s, t_update = 0.226 s, total = 6.608 s, n_iter = 100, final_shift = 0.006607
Repetition 2: t_classify = 6.370 s, t_update = 0.212 s, total = 6.582 s, n_iter = 100, final_shift = 0.006607
Repetition 3: t_classify = 6.358 s, t_update = 0.228 s, total = 6.586 s, n_iter = 100, final_shift = 0.006607
Repetition 4: t_classify = 6.363 s, t_update = 0.247 s, total = 6.610 s, n_iter = 100, final_shift = 0.006607
Repetition 5: t_classify = 6.370 s, t_update = 0.215 s, total = 6.585 s, n_iter = 100, final_shift = 0.006607
