================================================================================
Machine metadata:
================================================================================
CPU Vendor: AuthenticAMD
CPU Model: Common KVM processor
CPU Cores:                       8
Threads per core: 1
Threads per core: 1 (no symmetric multithreading)
CPU MHz: 
RAM: 62.79 GB
OS: Debian GNU/Linux 12 (bookworm)
GCC version: gcc (Debian 12.2.0-14+deb12u1) 12.2.0
================================================================================
Experiment results:
================================================================================
Repetition 1: t_classify = 0.429 s, t_update = 0.061 s, total = 0.491 s, n_iter = 100, final_shift = 0.000000
Repetition 2: t_classify = 0.507 s, t_update = 0.054 s, total = 0.561 s, n_iter = 100, final_shift = 0.000000
Repetition 3: t_classify = 0.425 s, t_update = 0.066 s, total = 0.490 s, n_iter = 100, final_shift = 0.000000
Repetition 4: t_classify = 0.409 s, t_update = 0.068 s, total = 0.477 s, n_iter = 100, final_shift = 0.000000
Repetition 5: t_classify = 0.407 s, t_update = 0.036 s, total = 0.443 s, n_iter = 100, final_shift = 0.000000
