================================================================================
Machine metadata:
================================================================================
CPU Vendor: AuthenticAMD
CPU Model: Common KVM processor
CPU Cores:                       8
Threads per core: 1
Threads per core: 1 (no symmetric multithreading)
CPU MHz: 
RAM: 62.79 GB
OS: Debian GNU/Linux 12 (bookworm)
GCC version: gcc (Debian 12.2.0-14+deb12u1) 12.2.0
================================================================================
Experiment results:
================================================================================
Repetition 1: t_classify = 1.281 s, t_update = 0.094 s, total = 1.375 s, n_iter = 100, final_shift = 0.000000
Repetition 2: t_classify = 1.265 s, t_update = 0.096 s, total = 1.361 s, n_iter = 100, final_shift = 0.000000
Repetition 3: t_classify = 1.279 s, t_update = 0.101 s, total = 1.380 s, n_iter = 100, final_shift = 0.000000
Repetition 4: t_classify = 1.277 s, t_update = 0.108 s, total = 1.385 s, n_iter = 100, final_shift = 0.000000
Repetition 5: t_classify = 1.279 s, t_update = 0.100 s, total = 1.379 s, n_iter = 100, final_shift = 0.000000
