================================================================================
Machine metadata:
================================================================================
CPU Vendor: AuthenticAMD
CPU Model: Common KVM processor
CPU Cores:                       8
Threads per core: 1
Threads per core: 1 (no symmetric multithreading)
CPU MHz: 
RAM: 62.79 GB
OS: Debian GNU/Linux 12 (bookworm)
GCC version: gcc (Debian 12.2.0-14+deb12u1) 12.2.0
================================================================================
Experiment results:
================================================================================
Repetition 1: t_classify = 10.484 s, t_update = 1.045 s, total = 11.529 s, n_iter = 100, final_shift = 0.026863
Repetition 2: t_classify = 10.479 s, t_update = 0.419 s, total = 10.898 s, n_iter = 100, final_shift = 0.026863
Repetition 3: t_classify = 10.502 s, t_update = 0.442 s, total = 10.945 s, n_iter = 100, final_shift = 0.026863
Repetition 4: t_classify = 10.464 s, t_update = 0.417 s, total = 10.881 s, n_iter = 100, final_shift = 0.026863
Repetition 5: t_classify = 10.477 s, t_update = 0.980 s, total = 11.457 s, n_iter = 100, final_shift = 0.026863
