================================================================================
Machine metadata:
================================================================================
CPU Vendor: AuthenticAMD
CPU Model: Common KVM processor
CPU Cores:                       8
Threads per core: 1
Threads per core: 1 (no symmetric multithreading)
CPU MHz: 
RAM: 62.79 GB
OS: Debian GNU/Linux 12 (bookworm)
GCC version: gcc (Debian 12.2.0-14+deb12u1) 12.2.0
================================================================================
Experiment results:
================================================================================
Repetition 1: t_classify = 0.685 s, t_update = 0.136 s, total = 0.821 s, n_iter = 100, final_shift = 0.005104
Repetition 2: t_classify = 0.684 s, t_update = 0.137 s, total = 0.821 s, n_iter = 100, final_shift = 0.004834
Repetition 3: t_classify = 0.690 s, t_update = 0.142 s, total = 0.832 s, n_iter = 100, final_shift = 0.004835
Repetition 4: t_classify = 0.669 s, t_update = 0.143 s, total = 0.812 s, n_iter = 100, final_shift = 0.004834
Repetition 5: t_classify = 0.673 s, t_update = 0.127 s, total = 0.800 s, n_iter = 100, final_shift = 0.004836
