================================================================================
Machine metadata:
================================================================================
CPU Vendor: AuthenticAMD
CPU Model: Common KVM processor
CPU Cores:                       8
Threads per core: 1
Threads per core: 1 (no symmetric multithreading)
CPU MHz: 
RAM: 62.79 GB
OS: Debian GNU/Linux 12 (bookworm)
GCC version: gcc (Debian 12.2.0-14+deb12u1) 12.2.0
================================================================================
Experiment results:
================================================================================
Repetition 1: t_classify = 0.508 s, t_update = 0.022 s, total = 0.530 s, n_iter = 100, final_shift = 0.002832
Repetition 2: t_classify = 0.510 s, t_update = 0.022 s, total = 0.532 s, n_iter = 100, final_shift = 0.002832
Repetition 3: t_classify = 0.506 s, t_update = 0.021 s, total = 0.527 s, n_iter = 100, final_shift = 0.002832
Repetition 4: t_classify = 0.508 s, t_update = 0.021 s, total = 0.529 s, n_iter = 100, final_shift = 0.002832
Repetition 5: t_classify = 0.512 s, t_update = 0.022 s, total = 0.533 s, n_iter = 100, final_shift = 0.002832
