================================================================================
Machine metadata:
================================================================================
CPU Vendor: AuthenticAMD
CPU Model: Common KVM processor
CPU Cores:                       8
Threads per core: 1
Threads per core: 1 (no symmetric multithreading)
CPU MHz: 
RAM: 62.79 GB
OS: Debian GNU/Linux 12 (bookworm)
GCC version: gcc (Debian 12.2.0-14+deb12u1) 12.2.0
================================================================================
Experiment results:
================================================================================
Repetition 1: t_classify = 2.196 s, t_update = 0.182 s, total = 2.378 s, n_iter = 100, final_shift = 1.891154
Repetition 2: t_classify = 2.185 s, t_update = 0.172 s, total = 2.357 s, n_iter = 100, final_shift = 0.771265
Repetition 3: t_classify = 2.214 s, t_update = 0.171 s, total = 2.385 s, n_iter = 100, final_shift = 0.031566
Repetition 4: t_classify = 2.185 s, t_update = 0.167 s, total = 2.352 s, n_iter = 100, final_shift = 1.907149
Repetition 5: t_classify = 2.210 s, t_update = 0.166 s, total = 2.376 s, n_iter = 100, final_shift = 0.771265
