================================================================================
Machine metadata:
================================================================================
CPU Vendor: AuthenticAMD
CPU Model: Common KVM processor
CPU Cores:                       8
Threads per core: 1
Threads per core: 1 (no symmetric multithreading)
CPU MHz: 
RAM: 62.79 GB
OS: Debian GNU/Linux 12 (bookworm)
GCC version: gcc (Debian 12.2.0-14+deb12u1) 12.2.0
================================================================================
Experiment results:
================================================================================
Repetition 1: t_classify = 0.389 s, t_update = 0.029 s, total = 0.418 s, n_iter = 100, final_shift = 0.259919
Repetition 2: t_classify = 0.375 s, t_update = 0.021 s, total = 0.395 s, n_iter = 100, final_shift = 0.259920
Repetition 3: t_classify = 0.394 s, t_update = 0.035 s, total = 0.429 s, n_iter = 100, final_shift = 0.259923
Repetition 4: t_classify = 0.388 s, t_update = 0.031 s, total = 0.419 s, n_iter = 100, final_shift = 0.259922
Repetition 5: t_classify = 0.376 s, t_update = 0.036 s, total = 0.413 s, n_iter = 100, final_shift = 0.259925
