================================================================================
Machine metadata:
================================================================================
CPU Vendor: AuthenticAMD
CPU Model: Common KVM processor
CPU Cores:                       8
Threads per core: 1
Threads per core: 1 (no symmetric multithreading)
CPU MHz: 
RAM: 62.79 GB
OS: Debian GNU/Linux 12 (bookworm)
GCC version: gcc (Debian 12.2.0-14+deb12u1) 12.2.0
================================================================================
Experiment results:
================================================================================
Repetition 1: t_classify = 3.994 s, t_update = 0.146 s, total = 4.140 s, n_iter = 100, final_shift = 0.008279
Repetition 2: t_classify = 3.974 s, t_update = 0.134 s, total = 4.108 s, n_iter = 100, final_shift = 0.008279
Repetition 3: t_classify = 3.979 s, t_update = 0.142 s, total = 4.121 s, n_iter = 100, final_shift = 0.008279
Repetition 4: t_classify = 3.986 s, t_update = 0.143 s, total = 4.129 s, n_iter = 100, final_shift = 0.008279
Repetition 5: t_classify = 3.982 s, t_update = 0.136 s, total = 4.118 s, n_iter = 100, final_shift = 0.008279
