================================================================================
Machine metadata:
================================================================================
CPU Vendor: AuthenticAMD
CPU Model: Common KVM processor
CPU Cores:                       8
Threads per core: 1
Threads per core: 1 (no symmetric multithreading)
CPU MHz: 
RAM: 62.79 GB
OS: Debian GNU/Linux 12 (bookworm)
GCC version: gcc (Debian 12.2.0-14+deb12u1) 12.2.0
================================================================================
Experiment results:
================================================================================
Repetition 1: t_classify = 0.193 s, t_update = 0.010 s, total = 0.203 s, n_iter = 100, final_shift = 0.007050
Repetition 2: t_classify = 0.191 s, t_update = 0.009 s, total = 0.200 s, n_iter = 100, final_shift = 0.007050
Repetition 3: t_classify = 0.195 s, t_update = 0.009 s, total = 0.204 s, n_iter = 100, final_shift = 0.007050
Repetition 4: t_classify = 0.196 s, t_update = 0.009 s, total = 0.205 s, n_iter = 100, final_shift = 0.007050
Repetition 5: t_classify = 0.196 s, t_update = 0.009 s, total = 0.205 s, n_iter = 100, final_shift = 0.007050
