================================================================================
Machine metadata:
================================================================================
CPU Vendor: AuthenticAMD
CPU Model: Common KVM processor
CPU Cores:                       8
Threads per core: 1
Threads per core: 1 (no symmetric multithreading)
CPU MHz: 
RAM: 62.79 GB
OS: Debian GNU/Linux 12 (bookworm)
GCC version: gcc (Debian 12.2.0-14+deb12u1) 12.2.0
================================================================================
Experiment results:
================================================================================
Repetition 1: t_classify = 2.107 s, t_update = 0.459 s, total = 2.567 s, n_iter = 100, final_shift = 0.000000
Repetition 2: t_classify = 2.118 s, t_update = 0.574 s, total = 2.692 s, n_iter = 100, final_shift = 0.000000
Repetition 3: t_classify = 2.116 s, t_update = 0.460 s, total = 2.576 s, n_iter = 100, final_shift = 0.000000
Repetition 4: t_classify = 2.152 s, t_update = 0.314 s, total = 2.466 s, n_iter = 100, final_shift = 0.000000
Repetition 5: t_classify = 2.107 s, t_update = 0.326 s, total = 2.433 s, n_iter = 100, final_shift = 0.000000
