================================================================================
Machine metadata:
================================================================================
CPU Vendor: AuthenticAMD
CPU Model: Common KVM processor
CPU Cores:                       8
Threads per core: 1
Threads per core: 1 (no symmetric multithreading)
CPU MHz: 
RAM: 62.79 GB
OS: Debian GNU/Linux 12 (bookworm)
GCC version: gcc (Debian 12.2.0-14+deb12u1) 12.2.0
================================================================================
Experiment results:
================================================================================
Repetition 1: t_classify = 3.715 s, t_update = 0.114 s, total = 3.830 s, n_iter = 100, final_shift = 0.001020
Repetition 2: t_classify = 3.732 s, t_update = 0.122 s, total = 3.854 s, n_iter = 100, final_shift = 0.001020
Repetition 3: t_classify = 3.722 s, t_update = 0.114 s, total = 3.837 s, n_iter = 100, final_shift = 0.001020
Repetition 4: t_classify = 3.761 s, t_update = 0.132 s, total = 3.893 s, n_iter = 100, final_shift = 0.001020
Repetition 5: t_classify = 3.740 s, t_update = 0.124 s, total = 3.864 s, n_iter = 100, final_shift = 0.001020
