================================================================================
Machine metadata:
================================================================================
CPU Vendor: AuthenticAMD
CPU Model: Common KVM processor
CPU Cores:                       8
Threads per core: 1
Threads per core: 1 (no symmetric multithreading)
CPU MHz: 
RAM: 62.79 GB
OS: Debian GNU/Linux 12 (bookworm)
GCC version: gcc (Debian 12.2.0-14+deb12u1) 12.2.0
================================================================================
Experiment results:
================================================================================
Repetition 1: t_classify = 2.556 s, t_update = 0.155 s, total = 2.711 s, n_iter = 100, final_shift = 0.022385
Repetition 2: t_classify = 2.550 s, t_update = 0.121 s, total = 2.671 s, n_iter = 100, final_shift = 0.022385
Repetition 3: t_classify = 2.560 s, t_update = 0.111 s, total = 2.671 s, n_iter = 100, final_shift = 0.022385
Repetition 4: t_classify = 2.559 s, t_update = 0.093 s, total = 2.653 s, n_iter = 100, final_shift = 0.022385
Repetition 5: t_classify = 2.560 s, t_update = 0.098 s, total = 2.658 s, n_iter = 100, final_shift = 0.022385
