================================================================================
Machine metadata:
================================================================================
CPU Vendor: AuthenticAMD
CPU Model: Common KVM processor
CPU Cores:                       8
Threads per core: 1
Threads per core: 1 (no symmetric multithreading)
CPU MHz: 
RAM: 62.79 GB
OS: Debian GNU/Linux 12 (bookworm)
GCC version: gcc (Debian 12.2.0-14+deb12u1) 12.2.0
================================================================================
Experiment results:
================================================================================
Repetition 1: t_classify = 2.613 s, t_update = 0.397 s, total = 3.010 s, n_iter = 100, final_shift = 1.725773
Repetition 2: t_classify = 2.674 s, t_update = 0.529 s, total = 3.203 s, n_iter = 100, final_shift = 1.725773
Repetition 3: t_classify = 2.640 s, t_update = 0.224 s, total = 2.864 s, n_iter = 100, final_shift = 1.725773
Repetition 4: t_classify = 2.602 s, t_update = 0.209 s, total = 2.811 s, n_iter = 100, final_shift = 1.725773
Repetition 5: t_classify = 2.622 s, t_update = 0.218 s, total = 2.840 s, n_iter = 100, final_shift = 1.725773
