================================================================================
Machine metadata:
================================================================================
CPU Vendor: AuthenticAMD
CPU Model: Common KVM processor
CPU Cores:                       8
Threads per core: 1
Threads per core: 1 (no symmetric multithreading)
CPU MHz: 
RAM: 62.79 GB
OS: Debian GNU/Linux 12 (bookworm)
GCC version: gcc (Debian 12.2.0-14+deb12u1) 12.2.0
================================================================================
Experiment results:
================================================================================
Repetition 1: t_classify = 0.946 s, t_update = 0.041 s, total = 0.987 s, n_iter = 100, final_shift = 0.000003
Repetition 2: t_classify = 0.951 s, t_update = 0.042 s, total = 0.993 s, n_iter = 100, final_shift = 0.000003
Repetition 3: t_classify = 0.952 s, t_update = 0.042 s, total = 0.994 s, n_iter = 100, final_shift = 0.000003
Repetition 4: t_classify = 0.949 s, t_update = 0.043 s, total = 0.991 s, n_iter = 100, final_shift = 0.000003
Repetition 5: t_classify = 0.951 s, t_update = 0.041 s, total = 0.992 s, n_iter = 100, final_shift = 0.000003
