================================================================================
Machine metadata:
================================================================================
CPU Vendor: AuthenticAMD
CPU Model: Common KVM processor
CPU Cores:                       8
Threads per core: 1
Threads per core: 1 (no symmetric multithreading)
CPU MHz: 
RAM: 62.79 GB
OS: Debian GNU/Linux 12 (bookworm)
GCC version: gcc (Debian 12.2.0-14+deb12u1) 12.2.0
================================================================================
Experiment results:
================================================================================
Repetition 1: t_classify = 1.174 s, t_update = 0.153 s, total = 1.327 s, n_iter = 100, final_shift = 0.000000
Repetition 2: t_classify = 1.143 s, t_update = 0.091 s, total = 1.234 s, n_iter = 100, final_shift = 0.000000
Repetition 3: t_classify = 1.156 s, t_update = 0.117 s, total = 1.273 s, n_iter = 100, final_shift = 0.000000
Repetition 4: t_classify = 1.151 s, t_update = 0.100 s, total = 1.252 s, n_iter = 100, final_shift = 0.000000
Repetition 5: t_classify = 1.171 s, t_update = 0.209 s, total = 1.380 s, n_iter = 100, final_shift = 0.000000
