================================================================================
Machine metadata:
================================================================================
CPU Vendor: AuthenticAMD
CPU Model: Common KVM processor
CPU Cores:                       8
Threads per core: 1
Threads per core: 1 (no symmetric multithreading)
CPU MHz: 
RAM: 62.79 GB
OS: Debian GNU/Linux 12 (bookworm)
GCC version: gcc (Debian 12.2.0-14+deb12u1) 12.2.0
================================================================================
Experiment results:
================================================================================
Repetition 1: t_classify = 0.755 s, t_update = 0.033 s, total = 0.789 s, n_iter = 100, final_shift = 0.000000
Repetition 2: t_classify = 0.753 s, t_update = 0.024 s, total = 0.777 s, n_iter = 100, final_shift = 0.000000
Repetition 3: t_classify = 0.753 s, t_update = 0.023 s, total = 0.776 s, n_iter = 100, final_shift = 0.000000
Repetition 4: t_classify = 0.772 s, t_update = 0.022 s, total = 0.794 s, n_iter = 100, final_shift = 0.000000
Repetition 5: t_classify = 0.780 s, t_update = 0.026 s, total = 0.806 s, n_iter = 100, final_shift = 0.000000
