================================================================================
Machine metadata:
================================================================================
CPU Vendor: AuthenticAMD
CPU Model: Common KVM processor
CPU Cores:                       8
Threads per core: 1
Threads per core: 1 (no symmetric multithreading)
CPU MHz: 
RAM: 62.79 GB
OS: Debian GNU/Linux 12 (bookworm)
GCC version: gcc (Debian 12.2.0-14+deb12u1) 12.2.0
================================================================================
Experiment results:
================================================================================
Repetition 1: t_classify = 18.331 s, t_update = 0.748 s, total = 19.079 s, n_iter = 100, final_shift = 0.000000
Repetition 2: t_classify = 18.387 s, t_update = 0.730 s, total = 19.117 s, n_iter = 100, final_shift = 0.000000
Repetition 3: t_classify = 18.334 s, t_update = 0.724 s, total = 19.059 s, n_iter = 100, final_shift = 0.000000
Repetition 4: t_classify = 18.310 s, t_update = 0.771 s, total = 19.082 s, n_iter = 100, final_shift = 0.000000
Repetition 5: t_classify = 18.302 s, t_update = 0.732 s, total = 19.035 s, n_iter = 100, final_shift = 0.000000
