================================================================================
Machine metadata:
================================================================================
CPU Vendor: AuthenticAMD
CPU Model: Common KVM processor
CPU Cores:                       8
Threads per core: 1
Threads per core: 1 (no symmetric multithreading)
CPU MHz: 
RAM: 62.79 GB
OS: Debian GNU/Linux 12 (bookworm)
GCC version: gcc (Debian 12.2.0-14+deb12u1) 12.2.0
================================================================================
Experiment results:
================================================================================
Repetition 1: t_classify = 0.053 s, t_update = 0.016 s, total = 0.069 s, n_iter = 100, final_shift = 0.000000
Repetition 2: t_classify = 0.056 s, t_update = 0.016 s, total = 0.072 s, n_iter = 100, final_shift = 0.000000
Repetition 3: t_classify = 0.060 s, t_update = 0.013 s, total = 0.074 s, n_iter = 100, final_shift = 0.000000
Repetition 4: t_classify = 0.053 s, t_update = 0.013 s, total = 0.066 s, n_iter = 100, final_shift = 0.000000
Repetition 5: t_classify = 0.054 s, t_update = 0.008 s, total = 0.063 s, n_iter = 100, final_shift = 0.000000
