================================================================================
Machine metadata:
================================================================================
CPU Vendor: AuthenticAMD
CPU Model: Common KVM processor
CPU Cores:                       8
Threads per core: 1
Threads per core: 1 (no symmetric multithreading)
CPU MHz: 
RAM: 62.79 GB
OS: Debian GNU/Linux 12 (bookworm)
GCC version: gcc (Debian 12.2.0-14+deb12u1) 12.2.0
================================================================================
Experiment results:
================================================================================
Repetition 1: t_classify = 0.974 s, t_update = 0.180 s, total = 1.154 s, n_iter = 100, final_shift = 0.111082
Repetition 2: t_classify = 0.988 s, t_update = 0.203 s, total = 1.191 s, n_iter = 100, final_shift = 0.111079
Repetition 3: t_classify = 0.972 s, t_update = 0.214 s, total = 1.185 s, n_iter = 100, final_shift = 0.111089
Repetition 4: t_classify = 0.985 s, t_update = 0.206 s, total = 1.191 s, n_iter = 100, final_shift = 0.111083
Repetition 5: t_classify = 1.002 s, t_update = 0.286 s, total = 1.288 s, n_iter = 100, final_shift = 0.111083
