================================================================================
Machine metadata:
================================================================================
CPU Vendor: AuthenticAMD
CPU Model: Common KVM processor
CPU Cores:                       8
Threads per core: 1
Threads per core: 1 (no symmetric multithreading)
CPU MHz: 
RAM: 62.79 GB
OS: Debian GNU/Linux 12 (bookworm)
GCC version: gcc (Debian 12.2.0-14+deb12u1) 12.2.0
================================================================================
Experiment results:
================================================================================
Repetition 1: t_classify = 0.828 s, t_update = 0.150 s, total = 0.977 s, n_iter = 100, final_shift = 0.088791
Repetition 2: t_classify = 0.820 s, t_update = 0.121 s, total = 0.941 s, n_iter = 100, final_shift = 0.034246
Repetition 3: t_classify = 0.824 s, t_update = 0.116 s, total = 0.940 s, n_iter = 100, final_shift = 0.108680
Repetition 4: t_classify = 0.805 s, t_update = 0.117 s, total = 0.922 s, n_iter = 100, final_shift = 0.090317
Repetition 5: t_classify = 0.806 s, t_update = 0.140 s, total = 0.946 s, n_iter = 100, final_shift = 0.088789
