================================================================================
Machine metadata:
================================================================================
CPU Vendor: AuthenticAMD
CPU Model: Common KVM processor
CPU Cores:                       8
Threads per core: 1
Threads per core: 1 (no symmetric multithreading)
CPU MHz: 
RAM: 62.79 GB
OS: Debian GNU/Linux 12 (bookworm)
GCC version: gcc (Debian 12.2.0-14+deb12u1) 12.2.0
================================================================================
Experiment results:
================================================================================
Repetition 1: t_classify = 1.628 s, t_update = 0.086 s, total = 1.715 s, n_iter = 100, final_shift = 0.000000
Repetition 2: t_classify = 1.626 s, t_update = 0.197 s, total = 1.824 s, n_iter = 100, final_shift = 0.000000
Repetition 3: t_classify = 1.599 s, t_update = 0.076 s, total = 1.675 s, n_iter = 100, final_shift = 0.000000
Repetition 4: t_classify = 1.573 s, t_update = 0.084 s, total = 1.657 s, n_iter = 100, final_shift = 0.000000
Repetition 5: t_classify = 1.598 s, t_update = 0.071 s, total = 1.669 s, n_iter = 100, final_shift = 0.000000
