================================================================================
Machine metadata:
================================================================================
CPU Vendor: AuthenticAMD
CPU Model: Common KVM processor
CPU Cores:                       8
Threads per core: 1
Threads per core: 1 (no symmetric multithreading)
CPU MHz: 
RAM: 62.79 GB
OS: Debian GNU/Linux 12 (bookworm)
GCC version: gcc (Debian 12.2.0-14+deb12u1) 12.2.0
================================================================================
Experiment results:
================================================================================
Repetition 1: t_classify = 0.453 s, t_update = 0.025 s, total = 0.478 s, n_iter = 100, final_shift = 0.000989
Repetition 2: t_classify = 0.447 s, t_update = 0.021 s, total = 0.468 s, n_iter = 100, final_shift = 0.000989
Repetition 3: t_classify = 0.474 s, t_update = 0.023 s, total = 0.498 s, n_iter = 100, final_shift = 0.000989
Repetition 4: t_classify = 0.449 s, t_update = 0.024 s, total = 0.472 s, n_iter = 100, final_shift = 0.000989
Repetition 5: t_classify = 0.445 s, t_update = 0.020 s, total = 0.466 s, n_iter = 100, final_shift = 0.000989
