================================================================================
Machine metadata:
================================================================================
CPU Vendor: AuthenticAMD
CPU Model: Common KVM processor
CPU Cores:                       8
Threads per core: 1
Threads per core: 1 (no symmetric multithreading)
CPU MHz: 
RAM: 62.79 GB
OS: Debian GNU/Linux 12 (bookworm)
GCC version: gcc (Debian 12.2.0-14+deb12u1) 12.2.0
================================================================================
Experiment results:
================================================================================
Repetition 1: t_classify = 0.335 s, t_update = 0.023 s, total = 0.358 s, n_iter = 100, final_shift = 0.060045
Repetition 2: t_classify = 0.333 s, t_update = 0.016 s, total = 0.349 s, n_iter = 100, final_shift = 0.060045
Repetition 3: t_classify = 0.331 s, t_update = 0.016 s, total = 0.347 s, n_iter = 100, final_shift = 0.060045
Repetition 4: t_classify = 0.331 s, t_update = 0.018 s, total = 0.349 s, n_iter = 100, final_shift = 0.060045
Repetition 5: t_classify = 0.328 s, t_update = 0.016 s, total = 0.344 s, n_iter = 100, final_shift = 0.060045
