================================================================================
Machine metadata:
================================================================================
CPU Vendor: AuthenticAMD
CPU Model: Common KVM processor
CPU Cores:                       8
Threads per core: 1
Threads per core: 1 (no symmetric multithreading)
CPU MHz: 
RAM: 62.79 GB
OS: Debian GNU/Linux 12 (bookworm)
GCC version: gcc (Debian 12.2.0-14+deb12u1) 12.2.0
================================================================================
Experiment results:
================================================================================
Repetition 1: t_classify = 1.602 s, t_update = 0.045 s, total = 1.648 s, n_iter = 100, final_shift = 0.475961
Repetition 2: t_classify = 1.601 s, t_update = 0.040 s, total = 1.641 s, n_iter = 100, final_shift = 0.475961
Repetition 3: t_classify = 1.610 s, t_update = 0.048 s, total = 1.658 s, n_iter = 100, final_shift = 0.475961
Repetition 4: t_classify = 1.599 s, t_update = 0.056 s, total = 1.656 s, n_iter = 100, final_shift = 0.475961
Repetition 5: t_classify = 1.610 s, t_update = 0.041 s, total = 1.651 s, n_iter = 100, final_shift = 0.475961
