================================================================================
Machine metadata:
================================================================================
CPU Vendor: AuthenticAMD
CPU Model: Common KVM processor
CPU Cores:                       8
Threads per core: 1
Threads per core: 1 (no symmetric multithreading)
CPU MHz: 
RAM: 62.79 GB
OS: Debian GNU/Linux 12 (bookworm)
GCC version: gcc (Debian 12.2.0-14+deb12u1) 12.2.0
================================================================================
Experiment results:
================================================================================
Repetition 1: t_classify = 1.847 s, t_update = 0.278 s, total = 2.124 s, n_iter = 100, final_shift = 0.000270
Repetition 2: t_classify = 1.878 s, t_update = 0.259 s, total = 2.137 s, n_iter = 100, final_shift = 0.000270
Repetition 3: t_classify = 1.844 s, t_update = 0.398 s, total = 2.242 s, n_iter = 100, final_shift = 0.000270
Repetition 4: t_classify = 1.844 s, t_update = 0.268 s, total = 2.112 s, n_iter = 100, final_shift = 0.000270
Repetition 5: t_classify = 1.840 s, t_update = 0.382 s, total = 2.222 s, n_iter = 100, final_shift = 0.000270
