================================================================================
Machine metadata:
================================================================================
CPU Vendor: AuthenticAMD
CPU Model: Common KVM processor
CPU Cores:                       8
Threads per core: 1
Threads per core: 1 (no symmetric multithreading)
CPU MHz: 
RAM: 62.79 GB
OS: Debian GNU/Linux 12 (bookworm)
GCC version: gcc (Debian 12.2.0-14+deb12u1) 12.2.0
================================================================================
Experiment results:
================================================================================
Repetition 1: t_classify = 1.062 s, t_update = 0.027 s, total = 1.089 s, n_iter = 100, final_shift = 0.015669
Repetition 2: t_classify = 1.064 s, t_update = 0.026 s, total = 1.089 s, n_iter = 100, final_shift = 0.015669
Repetition 3: t_classify = 1.063 s, t_update = 0.024 s, total = 1.087 s, n_iter = 100, final_shift = 0.015669
Repetition 4: t_classify = 1.068 s, t_update = 0.027 s, total = 1.095 s, n_iter = 100, final_shift = 0.015669
Repetition 5: t_classify = 1.062 s, t_update = 0.024 s, total = 1.086 s, n_iter = 100, final_shift = 0.015669
