================================================================================
Machine metadata:
================================================================================
CPU Vendor: AuthenticAMD
CPU Model: Common KVM processor
CPU Cores:                       8
Threads per core: 1
Threads per core: 1 (no symmetric multithreading)
CPU MHz: 
RAM: 62.79 GB
OS: Debian GNU/Linux 12 (bookworm)
GCC version: gcc (Debian 12.2.0-14+deb12u1) 12.2.0
================================================================================
Experiment results:
================================================================================
Repetition 1: t_classify = 9.168 s, t_update = 0.707 s, total = 9.875 s, n_iter = 100, final_shift = 5.211891
Repetition 2: t_classify = 9.235 s, t_update = 0.780 s, total = 10.015 s, n_iter = 100, final_shift = 5.211891
Repetition 3: t_classify = 9.157 s, t_update = 0.705 s, total = 9.862 s, n_iter = 100, final_shift = 5.211891
Repetition 4: t_classify = 9.124 s, t_update = 0.709 s, total = 9.833 s, n_iter = 100, final_shift = 5.211891
Repetition 5: t_classify = 9.174 s, t_update = 0.693 s, total = 9.867 s, n_iter = 100, final_shift = 5.211891
