================================================================================
Machine metadata:
================================================================================
CPU Vendor: AuthenticAMD
CPU Model: Common KVM processor
CPU Cores:                       8
Threads per core: 1
Threads per core: 1 (no symmetric multithreading)
CPU MHz: 
RAM: 62.79 GB
OS: Debian GNU/Linux 12 (bookworm)
GCC version: gcc (Debian 12.2.0-14+deb12u1) 12.2.0
================================================================================
Experiment results:
================================================================================
Repetition 1: t_classify = 0.581 s, t_update = 0.107 s, total = 0.687 s, n_iter = 100, final_shift = 0.105765
Repetition 2: t_classify = 0.572 s, t_update = 0.075 s, total = 0.647 s, n_iter = 100, final_shift = 0.084997
Repetition 3: t_classify = 0.593 s, t_update = 0.101 s, total = 0.694 s, n_iter = 100, final_shift = 0.087605
Repetition 4: t_classify = 0.596 s, t_update = 0.122 s, total = 0.718 s, n_iter = 100, final_shift = 0.085224
Repetition 5: t_classify = 0.591 s, t_update = 0.089 s, total = 0.680 s, n_iter = 100, final_shift = 0.084998
