================================================================================
Machine metadata:
================================================================================
CPU Vendor: AuthenticAMD
CPU Model: Common KVM processor
CPU Cores:                       8
Threads per core: 1
Threads per core: 1 (no symmetric multithreading)
CPU MHz: 
RAM: 62.79 GB
OS: Debian GNU/Linux 12 (bookworm)
GCC version: gcc (Debian 12.2.0-14+deb12u1) 12.2.0
================================================================================
Experiment results:
================================================================================
Repetition 1: t_classify = 4.728 s, t_update = 0.347 s, total = 5.075 s, n_iter = 100, final_shift = 0.000000
Repetition 2: t_classify = 4.726 s, t_update = 0.377 s, total = 5.102 s, n_iter = 100, final_shift = 0.000000
Repetition 3: t_classify = 4.736 s, t_update = 0.353 s, total = 5.089 s, n_iter = 100, final_shift = 0.000000
Repetition 4: t_classify = 4.739 s, t_update = 0.376 s, total = 5.115 s, n_iter = 100, final_shift = 0.000000
Repetition 5: t_classify = 4.726 s, t_update = 0.337 s, total = 5.062 s, n_iter = 100, final_shift = 0.000000
