================================================================================
Machine metadata:
================================================================================
CPU Vendor: AuthenticAMD
CPU Model: Common KVM processor
CPU Cores:                       8
Threads per core: 1
Threads per core: 1 (no symmetric multithreading)
CPU MHz: 
RAM: 62.79 GB
OS: Debian GNU/Linux 12 (bookworm)
GCC version: gcc (Debian 12.2.0-14+deb12u1) 12.2.0
================================================================================
Experiment results:
================================================================================
Repetition 1: t_classify = 0.555 s, t_update = 0.075 s, total = 0.630 s, n_iter = 100, final_shift = 0.000000
Repetition 2: t_classify = 0.571 s, t_update = 0.088 s, total = 0.659 s, n_iter = 100, final_shift = 0.000000
Repetition 3: t_classify = 0.556 s, t_update = 0.069 s, total = 0.625 s, n_iter = 100, final_shift = 0.000000
Repetition 4: t_classify = 0.564 s, t_update = 0.069 s, total = 0.632 s, n_iter = 100, final_shift = 0.000000
Repetition 5: t_classify = 0.560 s, t_update = 0.066 s, total = 0.626 s, n_iter = 100, final_shift = 0.000000
