================================================================================
Machine metadata:
================================================================================
CPU Vendor: AuthenticAMD
CPU Model: Common KVM processor
CPU Cores:                       8
Threads per core: 1
Threads per core: 1 (no symmetric multithreading)
CPU MHz: 
RAM: 62.79 GB
OS: Debian GNU/Linux 12 (bookworm)
GCC version: gcc (Debian 12.2.0-14+deb12u1) 12.2.0
================================================================================
Experiment results:
================================================================================
Repetition 1: t_classify = 5.515 s, t_update = 0.398 s, total = 5.913 s, n_iter = 100, final_shift = 1.805468
Repetition 2: t_classify = 5.494 s, t_update = 0.387 s, total = 5.881 s, n_iter = 100, final_shift = 1.805468
Repetition 3: t_classify = 5.509 s, t_update = 0.406 s, total = 5.915 s, n_iter = 100, final_shift = 1.805468
Repetition 4: t_classify = 5.519 s, t_update = 0.423 s, total = 5.942 s, n_iter = 100, final_shift = 1.805468
Repetition 5: t_classify = 5.599 s, t_update = 0.400 s, total = 5.999 s, n_iter = 100, final_shift = 1.805468
