================================================================================
Machine metadata:
================================================================================
CPU Vendor: AuthenticAMD
CPU Model: Common KVM processor
CPU Cores:                       8
Threads per core: 1
Threads per core: 1 (no symmetric multithreading)
CPU MHz: 
RAM: 62.79 GB
OS: Debian GNU/Linux 12 (bookworm)
GCC version: gcc (Debian 12.2.0-14+deb12u1) 12.2.0
================================================================================
Experiment results:
================================================================================
Repetition 1: t_classify = 1.368 s, t_update = 0.084 s, total = 1.452 s, n_iter = 100, final_shift = 0.000000
Repetition 2: t_classify = 1.328 s, t_update = 0.094 s, total = 1.423 s, n_iter = 100, final_shift = 0.000000
Repetition 3: t_classify = 1.351 s, t_update = 0.084 s, total = 1.435 s, n_iter = 100, final_shift = 0.000000
Repetition 4: t_classify = 1.370 s, t_update = 0.088 s, total = 1.458 s, n_iter = 100, final_shift = 0.000000
Repetition 5: t_classify = 1.313 s, t_update = 0.119 s, total = 1.431 s, n_iter = 100, final_shift = 0.000000
