================================================================================
Machine metadata:
================================================================================
CPU Vendor: AuthenticAMD
CPU Model: Common KVM processor
CPU Cores:                       8
Threads per core: 1
Threads per core: 1 (no symmetric multithreading)
CPU MHz: 
RAM: 62.79 GB
OS: Debian GNU/Linux 12 (bookworm)
GCC version: gcc (Debian 12.2.0-14+deb12u1) 12.2.0
================================================================================
Experiment results:
================================================================================
Repetition 1: t_classify = 0.117 s, t_update = 0.011 s, total = 0.128 s, n_iter = 100, final_shift = 0.000000
Repetition 2: t_classify = 0.100 s, t_update = 0.009 s, total = 0.109 s, n_iter = 100, final_shift = 0.000000
Repetition 3: t_classify = 0.097 s, t_update = 0.009 s, total = 0.106 s, n_iter = 100, final_shift = 0.000000
Repetition 4: t_classify = 0.099 s, t_update = 0.009 s, total = 0.108 s, n_iter = 100, final_shift = 0.000000
Repetition 5: t_classify = 0.098 s, t_update = 0.009 s, total = 0.107 s, n_iter = 100, final_shift = 0.000000
