================================================================================
Machine metadata:
================================================================================
CPU Vendor: AuthenticAMD
CPU Model: Common KVM processor
CPU Cores:                       8
Threads per core: 1
Threads per core: 1 (no symmetric multithreading)
CPU MHz: 
RAM: 62.79 GB
OS: Debian GNU/Linux 12 (bookworm)
GCC version: gcc (Debian 12.2.0-14+deb12u1) 12.2.0
================================================================================
Experiment results:
================================================================================
Repetition 1: t_classify = 1.893 s, t_update = 0.076 s, total = 1.968 s, n_iter = 100, final_shift = 0.000000
Repetition 2: t_classify = 1.896 s, t_update = 0.081 s, total = 1.977 s, n_iter = 100, final_shift = 0.000000
Repetition 3: t_classify = 1.892 s, t_update = 0.076 s, total = 1.968 s, n_iter = 100, final_shift = 0.000000
Repetition 4: t_classify = 1.897 s, t_update = 0.076 s, total = 1.973 s, n_iter = 100, final_shift = 0.000000
Repetition 5: t_classify = 1.890 s, t_update = 0.075 s, total = 1.966 s, n_iter = 100, final_shift = 0.000000
