================================================================================
Machine metadata:
================================================================================
CPU Vendor: AuthenticAMD
CPU Model: Common KVM processor
CPU Cores:                       8
Threads per core: 1
Threads per core: 1 (no symmetric multithreading)
CPU MHz: 
RAM: 62.79 GB
OS: Debian GNU/Linux 12 (bookworm)
GCC version: gcc (Debian 12.2.0-14+deb12u1) 12.2.0
================================================================================
Experiment results:
================================================================================
Repetition 1: t_classify = 1.344 s, t_update = 0.035 s, total = 1.379 s, n_iter = 100, final_shift = 0.000000
Repetition 2: t_classify = 1.315 s, t_update = 0.036 s, total = 1.351 s, n_iter = 100, final_shift = 0.000000
Repetition 3: t_classify = 1.325 s, t_update = 0.039 s, total = 1.365 s, n_iter = 100, final_shift = 0.000000
Repetition 4: t_classify = 1.310 s, t_update = 0.034 s, total = 1.344 s, n_iter = 100, final_shift = 0.000000
Repetition 5: t_classify = 1.311 s, t_update = 0.039 s, total = 1.350 s, n_iter = 100, final_shift = 0.000000
