================================================================================
Machine metadata:
================================================================================
CPU Vendor: AuthenticAMD
CPU Model: Common KVM processor
CPU Cores:                       8
Threads per core: 1
Threads per core: 1 (no symmetric multithreading)
CPU MHz: 
RAM: 62.79 GB
OS: Debian GNU/Linux 12 (bookworm)
GCC version: gcc (Debian 12.2.0-14+deb12u1) 12.2.0
================================================================================
Experiment results:
================================================================================
Repetition 1: t_classify = 0.288 s, t_update = 0.042 s, total = 0.330 s, n_iter = 100, final_shift = 0.000000
Repetition 2: t_classify = 0.288 s, t_update = 0.026 s, total = 0.314 s, n_iter = 100, final_shift = 0.000000
Repetition 3: t_classify = 0.295 s, t_update = 0.037 s, total = 0.332 s, n_iter = 100, final_shift = 0.000000
Repetition 4: t_classify = 0.287 s, t_update = 0.037 s, total = 0.323 s, n_iter = 100, final_shift = 0.000000
Repetition 5: t_classify = 0.298 s, t_update = 0.034 s, total = 0.332 s, n_iter = 100, final_shift = 0.000000
