================================================================================
Machine metadata:
================================================================================
CPU Vendor: AuthenticAMD
CPU Model: Common KVM processor
CPU Cores:                       8
Threads per core: 1
Threads per core: 1 (no symmetric multithreading)
CPU MHz: 
RAM: 62.79 GB
OS: Debian GNU/Linux 12 (bookworm)
GCC version: gcc (Debian 12.2.0-14+deb12u1) 12.2.0
================================================================================
Experiment results:
================================================================================
Repetition 1: t_classify = 4.729 s, t_update = 0.630 s, total = 5.359 s, n_iter = 100, final_shift = 0.080905
Repetition 2: t_classify = 4.748 s, t_update = 0.631 s, total = 5.379 s, n_iter = 100, final_shift = 0.080905
Repetition 3: t_classify = 4.732 s, t_update = 0.605 s, total = 5.336 s, n_iter = 100, final_shift = 0.080905
Repetition 4: t_classify = 4.808 s, t_update = 0.986 s, total = 5.794 s, n_iter = 100, final_shift = 0.080905
Repetition 5: t_classify = 4.740 s, t_update = 0.603 s, total = 5.343 s, n_iter = 100, final_shift = 0.080905
