================================================================================
Machine metadata:
================================================================================
CPU Vendor: AuthenticAMD
CPU Model: Common KVM processor
CPU Cores:                       8
Threads per core: 1
Threads per core: 1 (no symmetric multithreading)
CPU MHz: 
RAM: 62.79 GB
OS: Debian GNU/Linux 12 (bookworm)
GCC version: gcc (Debian 12.2.0-14+deb12u1) 12.2.0
================================================================================
Experiment results:
================================================================================
Repetition 1: t_classify = 2.256 s, t_update = 0.089 s, total = 2.344 s, n_iter = 100, final_shift = 0.001020
Repetition 2: t_classify = 2.238 s, t_update = 0.082 s, total = 2.319 s, n_iter = 100, final_shift = 0.001020
Repetition 3: t_classify = 2.249 s, t_update = 0.076 s, total = 2.325 s, n_iter = 100, final_shift = 0.001020
Repetition 4: t_classify = 2.261 s, t_update = 0.085 s, total = 2.346 s, n_iter = 100, final_shift = 0.001020
Repetition 5: t_classify = 2.251 s, t_update = 0.129 s, total = 2.379 s, n_iter = 100, final_shift = 0.001020
