================================================================================
Machine metadata:
================================================================================
CPU Vendor: AuthenticAMD
CPU Model: Common KVM processor
CPU Cores:                       8
Threads per core: 1
Threads per core: 1 (no symmetric multithreading)
CPU MHz: 
RAM: 62.79 GB
OS: Debian GNU/Linux 12 (bookworm)
GCC version: gcc (Debian 12.2.0-14+deb12u1) 12.2.0
================================================================================
Experiment results:
================================================================================
Repetition 1: t_classify = 1.057 s, t_update = 0.063 s, total = 1.120 s, n_iter = 100, final_shift = 0.000000
Repetition 2: t_classify = 1.068 s, t_update = 0.065 s, total = 1.133 s, n_iter = 100, final_shift = 0.000000
Repetition 3: t_classify = 1.061 s, t_update = 0.059 s, total = 1.120 s, n_iter = 100, final_shift = 0.000000
Repetition 4: t_classify = 1.056 s, t_update = 0.051 s, total = 1.107 s, n_iter = 100, final_shift = 0.000000
Repetition 5: t_classify = 1.056 s, t_update = 0.070 s, total = 1.126 s, n_iter = 100, final_shift = 0.000000
