================================================================================
Machine metadata:
================================================================================
CPU Vendor: AuthenticAMD
CPU Model: Common KVM processor
CPU Cores:                       8
Threads per core: 1
Threads per core: 1 (no symmetric multithreading)
CPU MHz: 
RAM: 62.79 GB
OS: Debian GNU/Linux 12 (bookworm)
GCC version: gcc (Debian 12.2.0-14+deb12u1) 12.2.0
================================================================================
Experiment results:
================================================================================
Repetition 1: t_classify = 0.160 s, t_update = 0.020 s, total = 0.180 s, n_iter = 100, final_shift = 1.234387
Repetition 2: t_classify = 0.159 s, t_update = 0.021 s, total = 0.180 s, n_iter = 100, final_shift = 1.234366
Repetition 3: t_classify = 0.161 s, t_update = 0.020 s, total = 0.181 s, n_iter = 100, final_shift = 1.234372
Repetition 4: t_classify = 0.159 s, t_update = 0.021 s, total = 0.179 s, n_iter = 100, final_shift = 1.234371
Repetition 5: t_classify = 0.162 s, t_update = 0.021 s, total = 0.183 s, n_iter = 100, final_shift = 1.234367
