================================================================================
Machine metadata:
================================================================================
CPU Vendor: AuthenticAMD
CPU Model: Common KVM processor
CPU Cores:                       8
Threads per core: 1
Threads per core: 1 (no symmetric multithreading)
CPU MHz: 
RAM: 62.79 GB
OS: Debian GNU/Linux 12 (bookworm)
GCC version: gcc (Debian 12.2.0-14+deb12u1) 12.2.0
================================================================================
Experiment results:
================================================================================
Repetition 1: t_classify = 2.660 s, t_update = 0.115 s, total = 2.774 s, n_iter = 100, final_shift = 0.002656
Repetition 2: t_classify = 2.658 s, t_update = 0.122 s, total = 2.780 s, n_iter = 100, final_shift = 0.002656
Repetition 3: t_classify = 2.657 s, t_update = 0.121 s, total = 2.778 s, n_iter = 100, final_shift = 0.002656
Repetition 4: t_classify = 2.657 s, t_update = 0.118 s, total = 2.775 s, n_iter = 100, final_shift = 0.002656
Repetition 5: t_classify = 2.649 s, t_update = 0.120 s, total = 2.768 s, n_iter = 100, final_shift = 0.002656
