================================================================================
Machine metadata:
================================================================================
CPU Vendor: AuthenticAMD
CPU Model: Common KVM processor
CPU Cores:                       8
Threads per core: 1
Threads per core: 1 (no symmetric multithreading)
CPU MHz: 
RAM: 62.79 GB
OS: Debian GNU/Linux 12 (bookworm)
GCC version: gcc (Debian 12.2.0-14+deb12u1) 12.2.0
================================================================================
Experiment results:
================================================================================
Repetition 1: t_classify = 0.171 s, t_update = 0.014 s, total = 0.184 s, n_iter = 100, final_shift = 15.458960
Repetition 2: t_classify = 0.184 s, t_update = 0.014 s, total = 0.197 s, n_iter = 100, final_shift = 15.458949
Repetition 3: t_classify = 0.168 s, t_update = 0.010 s, total = 0.179 s, n_iter = 100, final_shift = 15.458890
Repetition 4: t_classify = 0.168 s, t_update = 0.010 s, total = 0.178 s, n_iter = 100, final_shift = 15.459001
Repetition 5: t_classify = 0.170 s, t_update = 0.011 s, total = 0.181 s, n_iter = 100, final_shift = 15.459042
