================================================================================
Machine metadata:
================================================================================
CPU Vendor: AuthenticAMD
CPU Model: Common KVM processor
CPU Cores:                       8
Threads per core: 1
Threads per core: 1 (no symmetric multithreading)
CPU MHz: 
RAM: 62.79 GB
OS: Debian GNU/Linux 12 (bookworm)
GCC version: gcc (Debian 12.2.0-14+deb12u1) 12.2.0
================================================================================
Experiment results:
================================================================================
Repetition 1: t_classify = 2.366 s, t_update = 0.314 s, total = 2.680 s, n_iter = 100, final_shift = 0.089495
Repetition 2: t_classify = 2.370 s, t_update = 0.313 s, total = 2.683 s, n_iter = 100, final_shift = 0.089495
Repetition 3: t_classify = 2.379 s, t_update = 0.315 s, total = 2.694 s, n_iter = 100, final_shift = 0.089495
Repetition 4: t_classify = 2.366 s, t_update = 0.334 s, total = 2.700 s, n_iter = 100, final_shift = 0.089495
Repetition 5: t_classify = 2.376 s, t_update = 0.324 s, total = 2.701 s, n_iter = 100, final_shift = 0.089495
