================================================================================
Machine metadata:
================================================================================
CPU Vendor: AuthenticAMD
CPU Model: Common KVM processor
CPU Cores:                       8
Threads per core: 1
Threads per core: 1 (no symmetric multithreading)
CPU MHz: 
RAM: 62.79 GB
OS: Debian GNU/Linux 12 (bookworm)
GCC version: gcc (Debian 12.2.0-14+deb12u1) 12.2.0
================================================================================
Experiment results:
================================================================================
Repetition 1: t_classify = 0.275 s, t_update = 0.017 s, total = 0.292 s, n_iter = 100, final_shift = 0.000003
Repetition 2: t_classify = 0.244 s, t_update = 0.014 s, total = 0.258 s, n_iter = 100, final_shift = 0.000003
Repetition 3: t_classify = 0.242 s, t_update = 0.013 s, total = 0.255 s, n_iter = 100, final_shift = 0.000006
Repetition 4: t_classify = 0.267 s, t_update = 0.013 s, total = 0.280 s, n_iter = 100, final_shift = 0.000007
Repetition 5: t_classify = 0.243 s, t_update = 0.012 s, total = 0.255 s, n_iter = 100, final_shift = 0.000007
