================================================================================
Machine metadata:
================================================================================
CPU Vendor: AuthenticAMD
CPU Model: Common KVM processor
CPU Cores:                       8
Threads per core: 1
Threads per core: 1 (no symmetric multithreading)
CPU MHz: 
RAM: 62.79 GB
OS: Debian GNU/Linux 12 (bookworm)
GCC version: gcc (Debian 12.2.0-14+deb12u1) 12.2.0
================================================================================
Experiment results:
================================================================================
Repetition 1: t_classify = 2.287 s, t_update = 0.174 s, total = 2.460 s, n_iter = 100, final_shift = 0.950940
Repetition 2: t_classify = 2.276 s, t_update = 0.117 s, total = 2.393 s, n_iter = 100, final_shift = 0.950936
Repetition 3: t_classify = 2.290 s, t_update = 0.197 s, total = 2.487 s, n_iter = 100, final_shift = 0.950940
Repetition 4: t_classify = 2.280 s, t_update = 0.121 s, total = 2.401 s, n_iter = 100, final_shift = 0.950933
Repetition 5: t_classify = 2.268 s, t_update = 0.116 s, total = 2.384 s, n_iter = 100, final_shift = 0.950918
