================================================================================
Machine metadata:
================================================================================
CPU Vendor: AuthenticAMD
CPU Model: Common KVM processor
CPU Cores:                       8
Threads per core: 1
Threads per core: 1 (no symmetric multithreading)
CPU MHz: 
RAM: 62.79 GB
OS: Debian GNU/Linux 12 (bookworm)
GCC version: gcc (Debian 12.2.0-14+deb12u1) 12.2.0
================================================================================
Experiment results:
================================================================================
Repetition 1: t_classify = 1.871 s, t_update = 0.079 s, total = 1.951 s, n_iter = 100, final_shift = 0.001054
Repetition 2: t_classify = 1.873 s, t_update = 0.075 s, total = 1.947 s, n_iter = 100, final_shift = 0.001054
Repetition 3: t_classify = 1.899 s, t_update = 0.093 s, total = 1.992 s, n_iter = 100, final_shift = 0.001054
Repetition 4: t_classify = 1.887 s, t_update = 0.067 s, total = 1.953 s, n_iter = 100, final_shift = 0.001054
Repetition 5: t_classify = 1.873 s, t_update = 0.058 s, total = 1.931 s, n_iter = 100, final_shift = 0.001054
