================================================================================
Machine metadata:
================================================================================
CPU Vendor: AuthenticAMD
CPU Model: Common KVM processor
CPU Cores:                       8
Threads per core: 1
Threads per core: 1 (no symmetric multithreading)
CPU MHz: 
RAM: 62.79 GB
OS: Debian GNU/Linux 12 (bookworm)
GCC version: gcc (Debian 12.2.0-14+deb12u1) 12.2.0
================================================================================
Experiment results:
================================================================================
Repetition 1: t_classify = 2.362 s, t_update = 0.219 s, total = 2.581 s, n_iter = 100, final_shift = 0.000000
Repetition 2: t_classify = 3.928 s, t_update = 1.115 s, total = 5.042 s, n_iter = 100, final_shift = 0.000000
Repetition 3: t_classify = 2.302 s, t_update = 0.162 s, total = 2.464 s, n_iter = 100, final_shift = 0.000000
Repetition 4: t_classify = 2.321 s, t_update = 0.153 s, total = 2.474 s, n_iter = 100, final_shift = 0.000000
Repetition 5: t_classify = 2.343 s, t_update = 0.185 s, total = 2.528 s, n_iter = 100, final_shift = 0.000000
