================================================================================
Machine metadata:
================================================================================
CPU Vendor: AuthenticAMD
CPU Model: Common KVM processor
CPU Cores:                       8
Threads per core: 1
Threads per core: 1 (no symmetric multithreading)
CPU MHz: 
RAM: 62.79 GB
OS: Debian GNU/Linux 12 (bookworm)
GCC version: gcc (Debian 12.2.0-14+deb12u1) 12.2.0
================================================================================
Experiment results:
================================================================================
Repetition 1: t_classify = 6.550 s, t_update = 0.503 s, total = 7.053 s, n_iter = 100, final_shift = 6.327338
Repetition 2: t_classify = 6.600 s, t_update = 0.495 s, total = 7.095 s, n_iter = 100, final_shift = 6.327338
Repetition 3: t_classify = 6.615 s, t_update = 0.543 s, total = 7.158 s, n_iter = 100, final_shift = 6.327338
Repetition 4: t_classify = 6.599 s, t_update = 0.508 s, total = 7.107 s, n_iter = 100, final_shift = 6.327338
Repetition 5: t_classify = 6.542 s, t_update = 0.497 s, total = 7.039 s, n_iter = 100, final_shift = 6.327338
