================================================================================
Machine metadata:
================================================================================
CPU Vendor: AuthenticAMD
CPU Model: Common KVM processor
CPU Cores:                       8
Threads per core: 1
Threads per core: 1 (no symmetric multithreading)
CPU MHz: 
RAM: 62.79 GB
OS: Debian GNU/Linux 12 (bookworm)
GCC version: gcc (Debian 12.2.0-14+deb12u1) 12.2.0
================================================================================
Experiment results:
================================================================================
Repetition 1: t_classify = 0.366 s, t_update = 0.020 s, total = 0.385 s, n_iter = 100, final_shift = 0.000677
Repetition 2: t_classify = 0.346 s, t_update = 0.019 s, total = 0.365 s, n_iter = 100, final_shift = 0.000842
Repetition 3: t_classify = 0.369 s, t_update = 0.017 s, total = 0.386 s, n_iter = 100, final_shift = 0.000630
Repetition 4: t_classify = 0.337 s, t_update = 0.016 s, total = 0.353 s, n_iter = 100, final_shift = 0.000622
Repetition 5: t_classify = 0.340 s, t_update = 0.018 s, total = 0.358 s, n_iter = 100, final_shift = 0.000677
