================================================================================
Machine metadata:
================================================================================
CPU Vendor: AuthenticAMD
CPU Model: Common KVM processor
CPU Cores:                       8
Threads per core: 1
Threads per core: 1 (no symmetric multithreading)
CPU MHz: 
RAM: 62.79 GB
OS: Debian GNU/Linux 12 (bookworm)
GCC version: gcc (Debian 12.2.0-14+deb12u1) 12.2.0
================================================================================
Experiment results:
================================================================================
Repetition 1: t_classify = 3.236 s, t_update = 0.112 s, total = 3.347 s, n_iter = 100, final_shift = 0.022385
Repetition 2: t_classify = 3.205 s, t_update = 0.104 s, total = 3.309 s, n_iter = 100, final_shift = 0.022385
Repetition 3: t_classify = 3.197 s, t_update = 0.115 s, total = 3.312 s, n_iter = 100, final_shift = 0.022385
Repetition 4: t_classify = 3.178 s, t_update = 0.099 s, total = 3.277 s, n_iter = 100, final_shift = 0.022385
Repetition 5: t_classify = 3.235 s, t_update = 0.106 s, total = 3.341 s, n_iter = 100, final_shift = 0.022385
