================================================================================
Machine metadata:
================================================================================
CPU Vendor: AuthenticAMD
CPU Model: Common KVM processor
CPU Cores:                       8
Threads per core: 1
Threads per core: 1 (no symmetric multithreading)
CPU MHz: 
RAM: 62.79 GB
OS: Debian GNU/Linux 12 (bookworm)
GCC version: gcc (Debian 12.2.0-14+deb12u1) 12.2.0
================================================================================
Experiment results:
================================================================================
Repetition 1: t_classify = 7.867 s, t_update = 0.320 s, total = 8.188 s, n_iter = 100, final_shift = 3.092527
Repetition 2: t_classify = 7.880 s, t_update = 0.328 s, total = 8.208 s, n_iter = 100, final_shift = 3.092527
Repetition 3: t_classify = 7.857 s, t_update = 0.350 s, total = 8.207 s, n_iter = 100, final_shift = 3.092527
Repetition 4: t_classify = 7.858 s, t_update = 0.331 s, total = 8.188 s, n_iter = 100, final_shift = 3.092527
Repetition 5: t_classify = 7.875 s, t_update = 0.342 s, total = 8.217 s, n_iter = 100, final_shift = 3.092527
