================================================================================
Machine metadata:
================================================================================
CPU Vendor: AuthenticAMD
CPU Model: Common KVM processor
CPU Cores:                       8
Threads per core: 1
Threads per core: 1 (no symmetric multithreading)
CPU MHz: 
RAM: 62.79 GB
OS: Debian GNU/Linux 12 (bookworm)
GCC version: gcc (Debian 12.2.0-14+deb12u1) 12.2.0
================================================================================
Experiment results:
================================================================================
Repetition 1: t_classify = 1.839 s, t_update = 0.071 s, total = 1.910 s, n_iter = 100, final_shift = 0.014074
Repetition 2: t_classify = 1.847 s, t_update = 0.106 s, total = 1.953 s, n_iter = 100, final_shift = 0.014074
Repetition 3: t_classify = 1.845 s, t_update = 0.086 s, total = 1.931 s, n_iter = 100, final_shift = 0.014074
Repetition 4: t_classify = 1.839 s, t_update = 0.070 s, total = 1.910 s, n_iter = 100, final_shift = 0.014074
Repetition 5: t_classify = 1.847 s, t_update = 0.091 s, total = 1.938 s, n_iter = 100, final_shift = 0.014074
