================================================================================
Machine metadata:
================================================================================
CPU Vendor: AuthenticAMD
CPU Model: Common KVM processor
CPU Cores:                       8
Threads per core: 1
Threads per core: 1 (no symmetric multithreading)
CPU MHz: 
RAM: 62.79 GB
OS: Debian GNU/Linux 12 (bookworm)
GCC version: gcc (Debian 12.2.0-14+deb12u1) 12.2.0
================================================================================
Experiment results:
================================================================================
Repetition 1: t_classify = 1.206 s, t_update = 0.148 s, total = 1.354 s, n_iter = 100, final_shift = 0.081441
Repetition 2: t_classify = 1.187 s, t_update = 0.158 s, total = 1.345 s, n_iter = 100, final_shift = 0.082571
Repetition 3: t_classify = 1.189 s, t_update = 0.152 s, total = 1.342 s, n_iter = 100, final_shift = 0.048921
Repetition 4: t_classify = 1.188 s, t_update = 0.138 s, total = 1.326 s, n_iter = 100, final_shift = 0.048920
Repetition 5: t_classify = 1.218 s, t_update = 0.163 s, total = 1.381 s, n_iter = 100, final_shift = 0.081441
