================================================================================
Machine metadata:
================================================================================
CPU Vendor: AuthenticAMD
CPU Model: Common KVM processor
CPU Cores:                       8
Threads per core: 1
Threads per core: 1 (no symmetric multithreading)
CPU MHz: 
RAM: 62.79 GB
OS: Debian GNU/Linux 12 (bookworm)
GCC version: gcc (Debian 12.2.0-14+deb12u1) 12.2.0
================================================================================
Experiment results:
================================================================================
Repetition 1: t_classify = 0.645 s, t_update = 0.148 s, total = 0.793 s, n_iter = 100, final_shift = 0.048395
Repetition 2: t_classify = 0.673 s, t_update = 0.164 s, total = 0.836 s, n_iter = 100, final_shift = 0.034896
Repetition 3: t_classify = 0.637 s, t_update = 0.136 s, total = 0.773 s, n_iter = 100, final_shift = 0.082639
Repetition 4: t_classify = 0.678 s, t_update = 0.188 s, total = 0.867 s, n_iter = 100, final_shift = 0.082639
Repetition 5: t_classify = 0.653 s, t_update = 0.180 s, total = 0.834 s, n_iter = 100, final_shift = 0.032993
