================================================================================
Machine metadata:
================================================================================
CPU Vendor: AuthenticAMD
CPU Model: Common KVM processor
CPU Cores:                       8
Threads per core: 1
Threads per core: 1 (no symmetric multithreading)
CPU MHz: 
RAM: 62.79 GB
OS: Debian GNU/Linux 12 (bookworm)
GCC version: gcc (Debian 12.2.0-14+deb12u1) 12.2.0
================================================================================
Experiment results:
================================================================================
Repetition 1: t_classify = 3.245 s, t_update = 0.732 s, total = 3.977 s, n_iter = 100, final_shift = 0.007064
Repetition 2: t_classify = 3.168 s, t_update = 0.407 s, total = 3.576 s, n_iter = 100, final_shift = 0.007064
Repetition 3: t_classify = 3.163 s, t_update = 0.420 s, total = 3.583 s, n_iter = 100, final_shift = 0.007064
Repetition 4: t_classify = 3.171 s, t_update = 0.460 s, total = 3.631 s, n_iter = 100, final_shift = 0.007064
Repetition 5: t_classify = 3.212 s, t_update = 0.752 s, total = 3.964 s, n_iter = 100, final_shift = 0.007064
