================================================================================
Machine metadata:
================================================================================
CPU Vendor: AuthenticAMD
CPU Model: Common KVM processor
CPU Cores:                       8
Threads per core: 1
Threads per core: 1 (no symmetric multithreading)
CPU MHz: 
RAM: 62.79 GB
OS: Debian GNU/Linux 12 (bookworm)
GCC version: gcc (Debian 12.2.0-14+deb12u1) 12.2.0
================================================================================
Experiment results:
================================================================================
Repetition 1: t_classify = 2.142 s, t_update = 0.078 s, total = 2.221 s, n_iter = 100, final_shift = 0.003859
Repetition 2: t_classify = 2.149 s, t_update = 0.088 s, total = 2.238 s, n_iter = 100, final_shift = 0.003859
Repetition 3: t_classify = 2.123 s, t_update = 0.056 s, total = 2.179 s, n_iter = 100, final_shift = 0.003859
Repetition 4: t_classify = 2.131 s, t_update = 0.061 s, total = 2.192 s, n_iter = 100, final_shift = 0.003859
Repetition 5: t_classify = 2.139 s, t_update = 0.063 s, total = 2.202 s, n_iter = 100, final_shift = 0.003859
