================================================================================
Machine metadata:
================================================================================
CPU Vendor: AuthenticAMD
CPU Model: Common KVM processor
CPU Cores:                       8
Threads per core: 1
Threads per core: 1 (no symmetric multithreading)
CPU MHz: 
RAM: 62.79 GB
OS: Debian GNU/Linux 12 (bookworm)
GCC version: gcc (Debian 12.2.0-14+deb12u1) 12.2.0
================================================================================
Experiment results:
================================================================================
Repetition 1: t_classify = 1.190 s, t_update = 0.127 s, total = 1.317 s, n_iter = 100, final_shift = 0.000000
Repetition 2: t_classify = 1.193 s, t_update = 0.138 s, total = 1.331 s, n_iter = 100, final_shift = 0.000000
Repetition 3: t_classify = 1.195 s, t_update = 0.133 s, total = 1.328 s, n_iter = 100, final_shift = 0.000000
Repetition 4: t_classify = 1.196 s, t_update = 0.136 s, total = 1.332 s, n_iter = 100, final_shift = 0.000000
Repetition 5: t_classify = 1.198 s, t_update = 0.131 s, total = 1.329 s, n_iter = 100, final_shift = 0.000000
