================================================================================
Machine metadata:
================================================================================
CPU Vendor: AuthenticAMD
CPU Model: Common KVM processor
CPU Cores:                       8
Threads per core: 1
Threads per core: 1 (no symmetric multithreading)
CPU MHz: 
RAM: 62.79 GB
OS: Debian GNU/Linux 12 (bookworm)
GCC version: gcc (Debian 12.2.0-14+deb12u1) 12.2.0
================================================================================
Experiment results:
================================================================================
Repetition 1: t_classify = 0.611 s, t_update = 0.056 s, total = 0.666 s, n_iter = 100, final_shift = 0.000000
Repetition 2: t_classify = 0.583 s, t_update = 0.053 s, total = 0.635 s, n_iter = 100, final_shift = 0.000000
Repetition 3: t_classify = 0.588 s, t_update = 0.053 s, total = 0.642 s, n_iter = 100, final_shift = 0.000000
Repetition 4: t_classify = 0.574 s, t_update = 0.052 s, total = 0.626 s, n_iter = 100, final_shift = 0.000000
Repetition 5: t_classify = 0.578 s, t_update = 0.051 s, total = 0.629 s, n_iter = 100, final_shift = 0.000000
