================================================================================
Machine metadata:
================================================================================
CPU Vendor: AuthenticAMD
CPU Model: Common KVM processor
CPU Cores:                       8
Threads per core: 1
Threads per core: 1 (no symmetric multithreading)
CPU MHz: 
RAM: 62.79 GB
OS: Debian GNU/Linux 12 (bookworm)
GCC version: gcc (Debian 12.2.0-14+deb12u1) 12.2.0
================================================================================
Experiment results:
================================================================================
Repetition 1: t_classify = 0.418 s, t_update = 0.053 s, total = 0.471 s, n_iter = 100, final_shift = 0.000000
Repetition 2: t_classify = 0.416 s, t_update = 0.058 s, total = 0.475 s, n_iter = 100, final_shift = 0.000000
Repetition 3: t_classify = 0.430 s, t_update = 0.055 s, total = 0.484 s, n_iter = 100, final_shift = 0.000000
Repetition 4: t_classify = 0.432 s, t_update = 0.081 s, total = 0.513 s, n_iter = 100, final_shift = 0.000000
Repetition 5: t_classify = 0.420 s, t_update = 0.060 s, total = 0.481 s, n_iter = 100, final_shift = 0.000000
