================================================================================
Machine metadata:
================================================================================
CPU Vendor: AuthenticAMD
CPU Model: Common KVM processor
CPU Cores:                       8
Threads per core: 1
Threads per core: 1 (no symmetric multithreading)
CPU MHz: 
RAM: 62.79 GB
OS: Debian GNU/Linux 12 (bookworm)
GCC version: gcc (Debian 12.2.0-14+deb12u1) 12.2.0
================================================================================
Experiment results:
================================================================================
Repetition 1: t_classify = 1.816 s, t_update = 0.132 s, total = 1.947 s, n_iter = 100, final_shift = 0.000000
Repetition 2: t_classify = 1.784 s, t_update = 0.243 s, total = 2.026 s, n_iter = 100, final_shift = 0.000000
Repetition 3: t_classify = 1.775 s, t_update = 0.210 s, total = 1.985 s, n_iter = 100, final_shift = 0.000000
Repetition 4: t_classify = 1.752 s, t_update = 0.260 s, total = 2.012 s, n_iter = 100, final_shift = 0.000000
Repetition 5: t_classify = 1.804 s, t_update = 0.294 s, total = 2.098 s, n_iter = 100, final_shift = 0.000000
