================================================================================
Machine metadata:
================================================================================
CPU Vendor: AuthenticAMD
CPU Model: Common KVM processor
CPU Cores:                       8
Threads per core: 1
Threads per core: 1 (no symmetric multithreading)
CPU MHz: 
RAM: 62.79 GB
OS: Debian GNU/Linux 12 (bookworm)
GCC version: gcc (Debian 12.2.0-14+deb12u1) 12.2.0
================================================================================
Experiment results:
================================================================================
Repetition 1: t_classify = 0.246 s, t_update = 0.045 s, total = 0.290 s, n_iter = 100, final_shift = 0.000000
Repetition 2: t_classify = 0.229 s, t_update = 0.042 s, total = 0.272 s, n_iter = 100, final_shift = 0.000000
Repetition 3: t_classify = 0.229 s, t_update = 0.035 s, total = 0.264 s, n_iter = 100, final_shift = 0.000000
Repetition 4: t_classify = 0.231 s, t_update = 0.035 s, total = 0.266 s, n_iter = 100, final_shift = 0.000000
Repetition 5: t_classify = 0.242 s, t_update = 0.030 s, total = 0.272 s, n_iter = 100, final_shift = 0.000000
