================================================================================
Machine metadata:
================================================================================
CPU Vendor: AuthenticAMD
CPU Model: Common KVM processor
CPU Cores:                       8
Threads per core: 1
Threads per core: 1 (no symmetric multithreading)
CPU MHz: 
RAM: 62.79 GB
OS: Debian GNU/Linux 12 (bookworm)
GCC version: gcc (Debian 12.2.0-14+deb12u1) 12.2.0
================================================================================
Experiment results:
================================================================================
Repetition 1: t_classify = 0.803 s, t_update = 0.051 s, total = 0.854 s, n_iter = 100, final_shift = 0.000000
Repetition 2: t_classify = 0.834 s, t_update = 0.080 s, total = 0.914 s, n_iter = 100, final_shift = 0.000000
Repetition 3: t_classify = 0.805 s, t_update = 0.063 s, total = 0.869 s, n_iter = 100, final_shift = 0.000000
Repetition 4: t_classify = 0.796 s, t_update = 0.078 s, total = 0.874 s, n_iter = 100, final_shift = 0.000000
Repetition 5: t_classify = 0.800 s, t_update = 0.054 s, total = 0.854 s, n_iter = 100, final_shift = 0.000000
