================================================================================
Machine metadata:
================================================================================
CPU Vendor: AuthenticAMD
CPU Model: Common KVM processor
CPU Cores:                       8
Threads per core: 1
Threads per core: 1 (no symmetric multithreading)
CPU MHz: 
RAM: 62.79 GB
OS: Debian GNU/Linux 12 (bookworm)
GCC version: gcc (Debian 12.2.0-14+deb12u1) 12.2.0
================================================================================
Experiment results:
================================================================================
Repetition 1: t_classify = 0.971 s, t_update = 0.030 s, total = 1.000 s, n_iter = 100, final_shift = 0.051147
Repetition 2: t_classify = 0.962 s, t_update = 0.030 s, total = 0.991 s, n_iter = 100, final_shift = 0.051147
Repetition 3: t_classify = 0.956 s, t_update = 0.026 s, total = 0.982 s, n_iter = 100, final_shift = 0.051147
Repetition 4: t_classify = 0.961 s, t_update = 0.030 s, total = 0.992 s, n_iter = 100, final_shift = 0.051147
Repetition 5: t_classify = 0.964 s, t_update = 0.024 s, total = 0.987 s, n_iter = 100, final_shift = 0.051147
