================================================================================
Machine metadata:
================================================================================
CPU Vendor: AuthenticAMD
CPU Model: Common KVM processor
CPU Cores:                       8
Threads per core: 1
Threads per core: 1 (no symmetric multithreading)
CPU MHz: 
RAM: 62.79 GB
OS: Debian GNU/Linux 12 (bookworm)
GCC version: gcc (Debian 12.2.0-14+deb12u1) 12.2.0
================================================================================
Experiment results:
================================================================================
Repetition 1: t_classify = 5.263 s, t_update = 0.566 s, total = 5.829 s, n_iter = 100, final_shift = 2.196444
Repetition 2: t_classify = 5.270 s, t_update = 0.235 s, total = 5.505 s, n_iter = 100, final_shift = 0.000000
Repetition 3: t_classify = 5.288 s, t_update = 0.573 s, total = 5.861 s, n_iter = 100, final_shift = 0.000000
Repetition 4: t_classify = 5.285 s, t_update = 0.488 s, total = 5.773 s, n_iter = 100, final_shift = 0.000000
Repetition 5: t_classify = 5.286 s, t_update = 0.425 s, total = 5.711 s, n_iter = 100, final_shift = 0.000000
