================================================================================
Machine metadata:
================================================================================
CPU Vendor: AuthenticAMD
CPU Model: Common KVM processor
CPU Cores:                       8
Threads per core: 1
Threads per core: 1 (no symmetric multithreading)
CPU MHz: 
RAM: 62.79 GB
OS: Debian GNU/Linux 12 (bookworm)
GCC version: gcc (Debian 12.2.0-14+deb12u1) 12.2.0
================================================================================
Experiment results:
================================================================================
Repetition 1: t_classify = 1.586 s, t_update = 0.307 s, total = 1.893 s, n_iter = 100, final_shift = 0.000000
Repetition 2: t_classify = 1.586 s, t_update = 0.221 s, total = 1.807 s, n_iter = 100, final_shift = 0.000000
Repetition 3: t_classify = 1.602 s, t_update = 0.218 s, total = 1.820 s, n_iter = 100, final_shift = 0.000000
Repetition 4: t_classify = 1.604 s, t_update = 0.227 s, total = 1.831 s, n_iter = 100, final_shift = 0.000000
Repetition 5: t_classify = 1.595 s, t_update = 0.218 s, total = 1.813 s, n_iter = 100, final_shift = 0.000000
