================================================================================
Machine metadata:
================================================================================
CPU Vendor: AuthenticAMD
CPU Model: Common KVM processor
CPU Cores:                       8
Threads per core: 1
Threads per core: 1 (no symmetric multithreading)
CPU MHz: 
RAM: 62.79 GB
OS: Debian GNU/Linux 12 (bookworm)
GCC version: gcc (Debian 12.2.0-14+deb12u1) 12.2.0
================================================================================
Experiment results:
================================================================================
Repetition 1: t_classify = 2.650 s, t_update = 0.229 s, total = 2.879 s, n_iter = 100, final_shift = 0.000000
Repetition 2: t_classify = 2.695 s, t_update = 0.180 s, total = 2.875 s, n_iter = 100, final_shift = 0.000000
Repetition 3: t_classify = 2.659 s, t_update = 0.176 s, total = 2.835 s, n_iter = 100, final_shift = 0.000000
Repetition 4: t_classify = 2.659 s, t_update = 0.244 s, total = 2.903 s, n_iter = 100, final_shift = 0.000000
Repetition 5: t_classify = 2.643 s, t_update = 0.161 s, total = 2.804 s, n_iter = 100, final_shift = 0.000000
