================================================================================
Machine metadata:
================================================================================
CPU Vendor: AuthenticAMD
CPU Model: Common KVM processor
CPU Cores:                       8
Threads per core: 1
Threads per core: 1 (no symmetric multithreading)
CPU MHz: 
RAM: 62.79 GB
OS: Debian GNU/Linux 12 (bookworm)
GCC version: gcc (Debian 12.2.0-14+deb12u1) 12.2.0
================================================================================
Experiment results:
================================================================================
Repetition 1: t_classify = 2.083 s, t_update = 0.208 s, total = 2.291 s, n_iter = 100, final_shift = 0.950928
Repetition 2: t_classify = 2.164 s, t_update = 0.211 s, total = 2.375 s, n_iter = 100, final_shift = 0.950955
Repetition 3: t_classify = 2.122 s, t_update = 0.217 s, total = 2.339 s, n_iter = 100, final_shift = 0.950931
Repetition 4: t_classify = 2.489 s, t_update = 0.445 s, total = 2.933 s, n_iter = 100, final_shift = 0.950911
Repetition 5: t_classify = 2.063 s, t_update = 0.183 s, total = 2.246 s, n_iter = 100, final_shift = 0.950940
