================================================================================
Machine metadata:
================================================================================
CPU Vendor: AuthenticAMD
CPU Model: Common KVM processor
CPU Cores:                       8
Threads per core: 1
Threads per core: 1 (no symmetric multithreading)
CPU MHz: 
RAM: 62.79 GB
OS: Debian GNU/Linux 12 (bookworm)
GCC version: gcc (Debian 12.2.0-14+deb12u1) 12.2.0
================================================================================
Experiment results:
================================================================================
Repetition 1: t_classify = 0.141 s, t_update = 0.018 s, total = 0.159 s, n_iter = 100, final_shift = 0.782156
Repetition 2: t_classify = 0.143 s, t_update = 0.023 s, total = 0.166 s, n_iter = 100, final_shift = 0.782155
Repetition 3: t_classify = 0.135 s, t_update = 0.018 s, total = 0.154 s, n_iter = 100, final_shift = 0.782155
Repetition 4: t_classify = 0.149 s, t_update = 0.023 s, total = 0.172 s, n_iter = 100, final_shift = 0.134148
Repetition 5: t_classify = 0.135 s, t_update = 0.018 s, total = 0.153 s, n_iter = 100, final_shift = 0.782145
