================================================================================
Machine metadata:
================================================================================
CPU Vendor: AuthenticAMD
CPU Model: Common KVM processor
CPU Cores:                       8
Threads per core: 1
Threads per core: 1 (no symmetric multithreading)
CPU MHz: 
RAM: 62.79 GB
OS: Debian GNU/Linux 12 (bookworm)
GCC version: gcc (Debian 12.2.0-14+deb12u1) 12.2.0
================================================================================
Experiment results:
================================================================================
Repetition 1: t_classify = 20.913 s, t_update = 0.806 s, total = 21.719 s, n_iter = 100, final_shift = 5.826838
Repetition 2: t_classify = 20.919 s, t_update = 0.798 s, total = 21.718 s, n_iter = 100, final_shift = 5.826838
Repetition 3: t_classify = 20.935 s, t_update = 0.846 s, total = 21.781 s, n_iter = 100, final_shift = 5.826838
Repetition 4: t_classify = 21.149 s, t_update = 1.290 s, total = 22.439 s, n_iter = 100, final_shift = 5.826838
Repetition 5: t_classify = 20.916 s, t_update = 0.901 s, total = 21.817 s, n_iter = 100, final_shift = 5.826838
