================================================================================
Machine metadata:
================================================================================
CPU Vendor: AuthenticAMD
CPU Model: Common KVM processor
CPU Cores:                       8
Threads per core: 1
Threads per core: 1 (no symmetric multithreading)
CPU MHz: 
RAM: 62.79 GB
OS: Debian GNU/Linux 12 (bookworm)
GCC version: gcc (Debian 12.2.0-14+deb12u1) 12.2.0
================================================================================
Experiment results:
================================================================================
Repetition 1: t_classify = 0.685 s, t_update = 0.042 s, total = 0.727 s, n_iter = 100, final_shift = 15.458664
Repetition 2: t_classify = 0.682 s, t_update = 0.034 s, total = 0.716 s, n_iter = 100, final_shift = 15.458664
Repetition 3: t_classify = 0.684 s, t_update = 0.040 s, total = 0.724 s, n_iter = 100, final_shift = 15.458664
Repetition 4: t_classify = 0.674 s, t_update = 0.038 s, total = 0.712 s, n_iter = 100, final_shift = 15.458664
Repetition 5: t_classify = 0.698 s, t_update = 0.054 s, total = 0.753 s, n_iter = 100, final_shift = 15.458664
