================================================================================
Machine metadata:
================================================================================
CPU Vendor: AuthenticAMD
CPU Model: Common KVM processor
CPU Cores:                       8
Threads per core: 1
Threads per core: 1 (no symmetric multithreading)
CPU MHz: 
RAM: 62.79 GB
OS: Debian GNU/Linux 12 (bookworm)
GCC version: gcc (Debian 12.2.0-14+deb12u1) 12.2.0
================================================================================
Experiment results:
================================================================================
Repetition 1: t_classify = 0.778 s, t_update = 0.106 s, total = 0.884 s, n_iter = 100, final_shift = 0.000000
Repetition 2: t_classify = 0.784 s, t_update = 0.102 s, total = 0.886 s, n_iter = 100, final_shift = 0.000000
Repetition 3: t_classify = 0.801 s, t_update = 0.101 s, total = 0.902 s, n_iter = 100, final_shift = 0.000000
Repetition 4: t_classify = 0.774 s, t_update = 0.099 s, total = 0.873 s, n_iter = 100, final_shift = 0.000000
Repetition 5: t_classify = 0.776 s, t_update = 0.089 s, total = 0.865 s, n_iter = 100, final_shift = 0.000000
