================================================================================
Machine metadata:
================================================================================
CPU Vendor: AuthenticAMD
CPU Model: Common KVM processor
CPU Cores:                       8
Threads per core: 1
Threads per core: 1 (no symmetric multithreading)
CPU MHz: 
RAM: 62.79 GB
OS: Debian GNU/Linux 12 (bookworm)
GCC version: gcc (Debian 12.2.0-14+deb12u1) 12.2.0
================================================================================
Experiment results:
================================================================================
Repetition 1: t_classify = 1.119 s, t_update = 0.217 s, total = 1.336 s, n_iter = 100, final_shift = 0.000000
Repetition 2: t_classify = 1.094 s, t_update = 0.294 s, total = 1.388 s, n_iter = 100, final_shift = 0.000000
Repetition 3: t_classify = 1.070 s, t_update = 0.152 s, total = 1.222 s, n_iter = 100, final_shift = 0.000000
Repetition 4: t_classify = 1.075 s, t_update = 0.150 s, total = 1.225 s, n_iter = 100, final_shift = 0.000000
Repetition 5: t_classify = 1.083 s, t_update = 0.152 s, total = 1.235 s, n_iter = 100, final_shift = 0.000000
