================================================================================
Machine metadata:
================================================================================
CPU Vendor: AuthenticAMD
CPU Model: Common KVM processor
CPU Cores:                       8
Threads per core: 1
Threads per core: 1 (no symmetric multithreading)
CPU MHz: 
RAM: 62.79 GB
OS: Debian GNU/Linux 12 (bookworm)
GCC version: gcc (Debian 12.2.0-14+deb12u1) 12.2.0
================================================================================
Experiment results:
================================================================================
Repetition 1: t_classify = 0.806 s, t_update = 0.104 s, total = 0.910 s, n_iter = 100, final_shift = 0.085748
Repetition 2: t_classify = 0.814 s, t_update = 0.111 s, total = 0.925 s, n_iter = 100, final_shift = 0.153771
Repetition 3: t_classify = 0.804 s, t_update = 0.110 s, total = 0.914 s, n_iter = 100, final_shift = 0.084996
Repetition 4: t_classify = 0.815 s, t_update = 0.121 s, total = 0.937 s, n_iter = 100, final_shift = 0.091265
Repetition 5: t_classify = 0.798 s, t_update = 0.100 s, total = 0.898 s, n_iter = 100, final_shift = 0.086457
