================================================================================
Machine metadata:
================================================================================
CPU Vendor: AuthenticAMD
CPU Model: Common KVM processor
CPU Cores:                       8
Threads per core: 1
Threads per core: 1 (no symmetric multithreading)
CPU MHz: 
RAM: 62.79 GB
OS: Debian GNU/Linux 12 (bookworm)
GCC version: gcc (Debian 12.2.0-14+deb12u1) 12.2.0
================================================================================
Experiment results:
================================================================================
Repetition 1: t_classify = 6.297 s, t_update = 0.461 s, total = 6.758 s, n_iter = 100, final_shift = 0.000000
Repetition 2: t_classify = 6.301 s, t_update = 0.488 s, total = 6.789 s, n_iter = 100, final_shift = 0.000000
Repetition 3: t_classify = 6.335 s, t_update = 0.432 s, total = 6.767 s, n_iter = 100, final_shift = 0.000000
Repetition 4: t_classify = 6.318 s, t_update = 0.434 s, total = 6.752 s, n_iter = 100, final_shift = 0.000000
Repetition 5: t_classify = 6.323 s, t_update = 0.426 s, total = 6.749 s, n_iter = 100, final_shift = 0.000000
