================================================================================
Machine metadata:
================================================================================
CPU Vendor: AuthenticAMD
CPU Model: Common KVM processor
CPU Cores:                       8
Threads per core: 1
Threads per core: 1 (no symmetric multithreading)
CPU MHz: 
RAM: 62.79 GB
OS: Debian GNU/Linux 12 (bookworm)
GCC version: gcc (Debian 12.2.0-14+deb12u1) 12.2.0
================================================================================
Experiment results:
================================================================================
Repetition 1: t_classify = 1.159 s, t_update = 0.107 s, total = 1.265 s, n_iter = 100, final_shift = 0.846775
Repetition 2: t_classify = 1.156 s, t_update = 0.106 s, total = 1.262 s, n_iter = 100, final_shift = 0.846752
Repetition 3: t_classify = 1.154 s, t_update = 0.101 s, total = 1.254 s, n_iter = 100, final_shift = 0.828507
Repetition 4: t_classify = 1.167 s, t_update = 0.183 s, total = 1.349 s, n_iter = 100, final_shift = 0.846777
Repetition 5: t_classify = 1.162 s, t_update = 0.168 s, total = 1.329 s, n_iter = 100, final_shift = 0.846768
