================================================================================
Machine metadata:
================================================================================
CPU Vendor: AuthenticAMD
CPU Model: Common KVM processor
CPU Cores:                       8
Threads per core: 1
Threads per core: 1 (no symmetric multithreading)
CPU MHz: 
RAM: 62.79 GB
OS: Debian GNU/Linux 12 (bookworm)
GCC version: gcc (Debian 12.2.0-14+deb12u1) 12.2.0
================================================================================
Experiment results:
================================================================================
Repetition 1: t_classify = 4.287 s, t_update = 0.146 s, total = 4.433 s, n_iter = 100, final_shift = 0.022385
Repetition 2: t_classify = 4.251 s, t_update = 0.149 s, total = 4.400 s, n_iter = 100, final_shift = 0.022385
Repetition 3: t_classify = 4.254 s, t_update = 0.144 s, total = 4.398 s, n_iter = 100, final_shift = 0.022385
Repetition 4: t_classify = 4.267 s, t_update = 0.148 s, total = 4.415 s, n_iter = 100, final_shift = 0.022385
Repetition 5: t_classify = 4.261 s, t_update = 0.155 s, total = 4.416 s, n_iter = 100, final_shift = 0.022385
