================================================================================
Machine metadata:
================================================================================
CPU Vendor: AuthenticAMD
CPU Model: Common KVM processor
CPU Cores:                       8
Threads per core: 1
Threads per core: 1 (no symmetric multithreading)
CPU MHz: 
RAM: 62.79 GB
OS: Debian GNU/Linux 12 (bookworm)
GCC version: gcc (Debian 12.2.0-14+deb12u1) 12.2.0
================================================================================
Experiment results:
================================================================================
Repetition 1: t_classify = 0.493 s, t_update = 0.077 s, total = 0.570 s, n_iter = 100, final_shift = 0.004544
Repetition 2: t_classify = 0.470 s, t_update = 0.062 s, total = 0.532 s, n_iter = 100, final_shift = 0.006942
Repetition 3: t_classify = 0.471 s, t_update = 0.056 s, total = 0.527 s, n_iter = 100, final_shift = 0.008174
Repetition 4: t_classify = 0.470 s, t_update = 0.063 s, total = 0.534 s, n_iter = 100, final_shift = 0.007193
Repetition 5: t_classify = 0.480 s, t_update = 0.071 s, total = 0.551 s, n_iter = 100, final_shift = 0.006362
