================================================================================
Machine metadata:
================================================================================
CPU Vendor: AuthenticAMD
CPU Model: Common KVM processor
CPU Cores:                       8
Threads per core: 1
Threads per core: 1 (no symmetric multithreading)
CPU MHz: 
RAM: 62.79 GB
OS: Debian GNU/Linux 12 (bookworm)
GCC version: gcc (Debian 12.2.0-14+deb12u1) 12.2.0
================================================================================
Experiment results:
================================================================================
Repetition 1: t_classify = 0.324 s, t_update = 0.016 s, total = 0.340 s, n_iter = 100, final_shift = 0.005322
Repetition 2: t_classify = 0.329 s, t_update = 0.015 s, total = 0.344 s, n_iter = 100, final_shift = 0.005322
Repetition 3: t_classify = 0.306 s, t_update = 0.016 s, total = 0.322 s, n_iter = 100, final_shift = 0.005322
Repetition 4: t_classify = 0.305 s, t_update = 0.014 s, total = 0.319 s, n_iter = 100, final_shift = 0.005322
Repetition 5: t_classify = 0.309 s, t_update = 0.014 s, total = 0.323 s, n_iter = 100, final_shift = 0.005322
