================================================================================
Machine metadata:
================================================================================
CPU Vendor: AuthenticAMD
CPU Model: Common KVM processor
CPU Cores:                       8
Threads per core: 1
Threads per core: 1 (no symmetric multithreading)
CPU MHz: 
RAM: 62.79 GB
OS: Debian GNU/Linux 12 (bookworm)
GCC version: gcc (Debian 12.2.0-14+deb12u1) 12.2.0
================================================================================
Experiment results:
================================================================================
Repetition 1: t_classify = 0.890 s, t_update = 0.043 s, total = 0.932 s, n_iter = 100, final_shift = 0.000989
Repetition 2: t_classify = 0.889 s, t_update = 0.041 s, total = 0.930 s, n_iter = 100, final_shift = 0.000989
Repetition 3: t_classify = 0.890 s, t_update = 0.040 s, total = 0.931 s, n_iter = 100, final_shift = 0.000989
Repetition 4: t_classify = 0.895 s, t_update = 0.047 s, total = 0.941 s, n_iter = 100, final_shift = 0.000989
Repetition 5: t_classify = 0.913 s, t_update = 0.041 s, total = 0.954 s, n_iter = 100, final_shift = 0.000989
