================================================================================
Machine metadata:
================================================================================
CPU Vendor: AuthenticAMD
CPU Model: Common KVM processor
CPU Cores:                       8
Threads per core: 1
Threads per core: 1 (no symmetric multithreading)
CPU MHz: 
RAM: 62.79 GB
OS: Debian GNU/Linux 12 (bookworm)
GCC version: gcc (Debian 12.2.0-14+deb12u1) 12.2.0
================================================================================
Experiment results:
================================================================================
Repetition 1: t_classify = 0.607 s, t_update = 0.051 s, total = 0.658 s, n_iter = 100, final_shift = 0.000000
Repetition 2: t_classify = 0.609 s, t_update = 0.037 s, total = 0.647 s, n_iter = 100, final_shift = 0.000000
Repetition 3: t_classify = 0.595 s, t_update = 0.041 s, total = 0.636 s, n_iter = 100, final_shift = 0.000000
Repetition 4: t_classify = 0.723 s, t_update = 0.043 s, total = 0.766 s, n_iter = 100, final_shift = 0.000000
Repetition 5: t_classify = 0.598 s, t_update = 0.040 s, total = 0.638 s, n_iter = 100, final_shift = 0.000000
