================================================================================
Machine metadata:
================================================================================
CPU Vendor: AuthenticAMD
CPU Model: Common KVM processor
CPU Cores:                       8
Threads per core: 1
Threads per core: 1 (no symmetric multithreading)
CPU MHz: 
RAM: 62.79 GB
OS: Debian GNU/Linux 12 (bookworm)
GCC version: gcc (Debian 12.2.0-14+deb12u1) 12.2.0
================================================================================
Experiment results:
================================================================================
Repetition 1: t_classify = 0.384 s, t_update = 0.037 s, total = 0.421 s, n_iter = 100, final_shift = 0.000000
Repetition 2: t_classify = 0.395 s, t_update = 0.043 s, total = 0.437 s, n_iter = 100, final_shift = 0.000000
Repetition 3: t_classify = 0.387 s, t_update = 0.035 s, total = 0.422 s, n_iter = 100, final_shift = 0.000000
Repetition 4: t_classify = 0.385 s, t_update = 0.035 s, total = 0.421 s, n_iter = 100, final_shift = 0.000000
Repetition 5: t_classify = 0.405 s, t_update = 0.036 s, total = 0.441 s, n_iter = 100, final_shift = 0.000000
