================================================================================
Machine metadata:
================================================================================
CPU Vendor: AuthenticAMD
CPU Model: Common KVM processor
CPU Cores:                       8
Threads per core: 1
Threads per core: 1 (no symmetric multithreading)
CPU MHz: 
RAM: 62.79 GB
OS: Debian GNU/Linux 12 (bookworm)
GCC version: gcc (Debian 12.2.0-14+deb12u1) 12.2.0
================================================================================
Experiment results:
================================================================================
Repetition 1: t_classify = 0.360 s, t_update = 0.040 s, total = 0.400 s, n_iter = 100, final_shift = 0.000000
Repetition 2: t_classify = 0.359 s, t_update = 0.032 s, total = 0.390 s, n_iter = 100, final_shift = 0.000000
Repetition 3: t_classify = 0.363 s, t_update = 0.031 s, total = 0.395 s, n_iter = 100, final_shift = 0.000000
Repetition 4: t_classify = 0.371 s, t_update = 0.033 s, total = 0.403 s, n_iter = 100, final_shift = 0.000000
Repetition 5: t_classify = 0.358 s, t_update = 0.029 s, total = 0.387 s, n_iter = 100, final_shift = 0.000000
