================================================================================
Machine metadata:
================================================================================
CPU Vendor: AuthenticAMD
CPU Model: Common KVM processor
CPU Cores:                       8
Threads per core: 1
Threads per core: 1 (no symmetric multithreading)
CPU MHz: 
RAM: 62.79 GB
OS: Debian GNU/Linux 12 (bookworm)
GCC version: gcc (Debian 12.2.0-14+deb12u1) 12.2.0
================================================================================
Experiment results:
================================================================================
Repetition 1: t_classify = 0.990 s, t_update = 0.056 s, total = 1.046 s, n_iter = 100, final_shift = 0.000000
Repetition 2: t_classify = 0.984 s, t_update = 0.065 s, total = 1.049 s, n_iter = 100, final_shift = 0.000000
Repetition 3: t_classify = 1.019 s, t_update = 0.060 s, total = 1.079 s, n_iter = 100, final_shift = 0.000000
Repetition 4: t_classify = 0.983 s, t_update = 0.064 s, total = 1.047 s, n_iter = 100, final_shift = 0.000000
Repetition 5: t_classify = 0.987 s, t_update = 0.063 s, total = 1.050 s, n_iter = 100, final_shift = 0.000000
