================================================================================
Machine metadata:
================================================================================
CPU Vendor: AuthenticAMD
CPU Model: Common KVM processor
CPU Cores:                       8
Threads per core: 1
Threads per core: 1 (no symmetric multithreading)
CPU MHz: 
RAM: 62.79 GB
OS: Debian GNU/Linux 12 (bookworm)
GCC version: gcc (Debian 12.2.0-14+deb12u1) 12.2.0
================================================================================
Experiment results:
================================================================================
Repetition 1: t_classify = 1.614 s, t_update = 0.072 s, total = 1.686 s, n_iter = 100, final_shift = 0.000242
Repetition 2: t_classify = 1.608 s, t_update = 0.065 s, total = 1.673 s, n_iter = 100, final_shift = 0.000242
Repetition 3: t_classify = 1.603 s, t_update = 0.094 s, total = 1.697 s, n_iter = 100, final_shift = 0.000242
Repetition 4: t_classify = 1.604 s, t_update = 0.058 s, total = 1.661 s, n_iter = 100, final_shift = 0.000242
Repetition 5: t_classify = 1.602 s, t_update = 0.077 s, total = 1.679 s, n_iter = 100, final_shift = 0.000242
