================================================================================
Machine metadata:
================================================================================
CPU Vendor: AuthenticAMD
CPU Model: Common KVM processor
CPU Cores:                       8
Threads per core: 1
Threads per core: 1 (no symmetric multithreading)
CPU MHz: 
RAM: 62.79 GB
OS: Debian GNU/Linux 12 (bookworm)
GCC version: gcc (Debian 12.2.0-14+deb12u1) 12.2.0
================================================================================
Experiment results:
================================================================================
Repetition 1: t_classify = 1.434 s, t_update = 0.164 s, total = 1.598 s, n_iter = 100, final_shift = 0.000000
Repetition 2: t_classify = 1.434 s, t_update = 0.162 s, total = 1.596 s, n_iter = 100, final_shift = 0.000000
Repetition 3: t_classify = 1.430 s, t_update = 0.175 s, total = 1.606 s, n_iter = 100, final_shift = 0.000000
Repetition 4: t_classify = 1.433 s, t_update = 0.167 s, total = 1.600 s, n_iter = 100, final_shift = 0.000000
Repetition 5: t_classify = 1.433 s, t_update = 0.158 s, total = 1.591 s, n_iter = 100, final_shift = 0.000000
