================================================================================
Machine metadata:
================================================================================
CPU Vendor: AuthenticAMD
CPU Model: Common KVM processor
CPU Cores:                       8
Threads per core: 1
Threads per core: 1 (no symmetric multithreading)
CPU MHz: 
RAM: 62.79 GB
OS: Debian GNU/Linux 12 (bookworm)
GCC version: gcc (Debian 12.2.0-14+deb12u1) 12.2.0
================================================================================
Experiment results:
================================================================================
Repetition 1: t_classify = 0.760 s, t_update = 0.068 s, total = 0.828 s, n_iter = 100, final_shift = 0.000000
Repetition 2: t_classify = 0.759 s, t_update = 0.068 s, total = 0.827 s, n_iter = 100, final_shift = 0.000000
Repetition 3: t_classify = 0.759 s, t_update = 0.068 s, total = 0.827 s, n_iter = 100, final_shift = 0.000000
Repetition 4: t_classify = 0.762 s, t_update = 0.079 s, total = 0.841 s, n_iter = 100, final_shift = 0.000000
Repetition 5: t_classify = 0.780 s, t_update = 0.070 s, total = 0.850 s, n_iter = 100, final_shift = 0.000000
