================================================================================
Machine metadata:
================================================================================
CPU Vendor: AuthenticAMD
CPU Model: Common KVM processor
CPU Cores:                       8
Threads per core: 1
Threads per core: 1 (no symmetric multithreading)
CPU MHz: 
RAM: 62.79 GB
OS: Debian GNU/Linux 12 (bookworm)
GCC version: gcc (Debian 12.2.0-14+deb12u1) 12.2.0
================================================================================
Experiment results:
================================================================================
Repetition 1: t_classify = 2.008 s, t_update = 0.068 s, total = 2.076 s, n_iter = 100, final_shift = 0.016226
Repetition 2: t_classify = 1.997 s, t_update = 0.102 s, total = 2.100 s, n_iter = 100, final_shift = 0.016226
Repetition 3: t_classify = 1.992 s, t_update = 0.056 s, total = 2.048 s, n_iter = 100, final_shift = 0.016226
Repetition 4: t_classify = 1.995 s, t_update = 0.049 s, total = 2.044 s, n_iter = 100, final_shift = 0.016226
Repetition 5: t_classify = 1.995 s, t_update = 0.118 s, total = 2.112 s, n_iter = 100, final_shift = 0.016226
