================================================================================
Machine metadata:
================================================================================
CPU Vendor: AuthenticAMD
CPU Model: Common KVM processor
CPU Cores:                       8
Threads per core: 1
Threads per core: 1 (no symmetric multithreading)
CPU MHz: 
RAM: 62.79 GB
OS: Debian GNU/Linux 12 (bookworm)
GCC version: gcc (Debian 12.2.0-14+deb12u1) 12.2.0
================================================================================
Experiment results:
================================================================================
Repetition 1: t_classify = 0.989 s, t_update = 0.036 s, total = 1.026 s, n_iter = 100, final_shift = 0.000000
Repetition 2: t_classify = 1.019 s, t_update = 0.046 s, total = 1.064 s, n_iter = 100, final_shift = 0.000000
Repetition 3: t_classify = 1.008 s, t_update = 0.038 s, total = 1.046 s, n_iter = 100, final_shift = 0.000000
Repetition 4: t_classify = 1.020 s, t_update = 0.039 s, total = 1.059 s, n_iter = 100, final_shift = 0.000000
Repetition 5: t_classify = 0.992 s, t_update = 0.041 s, total = 1.034 s, n_iter = 100, final_shift = 0.000000
