================================================================================
Machine metadata:
================================================================================
CPU Vendor: AuthenticAMD
CPU Model: Common KVM processor
CPU Cores:                       8
Threads per core: 1
Threads per core: 1 (no symmetric multithreading)
CPU MHz: 
RAM: 62.79 GB
OS: Debian GNU/Linux 12 (bookworm)
GCC version: gcc (Debian 12.2.0-14+deb12u1) 12.2.0
================================================================================
Experiment results:
================================================================================
Repetition 1: t_classify = 12.698 s, t_update = 0.503 s, total = 13.201 s, n_iter = 100, final_shift = 0.022385
Repetition 2: t_classify = 12.701 s, t_update = 0.496 s, total = 13.196 s, n_iter = 100, final_shift = 0.022385
Repetition 3: t_classify = 12.723 s, t_update = 0.500 s, total = 13.223 s, n_iter = 100, final_shift = 0.022385
Repetition 4: t_classify = 12.735 s, t_update = 0.484 s, total = 13.219 s, n_iter = 100, final_shift = 0.022385
Repetition 5: t_classify = 12.696 s, t_update = 0.489 s, total = 13.185 s, n_iter = 100, final_shift = 0.022385
