================================================================================
Machine metadata:
================================================================================
CPU Vendor: AuthenticAMD
CPU Model: Common KVM processor
CPU Cores:                       8
Threads per core: 1
Threads per core: 1 (no symmetric multithreading)
CPU MHz: 
RAM: 62.79 GB
OS: Debian GNU/Linux 12 (bookworm)
GCC version: gcc (Debian 12.2.0-14+deb12u1) 12.2.0
================================================================================
Experiment results:
================================================================================
Repetition 1: t_classify = 2.671 s, t_update = 0.233 s, total = 2.904 s, n_iter = 100, final_shift = 28.646912
Repetition 2: t_classify = 2.646 s, t_update = 0.155 s, total = 2.801 s, n_iter = 100, final_shift = 28.646971
Repetition 3: t_classify = 2.869 s, t_update = 0.199 s, total = 3.068 s, n_iter = 100, final_shift = 28.646948
Repetition 4: t_classify = 2.696 s, t_update = 0.155 s, total = 2.851 s, n_iter = 100, final_shift = 30.908981
Repetition 5: t_classify = 2.665 s, t_update = 0.251 s, total = 2.917 s, n_iter = 100, final_shift = 30.909025
