================================================================================
Machine metadata:
================================================================================
CPU Vendor: AuthenticAMD
CPU Model: Common KVM processor
CPU Cores:                       8
Threads per core: 1
Threads per core: 1 (no symmetric multithreading)
CPU MHz: 
RAM: 62.79 GB
OS: Debian GNU/Linux 12 (bookworm)
GCC version: gcc (Debian 12.2.0-14+deb12u1) 12.2.0
================================================================================
Experiment results:
================================================================================
Repetition 1: t_classify = 3.359 s, t_update = 0.525 s, total = 3.884 s, n_iter = 100, final_shift = 2.405617
Repetition 2: t_classify = 3.271 s, t_update = 0.280 s, total = 3.551 s, n_iter = 100, final_shift = 2.405617
Repetition 3: t_classify = 3.348 s, t_update = 0.529 s, total = 3.876 s, n_iter = 100, final_shift = 2.405617
Repetition 4: t_classify = 3.284 s, t_update = 0.486 s, total = 3.770 s, n_iter = 100, final_shift = 2.405617
Repetition 5: t_classify = 3.336 s, t_update = 0.294 s, total = 3.630 s, n_iter = 100, final_shift = 2.405617
