================================================================================
Machine metadata:
================================================================================
CPU Vendor: AuthenticAMD
CPU Model: Common KVM processor
CPU Cores:                       8
Threads per core: 1
Threads per core: 1 (no symmetric multithreading)
CPU MHz: 
RAM: 62.79 GB
OS: Debian GNU/Linux 12 (bookworm)
GCC version: gcc (Debian 12.2.0-14+deb12u1) 12.2.0
================================================================================
Experiment results:
================================================================================
Repetition 1: t_classify = 0.233 s, t_update = 0.026 s, total = 0.259 s, n_iter = 100, final_shift = 0.000000
Repetition 2: t_classify = 0.251 s, t_update = 0.023 s, total = 0.274 s, n_iter = 100, final_shift = 0.000000
Repetition 3: t_classify = 0.256 s, t_update = 0.022 s, total = 0.278 s, n_iter = 100, final_shift = 0.000000
Repetition 4: t_classify = 0.234 s, t_update = 0.022 s, total = 0.256 s, n_iter = 100, final_shift = 0.000000
Repetition 5: t_classify = 0.250 s, t_update = 0.022 s, total = 0.272 s, n_iter = 100, final_shift = 0.000000
