================================================================================
Machine metadata:
================================================================================
CPU Vendor: AuthenticAMD
CPU Model: Common KVM processor
CPU Cores:                       8
Threads per core: 1
Threads per core: 1 (no symmetric multithreading)
CPU MHz: 
RAM: 62.79 GB
OS: Debian GNU/Linux 12 (bookworm)
GCC version: gcc (Debian 12.2.0-14+deb12u1) 12.2.0
================================================================================
Experiment results:
================================================================================
Repetition 1: t_classify = 0.818 s, t_update = 0.203 s, total = 1.021 s, n_iter = 100, final_shift = 0.001962
Repetition 2: t_classify = 0.856 s, t_update = 0.130 s, total = 0.986 s, n_iter = 100, final_shift = 0.000197
Repetition 3: t_classify = 0.815 s, t_update = 0.124 s, total = 0.940 s, n_iter = 100, final_shift = 0.000709
Repetition 4: t_classify = 0.813 s, t_update = 0.119 s, total = 0.932 s, n_iter = 100, final_shift = 0.000679
Repetition 5: t_classify = 0.820 s, t_update = 0.133 s, total = 0.953 s, n_iter = 100, final_shift = 0.003849
