================================================================================
Machine metadata:
================================================================================
CPU Vendor: AuthenticAMD
CPU Model: Common KVM processor
CPU Cores:                       8
Threads per core: 1
Threads per core: 1 (no symmetric multithreading)
CPU MHz: 
RAM: 62.79 GB
OS: Debian GNU/Linux 12 (bookworm)
GCC version: gcc (Debian 12.2.0-14+deb12u1) 12.2.0
================================================================================
Experiment results:
================================================================================
Repetition 1: t_classify = 2.371 s, t_update = 0.295 s, total = 2.666 s, n_iter = 100, final_shift = 0.000000
Repetition 2: t_classify = 2.363 s, t_update = 0.295 s, total = 2.658 s, n_iter = 100, final_shift = 0.000000
Repetition 3: t_classify = 2.363 s, t_update = 0.305 s, total = 2.668 s, n_iter = 100, final_shift = 0.000000
Repetition 4: t_classify = 2.365 s, t_update = 0.286 s, total = 2.650 s, n_iter = 100, final_shift = 0.000000
Repetition 5: t_classify = 2.368 s, t_update = 0.298 s, total = 2.666 s, n_iter = 100, final_shift = 0.000000
