================================================================================
Machine metadata:
================================================================================
CPU Vendor: AuthenticAMD
CPU Model: Common KVM processor
CPU Cores:                       8
Threads per core: 1
Threads per core: 1 (no symmetric multithreading)
CPU MHz: 
RAM: 62.79 GB
OS: Debian GNU/Linux 12 (bookworm)
GCC version: gcc (Debian 12.2.0-14+deb12u1) 12.2.0
================================================================================
Experiment results:
================================================================================
Repetition 1: t_classify = 4.444 s, t_update = 0.376 s, total = 4.820 s, n_iter = 100, final_shift = 34.049675
Repetition 2: t_classify = 4.407 s, t_update = 0.472 s, total = 4.879 s, n_iter = 100, final_shift = 53.630329
Repetition 3: t_classify = 4.436 s, t_update = 0.437 s, total = 4.873 s, n_iter = 100, final_shift = 53.630329
Repetition 4: t_classify = 4.385 s, t_update = 0.448 s, total = 4.833 s, n_iter = 100, final_shift = 53.630329
Repetition 5: t_classify = 4.384 s, t_update = 0.158 s, total = 4.542 s, n_iter = 100, final_shift = 53.630398
