================================================================================
Machine metadata:
================================================================================
CPU Vendor: AuthenticAMD
CPU Model: Common KVM processor
CPU Cores:                       8
Threads per core: 1
Threads per core: 1 (no symmetric multithreading)
CPU MHz: 
RAM: 62.79 GB
OS: Debian GNU/Linux 12 (bookworm)
GCC version: gcc (Debian 12.2.0-14+deb12u1) 12.2.0
================================================================================
Experiment results:
================================================================================
Repetition 1: t_classify = 3.161 s, t_update = 0.224 s, total = 3.385 s, n_iter = 100, final_shift = 0.000000
Repetition 2: t_classify = 3.169 s, t_update = 0.466 s, total = 3.635 s, n_iter = 100, final_shift = 0.000000
Repetition 3: t_classify = 3.167 s, t_update = 0.223 s, total = 3.391 s, n_iter = 100, final_shift = 0.000000
Repetition 4: t_classify = 3.155 s, t_update = 0.222 s, total = 3.377 s, n_iter = 100, final_shift = 0.000000
Repetition 5: t_classify = 3.158 s, t_update = 0.225 s, total = 3.383 s, n_iter = 100, final_shift = 0.000000
