================================================================================
Machine metadata:
================================================================================
CPU Vendor: AuthenticAMD
CPU Model: Common KVM processor
CPU Cores:                       8
Threads per core: 1
Threads per core: 1 (no symmetric multithreading)
CPU MHz: 
RAM: 62.79 GB
OS: Debian GNU/Linux 12 (bookworm)
GCC version: gcc (Debian 12.2.0-14+deb12u1) 12.2.0
================================================================================
Experiment results:
================================================================================
Repetition 1: t_classify = 3.180 s, t_update = 0.073 s, total = 3.253 s, n_iter = 100, final_shift = 0.015669
Repetition 2: t_classify = 3.174 s, t_update = 0.076 s, total = 3.250 s, n_iter = 100, final_shift = 0.015669
Repetition 3: t_classify = 3.178 s, t_update = 0.115 s, total = 3.293 s, n_iter = 100, final_shift = 0.015669
Repetition 4: t_classify = 3.180 s, t_update = 0.079 s, total = 3.260 s, n_iter = 100, final_shift = 0.015669
Repetition 5: t_classify = 3.179 s, t_update = 0.142 s, total = 3.321 s, n_iter = 100, final_shift = 0.015669
