================================================================================
Machine metadata:
================================================================================
CPU Vendor: AuthenticAMD
CPU Model: Common KVM processor
CPU Cores:                       8
Threads per core: 1
Threads per core: 1 (no symmetric multithreading)
CPU MHz: 
RAM: 62.79 GB
OS: Debian GNU/Linux 12 (bookworm)
GCC version: gcc (Debian 12.2.0-14+deb12u1) 12.2.0
================================================================================
Experiment results:
================================================================================
Repetition 1: t_classify = 0.722 s, t_update = 0.073 s, total = 0.795 s, n_iter = 100, final_shift = 0.000000
Repetition 2: t_classify = 0.718 s, t_update = 0.083 s, total = 0.801 s, n_iter = 100, final_shift = 0.000000
Repetition 3: t_classify = 0.730 s, t_update = 0.152 s, total = 0.882 s, n_iter = 100, final_shift = 0.000000
Repetition 4: t_classify = 0.729 s, t_update = 0.079 s, total = 0.808 s, n_iter = 100, final_shift = 0.000000
Repetition 5: t_classify = 0.721 s, t_update = 0.064 s, total = 0.785 s, n_iter = 100, final_shift = 0.000000
