================================================================================
Machine metadata:
================================================================================
CPU Vendor: AuthenticAMD
CPU Model: Common KVM processor
CPU Cores:                       8
Threads per core: 1
Threads per core: 1 (no symmetric multithreading)
CPU MHz: 
RAM: 62.79 GB
OS: Debian GNU/Linux 12 (bookworm)
GCC version: gcc (Debian 12.2.0-14+deb12u1) 12.2.0
================================================================================
Experiment results:
================================================================================
Repetition 1: t_classify = 0.128 s, t_update = 0.006 s, total = 0.134 s, n_iter = 100, final_shift = 0.003959
Repetition 2: t_classify = 0.131 s, t_update = 0.007 s, total = 0.138 s, n_iter = 100, final_shift = 0.003959
Repetition 3: t_classify = 0.129 s, t_update = 0.006 s, total = 0.136 s, n_iter = 100, final_shift = 0.003959
Repetition 4: t_classify = 0.130 s, t_update = 0.007 s, total = 0.137 s, n_iter = 100, final_shift = 0.003959
Repetition 5: t_classify = 0.133 s, t_update = 0.006 s, total = 0.139 s, n_iter = 100, final_shift = 0.003959
