================================================================================
Machine metadata:
================================================================================
CPU Vendor: AuthenticAMD
CPU Model: Common KVM processor
CPU Cores:                       8
Threads per core: 1
Threads per core: 1 (no symmetric multithreading)
CPU MHz: 
RAM: 62.79 GB
OS: Debian GNU/Linux 12 (bookworm)
GCC version: gcc (Debian 12.2.0-14+deb12u1) 12.2.0
================================================================================
Experiment results:
================================================================================
Repetition 1: t_classify = 5.239 s, t_update = 0.193 s, total = 5.431 s, n_iter = 100, final_shift = 0.000000
Repetition 2: t_classify = 5.245 s, t_update = 0.196 s, total = 5.441 s, n_iter = 100, final_shift = 0.000000
Repetition 3: t_classify = 5.312 s, t_update = 0.467 s, total = 5.779 s, n_iter = 100, final_shift = 0.000000
Repetition 4: t_classify = 5.255 s, t_update = 0.182 s, total = 5.436 s, n_iter = 100, final_shift = 0.000000
Repetition 5: t_classify = 5.236 s, t_update = 0.200 s, total = 5.436 s, n_iter = 100, final_shift = 0.000000
