================================================================================
Machine metadata:
================================================================================
CPU Vendor: AuthenticAMD
CPU Model: Common KVM processor
CPU Cores:                       8
Threads per core: 1
Threads per core: 1 (no symmetric multithreading)
CPU MHz: 
RAM: 62.79 GB
OS: Debian GNU/Linux 12 (bookworm)
GCC version: gcc (Debian 12.2.0-14+deb12u1) 12.2.0
================================================================================
Experiment results:
================================================================================
Repetition 1: t_classify = 0.094 s, t_update = 0.020 s, total = 0.114 s, n_iter = 100, final_shift = 0.000000
Repetition 2: t_classify = 0.097 s, t_update = 0.025 s, total = 0.122 s, n_iter = 100, final_shift = 0.000000
Repetition 3: t_classify = 0.082 s, t_update = 0.020 s, total = 0.102 s, n_iter = 100, final_shift = 0.000000
Repetition 4: t_classify = 0.081 s, t_update = 0.019 s, total = 0.100 s, n_iter = 100, final_shift = 0.000000
Repetition 5: t_classify = 0.100 s, t_update = 0.019 s, total = 0.118 s, n_iter = 100, final_shift = 0.000000
