================================================================================
Machine metadata:
================================================================================
CPU Vendor: AuthenticAMD
CPU Model: Common KVM processor
CPU Cores:                       8
Threads per core: 1
Threads per core: 1 (no symmetric multithreading)
CPU MHz: 
RAM: 62.79 GB
OS: Debian GNU/Linux 12 (bookworm)
GCC version: gcc (Debian 12.2.0-14+deb12u1) 12.2.0
================================================================================
Experiment results:
================================================================================
Repetition 1: t_classify = 2.792 s, t_update = 0.123 s, total = 2.915 s, n_iter = 100, final_shift = 0.001020
Repetition 2: t_classify = 2.793 s, t_update = 0.085 s, total = 2.879 s, n_iter = 100, final_shift = 0.001020
Repetition 3: t_classify = 2.796 s, t_update = 0.177 s, total = 2.973 s, n_iter = 100, final_shift = 0.001020
Repetition 4: t_classify = 2.796 s, t_update = 0.102 s, total = 2.899 s, n_iter = 100, final_shift = 0.001020
Repetition 5: t_classify = 2.821 s, t_update = 0.203 s, total = 3.024 s, n_iter = 100, final_shift = 0.001020
