================================================================================
Machine metadata:
================================================================================
CPU Vendor: AuthenticAMD
CPU Model: Common KVM processor
CPU Cores:                       8
Threads per core: 1
Threads per core: 1 (no symmetric multithreading)
CPU MHz: 
RAM: 62.79 GB
OS: Debian GNU/Linux 12 (bookworm)
GCC version: gcc (Debian 12.2.0-14+deb12u1) 12.2.0
================================================================================
Experiment results:
================================================================================
Repetition 1: t_classify = 1.010 s, t_update = 0.033 s, total = 1.044 s, n_iter = 100, final_shift = 0.012286
Repetition 2: t_classify = 1.015 s, t_update = 0.048 s, total = 1.063 s, n_iter = 100, final_shift = 0.012841
Repetition 3: t_classify = 1.046 s, t_update = 0.045 s, total = 1.091 s, n_iter = 100, final_shift = 0.016105
Repetition 4: t_classify = 1.003 s, t_update = 0.033 s, total = 1.036 s, n_iter = 100, final_shift = 0.009518
Repetition 5: t_classify = 1.007 s, t_update = 0.032 s, total = 1.039 s, n_iter = 100, final_shift = 0.003577
