================================================================================
Machine metadata:
================================================================================
CPU Vendor: AuthenticAMD
CPU Model: Common KVM processor
CPU Cores:                       8
Threads per core: 1
Threads per core: 1 (no symmetric multithreading)
CPU MHz: 
RAM: 62.79 GB
OS: Debian GNU/Linux 12 (bookworm)
GCC version: gcc (Debian 12.2.0-14+deb12u1) 12.2.0
================================================================================
Experiment results:
================================================================================
Repetition 1: t_classify = 0.943 s, t_update = 0.189 s, total = 1.133 s, n_iter = 100, final_shift = 0.000197
Repetition 2: t_classify = 0.944 s, t_update = 0.212 s, total = 1.156 s, n_iter = 100, final_shift = 0.000679
Repetition 3: t_classify = 0.955 s, t_update = 0.191 s, total = 1.146 s, n_iter = 100, final_shift = 0.000618
Repetition 4: t_classify = 0.936 s, t_update = 0.171 s, total = 1.107 s, n_iter = 100, final_shift = 0.000196
Repetition 5: t_classify = 0.973 s, t_update = 0.164 s, total = 1.137 s, n_iter = 100, final_shift = 0.000303
