================================================================================
Machine metadata:
================================================================================
CPU Vendor: AuthenticAMD
CPU Model: Common KVM processor
CPU Cores:                       8
Threads per core: 1
Threads per core: 1 (no symmetric multithreading)
CPU MHz: 
RAM: 62.79 GB
OS: Debian GNU/Linux 12 (bookworm)
GCC version: gcc (Debian 12.2.0-14+deb12u1) 12.2.0
================================================================================
Experiment results:
================================================================================
Repetition 1: t_classify = 5.241 s, t_update = 0.187 s, total = 5.429 s, n_iter = 100, final_shift = 1.590538
Repetition 2: t_classify = 5.257 s, t_update = 0.501 s, total = 5.758 s, n_iter = 100, final_shift = 1.590538
Repetition 3: t_classify = 5.286 s, t_update = 0.190 s, total = 5.476 s, n_iter = 100, final_shift = 1.590538
Repetition 4: t_classify = 5.247 s, t_update = 0.188 s, total = 5.435 s, n_iter = 100, final_shift = 1.590538
Repetition 5: t_classify = 5.240 s, t_update = 0.188 s, total = 5.428 s, n_iter = 100, final_shift = 1.590538
