================================================================================
Machine metadata:
================================================================================
CPU Vendor: AuthenticAMD
CPU Model: Common KVM processor
CPU Cores:                       8
Threads per core: 1
Threads per core: 1 (no symmetric multithreading)
CPU MHz: 
RAM: 62.79 GB
OS: Debian GNU/Linux 12 (bookworm)
GCC version: gcc (Debian 12.2.0-14+deb12u1) 12.2.0
================================================================================
Experiment results:
================================================================================
Repetition 1: t_classify = 1.595 s, t_update = 0.046 s, total = 1.640 s, n_iter = 100, final_shift = 0.050064
Repetition 2: t_classify = 1.597 s, t_update = 0.051 s, total = 1.647 s, n_iter = 100, final_shift = 0.050064
Repetition 3: t_classify = 1.605 s, t_update = 0.051 s, total = 1.655 s, n_iter = 100, final_shift = 0.050064
Repetition 4: t_classify = 1.596 s, t_update = 0.047 s, total = 1.643 s, n_iter = 100, final_shift = 0.050064
Repetition 5: t_classify = 1.596 s, t_update = 0.060 s, total = 1.656 s, n_iter = 100, final_shift = 0.050064
