================================================================================
Machine metadata:
================================================================================
CPU Vendor: AuthenticAMD
CPU Model: Common KVM processor
CPU Cores:                       8
Threads per core: 1
Threads per core: 1 (no symmetric multithreading)
CPU MHz: 
RAM: 62.79 GB
OS: Debian GNU/Linux 12 (bookworm)
GCC version: gcc (Debian 12.2.0-14+deb12u1) 12.2.0
================================================================================
Experiment results:
================================================================================
Repetition 1: t_classify = 0.421 s, t_update = 0.022 s, total = 0.443 s, n_iter = 100, final_shift = 0.032608
Repetition 2: t_classify = 0.401 s, t_update = 0.011 s, total = 0.413 s, n_iter = 100, final_shift = 0.032608
Repetition 3: t_classify = 0.405 s, t_update = 0.017 s, total = 0.422 s, n_iter = 100, final_shift = 0.032608
Repetition 4: t_classify = 0.399 s, t_update = 0.016 s, total = 0.415 s, n_iter = 100, final_shift = 0.032608
Repetition 5: t_classify = 0.412 s, t_update = 0.016 s, total = 0.428 s, n_iter = 100, final_shift = 0.032608
