================================================================================
Machine metadata:
================================================================================
CPU Vendor: AuthenticAMD
CPU Model: Common KVM processor
CPU Cores:                       8
Threads per core: 1
Threads per core: 1 (no symmetric multithreading)
CPU MHz: 
RAM: 62.79 GB
OS: Debian GNU/Linux 12 (bookworm)
GCC version: gcc (Debian 12.2.0-14+deb12u1) 12.2.0
================================================================================
Experiment results:
================================================================================
Repetition 1: t_classify = 2.776 s, t_update = 0.230 s, total = 3.007 s, n_iter = 100, final_shift = 1.805468
Repetition 2: t_classify = 2.818 s, t_update = 0.523 s, total = 3.342 s, n_iter = 100, final_shift = 1.805468
Repetition 3: t_classify = 2.779 s, t_update = 0.219 s, total = 2.999 s, n_iter = 100, final_shift = 1.805468
Repetition 4: t_classify = 2.771 s, t_update = 0.489 s, total = 3.260 s, n_iter = 100, final_shift = 1.805468
Repetition 5: t_classify = 2.845 s, t_update = 0.483 s, total = 3.328 s, n_iter = 100, final_shift = 1.805468
