================================================================================
Machine metadata:
================================================================================
CPU Vendor: AuthenticAMD
CPU Model: Common KVM processor
CPU Cores:                       8
Threads per core: 1
Threads per core: 1 (no symmetric multithreading)
CPU MHz: 
RAM: 62.79 GB
OS: Debian GNU/Linux 12 (bookworm)
GCC version: gcc (Debian 12.2.0-14+deb12u1) 12.2.0
================================================================================
Experiment results:
================================================================================
Repetition 1: t_classify = 1.194 s, t_update = 0.132 s, total = 1.326 s, n_iter = 100, final_shift = 0.000000
Repetition 2: t_classify = 1.190 s, t_update = 0.133 s, total = 1.323 s, n_iter = 100, final_shift = 0.000000
Repetition 3: t_classify = 1.199 s, t_update = 0.135 s, total = 1.333 s, n_iter = 100, final_shift = 0.000000
Repetition 4: t_classify = 1.186 s, t_update = 0.126 s, total = 1.312 s, n_iter = 100, final_shift = 0.000000
Repetition 5: t_classify = 1.199 s, t_update = 0.133 s, total = 1.332 s, n_iter = 100, final_shift = 0.000000
