================================================================================
Machine metadata:
================================================================================
CPU Vendor: AuthenticAMD
CPU Model: Common KVM processor
CPU Cores:                       8
Threads per core: 1
Threads per core: 1 (no symmetric multithreading)
CPU MHz: 
RAM: 62.79 GB
OS: Debian GNU/Linux 12 (bookworm)
GCC version: gcc (Debian 12.2.0-14+deb12u1) 12.2.0
================================================================================
Experiment results:
================================================================================
Repetition 1: t_classify = 0.320 s, t_update = 0.017 s, total = 0.336 s, n_iter = 100, final_shift = 0.000047
Repetition 2: t_classify = 0.323 s, t_update = 0.015 s, total = 0.338 s, n_iter = 100, final_shift = 0.000047
Repetition 3: t_classify = 0.319 s, t_update = 0.015 s, total = 0.333 s, n_iter = 100, final_shift = 0.000047
Repetition 4: t_classify = 0.324 s, t_update = 0.016 s, total = 0.340 s, n_iter = 100, final_shift = 0.000047
Repetition 5: t_classify = 0.322 s, t_update = 0.015 s, total = 0.337 s, n_iter = 100, final_shift = 0.000047
