================================================================================
Machine metadata:
================================================================================
CPU Vendor: AuthenticAMD
CPU Model: Common KVM processor
CPU Cores:                       8
Threads per core: 1
Threads per core: 1 (no symmetric multithreading)
CPU MHz: 
RAM: 62.79 GB
OS: Debian GNU/Linux 12 (bookworm)
GCC version: gcc (Debian 12.2.0-14+deb12u1) 12.2.0
================================================================================
Experiment results:
================================================================================
Repetition 1: t_classify = 2.708 s, t_update = 0.464 s, total = 3.172 s, n_iter = 100, final_shift = 0.000000
Repetition 2: t_classify = 2.674 s, t_update = 0.231 s, total = 2.905 s, n_iter = 100, final_shift = 0.000000
Repetition 3: t_classify = 2.715 s, t_update = 0.446 s, total = 3.161 s, n_iter = 100, final_shift = 0.000000
Repetition 4: t_classify = 2.673 s, t_update = 0.484 s, total = 3.156 s, n_iter = 100, final_shift = 0.000000
Repetition 5: t_classify = 2.685 s, t_update = 0.442 s, total = 3.127 s, n_iter = 100, final_shift = 0.000000
