================================================================================
Machine metadata:
================================================================================
CPU Vendor: AuthenticAMD
CPU Model: Common KVM processor
CPU Cores:                       8
Threads per core: 1
Threads per core: 1 (no symmetric multithreading)
CPU MHz: 
RAM: 62.79 GB
OS: Debian GNU/Linux 12 (bookworm)
GCC version: gcc (Debian 12.2.0-14+deb12u1) 12.2.0
================================================================================
Experiment results:
================================================================================
Repetition 1: t_classify = 3.683 s, t_update = 0.221 s, total = 3.904 s, n_iter = 100, final_shift = 0.000000
Repetition 2: t_classify = 3.718 s, t_update = 0.285 s, total = 4.004 s, n_iter = 100, final_shift = 0.000000
Repetition 3: t_classify = 3.696 s, t_update = 0.384 s, total = 4.080 s, n_iter = 100, final_shift = 0.000000
Repetition 4: t_classify = 3.687 s, t_update = 0.178 s, total = 3.864 s, n_iter = 100, final_shift = 0.000000
Repetition 5: t_classify = 3.690 s, t_update = 0.260 s, total = 3.949 s, n_iter = 100, final_shift = 0.000000
