================================================================================
Machine metadata:
================================================================================
CPU Vendor: AuthenticAMD
CPU Model: Common KVM processor
CPU Cores:                       8
Threads per core: 1
Threads per core: 1 (no symmetric multithreading)
CPU MHz: 
RAM: 62.79 GB
OS: Debian GNU/Linux 12 (bookworm)
GCC version: gcc (Debian 12.2.0-14+deb12u1) 12.2.0
================================================================================
Experiment results:
================================================================================
Repetition 1: t_classify = 1.644 s, t_update = 0.060 s, total = 1.704 s, n_iter = 100, final_shift = 30.960493
Repetition 2: t_classify = 1.682 s, t_update = 0.111 s, total = 1.793 s, n_iter = 100, final_shift = 31.829994
Repetition 3: t_classify = 1.642 s, t_update = 0.071 s, total = 1.713 s, n_iter = 100, final_shift = 9.488213
Repetition 4: t_classify = 1.660 s, t_update = 0.053 s, total = 1.713 s, n_iter = 100, final_shift = 30.908928
Repetition 5: t_classify = 1.675 s, t_update = 0.076 s, total = 1.752 s, n_iter = 100, final_shift = 30.270191
