================================================================================
Machine metadata:
================================================================================
CPU Vendor: AuthenticAMD
CPU Model: Common KVM processor
CPU Cores:                       8
Threads per core: 1
Threads per core: 1 (no symmetric multithreading)
CPU MHz: 
RAM: 62.79 GB
OS: Debian GNU/Linux 12 (bookworm)
GCC version: gcc (Debian 12.2.0-14+deb12u1) 12.2.0
================================================================================
Experiment results:
================================================================================
Repetition 1: t_classify = 2.405 s, t_update = 0.113 s, total = 2.518 s, n_iter = 100, final_shift = 0.062864
Repetition 2: t_classify = 2.408 s, t_update = 0.106 s, total = 2.514 s, n_iter = 100, final_shift = 0.062864
Repetition 3: t_classify = 2.398 s, t_update = 0.184 s, total = 2.581 s, n_iter = 100, final_shift = 0.062864
Repetition 4: t_classify = 2.387 s, t_update = 0.065 s, total = 2.453 s, n_iter = 100, final_shift = 0.062864
Repetition 5: t_classify = 2.397 s, t_update = 0.087 s, total = 2.484 s, n_iter = 100, final_shift = 0.062864
