================================================================================
Machine metadata:
================================================================================
CPU Vendor: AuthenticAMD
CPU Model: Common KVM processor
CPU Cores:                       8
Threads per core: 1
Threads per core: 1 (no symmetric multithreading)
CPU MHz: 
RAM: 62.79 GB
OS: Debian GNU/Linux 12 (bookworm)
GCC version: gcc (Debian 12.2.0-14+deb12u1) 12.2.0
================================================================================
Experiment results:
================================================================================
Repetition 1: t_classify = 0.676 s, t_update = 0.052 s, total = 0.728 s, n_iter = 100, final_shift = 0.000000
Repetition 2: t_classify = 0.691 s, t_update = 0.047 s, total = 0.738 s, n_iter = 100, final_shift = 0.000000
Repetition 3: t_classify = 0.659 s, t_update = 0.048 s, total = 0.707 s, n_iter = 100, final_shift = 0.000000
Repetition 4: t_classify = 0.665 s, t_update = 0.057 s, total = 0.721 s, n_iter = 100, final_shift = 0.000000
Repetition 5: t_classify = 0.659 s, t_update = 0.055 s, total = 0.714 s, n_iter = 100, final_shift = 0.000000
