================================================================================
Machine metadata:
================================================================================
CPU Vendor: AuthenticAMD
CPU Model: Common KVM processor
CPU Cores:                       8
Threads per core: 1
Threads per core: 1 (no symmetric multithreading)
CPU MHz: 
RAM: 62.79 GB
OS: Debian GNU/Linux 12 (bookworm)
GCC version: gcc (Debian 12.2.0-14+deb12u1) 12.2.0
================================================================================
Experiment results:
================================================================================
Repetition 1: t_classify = 0.606 s, t_update = 0.067 s, total = 0.673 s, n_iter = 100, final_shift = 0.000000
Repetition 2: t_classify = 0.612 s, t_update = 0.054 s, total = 0.666 s, n_iter = 100, final_shift = 0.000000
Repetition 3: t_classify = 0.602 s, t_update = 0.048 s, total = 0.650 s, n_iter = 100, final_shift = 0.000000
Repetition 4: t_classify = 0.608 s, t_update = 0.054 s, total = 0.662 s, n_iter = 100, final_shift = 0.000000
Repetition 5: t_classify = 0.603 s, t_update = 0.080 s, total = 0.683 s, n_iter = 100, final_shift = 0.000000
