================================================================================
Machine metadata:
================================================================================
CPU Vendor: AuthenticAMD
CPU Model: Common KVM processor
CPU Cores:                       8
Threads per core: 1
Threads per core: 1 (no symmetric multithreading)
CPU MHz: 
RAM: 62.79 GB
OS: Debian GNU/Linux 12 (bookworm)
GCC version: gcc (Debian 12.2.0-14+deb12u1) 12.2.0
================================================================================
Experiment results:
================================================================================
Repetition 1: t_classify = 2.160 s, t_update = 0.090 s, total = 2.250 s, n_iter = 100, final_shift = 0.999719
Repetition 2: t_classify = 2.099 s, t_update = 0.089 s, total = 2.188 s, n_iter = 100, final_shift = 0.999730
Repetition 3: t_classify = 2.103 s, t_update = 0.083 s, total = 2.186 s, n_iter = 100, final_shift = 0.999719
Repetition 4: t_classify = 2.101 s, t_update = 0.083 s, total = 2.184 s, n_iter = 100, final_shift = 0.999728
Repetition 5: t_classify = 2.107 s, t_update = 0.084 s, total = 2.191 s, n_iter = 100, final_shift = 0.999731
