================================================================================
Machine metadata:
================================================================================
CPU Vendor: AuthenticAMD
CPU Model: Common KVM processor
CPU Cores:                       8
Threads per core: 1
Threads per core: 1 (no symmetric multithreading)
CPU MHz: 
RAM: 62.79 GB
OS: Debian GNU/Linux 12 (bookworm)
GCC version: gcc (Debian 12.2.0-14+deb12u1) 12.2.0
================================================================================
Experiment results:
================================================================================
Repetition 1: t_classify = 0.221 s, t_update = 0.018 s, total = 0.239 s, n_iter = 100, final_shift = 15.458922
Repetition 2: t_classify = 0.219 s, t_update = 0.017 s, total = 0.236 s, n_iter = 100, final_shift = 15.458875
Repetition 3: t_classify = 0.254 s, t_update = 0.018 s, total = 0.272 s, n_iter = 100, final_shift = 6.194462
Repetition 4: t_classify = 0.219 s, t_update = 0.012 s, total = 0.231 s, n_iter = 100, final_shift = 15.458921
Repetition 5: t_classify = 0.219 s, t_update = 0.017 s, total = 0.236 s, n_iter = 100, final_shift = 15.458932
