================================================================================
Machine metadata:
================================================================================
CPU Vendor: AuthenticAMD
CPU Model: Common KVM processor
CPU Cores:                       8
Threads per core: 1
Threads per core: 1 (no symmetric multithreading)
CPU MHz: 
RAM: 62.79 GB
OS: Debian GNU/Linux 12 (bookworm)
GCC version: gcc (Debian 12.2.0-14+deb12u1) 12.2.0
================================================================================
Experiment results:
================================================================================
Repetition 1: t_classify = 6.352 s, t_update = 0.241 s, total = 6.593 s, n_iter = 100, final_shift = 0.022385
Repetition 2: t_classify = 6.369 s, t_update = 0.231 s, total = 6.600 s, n_iter = 100, final_shift = 0.022385
Repetition 3: t_classify = 6.358 s, t_update = 0.215 s, total = 6.573 s, n_iter = 100, final_shift = 0.022385
Repetition 4: t_classify = 6.372 s, t_update = 0.256 s, total = 6.628 s, n_iter = 100, final_shift = 0.022385
Repetition 5: t_classify = 6.381 s, t_update = 0.224 s, total = 6.605 s, n_iter = 100, final_shift = 0.022385
