================================================================================
Machine metadata:
================================================================================
CPU Vendor: AuthenticAMD
CPU Model: Common KVM processor
CPU Cores:                       8
Threads per core: 1
Threads per core: 1 (no symmetric multithreading)
CPU MHz: 
RAM: 62.79 GB
OS: Debian GNU/Linux 12 (bookworm)
GCC version: gcc (Debian 12.2.0-14+deb12u1) 12.2.0
================================================================================
Experiment results:
================================================================================
Repetition 1: t_classify = 1.192 s, t_update = 0.058 s, total = 1.250 s, n_iter = 100, final_shift = 0.000000
Repetition 2: t_classify = 1.191 s, t_update = 0.058 s, total = 1.249 s, n_iter = 100, final_shift = 0.000000
Repetition 3: t_classify = 1.189 s, t_update = 0.061 s, total = 1.250 s, n_iter = 100, final_shift = 0.000000
Repetition 4: t_classify = 1.186 s, t_update = 0.057 s, total = 1.243 s, n_iter = 100, final_shift = 0.000000
Repetition 5: t_classify = 1.191 s, t_update = 0.084 s, total = 1.275 s, n_iter = 100, final_shift = 0.000000
