================================================================================
Machine metadata:
================================================================================
CPU Vendor: AuthenticAMD
CPU Model: Common KVM processor
CPU Cores:                       8
Threads per core: 1
Threads per core: 1 (no symmetric multithreading)
CPU MHz: 
RAM: 62.79 GB
OS: Debian GNU/Linux 12 (bookworm)
GCC version: gcc (Debian 12.2.0-14+deb12u1) 12.2.0
================================================================================
Experiment results:
================================================================================
Repetition 1: t_classify = 1.580 s, t_update = 0.206 s, total = 1.786 s, n_iter = 100, final_shift = 0.032444
Repetition 2: t_classify = 1.583 s, t_update = 0.231 s, total = 1.814 s, n_iter = 100, final_shift = 0.032444
Repetition 3: t_classify = 1.581 s, t_update = 0.204 s, total = 1.784 s, n_iter = 100, final_shift = 0.032844
Repetition 4: t_classify = 1.582 s, t_update = 0.210 s, total = 1.791 s, n_iter = 100, final_shift = 0.032843
Repetition 5: t_classify = 1.600 s, t_update = 0.212 s, total = 1.812 s, n_iter = 100, final_shift = 0.031387
