================================================================================
Machine metadata:
================================================================================
CPU Vendor: AuthenticAMD
CPU Model: Common KVM processor
CPU Cores:                       8
Threads per core: 1
Threads per core: 1 (no symmetric multithreading)
CPU MHz: 
RAM: 62.79 GB
OS: Debian GNU/Linux 12 (bookworm)
GCC version: gcc (Debian 12.2.0-14+deb12u1) 12.2.0
================================================================================
Experiment results:
================================================================================
Repetition 1: t_classify = 1.581 s, t_update = 0.115 s, total = 1.696 s, n_iter = 100, final_shift = 0.000000
Repetition 2: t_classify = 1.590 s, t_update = 0.096 s, total = 1.686 s, n_iter = 100, final_shift = 0.000000
Repetition 3: t_classify = 1.590 s, t_update = 0.083 s, total = 1.673 s, n_iter = 100, final_shift = 0.000000
Repetition 4: t_classify = 1.587 s, t_update = 0.112 s, total = 1.699 s, n_iter = 100, final_shift = 0.000000
Repetition 5: t_classify = 1.573 s, t_update = 0.073 s, total = 1.646 s, n_iter = 100, final_shift = 0.000000
