================================================================================
Machine metadata:
================================================================================
CPU Vendor: AuthenticAMD
CPU Model: Common KVM processor
CPU Cores:                       8
Threads per core: 1
Threads per core: 1 (no symmetric multithreading)
CPU MHz: 
RAM: 62.79 GB
OS: Debian GNU/Linux 12 (bookworm)
GCC version: gcc (Debian 12.2.0-14+deb12u1) 12.2.0
================================================================================
Experiment results:
================================================================================
Repetition 1: t_classify = 2.861 s, t_update = 0.379 s, total = 3.240 s, n_iter = 100, final_shift = 0.000000
Repetition 2: t_classify = 2.870 s, t_update = 0.340 s, total = 3.210 s, n_iter = 100, final_shift = 0.000000
Repetition 3: t_classify = 2.860 s, t_update = 0.333 s, total = 3.194 s, n_iter = 100, final_shift = 0.000000
Repetition 4: t_classify = 2.858 s, t_update = 0.367 s, total = 3.224 s, n_iter = 100, final_shift = 0.000000
Repetition 5: t_classify = 2.867 s, t_update = 0.331 s, total = 3.198 s, n_iter = 100, final_shift = 0.000000
