================================================================================
Machine metadata:
================================================================================
CPU Vendor: AuthenticAMD
CPU Model: Common KVM processor
CPU Cores:                       8
Threads per core: 1
Threads per core: 1 (no symmetric multithreading)
CPU MHz: 
RAM: 62.79 GB
OS: Debian GNU/Linux 12 (bookworm)
GCC version: gcc (Debian 12.2.0-14+deb12u1) 12.2.0
================================================================================
Experiment results:
================================================================================
Repetition 1: t_classify = 2.619 s, t_update = 0.227 s, total = 2.846 s, n_iter = 100, final_shift = 0.000000
Repetition 2: t_classify = 2.625 s, t_update = 0.228 s, total = 2.853 s, n_iter = 100, final_shift = 0.000000
Repetition 3: t_classify = 2.621 s, t_update = 0.224 s, total = 2.845 s, n_iter = 100, final_shift = 0.000000
Repetition 4: t_classify = 2.648 s, t_update = 0.214 s, total = 2.863 s, n_iter = 100, final_shift = 0.000000
Repetition 5: t_classify = 2.662 s, t_update = 0.223 s, total = 2.884 s, n_iter = 100, final_shift = 0.000000
