================================================================================
Machine metadata:
================================================================================
CPU Vendor: AuthenticAMD
CPU Model: Common KVM processor
CPU Cores:                       8
Threads per core: 1
Threads per core: 1 (no symmetric multithreading)
CPU MHz: 
RAM: 62.79 GB
OS: Debian GNU/Linux 12 (bookworm)
GCC version: gcc (Debian 12.2.0-14+deb12u1) 12.2.0
================================================================================
Experiment results:
================================================================================
Repetition 1: t_classify = 1.339 s, t_update = 0.134 s, total = 1.473 s, n_iter = 100, final_shift = 0.000000
Repetition 2: t_classify = 2.712 s, t_update = 1.186 s, total = 3.899 s, n_iter = 100, final_shift = 0.000000
Repetition 3: t_classify = 1.329 s, t_update = 0.126 s, total = 1.455 s, n_iter = 100, final_shift = 0.000000
Repetition 4: t_classify = 1.327 s, t_update = 0.118 s, total = 1.445 s, n_iter = 100, final_shift = 0.000000
Repetition 5: t_classify = 1.376 s, t_update = 0.152 s, total = 1.528 s, n_iter = 100, final_shift = 0.000000
