================================================================================
Machine metadata:
================================================================================
CPU Vendor: AuthenticAMD
CPU Model: Common KVM processor
CPU Cores:                       8
Threads per core: 1
Threads per core: 1 (no symmetric multithreading)
CPU MHz: 
RAM: 62.79 GB
OS: Debian GNU/Linux 12 (bookworm)
GCC version: gcc (Debian 12.2.0-14+deb12u1) 12.2.0
================================================================================
Experiment results:
================================================================================
Repetition 1: t_classify = 13.072 s, t_update = 0.534 s, total = 13.606 s, n_iter = 100, final_shift = 29.223007
Repetition 2: t_classify = 13.065 s, t_update = 0.567 s, total = 13.632 s, n_iter = 100, final_shift = 29.223007
Repetition 3: t_classify = 13.063 s, t_update = 0.538 s, total = 13.600 s, n_iter = 100, final_shift = 29.223007
Repetition 4: t_classify = 13.095 s, t_update = 0.545 s, total = 13.640 s, n_iter = 100, final_shift = 29.223007
Repetition 5: t_classify = 13.092 s, t_update = 0.603 s, total = 13.695 s, n_iter = 100, final_shift = 29.223007
