================================================================================
Machine metadata:
================================================================================
CPU Vendor: AuthenticAMD
CPU Model: Common KVM processor
CPU Cores:                       8
Threads per core: 1
Threads per core: 1 (no symmetric multithreading)
CPU MHz: 
RAM: 62.79 GB
OS: Debian GNU/Linux 12 (bookworm)
GCC version: gcc (Debian 12.2.0-14+deb12u1) 12.2.0
================================================================================
Experiment results:
================================================================================
Repetition 1: t_classify = 1.212 s, t_update = 0.035 s, total = 1.247 s, n_iter = 100, final_shift = 0.036594
Repetition 2: t_classify = 1.209 s, t_update = 0.045 s, total = 1.254 s, n_iter = 100, final_shift = 0.025328
Repetition 3: t_classify = 1.213 s, t_update = 0.043 s, total = 1.256 s, n_iter = 100, final_shift = 0.020469
Repetition 4: t_classify = 1.211 s, t_update = 0.039 s, total = 1.250 s, n_iter = 100, final_shift = 0.020469
Repetition 5: t_classify = 1.226 s, t_update = 0.039 s, total = 1.265 s, n_iter = 100, final_shift = 0.021979
