================================================================================
Machine metadata:
================================================================================
CPU Vendor: AuthenticAMD
CPU Model: Common KVM processor
CPU Cores:                       8
Threads per core: 1
Threads per core: 1 (no symmetric multithreading)
CPU MHz: 
RAM: 62.79 GB
OS: Debian GNU/Linux 12 (bookworm)
GCC version: gcc (Debian 12.2.0-14+deb12u1) 12.2.0
================================================================================
Experiment results:
================================================================================
Repetition 1: t_classify = 3.110 s, t_update = 0.223 s, total = 3.334 s, n_iter = 100, final_shift = 0.000000
Repetition 2: t_classify = 3.090 s, t_update = 0.178 s, total = 3.268 s, n_iter = 100, final_shift = 0.000000
Repetition 3: t_classify = 3.105 s, t_update = 0.218 s, total = 3.323 s, n_iter = 100, final_shift = 0.000000
Repetition 4: t_classify = 3.102 s, t_update = 0.147 s, total = 3.249 s, n_iter = 100, final_shift = 0.000000
Repetition 5: t_classify = 3.098 s, t_update = 0.290 s, total = 3.388 s, n_iter = 100, final_shift = 0.000000
