================================================================================
Machine metadata:
================================================================================
CPU Vendor: AuthenticAMD
CPU Model: Common KVM processor
CPU Cores:                       8
Threads per core: 1
Threads per core: 1 (no symmetric multithreading)
CPU MHz: 
RAM: 62.79 GB
OS: Debian GNU/Linux 12 (bookworm)
GCC version: gcc (Debian 12.2.0-14+deb12u1) 12.2.0
================================================================================
Experiment results:
================================================================================
Repetition 1: t_classify = 1.344 s, t_update = 0.198 s, total = 1.542 s, n_iter = 100, final_shift = 1.481421
Repetition 2: t_classify = 1.331 s, t_update = 0.134 s, total = 1.465 s, n_iter = 100, final_shift = 7.357926
Repetition 3: t_classify = 1.364 s, t_update = 0.103 s, total = 1.466 s, n_iter = 100, final_shift = 2.938153
Repetition 4: t_classify = 1.319 s, t_update = 0.111 s, total = 1.430 s, n_iter = 100, final_shift = 0.970319
Repetition 5: t_classify = 1.329 s, t_update = 0.128 s, total = 1.457 s, n_iter = 100, final_shift = 1.483316
