================================================================================
Machine metadata:
================================================================================
CPU Vendor: AuthenticAMD
CPU Model: Common KVM processor
CPU Cores:                       8
Threads per core: 1
Threads per core: 1 (no symmetric multithreading)
CPU MHz: 
RAM: 62.79 GB
OS: Debian GNU/Linux 12 (bookworm)
GCC version: gcc (Debian 12.2.0-14+deb12u1) 12.2.0
================================================================================
Experiment results:
================================================================================
Repetition 1: t_classify = 4.777 s, t_update = 0.146 s, total = 4.923 s, n_iter = 100, final_shift = 0.051147
Repetition 2: t_classify = 4.773 s, t_update = 0.381 s, total = 5.154 s, n_iter = 100, final_shift = 0.051147
Repetition 3: t_classify = 4.794 s, t_update = 0.158 s, total = 4.952 s, n_iter = 100, final_shift = 0.051147
Repetition 4: t_classify = 4.777 s, t_update = 0.156 s, total = 4.933 s, n_iter = 100, final_shift = 0.051147
Repetition 5: t_classify = 4.775 s, t_update = 0.150 s, total = 4.925 s, n_iter = 100, final_shift = 0.051147
