================================================================================
Machine metadata:
================================================================================
CPU Vendor: AuthenticAMD
CPU Model: Common KVM processor
CPU Cores:                       8
Threads per core: 1
Threads per core: 1 (no symmetric multithreading)
CPU MHz: 
RAM: 62.79 GB
OS: Debian GNU/Linux 12 (bookworm)
GCC version: gcc (Debian 12.2.0-14+deb12u1) 12.2.0
================================================================================
Experiment results:
================================================================================
Repetition 1: t_classify = 0.287 s, t_update = 0.025 s, total = 0.312 s, n_iter = 100, final_shift = 0.000000
Repetition 2: t_classify = 0.291 s, t_update = 0.025 s, total = 0.316 s, n_iter = 100, final_shift = 0.000000
Repetition 3: t_classify = 0.293 s, t_update = 0.025 s, total = 0.319 s, n_iter = 100, final_shift = 0.000000
Repetition 4: t_classify = 0.286 s, t_update = 0.025 s, total = 0.311 s, n_iter = 100, final_shift = 0.000000
Repetition 5: t_classify = 0.291 s, t_update = 0.025 s, total = 0.316 s, n_iter = 100, final_shift = 0.000000
