================================================================================
Machine metadata:
================================================================================
CPU Vendor: AuthenticAMD
CPU Model: Common KVM processor
CPU Cores:                       8
Threads per core: 1
Threads per core: 1 (no symmetric multithreading)
CPU MHz: 
RAM: 62.79 GB
OS: Debian GNU/Linux 12 (bookworm)
GCC version: gcc (Debian 12.2.0-14+deb12u1) 12.2.0
================================================================================
Experiment results:
================================================================================
Repetition 1: t_classify = 3.503 s, t_update = 0.308 s, total = 3.811 s, n_iter = 100, final_shift = 0.000000
Repetition 2: t_classify = 3.519 s, t_update = 0.320 s, total = 3.840 s, n_iter = 100, final_shift = 0.000000
Repetition 3: t_classify = 3.511 s, t_update = 0.319 s, total = 3.831 s, n_iter = 100, final_shift = 0.000000
Repetition 4: t_classify = 3.563 s, t_update = 0.514 s, total = 4.077 s, n_iter = 100, final_shift = 0.000000
Repetition 5: t_classify = 3.499 s, t_update = 0.407 s, total = 3.906 s, n_iter = 100, final_shift = 0.000000
