================================================================================
Machine metadata:
================================================================================
CPU Vendor: AuthenticAMD
CPU Model: Common KVM processor
CPU Cores:                       8
Threads per core: 1
Threads per core: 1 (no symmetric multithreading)
CPU MHz: 
RAM: 62.79 GB
OS: Debian GNU/Linux 12 (bookworm)
GCC version: gcc (Debian 12.2.0-14+deb12u1) 12.2.0
================================================================================
Experiment results:
================================================================================
Repetition 1: t_classify = 0.123 s, t_update = 0.024 s, total = 0.147 s, n_iter = 100, final_shift = 0.000000
Repetition 2: t_classify = 0.104 s, t_update = 0.028 s, total = 0.133 s, n_iter = 100, final_shift = 0.000000
Repetition 3: t_classify = 0.103 s, t_update = 0.029 s, total = 0.132 s, n_iter = 100, final_shift = 0.000000
Repetition 4: t_classify = 0.102 s, t_update = 0.015 s, total = 0.117 s, n_iter = 100, final_shift = 0.000000
Repetition 5: t_classify = 0.101 s, t_update = 0.016 s, total = 0.117 s, n_iter = 100, final_shift = 0.000000
