================================================================================
Machine metadata:
================================================================================
CPU Vendor: AuthenticAMD
CPU Model: Common KVM processor
CPU Cores:                       8
Threads per core: 1
Threads per core: 1 (no symmetric multithreading)
CPU MHz: 
RAM: 62.79 GB
OS: Debian GNU/Linux 12 (bookworm)
GCC version: gcc (Debian 12.2.0-14+deb12u1) 12.2.0
================================================================================
Experiment results:
================================================================================
Repetition 1: t_classify = 1.384 s, t_update = 0.047 s, total = 1.432 s, n_iter = 100, final_shift = 0.029558
Repetition 2: t_classify = 1.381 s, t_update = 0.043 s, total = 1.424 s, n_iter = 100, final_shift = 0.029558
Repetition 3: t_classify = 1.379 s, t_update = 0.046 s, total = 1.426 s, n_iter = 100, final_shift = 0.029558
Repetition 4: t_classify = 1.380 s, t_update = 0.062 s, total = 1.442 s, n_iter = 100, final_shift = 0.029558
Repetition 5: t_classify = 1.382 s, t_update = 0.044 s, total = 1.426 s, n_iter = 100, final_shift = 0.029558
