================================================================================
Machine metadata:
================================================================================
CPU Vendor: AuthenticAMD
CPU Model: Common KVM processor
CPU Cores:                       8
Threads per core: 1
Threads per core: 1 (no symmetric multithreading)
CPU MHz: 
RAM: 62.79 GB
OS: Debian GNU/Linux 12 (bookworm)
GCC version: gcc (Debian 12.2.0-14+deb12u1) 12.2.0
================================================================================
Experiment results:
================================================================================
Repetition 1: t_classify = 1.359 s, t_update = 0.049 s, total = 1.408 s, n_iter = 100, final_shift = 0.000000
Repetition 2: t_classify = 1.321 s, t_update = 0.066 s, total = 1.387 s, n_iter = 100, final_shift = 0.000000
Repetition 3: t_classify = 1.310 s, t_update = 0.038 s, total = 1.348 s, n_iter = 100, final_shift = 0.000000
Repetition 4: t_classify = 1.340 s, t_update = 0.094 s, total = 1.434 s, n_iter = 100, final_shift = 0.000000
Repetition 5: t_classify = 1.333 s, t_update = 0.041 s, total = 1.375 s, n_iter = 100, final_shift = 0.000000
