================================================================================
Machine metadata:
================================================================================
CPU Vendor: AuthenticAMD
CPU Model: Common KVM processor
CPU Cores:                       8
Threads per core: 1
Threads per core: 1 (no symmetric multithreading)
CPU MHz: 
RAM: 62.79 GB
OS: Debian GNU/Linux 12 (bookworm)
GCC version: gcc (Debian 12.2.0-14+deb12u1) 12.2.0
================================================================================
Experiment results:
================================================================================
Repetition 1: t_classify = 7.953 s, t_update = 0.312 s, total = 8.265 s, n_iter = 100, final_shift = 0.008279
Repetition 2: t_classify = 7.963 s, t_update = 0.290 s, total = 8.253 s, n_iter = 100, final_shift = 0.008279
Repetition 3: t_classify = 7.961 s, t_update = 0.256 s, total = 8.217 s, n_iter = 100, final_shift = 0.008279
Repetition 4: t_classify = 7.947 s, t_update = 0.273 s, total = 8.220 s, n_iter = 100, final_shift = 0.008279
Repetition 5: t_classify = 7.950 s, t_update = 0.299 s, total = 8.249 s, n_iter = 100, final_shift = 0.008279
