================================================================================
Machine metadata:
================================================================================
CPU Vendor: AuthenticAMD
CPU Model: Common KVM processor
CPU Cores:                       8
Threads per core: 1
Threads per core: 1 (no symmetric multithreading)
CPU MHz: 
RAM: 62.79 GB
OS: Debian GNU/Linux 12 (bookworm)
GCC version: gcc (Debian 12.2.0-14+deb12u1) 12.2.0
================================================================================
Experiment results:
================================================================================
Repetition 1: t_classify = 3.181 s, t_update = 0.176 s, total = 3.357 s, n_iter = 100, final_shift = 0.950876
Repetition 2: t_classify = 3.195 s, t_update = 0.211 s, total = 3.406 s, n_iter = 100, final_shift = 0.950885
Repetition 3: t_classify = 3.190 s, t_update = 0.138 s, total = 3.328 s, n_iter = 100, final_shift = 0.950880
Repetition 4: t_classify = 3.191 s, t_update = 0.142 s, total = 3.333 s, n_iter = 100, final_shift = 0.950880
Repetition 5: t_classify = 3.154 s, t_update = 0.136 s, total = 3.290 s, n_iter = 100, final_shift = 0.950888
