================================================================================
Machine metadata:
================================================================================
CPU Vendor: AuthenticAMD
CPU Model: Common KVM processor
CPU Cores:                       8
Threads per core: 1
Threads per core: 1 (no symmetric multithreading)
CPU MHz: 
RAM: 62.79 GB
OS: Debian GNU/Linux 12 (bookworm)
GCC version: gcc (Debian 12.2.0-14+deb12u1) 12.2.0
================================================================================
Experiment results:
================================================================================
Repetition 1: t_classify = 0.156 s, t_update = 0.026 s, total = 0.183 s, n_iter = 100, final_shift = 0.000000
Repetition 2: t_classify = 0.135 s, t_update = 0.031 s, total = 0.166 s, n_iter = 100, final_shift = 0.000000
Repetition 3: t_classify = 0.143 s, t_update = 0.022 s, total = 0.164 s, n_iter = 100, final_shift = 0.000000
Repetition 4: t_classify = 0.155 s, t_update = 0.028 s, total = 0.183 s, n_iter = 100, final_shift = 0.000000
Repetition 5: t_classify = 0.151 s, t_update = 0.025 s, total = 0.176 s, n_iter = 100, final_shift = 0.000000
