================================================================================
Machine metadata:
================================================================================
CPU Vendor: AuthenticAMD
CPU Model: Common KVM processor
CPU Cores:                       8
Threads per core: 1
Threads per core: 1 (no symmetric multithreading)
CPU MHz: 
RAM: 62.79 GB
OS: Debian GNU/Linux 12 (bookworm)
GCC version: gcc (Debian 12.2.0-14+deb12u1) 12.2.0
================================================================================
Experiment results:
================================================================================
Repetition 1: t_classify = 1.192 s, t_update = 0.166 s, total = 1.359 s, n_iter = 100, final_shift = 0.000000
Repetition 2: t_classify = 1.139 s, t_update = 0.101 s, total = 1.241 s, n_iter = 100, final_shift = 0.000000
Repetition 3: t_classify = 1.142 s, t_update = 0.104 s, total = 1.247 s, n_iter = 100, final_shift = 0.000000
Repetition 4: t_classify = 1.141 s, t_update = 0.102 s, total = 1.243 s, n_iter = 100, final_shift = 0.000000
Repetition 5: t_classify = 1.149 s, t_update = 0.104 s, total = 1.253 s, n_iter = 100, final_shift = 0.000000
