================================================================================
Machine metadata:
================================================================================
CPU Vendor: AuthenticAMD
CPU Model: Common KVM processor
CPU Cores:                       8
Threads per core: 1
Threads per core: 1 (no symmetric multithreading)
CPU MHz: 
RAM: 62.79 GB
OS: Debian GNU/Linux 12 (bookworm)
GCC version: gcc (Debian 12.2.0-14+deb12u1) 12.2.0
================================================================================
Experiment results:
================================================================================
Repetition 1: t_classify = 0.465 s, t_update = 0.036 s, total = 0.500 s, n_iter = 100, final_shift = 0.259917
Repetition 2: t_classify = 0.437 s, t_update = 0.024 s, total = 0.461 s, n_iter = 100, final_shift = 0.259925
Repetition 3: t_classify = 0.439 s, t_update = 0.023 s, total = 0.462 s, n_iter = 100, final_shift = 0.259922
Repetition 4: t_classify = 0.449 s, t_update = 0.024 s, total = 0.474 s, n_iter = 100, final_shift = 1.653890
Repetition 5: t_classify = 0.439 s, t_update = 0.034 s, total = 0.472 s, n_iter = 100, final_shift = 0.259926
