================================================================================
Machine metadata:
================================================================================
CPU Vendor: AuthenticAMD
CPU Model: Common KVM processor
CPU Cores:                       8
Threads per core: 1
Threads per core: 1 (no symmetric multithreading)
CPU MHz: 
RAM: 62.79 GB
OS: Debian GNU/Linux 12 (bookworm)
GCC version: gcc (Debian 12.2.0-14+deb12u1) 12.2.0
================================================================================
Experiment results:
================================================================================
Repetition 1: t_classify = 1.589 s, t_update = 0.124 s, total = 1.713 s, n_iter = 100, final_shift = 0.000000
Repetition 2: t_classify = 1.605 s, t_update = 0.129 s, total = 1.734 s, n_iter = 100, final_shift = 0.000000
Repetition 3: t_classify = 1.591 s, t_update = 0.136 s, total = 1.727 s, n_iter = 100, final_shift = 0.000000
Repetition 4: t_classify = 1.589 s, t_update = 0.117 s, total = 1.706 s, n_iter = 100, final_shift = 0.000000
Repetition 5: t_classify = 1.580 s, t_update = 0.081 s, total = 1.661 s, n_iter = 100, final_shift = 0.000000
