================================================================================
Machine metadata:
================================================================================
CPU Vendor: AuthenticAMD
CPU Model: Common KVM processor
CPU Cores:                       8
Threads per core: 1
Threads per core: 1 (no symmetric multithreading)
CPU MHz: 
RAM: 62.79 GB
OS: Debian GNU/Linux 12 (bookworm)
GCC version: gcc (Debian 12.2.0-14+deb12u1) 12.2.0
================================================================================
Experiment results:
================================================================================
Repetition 1: t_classify = 0.524 s, t_update = 0.029 s, total = 0.554 s, n_iter = 100, final_shift = 1.653920
Repetition 2: t_classify = 0.546 s, t_update = 0.031 s, total = 0.577 s, n_iter = 100, final_shift = 1.653915
Repetition 3: t_classify = 0.540 s, t_update = 0.028 s, total = 0.569 s, n_iter = 100, final_shift = 1.653904
Repetition 4: t_classify = 0.531 s, t_update = 0.030 s, total = 0.561 s, n_iter = 100, final_shift = 1.653923
Repetition 5: t_classify = 0.523 s, t_update = 0.029 s, total = 0.552 s, n_iter = 100, final_shift = 1.653909
