================================================================================
Machine metadata:
================================================================================
CPU Vendor: AuthenticAMD
CPU Model: Common KVM processor
CPU Cores:                       8
Threads per core: 1
Threads per core: 1 (no symmetric multithreading)
CPU MHz: 
RAM: 62.79 GB
OS: Debian GNU/Linux 12 (bookworm)
GCC version: gcc (Debian 12.2.0-14+deb12u1) 12.2.0
================================================================================
Experiment results:
================================================================================
Repetition 1: t_classify = 2.107 s, t_update = 0.304 s, total = 2.411 s, n_iter = 100, final_shift = 0.000000
Repetition 2: t_classify = 2.190 s, t_update = 0.384 s, total = 2.575 s, n_iter = 100, final_shift = 0.000000
Repetition 3: t_classify = 2.132 s, t_update = 0.373 s, total = 2.505 s, n_iter = 100, final_shift = 0.000000
Repetition 4: t_classify = 2.148 s, t_update = 0.404 s, total = 2.552 s, n_iter = 100, final_shift = 0.000000
Repetition 5: t_classify = 2.119 s, t_update = 0.308 s, total = 2.428 s, n_iter = 100, final_shift = 0.000000
