================================================================================
Machine metadata:
================================================================================
CPU Vendor: AuthenticAMD
CPU Model: Common KVM processor
CPU Cores:                       8
Threads per core: 1
Threads per core: 1 (no symmetric multithreading)
CPU MHz: 
RAM: 62.79 GB
OS: Debian GNU/Linux 12 (bookworm)
GCC version: gcc (Debian 12.2.0-14+deb12u1) 12.2.0
================================================================================
Experiment results:
================================================================================
Repetition 1: t_classify = 2.764 s, t_update = 0.360 s, total = 3.124 s, n_iter = 100, final_shift = 0.000336
Repetition 2: t_classify = 2.783 s, t_update = 0.409 s, total = 3.193 s, n_iter = 100, final_shift = 0.000336
Repetition 3: t_classify = 2.761 s, t_update = 0.357 s, total = 3.119 s, n_iter = 100, final_shift = 0.000336
Repetition 4: t_classify = 2.773 s, t_update = 0.361 s, total = 3.135 s, n_iter = 100, final_shift = 0.000336
Repetition 5: t_classify = 2.760 s, t_update = 0.360 s, total = 3.120 s, n_iter = 100, final_shift = 0.000336
