================================================================================
Machine metadata:
================================================================================
CPU Vendor: AuthenticAMD
CPU Model: Common KVM processor
CPU Cores:                       8
Threads per core: 1
Threads per core: 1 (no symmetric multithreading)
CPU MHz: 
RAM: 62.79 GB
OS: Debian GNU/Linux 12 (bookworm)
GCC version: gcc (Debian 12.2.0-14+deb12u1) 12.2.0
================================================================================
Experiment results:
================================================================================
Repetition 1: t_classify = 3.077 s, t_update = 0.260 s, total = 3.337 s, n_iter = 100, final_shift = 0.868760
Repetition 2: t_classify = 3.060 s, t_update = 0.258 s, total = 3.318 s, n_iter = 100, final_shift = 0.868772
Repetition 3: t_classify = 3.095 s, t_update = 0.266 s, total = 3.360 s, n_iter = 100, final_shift = 0.868772
Repetition 4: t_classify = 3.062 s, t_update = 0.262 s, total = 3.323 s, n_iter = 100, final_shift = 0.868760
Repetition 5: t_classify = 3.070 s, t_update = 0.256 s, total = 3.326 s, n_iter = 100, final_shift = 0.868763
