================================================================================
Machine metadata:
================================================================================
CPU Vendor: AuthenticAMD
CPU Model: Common KVM processor
CPU Cores:                       8
Threads per core: 1
Threads per core: 1 (no symmetric multithreading)
CPU MHz: 
RAM: 62.79 GB
OS: Debian GNU/Linux 12 (bookworm)
GCC version: gcc (Debian 12.2.0-14+deb12u1) 12.2.0
================================================================================
Experiment results:
================================================================================
Repetition 1: t_classify = 0.819 s, t_update = 0.025 s, total = 0.843 s, n_iter = 100, final_shift = 11.217755
Repetition 2: t_classify = 0.805 s, t_update = 0.023 s, total = 0.828 s, n_iter = 100, final_shift = 0.006413
Repetition 3: t_classify = 0.802 s, t_update = 0.027 s, total = 0.829 s, n_iter = 100, final_shift = 10.518717
Repetition 4: t_classify = 0.823 s, t_update = 0.035 s, total = 0.858 s, n_iter = 100, final_shift = 1.727792
Repetition 5: t_classify = 0.805 s, t_update = 0.023 s, total = 0.827 s, n_iter = 100, final_shift = 1.710495
