================================================================================
Machine metadata:
================================================================================
CPU Vendor: AuthenticAMD
CPU Model: Common KVM processor
CPU Cores:                       8
Threads per core: 1
Threads per core: 1 (no symmetric multithreading)
CPU MHz: 
RAM: 62.79 GB
OS: Debian GNU/Linux 12 (bookworm)
GCC version: gcc (Debian 12.2.0-14+deb12u1) 12.2.0
================================================================================
Experiment results:
================================================================================
Repetition 1: t_classify = 2.288 s, t_update = 0.189 s, total = 2.478 s, n_iter = 100, final_shift = 0.874519
Repetition 2: t_classify = 2.303 s, t_update = 0.242 s, total = 2.545 s, n_iter = 100, final_shift = 0.870348
Repetition 3: t_classify = 2.309 s, t_update = 0.170 s, total = 2.479 s, n_iter = 100, final_shift = 0.776279
Repetition 4: t_classify = 2.319 s, t_update = 0.280 s, total = 2.599 s, n_iter = 100, final_shift = 0.870355
Repetition 5: t_classify = 2.308 s, t_update = 0.461 s, total = 2.769 s, n_iter = 100, final_shift = 0.870348
