================================================================================
Machine metadata:
================================================================================
CPU Vendor: AuthenticAMD
CPU Model: Common KVM processor
CPU Cores:                       8
Threads per core: 1
Threads per core: 1 (no symmetric multithreading)
CPU MHz: 
RAM: 62.79 GB
OS: Debian GNU/Linux 12 (bookworm)
GCC version: gcc (Debian 12.2.0-14+deb12u1) 12.2.0
================================================================================
Experiment results:
================================================================================
Repetition 1: t_classify = 0.741 s, t_update = 0.048 s, total = 0.789 s, n_iter = 100, final_shift = 3.240214
Repetition 2: t_classify = 0.722 s, t_update = 0.054 s, total = 0.776 s, n_iter = 100, final_shift = 3.240214
Repetition 3: t_classify = 0.719 s, t_update = 0.053 s, total = 0.772 s, n_iter = 100, final_shift = 3.240214
Repetition 4: t_classify = 0.707 s, t_update = 0.071 s, total = 0.778 s, n_iter = 100, final_shift = 3.240214
Repetition 5: t_classify = 0.696 s, t_update = 0.043 s, total = 0.738 s, n_iter = 100, final_shift = 3.240214
