================================================================================
Machine metadata:
================================================================================
CPU Vendor: AuthenticAMD
CPU Model: Common KVM processor
CPU Cores:                       8
Threads per core: 1
Threads per core: 1 (no symmetric multithreading)
CPU MHz: 
RAM: 62.79 GB
OS: Debian GNU/Linux 12 (bookworm)
GCC version: gcc (Debian 12.2.0-14+deb12u1) 12.2.0
================================================================================
Experiment results:
================================================================================
Repetition 1: t_classify = 5.224 s, t_update = 0.401 s, total = 5.625 s, n_iter = 100, final_shift = 0.000000
Repetition 2: t_classify = 5.226 s, t_update = 0.404 s, total = 5.631 s, n_iter = 100, final_shift = 0.000000
Repetition 3: t_classify = 5.269 s, t_update = 0.401 s, total = 5.670 s, n_iter = 100, final_shift = 0.000000
Repetition 4: t_classify = 5.236 s, t_update = 0.395 s, total = 5.631 s, n_iter = 100, final_shift = 0.000000
Repetition 5: t_classify = 5.300 s, t_update = 0.400 s, total = 5.699 s, n_iter = 100, final_shift = 0.000000
