================================================================================
Machine metadata:
================================================================================
CPU Vendor: AuthenticAMD
CPU Model: Common KVM processor
CPU Cores:                       8
Threads per core: 1
Threads per core: 1 (no symmetric multithreading)
CPU MHz: 
RAM: 62.79 GB
OS: Debian GNU/Linux 12 (bookworm)
GCC version: gcc (Debian 12.2.0-14+deb12u1) 12.2.0
================================================================================
Experiment results:
================================================================================
Repetition 1: t_classify = 1.401 s, t_update = 0.351 s, total = 1.752 s, n_iter = 100, final_shift = 0.000784
Repetition 2: t_classify = 1.384 s, t_update = 0.364 s, total = 1.748 s, n_iter = 100, final_shift = 0.002065
Repetition 3: t_classify = 1.394 s, t_update = 0.336 s, total = 1.730 s, n_iter = 100, final_shift = 0.002733
Repetition 4: t_classify = 1.387 s, t_update = 0.171 s, total = 1.557 s, n_iter = 100, final_shift = 0.000270
Repetition 5: t_classify = 1.408 s, t_update = 0.223 s, total = 1.631 s, n_iter = 100, final_shift = 0.000480
