================================================================================
Machine metadata:
================================================================================
CPU Vendor: AuthenticAMD
CPU Model: Common KVM processor
CPU Cores:                       8
Threads per core: 1
Threads per core: 1 (no symmetric multithreading)
CPU MHz: 
RAM: 62.79 GB
OS: Debian GNU/Linux 12 (bookworm)
GCC version: gcc (Debian 12.2.0-14+deb12u1) 12.2.0
================================================================================
Experiment results:
================================================================================
Repetition 1: t_classify = 0.479 s, t_update = 0.022 s, total = 0.501 s, n_iter = 100, final_shift = 0.000019
Repetition 2: t_classify = 0.477 s, t_update = 0.022 s, total = 0.498 s, n_iter = 100, final_shift = 0.000019
Repetition 3: t_classify = 0.477 s, t_update = 0.022 s, total = 0.498 s, n_iter = 100, final_shift = 0.000019
Repetition 4: t_classify = 0.475 s, t_update = 0.022 s, total = 0.496 s, n_iter = 100, final_shift = 0.000019
Repetition 5: t_classify = 0.492 s, t_update = 0.025 s, total = 0.516 s, n_iter = 100, final_shift = 0.000019
