================================================================================
Machine metadata:
================================================================================
CPU Vendor: AuthenticAMD
CPU Model: Common KVM processor
CPU Cores:                       8
Threads per core: 1
Threads per core: 1 (no symmetric multithreading)
CPU MHz: 
RAM: 62.79 GB
OS: Debian GNU/Linux 12 (bookworm)
GCC version: gcc (Debian 12.2.0-14+deb12u1) 12.2.0
================================================================================
Experiment results:
================================================================================
Repetition 1: t_classify = 2.389 s, t_update = 0.058 s, total = 2.447 s, n_iter = 100, final_shift = 0.027743
Repetition 2: t_classify = 2.383 s, t_update = 0.057 s, total = 2.441 s, n_iter = 100, final_shift = 0.027743
Repetition 3: t_classify = 2.381 s, t_update = 0.095 s, total = 2.476 s, n_iter = 100, final_shift = 0.027743
Repetition 4: t_classify = 2.385 s, t_update = 0.058 s, total = 2.444 s, n_iter = 100, final_shift = 0.027743
Repetition 5: t_classify = 2.386 s, t_update = 0.062 s, total = 2.448 s, n_iter = 100, final_shift = 0.027743
