================================================================================
Machine metadata:
================================================================================
CPU Vendor: AuthenticAMD
CPU Model: Common KVM processor
CPU Cores:                       8
Threads per core: 1
Threads per core: 1 (no symmetric multithreading)
CPU MHz: 
RAM: 62.79 GB
OS: Debian GNU/Linux 12 (bookworm)
GCC version: gcc (Debian 12.2.0-14+deb12u1) 12.2.0
================================================================================
Experiment results:
================================================================================
Repetition 1: t_classify = 0.845 s, t_update = 0.114 s, total = 0.959 s, n_iter = 100, final_shift = 0.000000
Repetition 2: t_classify = 0.845 s, t_update = 0.116 s, total = 0.961 s, n_iter = 100, final_shift = 0.000000
Repetition 3: t_classify = 0.842 s, t_update = 0.127 s, total = 0.969 s, n_iter = 100, final_shift = 0.000000
Repetition 4: t_classify = 0.840 s, t_update = 0.108 s, total = 0.948 s, n_iter = 100, final_shift = 0.000000
Repetition 5: t_classify = 0.839 s, t_update = 0.095 s, total = 0.934 s, n_iter = 100, final_shift = 0.000000
