================================================================================
Machine metadata:
================================================================================
CPU Vendor: AuthenticAMD
CPU Model: Common KVM processor
CPU Cores:                       8
Threads per core: 1
Threads per core: 1 (no symmetric multithreading)
CPU MHz: 
RAM: 62.79 GB
OS: Debian GNU/Linux 12 (bookworm)
GCC version: gcc (Debian 12.2.0-14+deb12u1) 12.2.0
================================================================================
Experiment results:
================================================================================
Repetition 1: t_classify = 0.537 s, t_update = 0.016 s, total = 0.553 s, n_iter = 100, final_shift = 0.009020
Repetition 2: t_classify = 0.533 s, t_update = 0.014 s, total = 0.547 s, n_iter = 100, final_shift = 0.009020
Repetition 3: t_classify = 0.537 s, t_update = 0.015 s, total = 0.552 s, n_iter = 100, final_shift = 0.009020
Repetition 4: t_classify = 0.547 s, t_update = 0.021 s, total = 0.569 s, n_iter = 100, final_shift = 0.009020
Repetition 5: t_classify = 0.532 s, t_update = 0.018 s, total = 0.550 s, n_iter = 100, final_shift = 0.009020
