================================================================================
Machine metadata:
================================================================================
CPU Vendor: AuthenticAMD
CPU Model: Common KVM processor
CPU Cores:                       8
Threads per core: 1
Threads per core: 1 (no symmetric multithreading)
CPU MHz: 
RAM: 62.79 GB
OS: Debian GNU/Linux 12 (bookworm)
GCC version: gcc (Debian 12.2.0-14+deb12u1) 12.2.0
================================================================================
Experiment results:
================================================================================
Repetition 1: t_classify = 0.800 s, t_update = 0.074 s, total = 0.874 s, n_iter = 100, final_shift = 15.210613
Repetition 2: t_classify = 0.792 s, t_update = 0.045 s, total = 0.838 s, n_iter = 100, final_shift = 15.210613
Repetition 3: t_classify = 0.805 s, t_update = 0.072 s, total = 0.877 s, n_iter = 100, final_shift = 15.210613
Repetition 4: t_classify = 0.798 s, t_update = 0.051 s, total = 0.849 s, n_iter = 100, final_shift = 15.210613
Repetition 5: t_classify = 0.795 s, t_update = 0.053 s, total = 0.847 s, n_iter = 100, final_shift = 15.210613
