================================================================================
Machine metadata:
================================================================================
CPU Vendor: AuthenticAMD
CPU Model: Common KVM processor
CPU Cores:                       8
Threads per core: 1
Threads per core: 1 (no symmetric multithreading)
CPU MHz: 
RAM: 62.79 GB
OS: Debian GNU/Linux 12 (bookworm)
GCC version: gcc (Debian 12.2.0-14+deb12u1) 12.2.0
================================================================================
Experiment results:
================================================================================
Repetition 1: t_classify = 0.697 s, t_update = 0.031 s, total = 0.728 s, n_iter = 100, final_shift = 0.000684
Repetition 2: t_classify = 0.675 s, t_update = 0.031 s, total = 0.706 s, n_iter = 100, final_shift = 0.000684
Repetition 3: t_classify = 0.670 s, t_update = 0.033 s, total = 0.702 s, n_iter = 100, final_shift = 0.000684
Repetition 4: t_classify = 0.677 s, t_update = 0.034 s, total = 0.711 s, n_iter = 100, final_shift = 0.000684
Repetition 5: t_classify = 0.689 s, t_update = 0.031 s, total = 0.719 s, n_iter = 100, final_shift = 0.000684
