================================================================================
Machine metadata:
================================================================================
CPU Vendor: AuthenticAMD
CPU Model: Common KVM processor
CPU Cores:                       8
Threads per core: 1
Threads per core: 1 (no symmetric multithreading)
CPU MHz: 
RAM: 62.79 GB
OS: Debian GNU/Linux 12 (bookworm)
GCC version: gcc (Debian 12.2.0-14+deb12u1) 12.2.0
================================================================================
Experiment results:
================================================================================
Repetition 1: t_classify = 1.613 s, t_update = 0.126 s, total = 1.740 s, n_iter = 100, final_shift = 0.021688
Repetition 2: t_classify = 1.635 s, t_update = 0.108 s, total = 1.743 s, n_iter = 100, final_shift = 0.021688
Repetition 3: t_classify = 1.636 s, t_update = 0.104 s, total = 1.740 s, n_iter = 100, final_shift = 0.021688
Repetition 4: t_classify = 1.619 s, t_update = 0.079 s, total = 1.699 s, n_iter = 100, final_shift = 0.021688
Repetition 5: t_classify = 1.611 s, t_update = 0.133 s, total = 1.744 s, n_iter = 100, final_shift = 0.021688
