================================================================================
Machine metadata:
================================================================================
CPU Vendor: AuthenticAMD
CPU Model: Common KVM processor
CPU Cores:                       8
Threads per core: 1
Threads per core: 1 (no symmetric multithreading)
CPU MHz: 
RAM: 62.79 GB
OS: Debian GNU/Linux 12 (bookworm)
GCC version: gcc (Debian 12.2.0-14+deb12u1) 12.2.0
================================================================================
Experiment results:
================================================================================
Repetition 1: t_classify = 0.123 s, t_update = 0.016 s, total = 0.139 s, n_iter = 100, final_shift = 1.509359
Repetition 2: t_classify = 0.120 s, t_update = 0.021 s, total = 0.141 s, n_iter = 100, final_shift = 0.134153
Repetition 3: t_classify = 0.120 s, t_update = 0.015 s, total = 0.135 s, n_iter = 100, final_shift = 0.134155
Repetition 4: t_classify = 0.117 s, t_update = 0.020 s, total = 0.137 s, n_iter = 100, final_shift = 0.134153
Repetition 5: t_classify = 0.119 s, t_update = 0.015 s, total = 0.134 s, n_iter = 100, final_shift = 0.782153
