================================================================================
Machine metadata:
================================================================================
CPU Vendor: AuthenticAMD
CPU Model: Common KVM processor
CPU Cores:                       8
Threads per core: 1
Threads per core: 1 (no symmetric multithreading)
CPU MHz: 
RAM: 62.79 GB
OS: Debian GNU/Linux 12 (bookworm)
GCC version: gcc (Debian 12.2.0-14+deb12u1) 12.2.0
================================================================================
Experiment results:
================================================================================
Repetition 1: t_classify = 0.242 s, t_update = 0.010 s, total = 0.251 s, n_iter = 100, final_shift = 0.023042
Repetition 2: t_classify = 0.229 s, t_update = 0.009 s, total = 0.238 s, n_iter = 100, final_shift = 0.023041
Repetition 3: t_classify = 0.229 s, t_update = 0.007 s, total = 0.236 s, n_iter = 100, final_shift = 0.023042
Repetition 4: t_classify = 0.229 s, t_update = 0.006 s, total = 0.235 s, n_iter = 100, final_shift = 0.023040
Repetition 5: t_classify = 0.230 s, t_update = 0.007 s, total = 0.237 s, n_iter = 100, final_shift = 0.023041
