================================================================================
Machine metadata:
================================================================================
CPU Vendor: AuthenticAMD
CPU Model: Common KVM processor
CPU Cores:                       8
Threads per core: 1
Threads per core: 1 (no symmetric multithreading)
CPU MHz: 
RAM: 62.79 GB
OS: Debian GNU/Linux 12 (bookworm)
GCC version: gcc (Debian 12.2.0-14+deb12u1) 12.2.0
================================================================================
Experiment results:
================================================================================
Repetition 1: t_classify = 1.909 s, t_update = 0.089 s, total = 1.998 s, n_iter = 100, final_shift = 34.049759
Repetition 2: t_classify = 1.896 s, t_update = 0.078 s, total = 1.974 s, n_iter = 100, final_shift = 57.424160
Repetition 3: t_classify = 1.900 s, t_update = 0.084 s, total = 1.984 s, n_iter = 100, final_shift = 57.424095
Repetition 4: t_classify = 1.950 s, t_update = 0.089 s, total = 2.038 s, n_iter = 100, final_shift = 57.424152
Repetition 5: t_classify = 1.895 s, t_update = 0.080 s, total = 1.975 s, n_iter = 100, final_shift = 34.049839
