================================================================================
Machine metadata:
================================================================================
CPU Vendor: AuthenticAMD
CPU Model: Common KVM processor
CPU Cores:                       8
Threads per core: 1
Threads per core: 1 (no symmetric multithreading)
CPU MHz: 
RAM: 62.79 GB
OS: Debian GNU/Linux 12 (bookworm)
GCC version: gcc (Debian 12.2.0-14+deb12u1) 12.2.0
================================================================================
Experiment results:
================================================================================
Repetition 1: t_classify = 3.963 s, t_update = 0.516 s, total = 4.478 s, n_iter = 100, final_shift = 0.086664
Repetition 2: t_classify = 3.924 s, t_update = 0.475 s, total = 4.399 s, n_iter = 100, final_shift = 0.086664
Repetition 3: t_classify = 3.946 s, t_update = 0.499 s, total = 4.444 s, n_iter = 100, final_shift = 0.086664
Repetition 4: t_classify = 3.940 s, t_update = 0.488 s, total = 4.428 s, n_iter = 100, final_shift = 0.086664
Repetition 5: t_classify = 3.946 s, t_update = 0.489 s, total = 4.435 s, n_iter = 100, final_shift = 0.086664
