================================================================================
Machine metadata:
================================================================================
CPU Vendor: AuthenticAMD
CPU Model: Common KVM processor
CPU Cores:                       8
Threads per core: 1
Threads per core: 1 (no symmetric multithreading)
CPU MHz: 
RAM: 62.79 GB
OS: Debian GNU/Linux 12 (bookworm)
GCC version: gcc (Debian 12.2.0-14+deb12u1) 12.2.0
================================================================================
Experiment results:
================================================================================
Repetition 1: t_classify = 0.685 s, t_update = 0.039 s, total = 0.724 s, n_iter = 100, final_shift = 0.000000
Repetition 2: t_classify = 0.681 s, t_update = 0.051 s, total = 0.732 s, n_iter = 100, final_shift = 0.000000
Repetition 3: t_classify = 0.689 s, t_update = 0.045 s, total = 0.733 s, n_iter = 100, final_shift = 0.000000
Repetition 4: t_classify = 0.695 s, t_update = 0.054 s, total = 0.749 s, n_iter = 100, final_shift = 0.000000
Repetition 5: t_classify = 0.682 s, t_update = 0.042 s, total = 0.724 s, n_iter = 100, final_shift = 0.000000
