================================================================================
Machine metadata:
================================================================================
CPU Vendor: AuthenticAMD
CPU Model: Common KVM processor
CPU Cores:                       8
Threads per core: 1
Threads per core: 1 (no symmetric multithreading)
CPU MHz: 
RAM: 62.79 GB
OS: Debian GNU/Linux 12 (bookworm)
GCC version: gcc (Debian 12.2.0-14+deb12u1) 12.2.0
================================================================================
Experiment results:
================================================================================
Repetition 1: t_classify = 1.071 s, t_update = 0.030 s, total = 1.101 s, n_iter = 100, final_shift = 0.003859
Repetition 2: t_classify = 1.080 s, t_update = 0.031 s, total = 1.111 s, n_iter = 100, final_shift = 0.003859
Repetition 3: t_classify = 1.064 s, t_update = 0.031 s, total = 1.095 s, n_iter = 100, final_shift = 0.003859
Repetition 4: t_classify = 1.080 s, t_update = 0.042 s, total = 1.122 s, n_iter = 100, final_shift = 0.003859
Repetition 5: t_classify = 1.071 s, t_update = 0.042 s, total = 1.112 s, n_iter = 100, final_shift = 0.003859
