================================================================================
Machine metadata:
================================================================================
CPU Vendor: AuthenticAMD
CPU Model: Common KVM processor
CPU Cores:                       8
Threads per core: 1
Threads per core: 1 (no symmetric multithreading)
CPU MHz: 
RAM: 62.79 GB
OS: Debian GNU/Linux 12 (bookworm)
GCC version: gcc (Debian 12.2.0-14+deb12u1) 12.2.0
================================================================================
Experiment results:
================================================================================
Repetition 1: t_classify = 0.228 s, t_update = 0.045 s, total = 0.273 s, n_iter = 100, final_shift = 0.000000
Repetition 2: t_classify = 0.223 s, t_update = 0.043 s, total = 0.266 s, n_iter = 100, final_shift = 0.000000
Repetition 3: t_classify = 0.222 s, t_update = 0.040 s, total = 0.262 s, n_iter = 100, final_shift = 0.000000
Repetition 4: t_classify = 0.205 s, t_update = 0.034 s, total = 0.239 s, n_iter = 100, final_shift = 0.000000
Repetition 5: t_classify = 0.212 s, t_update = 0.035 s, total = 0.247 s, n_iter = 100, final_shift = 0.000000
