================================================================================
Machine metadata:
================================================================================
CPU Vendor: AuthenticAMD
CPU Model: Common KVM processor
CPU Cores:                       8
Threads per core: 1
Threads per core: 1 (no symmetric multithreading)
CPU MHz: 
RAM: 62.79 GB
OS: Debian GNU/Linux 12 (bookworm)
GCC version: gcc (Debian 12.2.0-14+deb12u1) 12.2.0
================================================================================
Experiment results:
================================================================================
Repetition 1: t_classify = 2.205 s, t_update = 0.139 s, total = 2.344 s, n_iter = 100, final_shift = 34.049950
Repetition 2: t_classify = 2.223 s, t_update = 0.100 s, total = 2.323 s, n_iter = 100, final_shift = 29.271164
Repetition 3: t_classify = 2.232 s, t_update = 0.129 s, total = 2.361 s, n_iter = 100, final_shift = 29.271156
Repetition 4: t_classify = 2.226 s, t_update = 0.149 s, total = 2.375 s, n_iter = 100, final_shift = 29.271273
Repetition 5: t_classify = 2.221 s, t_update = 0.172 s, total = 2.393 s, n_iter = 100, final_shift = 29.271299
