================================================================================
Machine metadata:
================================================================================
CPU Vendor: AuthenticAMD
CPU Model: Common KVM processor
CPU Cores:                       8
Threads per core: 1
Threads per core: 1 (no symmetric multithreading)
CPU MHz: 
RAM: 62.79 GB
OS: Debian GNU/Linux 12 (bookworm)
GCC version: gcc (Debian 12.2.0-14+deb12u1) 12.2.0
================================================================================
Experiment results:
================================================================================
Repetition 1: t_classify = 0.808 s, t_update = 0.125 s, total = 0.933 s, n_iter = 100, final_shift = 0.000000
Repetition 2: t_classify = 0.806 s, t_update = 0.123 s, total = 0.930 s, n_iter = 100, final_shift = 0.000000
Repetition 3: t_classify = 0.805 s, t_update = 0.122 s, total = 0.927 s, n_iter = 100, final_shift = 0.000000
Repetition 4: t_classify = 0.803 s, t_update = 0.123 s, total = 0.926 s, n_iter = 100, final_shift = 0.000000
Repetition 5: t_classify = 0.808 s, t_update = 0.122 s, total = 0.931 s, n_iter = 100, final_shift = 0.000000
