================================================================================
Machine metadata:
================================================================================
CPU Vendor: AuthenticAMD
CPU Model: Common KVM processor
CPU Cores:                       8
Threads per core: 1
Threads per core: 1 (no symmetric multithreading)
CPU MHz: 
RAM: 62.79 GB
OS: Debian GNU/Linux 12 (bookworm)
GCC version: gcc (Debian 12.2.0-14+deb12u1) 12.2.0
================================================================================
Experiment results:
================================================================================
Repetition 1: t_classify = 1.319 s, t_update = 0.164 s, total = 1.484 s, n_iter = 100, final_shift = 0.083179
Repetition 2: t_classify = 1.323 s, t_update = 0.164 s, total = 1.487 s, n_iter = 100, final_shift = 0.083182
Repetition 3: t_classify = 1.317 s, t_update = 0.320 s, total = 1.637 s, n_iter = 100, final_shift = 0.083181
Repetition 4: t_classify = 1.366 s, t_update = 0.335 s, total = 1.700 s, n_iter = 100, final_shift = 0.083182
Repetition 5: t_classify = 1.322 s, t_update = 0.158 s, total = 1.480 s, n_iter = 100, final_shift = 0.083185
