================================================================================
Machine metadata:
================================================================================
CPU Vendor: AuthenticAMD
CPU Model: Common KVM processor
CPU Cores:                       8
Threads per core: 1
Threads per core: 1 (no symmetric multithreading)
CPU MHz: 
RAM: 62.79 GB
OS: Debian GNU/Linux 12 (bookworm)
GCC version: gcc (Debian 12.2.0-14+deb12u1) 12.2.0
================================================================================
Experiment results:
================================================================================
Repetition 1: t_classify = 3.283 s, t_update = 0.165 s, total = 3.449 s, n_iter = 100, final_shift = 57.834530
Repetition 2: t_classify = 3.310 s, t_update = 0.255 s, total = 3.565 s, n_iter = 100, final_shift = 29.111822
Repetition 3: t_classify = 3.345 s, t_update = 0.173 s, total = 3.518 s, n_iter = 100, final_shift = 57.834396
Repetition 4: t_classify = 3.315 s, t_update = 0.132 s, total = 3.447 s, n_iter = 100, final_shift = 29.111822
Repetition 5: t_classify = 3.294 s, t_update = 0.186 s, total = 3.480 s, n_iter = 100, final_shift = 34.049828
