================================================================================
Machine metadata:
================================================================================
CPU Vendor: AuthenticAMD
CPU Model: Common KVM processor
CPU Cores:                       8
Threads per core: 1
Threads per core: 1 (no symmetric multithreading)
CPU MHz: 
RAM: 62.79 GB
OS: Debian GNU/Linux 12 (bookworm)
GCC version: gcc (Debian 12.2.0-14+deb12u1) 12.2.0
================================================================================
Experiment results:
================================================================================
Repetition 1: t_classify = 1.055 s, t_update = 0.126 s, total = 1.181 s, n_iter = 100, final_shift = 0.006939
Repetition 2: t_classify = 1.051 s, t_update = 0.125 s, total = 1.176 s, n_iter = 100, final_shift = 0.005677
Repetition 3: t_classify = 1.052 s, t_update = 0.125 s, total = 1.177 s, n_iter = 100, final_shift = 0.006940
Repetition 4: t_classify = 1.068 s, t_update = 0.111 s, total = 1.179 s, n_iter = 100, final_shift = 0.005677
Repetition 5: t_classify = 1.063 s, t_update = 0.118 s, total = 1.180 s, n_iter = 100, final_shift = 0.005873
