================================================================================
Machine metadata:
================================================================================
CPU Vendor: AuthenticAMD
CPU Model: Common KVM processor
CPU Cores:                       8
Threads per core: 1
Threads per core: 1 (no symmetric multithreading)
CPU MHz: 
RAM: 62.79 GB
OS: Debian GNU/Linux 12 (bookworm)
GCC version: gcc (Debian 12.2.0-14+deb12u1) 12.2.0
================================================================================
Experiment results:
================================================================================
Repetition 1: t_classify = 7.861 s, t_update = 0.620 s, total = 8.481 s, n_iter = 100, final_shift = 0.000000
Repetition 2: t_classify = 7.857 s, t_update = 0.598 s, total = 8.455 s, n_iter = 100, final_shift = 0.000000
Repetition 3: t_classify = 7.867 s, t_update = 0.647 s, total = 8.514 s, n_iter = 100, final_shift = 0.000000
Repetition 4: t_classify = 7.844 s, t_update = 0.604 s, total = 8.448 s, n_iter = 100, final_shift = 0.000000
Repetition 5: t_classify = 8.101 s, t_update = 1.230 s, total = 9.331 s, n_iter = 100, final_shift = 0.000000
