================================================================================
Machine metadata:
================================================================================
CPU Vendor: AuthenticAMD
CPU Model: Common KVM processor
CPU Cores:                       8
Threads per core: 1
Threads per core: 1 (no symmetric multithreading)
CPU MHz: 
RAM: 62.79 GB
OS: Debian GNU/Linux 12 (bookworm)
GCC version: gcc (Debian 12.2.0-14+deb12u1) 12.2.0
================================================================================
Experiment results:
================================================================================
Repetition 1: t_classify = 0.478 s, t_update = 0.036 s, total = 0.514 s, n_iter = 100, final_shift = 0.000000
Repetition 2: t_classify = 0.480 s, t_update = 0.055 s, total = 0.535 s, n_iter = 100, final_shift = 0.000000
Repetition 3: t_classify = 0.479 s, t_update = 0.049 s, total = 0.528 s, n_iter = 100, final_shift = 0.000000
Repetition 4: t_classify = 0.479 s, t_update = 0.050 s, total = 0.530 s, n_iter = 100, final_shift = 0.000000
Repetition 5: t_classify = 0.478 s, t_update = 0.045 s, total = 0.523 s, n_iter = 100, final_shift = 0.000000
