================================================================================
Machine metadata:
================================================================================
CPU Vendor: AuthenticAMD
CPU Model: Common KVM processor
CPU Cores:                       8
Threads per core: 1
Threads per core: 1 (no symmetric multithreading)
CPU MHz: 
RAM: 62.79 GB
OS: Debian GNU/Linux 12 (bookworm)
GCC version: gcc (Debian 12.2.0-14+deb12u1) 12.2.0
================================================================================
Experiment results:
================================================================================
Repetition 1: t_classify = 0.922 s, t_update = 0.145 s, total = 1.066 s, n_iter = 100, final_shift = 0.000000
Repetition 2: t_classify = 0.914 s, t_update = 0.060 s, total = 0.974 s, n_iter = 100, final_shift = 0.000000
Repetition 3: t_classify = 0.914 s, t_update = 0.092 s, total = 1.006 s, n_iter = 100, final_shift = 0.000000
Repetition 4: t_classify = 0.925 s, t_update = 0.062 s, total = 0.987 s, n_iter = 100, final_shift = 0.000000
Repetition 5: t_classify = 0.915 s, t_update = 0.068 s, total = 0.983 s, n_iter = 100, final_shift = 0.000000
