================================================================================
Machine metadata:
================================================================================
CPU Vendor: AuthenticAMD
CPU Model: Common KVM processor
CPU Cores:                       8
Threads per core: 1
Threads per core: 1 (no symmetric multithreading)
CPU MHz: 
RAM: 62.79 GB
OS: Debian GNU/Linux 12 (bookworm)
GCC version: gcc (Debian 12.2.0-14+deb12u1) 12.2.0
================================================================================
Experiment results:
================================================================================
Repetition 1: t_classify = 1.122 s, t_update = 0.093 s, total = 1.216 s, n_iter = 100, final_shift = 2.510356
Repetition 2: t_classify = 1.114 s, t_update = 0.081 s, total = 1.196 s, n_iter = 100, final_shift = 2.945933
Repetition 3: t_classify = 1.117 s, t_update = 0.130 s, total = 1.247 s, n_iter = 100, final_shift = 2.338282
Repetition 4: t_classify = 1.111 s, t_update = 0.088 s, total = 1.199 s, n_iter = 100, final_shift = 2.386323
Repetition 5: t_classify = 1.124 s, t_update = 0.105 s, total = 1.229 s, n_iter = 100, final_shift = 2.379328
