================================================================================
Machine metadata:
================================================================================
CPU Vendor: AuthenticAMD
CPU Model: Common KVM processor
CPU Cores:                       8
Threads per core: 1
Threads per core: 1 (no symmetric multithreading)
CPU MHz: 
RAM: 62.79 GB
OS: Debian GNU/Linux 12 (bookworm)
GCC version: gcc (Debian 12.2.0-14+deb12u1) 12.2.0
================================================================================
Experiment results:
================================================================================
Repetition 1: t_classify = 1.305 s, t_update = 0.063 s, total = 1.368 s, n_iter = 100, final_shift = 15.459276
Repetition 2: t_classify = 1.311 s, t_update = 0.082 s, total = 1.393 s, n_iter = 100, final_shift = 15.459276
Repetition 3: t_classify = 1.309 s, t_update = 0.062 s, total = 1.371 s, n_iter = 100, final_shift = 15.459276
Repetition 4: t_classify = 1.325 s, t_update = 0.069 s, total = 1.393 s, n_iter = 100, final_shift = 15.459276
Repetition 5: t_classify = 1.321 s, t_update = 0.063 s, total = 1.385 s, n_iter = 100, final_shift = 15.459276
