================================================================================
Machine metadata:
================================================================================
CPU Vendor: AuthenticAMD
CPU Model: Common KVM processor
CPU Cores:                       8
Threads per core: 1
Threads per core: 1 (no symmetric multithreading)
CPU MHz: 
RAM: 62.79 GB
OS: Debian GNU/Linux 12 (bookworm)
GCC version: gcc (Debian 12.2.0-14+deb12u1) 12.2.0
================================================================================
Experiment results:
================================================================================
Repetition 1: t_classify = 6.555 s, t_update = 0.261 s, total = 6.817 s, n_iter = 100, final_shift = 29.664469
Repetition 2: t_classify = 6.635 s, t_update = 0.298 s, total = 6.933 s, n_iter = 100, final_shift = 29.664469
Repetition 3: t_classify = 6.566 s, t_update = 0.294 s, total = 6.861 s, n_iter = 100, final_shift = 29.664469
Repetition 4: t_classify = 6.544 s, t_update = 0.277 s, total = 6.821 s, n_iter = 100, final_shift = 29.664469
Repetition 5: t_classify = 6.547 s, t_update = 0.268 s, total = 6.815 s, n_iter = 100, final_shift = 29.664469
