================================================================================
Machine metadata:
================================================================================
CPU Vendor: AuthenticAMD
CPU Model: Common KVM processor
CPU Cores:                       8
Threads per core: 1
Threads per core: 1 (no symmetric multithreading)
CPU MHz: 
RAM: 62.79 GB
OS: Debian GNU/Linux 12 (bookworm)
GCC version: gcc (Debian 12.2.0-14+deb12u1) 12.2.0
================================================================================
Experiment results:
================================================================================
Repetition 1: t_classify = 0.812 s, t_update = 0.098 s, total = 0.910 s, n_iter = 100, final_shift = 0.006469
Repetition 2: t_classify = 0.796 s, t_update = 0.087 s, total = 0.883 s, n_iter = 100, final_shift = 0.005660
Repetition 3: t_classify = 0.802 s, t_update = 0.114 s, total = 0.916 s, n_iter = 100, final_shift = 0.007268
Repetition 4: t_classify = 0.797 s, t_update = 0.076 s, total = 0.872 s, n_iter = 100, final_shift = 0.006490
Repetition 5: t_classify = 0.792 s, t_update = 0.099 s, total = 0.891 s, n_iter = 100, final_shift = 0.005659
