================================================================================
Machine metadata:
================================================================================
CPU Vendor: AuthenticAMD
CPU Model: Common KVM processor
CPU Cores:                       8
Threads per core: 1
Threads per core: 1 (no symmetric multithreading)
CPU MHz: 
RAM: 62.79 GB
OS: Debian GNU/Linux 12 (bookworm)
GCC version: gcc (Debian 12.2.0-14+deb12u1) 12.2.0
================================================================================
Experiment results:
================================================================================
Repetition 1: t_classify = 2.614 s, t_update = 0.067 s, total = 2.682 s, n_iter = 100, final_shift = 0.000000
Repetition 2: t_classify = 2.609 s, t_update = 0.066 s, total = 2.675 s, n_iter = 100, final_shift = 0.000000
Repetition 3: t_classify = 2.614 s, t_update = 0.068 s, total = 2.682 s, n_iter = 100, final_shift = 0.000000
Repetition 4: t_classify = 2.624 s, t_update = 0.071 s, total = 2.695 s, n_iter = 100, final_shift = 0.000000
Repetition 5: t_classify = 2.614 s, t_update = 0.069 s, total = 2.682 s, n_iter = 100, final_shift = 0.000000
