================================================================================
Machine metadata:
================================================================================
CPU Vendor: AuthenticAMD
CPU Model: Common KVM processor
CPU Cores:                       8
Threads per core: 1
Threads per core: 1 (no symmetric multithreading)
CPU MHz: 
RAM: 62.79 GB
OS: Debian GNU/Linux 12 (bookworm)
GCC version: gcc (Debian 12.2.0-14+deb12u1) 12.2.0
================================================================================
Experiment results:
================================================================================
Repetition 1: t_classify = 3.495 s, t_update = 0.131 s, total = 3.626 s, n_iter = 100, final_shift = 1.688067
Repetition 2: t_classify = 3.493 s, t_update = 0.114 s, total = 3.607 s, n_iter = 100, final_shift = 1.688088
Repetition 3: t_classify = 3.492 s, t_update = 0.176 s, total = 3.667 s, n_iter = 100, final_shift = 1.688088
Repetition 4: t_classify = 3.516 s, t_update = 0.294 s, total = 3.810 s, n_iter = 100, final_shift = 1.688078
Repetition 5: t_classify = 3.492 s, t_update = 0.106 s, total = 3.598 s, n_iter = 100, final_shift = 1.688067
