================================================================================
Machine metadata:
================================================================================
CPU Vendor: AuthenticAMD
CPU Model: Common KVM processor
CPU Cores:                       8
Threads per core: 1
Threads per core: 1 (no symmetric multithreading)
CPU MHz: 
RAM: 62.79 GB
OS: Debian GNU/Linux 12 (bookworm)
GCC version: gcc (Debian 12.2.0-14+deb12u1) 12.2.0
================================================================================
Experiment results:
================================================================================
Repetition 1: t_classify = 0.693 s, t_update = 0.097 s, total = 0.790 s, n_iter = 100, final_shift = 0.000000
Repetition 2: t_classify = 0.684 s, t_update = 0.086 s, total = 0.770 s, n_iter = 100, final_shift = 0.000000
Repetition 3: t_classify = 0.680 s, t_update = 0.080 s, total = 0.760 s, n_iter = 100, final_shift = 0.000000
Repetition 4: t_classify = 0.702 s, t_update = 0.078 s, total = 0.780 s, n_iter = 100, final_shift = 0.000000
Repetition 5: t_classify = 0.682 s, t_update = 0.098 s, total = 0.781 s, n_iter = 100, final_shift = 0.000000
