================================================================================
Machine metadata:
================================================================================
CPU Vendor: AuthenticAMD
CPU Model: Common KVM processor
CPU Cores:                       8
Threads per core: 1
Threads per core: 1 (no symmetric multithreading)
CPU MHz: 
RAM: 62.79 GB
OS: Debian GNU/Linux 12 (bookworm)
GCC version: gcc (Debian 12.2.0-14+deb12u1) 12.2.0
================================================================================
Experiment results:
================================================================================
Repetition 1: t_classify = 2.650 s, t_update = 0.074 s, total = 2.724 s, n_iter = 100, final_shift = 0.015487
Repetition 2: t_classify = 2.671 s, t_update = 0.083 s, total = 2.754 s, n_iter = 100, final_shift = 0.015487
Repetition 3: t_classify = 2.657 s, t_update = 0.079 s, total = 2.736 s, n_iter = 100, final_shift = 0.015487
Repetition 4: t_classify = 2.671 s, t_update = 0.077 s, total = 2.748 s, n_iter = 100, final_shift = 0.015487
Repetition 5: t_classify = 2.655 s, t_update = 0.080 s, total = 2.735 s, n_iter = 100, final_shift = 0.015487
