================================================================================
Machine metadata:
================================================================================
CPU Vendor: AuthenticAMD
CPU Model: Common KVM processor
CPU Cores:                       8
Threads per core: 1
Threads per core: 1 (no symmetric multithreading)
CPU MHz: 
RAM: 62.79 GB
OS: Debian GNU/Linux 12 (bookworm)
GCC version: gcc (Debian 12.2.0-14+deb12u1) 12.2.0
================================================================================
Experiment results:
================================================================================
Repetition 1: t_classify = 0.324 s, t_update = 0.031 s, total = 0.355 s, n_iter = 100, final_shift = 0.000000
Repetition 2: t_classify = 0.338 s, t_update = 0.030 s, total = 0.367 s, n_iter = 100, final_shift = 0.000000
Repetition 3: t_classify = 0.337 s, t_update = 0.029 s, total = 0.366 s, n_iter = 100, final_shift = 0.000000
Repetition 4: t_classify = 0.323 s, t_update = 0.030 s, total = 0.354 s, n_iter = 100, final_shift = 0.000000
Repetition 5: t_classify = 0.336 s, t_update = 0.029 s, total = 0.365 s, n_iter = 100, final_shift = 0.000000
