================================================================================
Machine metadata:
================================================================================
CPU Vendor: AuthenticAMD
CPU Model: Common KVM processor
CPU Cores:                       8
Threads per core: 1
Threads per core: 1 (no symmetric multithreading)
CPU MHz: 
RAM: 62.79 GB
OS: Debian GNU/Linux 12 (bookworm)
GCC version: gcc (Debian 12.2.0-14+deb12u1) 12.2.0
================================================================================
Experiment results:
================================================================================
Repetition 1: t_classify = 2.035 s, t_update = 0.150 s, total = 2.185 s, n_iter = 100, final_shift = 0.000000
Repetition 2: t_classify = 2.037 s, t_update = 0.336 s, total = 2.373 s, n_iter = 100, final_shift = 0.000000
Repetition 3: t_classify = 2.117 s, t_update = 0.243 s, total = 2.360 s, n_iter = 100, final_shift = 0.000000
Repetition 4: t_classify = 1.965 s, t_update = 0.134 s, total = 2.099 s, n_iter = 100, final_shift = 0.000000
Repetition 5: t_classify = 1.961 s, t_update = 0.136 s, total = 2.097 s, n_iter = 100, final_shift = 0.000000
