================================================================================
Machine metadata:
================================================================================
CPU Vendor: AuthenticAMD
CPU Model: Common KVM processor
CPU Cores:                       8
Threads per core: 1
Threads per core: 1 (no symmetric multithreading)
CPU MHz: 
RAM: 62.79 GB
OS: Debian GNU/Linux 12 (bookworm)
GCC version: gcc (Debian 12.2.0-14+deb12u1) 12.2.0
================================================================================
Experiment results:
================================================================================
Repetition 1: t_classify = 0.598 s, t_update = 0.024 s, total = 0.622 s, n_iter = 100, final_shift = 0.021903
Repetition 2: t_classify = 0.604 s, t_update = 0.027 s, total = 0.631 s, n_iter = 100, final_shift = 0.021903
Repetition 3: t_classify = 0.603 s, t_update = 0.022 s, total = 0.625 s, n_iter = 100, final_shift = 0.021903
Repetition 4: t_classify = 0.612 s, t_update = 0.020 s, total = 0.632 s, n_iter = 100, final_shift = 0.021903
Repetition 5: t_classify = 0.604 s, t_update = 0.018 s, total = 0.621 s, n_iter = 100, final_shift = 0.021903
