================================================================================
Machine metadata:
================================================================================
CPU Vendor: AuthenticAMD
CPU Model: Common KVM processor
CPU Cores:                       8
Threads per core: 1
Threads per core: 1 (no symmetric multithreading)
CPU MHz: 
RAM: 62.79 GB
OS: Debian GNU/Linux 12 (bookworm)
GCC version: gcc (Debian 12.2.0-14+deb12u1) 12.2.0
================================================================================
Experiment results:
================================================================================
Repetition 1: t_classify = 10.479 s, t_update = 0.809 s, total = 11.288 s, n_iter = 100, final_shift = 0.000000
Repetition 2: t_classify = 10.603 s, t_update = 1.746 s, total = 12.349 s, n_iter = 100, final_shift = 0.000000
Repetition 3: t_classify = 10.638 s, t_update = 1.535 s, total = 12.173 s, n_iter = 100, final_shift = 0.000000
Repetition 4: t_classify = 10.466 s, t_update = 1.541 s, total = 12.007 s, n_iter = 100, final_shift = 0.000000
Repetition 5: t_classify = 10.480 s, t_update = 0.836 s, total = 11.316 s, n_iter = 100, final_shift = 0.000000
