================================================================================
Machine metadata:
================================================================================
CPU Vendor: AuthenticAMD
CPU Model: Common KVM processor
CPU Cores:                       8
Threads per core: 1
Threads per core: 1 (no symmetric multithreading)
CPU MHz: 
RAM: 62.79 GB
OS: Debian GNU/Linux 12 (bookworm)
GCC version: gcc (Debian 12.2.0-14+deb12u1) 12.2.0
================================================================================
Experiment results:
================================================================================
Repetition 1: t_classify = 0.608 s, t_update = 0.059 s, total = 0.667 s, n_iter = 100, final_shift = 0.000000
Repetition 2: t_classify = 0.622 s, t_update = 0.062 s, total = 0.683 s, n_iter = 100, final_shift = 0.000000
Repetition 3: t_classify = 0.606 s, t_update = 0.107 s, total = 0.714 s, n_iter = 100, final_shift = 0.000000
Repetition 4: t_classify = 0.605 s, t_update = 0.064 s, total = 0.669 s, n_iter = 100, final_shift = 0.000000
Repetition 5: t_classify = 0.600 s, t_update = 0.085 s, total = 0.685 s, n_iter = 100, final_shift = 0.000000
