================================================================================
Machine metadata:
================================================================================
CPU Vendor: AuthenticAMD
CPU Model: Common KVM processor
CPU Cores:                       8
Threads per core: 1
Threads per core: 1 (no symmetric multithreading)
CPU MHz: 
RAM: 62.79 GB
OS: Debian GNU/Linux 12 (bookworm)
GCC version: gcc (Debian 12.2.0-14+deb12u1) 12.2.0
================================================================================
Experiment results:
================================================================================
Repetition 1: t_classify = 1.982 s, t_update = 0.285 s, total = 2.267 s, n_iter = 100, final_shift = 0.000000
Repetition 2: t_classify = 2.005 s, t_update = 0.131 s, total = 2.136 s, n_iter = 100, final_shift = 0.000000
Repetition 3: t_classify = 2.004 s, t_update = 0.127 s, total = 2.130 s, n_iter = 100, final_shift = 0.000000
Repetition 4: t_classify = 1.997 s, t_update = 0.136 s, total = 2.133 s, n_iter = 100, final_shift = 0.000000
Repetition 5: t_classify = 1.980 s, t_update = 0.194 s, total = 2.174 s, n_iter = 100, final_shift = 0.000000
