================================================================================
Machine metadata:
================================================================================
CPU Vendor: AuthenticAMD
CPU Model: Common KVM processor
CPU Cores:                       8
Threads per core: 1
Threads per core: 1 (no symmetric multithreading)
CPU MHz: 
RAM: 62.79 GB
OS: Debian GNU/Linux 12 (bookworm)
GCC version: gcc (Debian 12.2.0-14+deb12u1) 12.2.0
================================================================================
Experiment results:
================================================================================
Repetition 1: t_classify = 2.106 s, t_update = 0.146 s, total = 2.252 s, n_iter = 100, final_shift = 0.000000
Repetition 2: t_classify = 2.109 s, t_update = 0.154 s, total = 2.263 s, n_iter = 100, final_shift = 0.000000
Repetition 3: t_classify = 2.123 s, t_update = 0.158 s, total = 2.281 s, n_iter = 100, final_shift = 0.000000
Repetition 4: t_classify = 2.110 s, t_update = 0.145 s, total = 2.255 s, n_iter = 100, final_shift = 0.000000
Repetition 5: t_classify = 2.126 s, t_update = 0.145 s, total = 2.271 s, n_iter = 100, final_shift = 0.000000
