================================================================================
Machine metadata:
================================================================================
CPU Vendor: AuthenticAMD
CPU Model: Common KVM processor
CPU Cores:                       8
Threads per core: 1
Threads per core: 1 (no symmetric multithreading)
CPU MHz: 
RAM: 62.79 GB
OS: Debian GNU/Linux 12 (bookworm)
GCC version: gcc (Debian 12.2.0-14+deb12u1) 12.2.0
================================================================================
Experiment results:
================================================================================
Repetition 1: t_classify = 1.681 s, t_update = 0.200 s, total = 1.880 s, n_iter = 100, final_shift = 0.000000
Repetition 2: t_classify = 1.674 s, t_update = 0.224 s, total = 1.898 s, n_iter = 100, final_shift = 0.000000
Repetition 3: t_classify = 1.684 s, t_update = 0.204 s, total = 1.888 s, n_iter = 100, final_shift = 0.000000
Repetition 4: t_classify = 1.675 s, t_update = 0.209 s, total = 1.884 s, n_iter = 100, final_shift = 0.000000
Repetition 5: t_classify = 1.678 s, t_update = 0.198 s, total = 1.876 s, n_iter = 100, final_shift = 0.000000
