================================================================================
Machine metadata:
================================================================================
CPU Vendor: AuthenticAMD
CPU Model: Common KVM processor
CPU Cores:                       8
Threads per core: 1
Threads per core: 1 (no symmetric multithreading)
CPU MHz: 
RAM: 62.79 GB
OS: Debian GNU/Linux 12 (bookworm)
GCC version: gcc (Debian 12.2.0-14+deb12u1) 12.2.0
================================================================================
Experiment results:
================================================================================
Repetition 1: t_classify = 1.520 s, t_update = 0.064 s, total = 1.584 s, n_iter = 100, final_shift = 0.000000
Repetition 2: t_classify = 1.529 s, t_update = 0.066 s, total = 1.596 s, n_iter = 100, final_shift = 0.000000
Repetition 3: t_classify = 1.516 s, t_update = 0.063 s, total = 1.579 s, n_iter = 100, final_shift = 0.000000
Repetition 4: t_classify = 1.516 s, t_update = 0.063 s, total = 1.579 s, n_iter = 100, final_shift = 0.000000
Repetition 5: t_classify = 1.515 s, t_update = 0.063 s, total = 1.579 s, n_iter = 100, final_shift = 0.000000
