================================================================================
Machine metadata:
================================================================================
CPU Vendor: AuthenticAMD
CPU Model: Common KVM processor
CPU Cores:                       8
Threads per core: 1
Threads per core: 1 (no symmetric multithreading)
CPU MHz: 
RAM: 62.79 GB
OS: Debian GNU/Linux 12 (bookworm)
GCC version: gcc (Debian 12.2.0-14+deb12u1) 12.2.0
================================================================================
Experiment results:
================================================================================
Repetition 1: t_classify = 2.368 s, t_update = 0.161 s, total = 2.529 s, n_iter = 100, final_shift = 0.000000
Repetition 2: t_classify = 2.390 s, t_update = 0.162 s, total = 2.552 s, n_iter = 100, final_shift = 0.000000
Repetition 3: t_classify = 2.405 s, t_update = 0.179 s, total = 2.585 s, n_iter = 100, final_shift = 0.000000
Repetition 4: t_classify = 2.368 s, t_update = 0.159 s, total = 2.526 s, n_iter = 100, final_shift = 0.000000
Repetition 5: t_classify = 2.371 s, t_update = 0.162 s, total = 2.533 s, n_iter = 100, final_shift = 0.000000
