================================================================================
Machine metadata:
================================================================================
CPU Vendor: AuthenticAMD
CPU Model: Common KVM processor
CPU Cores:                       8
Threads per core: 1
Threads per core: 1 (no symmetric multithreading)
CPU MHz: 
RAM: 62.79 GB
OS: Debian GNU/Linux 12 (bookworm)
GCC version: gcc (Debian 12.2.0-14+deb12u1) 12.2.0
================================================================================
Experiment results:
================================================================================
Repetition 1: t_classify = 5.570 s, t_update = 0.217 s, total = 5.788 s, n_iter = 100, final_shift = 0.001020
Repetition 2: t_classify = 5.573 s, t_update = 0.199 s, total = 5.772 s, n_iter = 100, final_shift = 0.001020
Repetition 3: t_classify = 5.572 s, t_update = 0.204 s, total = 5.776 s, n_iter = 100, final_shift = 0.001020
Repetition 4: t_classify = 5.641 s, t_update = 0.205 s, total = 5.845 s, n_iter = 100, final_shift = 0.001020
Repetition 5: t_classify = 5.570 s, t_update = 0.221 s, total = 5.791 s, n_iter = 100, final_shift = 0.001020
