================================================================================
Machine metadata:
================================================================================
CPU Vendor: AuthenticAMD
CPU Model: Common KVM processor
CPU Cores:                       8
Threads per core: 1
Threads per core: 1 (no symmetric multithreading)
CPU MHz: 
RAM: 62.79 GB
OS: Debian GNU/Linux 12 (bookworm)
GCC version: gcc (Debian 12.2.0-14+deb12u1) 12.2.0
================================================================================
Experiment results:
================================================================================
Repetition 1: t_classify = 0.289 s, t_update = 0.014 s, total = 0.303 s, n_iter = 100, final_shift = 0.000135
Repetition 2: t_classify = 0.287 s, t_update = 0.014 s, total = 0.301 s, n_iter = 100, final_shift = 0.000135
Repetition 3: t_classify = 0.287 s, t_update = 0.013 s, total = 0.300 s, n_iter = 100, final_shift = 0.000135
Repetition 4: t_classify = 0.288 s, t_update = 0.014 s, total = 0.302 s, n_iter = 100, final_shift = 0.000135
Repetition 5: t_classify = 0.292 s, t_update = 0.014 s, total = 0.306 s, n_iter = 100, final_shift = 0.000135
