================================================================================
Machine metadata:
================================================================================
CPU Vendor: AuthenticAMD
CPU Model: Common KVM processor
CPU Cores:                       8
Threads per core: 1
Threads per core: 1 (no symmetric multithreading)
CPU MHz: 
RAM: 62.79 GB
OS: Debian GNU/Linux 12 (bookworm)
GCC version: gcc (Debian 12.2.0-14+deb12u1) 12.2.0
================================================================================
Experiment results:
================================================================================
Repetition 1: t_classify = 1.206 s, t_update = 0.031 s, total = 1.237 s, n_iter = 100, final_shift = 0.027743
Repetition 2: t_classify = 1.202 s, t_update = 0.031 s, total = 1.233 s, n_iter = 100, final_shift = 0.027743
Repetition 3: t_classify = 1.212 s, t_update = 0.032 s, total = 1.244 s, n_iter = 100, final_shift = 0.027743
Repetition 4: t_classify = 1.196 s, t_update = 0.028 s, total = 1.224 s, n_iter = 100, final_shift = 0.027743
Repetition 5: t_classify = 1.202 s, t_update = 0.034 s, total = 1.236 s, n_iter = 100, final_shift = 0.027743
