================================================================================
Machine metadata:
================================================================================
CPU Model: Common KVM processor
RAM: 62.79 GB
OS: Debian GNU/Linux 12 (bookworm)
NVCC version: 11.8
---
GPU metadata:
NVIDIA L40, 8.9, 46068 MiB, 535.261.03
================================================================================
Experiment results:
================================================================================
Rep 1: t_classify=0.004775 s, t_update=0.007734 s, tot=0.012517 s, iter=100, shift=0.000000
         classify: block=512 grid=196 (optimal=284)
         update:   block=512   grid=196   (optimal=284)
Rep 2: t_classify=0.003523 s, t_update=0.007437 s, tot=0.010967 s, iter=100, shift=0.000000
         classify: block=512 grid=196 (optimal=284)
         update:   block=512   grid=196   (optimal=284)
Rep 3: t_classify=0.003406 s, t_update=0.006948 s, tot=0.010362 s, iter=100, shift=0.000000
         classify: block=512 grid=196 (optimal=284)
         update:   block=512   grid=196   (optimal=284)
Rep 4: t_classify=0.003395 s, t_update=0.006956 s, tot=0.010359 s, iter=100, shift=0.000000
         classify: block=512 grid=196 (optimal=284)
         update:   block=512   grid=196   (optimal=284)
Rep 5: t_classify=0.003396 s, t_update=0.007091 s, tot=0.010495 s, iter=100, shift=0.000000
         classify: block=512 grid=196 (optimal=284)
         update:   block=512   grid=196   (optimal=284)
