================================================================================
Machine metadata:
================================================================================
CPU Model: Common KVM processor
RAM: 62.79 GB
OS: Debian GNU/Linux 12 (bookworm)
NVCC version: 11.8
---
GPU metadata:
NVIDIA L40, 8.9, 46068 MiB, 535.261.03
================================================================================
Experiment results:
================================================================================
Rep 1: t_classify=0.006650 s, t_update=0.016142 s, tot=0.022800 s, iter=100, shift=0.259900
         classify: block=512 grid=198 (optimal=284)
         update:   block=512   grid=198   (optimal=284)
Rep 2: t_classify=0.006544 s, t_update=0.015948 s, tot=0.022500 s, iter=100, shift=0.259904
         classify: block=512 grid=198 (optimal=284)
         update:   block=512   grid=198   (optimal=284)
Rep 3: t_classify=0.006695 s, t_update=0.016060 s, tot=0.022762 s, iter=100, shift=1.653942
         classify: block=512 grid=198 (optimal=284)
         update:   block=512   grid=198   (optimal=284)
Rep 4: t_classify=0.006627 s, t_update=0.016039 s, tot=0.022674 s, iter=100, shift=0.259897
         classify: block=512 grid=198 (optimal=284)
         update:   block=512   grid=198   (optimal=284)
Rep 5: t_classify=0.006632 s, t_update=0.016140 s, tot=0.022780 s, iter=100, shift=0.259908
         classify: block=512 grid=198 (optimal=284)
         update:   block=512   grid=198   (optimal=284)
