================================================================================
Machine metadata:
================================================================================
CPU Model: Common KVM processor
RAM: 62.79 GB
OS: Debian GNU/Linux 12 (bookworm)
NVCC version: 11.8
---
GPU metadata:
NVIDIA L40, 8.9, 46068 MiB, 535.261.03
================================================================================
Experiment results:
================================================================================
Rep 1: t_classify=0.004346 s, t_update=0.031937 s, tot=0.036291 s, iter=100, shift=0.000000
         classify: block=768 grid=196 (optimal=284)
         update:   block=768   grid=196   (optimal=284)
Rep 2: t_classify=0.004204 s, t_update=0.031813 s, tot=0.036024 s, iter=100, shift=0.000000
         classify: block=768 grid=196 (optimal=284)
         update:   block=768   grid=196   (optimal=284)
Rep 3: t_classify=0.004195 s, t_update=0.031782 s, tot=0.035985 s, iter=100, shift=0.000000
         classify: block=768 grid=196 (optimal=284)
         update:   block=768   grid=196   (optimal=284)
Rep 4: t_classify=0.004486 s, t_update=0.031795 s, tot=0.036289 s, iter=100, shift=0.000000
         classify: block=768 grid=196 (optimal=284)
         update:   block=768   grid=196   (optimal=284)
Rep 5: t_classify=0.004099 s, t_update=0.031767 s, tot=0.035874 s, iter=100, shift=0.000000
         classify: block=768 grid=196 (optimal=284)
         update:   block=768   grid=196   (optimal=284)
