================================================================================
Machine metadata:
================================================================================
CPU Model: Common KVM processor
RAM: 62.79 GB
OS: Debian GNU/Linux 12 (bookworm)
NVCC version: 11.8
---
GPU metadata:
NVIDIA L40, 8.9, 46068 MiB, 535.261.03
================================================================================
Experiment results:
================================================================================
Rep 1: t_classify=0.004256 s, t_update=0.013128 s, tot=0.017392 s, iter=100, shift=0.000000
         classify: block=768 grid=132 (optimal=284)
         update:   block=768   grid=132   (optimal=284)
Rep 2: t_classify=0.004283 s, t_update=0.012934 s, tot=0.017225 s, iter=100, shift=0.000000
         classify: block=768 grid=132 (optimal=284)
         update:   block=768   grid=132   (optimal=284)
Rep 3: t_classify=0.004279 s, t_update=0.013022 s, tot=0.017309 s, iter=100, shift=0.000000
         classify: block=768 grid=132 (optimal=284)
         update:   block=768   grid=132   (optimal=284)
Rep 4: t_classify=0.004309 s, t_update=0.012918 s, tot=0.017235 s, iter=100, shift=0.000000
         classify: block=768 grid=132 (optimal=284)
         update:   block=768   grid=132   (optimal=284)
Rep 5: t_classify=0.004365 s, t_update=0.013386 s, tot=0.017758 s, iter=100, shift=0.000000
         classify: block=768 grid=132 (optimal=284)
         update:   block=768   grid=132   (optimal=284)
