================================================================================
Machine metadata:
================================================================================
CPU Model: Common KVM processor
RAM: 62.79 GB
OS: Debian GNU/Linux 12 (bookworm)
NVCC version: 11.8
---
GPU metadata:
NVIDIA L40, 8.9, 46068 MiB, 535.261.03
================================================================================
Experiment results:
================================================================================
Rep 1: t_classify=0.017250 s, t_update=0.039492 s, tot=0.056750 s, iter=100, shift=0.006556
         classify: block=768 grid=326 (optimal=284)
         update:   block=768   grid=326   (optimal=284)
Rep 2: t_classify=0.017260 s, t_update=0.039497 s, tot=0.056765 s, iter=100, shift=0.008980
         classify: block=768 grid=326 (optimal=284)
         update:   block=768   grid=326   (optimal=284)
Rep 3: t_classify=0.017277 s, t_update=0.039351 s, tot=0.056635 s, iter=100, shift=0.010337
         classify: block=768 grid=326 (optimal=284)
         update:   block=768   grid=326   (optimal=284)
Rep 4: t_classify=0.017236 s, t_update=0.039062 s, tot=0.056305 s, iter=100, shift=0.009050
         classify: block=768 grid=326 (optimal=284)
         update:   block=768   grid=326   (optimal=284)
Rep 5: t_classify=0.017196 s, t_update=0.039146 s, tot=0.056350 s, iter=100, shift=0.008795
         classify: block=768 grid=326 (optimal=284)
         update:   block=768   grid=326   (optimal=284)
