================================================================================
Machine metadata:
================================================================================
CPU Model: Common KVM processor
RAM: 62.79 GB
OS: Debian GNU/Linux 12 (bookworm)
NVCC version: 11.8
---
GPU metadata:
NVIDIA L40, 8.9, 46068 MiB, 535.261.03
================================================================================
Experiment results:
================================================================================
Rep 1: t_classify=0.018338 s, t_update=0.045913 s, tot=0.064259 s, iter=100, shift=0.082251
         classify: block=512 grid=586 (optimal=284)
         update:   block=512   grid=586   (optimal=284)
Rep 2: t_classify=0.018358 s, t_update=0.045835 s, tot=0.064201 s, iter=100, shift=0.057625
         classify: block=512 grid=586 (optimal=284)
         update:   block=512   grid=586   (optimal=284)
Rep 3: t_classify=0.018151 s, t_update=0.045876 s, tot=0.064035 s, iter=100, shift=0.040776
         classify: block=512 grid=586 (optimal=284)
         update:   block=512   grid=586   (optimal=284)
Rep 4: t_classify=0.018028 s, t_update=0.045821 s, tot=0.063857 s, iter=100, shift=0.056638
         classify: block=512 grid=586 (optimal=284)
         update:   block=512   grid=586   (optimal=284)
Rep 5: t_classify=0.018033 s, t_update=0.045830 s, tot=0.063871 s, iter=100, shift=0.046732
         classify: block=512 grid=586 (optimal=284)
         update:   block=512   grid=586   (optimal=284)
