================================================================================
Machine metadata:
================================================================================
CPU Model: Common KVM processor
RAM: 62.79 GB
OS: Debian GNU/Linux 12 (bookworm)
NVCC version: 11.8
---
GPU metadata:
NVIDIA L40, 8.9, 46068 MiB, 535.261.03
================================================================================
Experiment results:
================================================================================
Rep 1: t_classify=0.029309 s, t_update=0.035027 s, tot=0.064343 s, iter=100, shift=0.000196
         classify: block=512 grid=691 (optimal=284)
         update:   block=512   grid=691   (optimal=284)
Rep 2: t_classify=0.029348 s, t_update=0.035105 s, tot=0.064460 s, iter=100, shift=0.004328
         classify: block=512 grid=691 (optimal=284)
         update:   block=512   grid=691   (optimal=284)
Rep 3: t_classify=0.029349 s, t_update=0.035044 s, tot=0.064401 s, iter=100, shift=0.000593
         classify: block=512 grid=691 (optimal=284)
         update:   block=512   grid=691   (optimal=284)
Rep 4: t_classify=0.029249 s, t_update=0.035012 s, tot=0.064269 s, iter=100, shift=0.000512
         classify: block=512 grid=691 (optimal=284)
         update:   block=512   grid=691   (optimal=284)
Rep 5: t_classify=0.029291 s, t_update=0.035028 s, tot=0.064328 s, iter=100, shift=0.002027
         classify: block=512 grid=691 (optimal=284)
         update:   block=512   grid=691   (optimal=284)
