================================================================================
Machine metadata:
================================================================================
CPU Model: Common KVM processor
RAM: 62.79 GB
OS: Debian GNU/Linux 12 (bookworm)
NVCC version: 11.8
---
GPU metadata:
NVIDIA L40, 8.9, 46068 MiB, 535.261.03
================================================================================
Experiment results:
================================================================================
Rep 1: t_classify=0.002806 s, t_update=0.017540 s, tot=0.020354 s, iter=100, shift=0.000000
         classify: block=768 grid=261 (optimal=284)
         update:   block=768   grid=261   (optimal=284)
Rep 2: t_classify=0.002865 s, t_update=0.017764 s, tot=0.020637 s, iter=100, shift=0.000000
         classify: block=768 grid=261 (optimal=284)
         update:   block=768   grid=261   (optimal=284)
Rep 3: t_classify=0.002825 s, t_update=0.017611 s, tot=0.020443 s, iter=100, shift=0.000000
         classify: block=768 grid=261 (optimal=284)
         update:   block=768   grid=261   (optimal=284)
Rep 4: t_classify=0.002805 s, t_update=0.017531 s, tot=0.020344 s, iter=100, shift=0.000000
         classify: block=768 grid=261 (optimal=284)
         update:   block=768   grid=261   (optimal=284)
Rep 5: t_classify=0.002853 s, t_update=0.017711 s, tot=0.020572 s, iter=100, shift=0.000000
         classify: block=768 grid=261 (optimal=284)
         update:   block=768   grid=261   (optimal=284)
