================================================================================
Machine metadata:
================================================================================
CPU Model: Common KVM processor
RAM: 62.79 GB
OS: Debian GNU/Linux 12 (bookworm)
NVCC version: 11.8
---
GPU metadata:
NVIDIA L40, 8.9, 46068 MiB, 535.261.03
================================================================================
Experiment results:
================================================================================
Rep 1: t_classify=0.004607 s, t_update=0.014072 s, tot=0.018687 s, iter=100, shift=0.000000
         classify: block=512 grid=99 (optimal=284)
         update:   block=512   grid=99   (optimal=284)
Rep 2: t_classify=0.004758 s, t_update=0.014285 s, tot=0.019051 s, iter=100, shift=0.000000
         classify: block=512 grid=99 (optimal=284)
         update:   block=512   grid=99   (optimal=284)
Rep 3: t_classify=0.004551 s, t_update=0.013928 s, tot=0.018487 s, iter=100, shift=0.000000
         classify: block=512 grid=99 (optimal=284)
         update:   block=512   grid=99   (optimal=284)
Rep 4: t_classify=0.004531 s, t_update=0.014040 s, tot=0.018579 s, iter=100, shift=0.000000
         classify: block=512 grid=99 (optimal=284)
         update:   block=512   grid=99   (optimal=284)
Rep 5: t_classify=0.005016 s, t_update=0.014749 s, tot=0.019773 s, iter=100, shift=0.000000
         classify: block=512 grid=99 (optimal=284)
         update:   block=512   grid=99   (optimal=284)
