================================================================================
Machine metadata:
================================================================================
CPU Model: Common KVM processor
RAM: 62.79 GB
OS: Debian GNU/Linux 12 (bookworm)
NVCC version: 11.8
---
GPU metadata:
NVIDIA L40, 8.9, 46068 MiB, 535.261.03
================================================================================
Experiment results:
================================================================================
Rep 1: t_classify=0.047967 s, t_update=0.090039 s, tot=0.138014 s, iter=100, shift=0.000000
         classify: block=512 grid=691 (optimal=284)
         update:   block=512   grid=691   (optimal=284)
Rep 2: t_classify=0.048192 s, t_update=0.090061 s, tot=0.138261 s, iter=100, shift=0.000000
         classify: block=512 grid=691 (optimal=284)
         update:   block=512   grid=691   (optimal=284)
Rep 3: t_classify=0.048111 s, t_update=0.090051 s, tot=0.138170 s, iter=100, shift=0.000000
         classify: block=512 grid=691 (optimal=284)
         update:   block=512   grid=691   (optimal=284)
Rep 4: t_classify=0.048093 s, t_update=0.090042 s, tot=0.138143 s, iter=100, shift=0.000000
         classify: block=512 grid=691 (optimal=284)
         update:   block=512   grid=691   (optimal=284)
Rep 5: t_classify=0.048022 s, t_update=0.090095 s, tot=0.138126 s, iter=100, shift=0.000000
         classify: block=512 grid=691 (optimal=284)
         update:   block=512   grid=691   (optimal=284)
