================================================================================
Machine metadata:
================================================================================
CPU Model: Common KVM processor
RAM: 62.79 GB
OS: Debian GNU/Linux 12 (bookworm)
NVCC version: 11.8
---
GPU metadata:
NVIDIA L40, 8.9, 46068 MiB, 535.261.03
================================================================================
Experiment results:
================================================================================
Rep 1: t_classify=0.025466 s, t_update=0.036375 s, tot=0.061850 s, iter=100, shift=0.085257
         classify: block=768 grid=395 (optimal=284)
         update:   block=768   grid=395   (optimal=284)
Rep 2: t_classify=0.024641 s, t_update=0.036360 s, tot=0.061009 s, iter=100, shift=0.032695
         classify: block=768 grid=395 (optimal=284)
         update:   block=768   grid=395   (optimal=284)
Rep 3: t_classify=0.024644 s, t_update=0.035528 s, tot=0.060180 s, iter=100, shift=0.042901
         classify: block=768 grid=395 (optimal=284)
         update:   block=768   grid=395   (optimal=284)
Rep 4: t_classify=0.024643 s, t_update=0.035515 s, tot=0.060166 s, iter=100, shift=0.047733
         classify: block=768 grid=395 (optimal=284)
         update:   block=768   grid=395   (optimal=284)
Rep 5: t_classify=0.024648 s, t_update=0.035483 s, tot=0.060139 s, iter=100, shift=0.082766
         classify: block=768 grid=395 (optimal=284)
         update:   block=768   grid=395   (optimal=284)
