================================================================================
Machine metadata:
================================================================================
CPU Model: Common KVM processor
RAM: 62.79 GB
OS: Debian GNU/Linux 12 (bookworm)
NVCC version: 11.8
---
GPU metadata:
NVIDIA L40, 8.9, 46068 MiB, 535.261.03
================================================================================
Experiment results:
================================================================================
Rep 1: t_classify=0.005388 s, t_update=0.010262 s, tot=0.015658 s, iter=100, shift=0.000000
         classify: block=512 grid=684 (optimal=284)
         update:   block=512   grid=684   (optimal=284)
Rep 2: t_classify=0.005691 s, t_update=0.010481 s, tot=0.016180 s, iter=100, shift=0.000000
         classify: block=512 grid=684 (optimal=284)
         update:   block=512   grid=684   (optimal=284)
Rep 3: t_classify=0.005629 s, t_update=0.010280 s, tot=0.015916 s, iter=100, shift=0.000000
         classify: block=512 grid=684 (optimal=284)
         update:   block=512   grid=684   (optimal=284)
Rep 4: t_classify=0.005659 s, t_update=0.010255 s, tot=0.015922 s, iter=100, shift=0.000000
         classify: block=512 grid=684 (optimal=284)
         update:   block=512   grid=684   (optimal=284)
Rep 5: t_classify=0.005790 s, t_update=0.010473 s, tot=0.016271 s, iter=100, shift=0.000000
         classify: block=512 grid=684 (optimal=284)
         update:   block=512   grid=684   (optimal=284)
