================================================================================
Machine metadata:
================================================================================
CPU Model: Common KVM processor
RAM: 62.79 GB
OS: Debian GNU/Linux 12 (bookworm)
NVCC version: 11.8
---
GPU metadata:
NVIDIA L40, 8.9, 46068 MiB, 535.261.03
================================================================================
Experiment results:
================================================================================
Rep 1: t_classify=0.004797 s, t_update=0.010484 s, tot=0.015289 s, iter=100, shift=0.000000
         classify: block=512 grid=198 (optimal=284)
         update:   block=512   grid=198   (optimal=284)
Rep 2: t_classify=0.004812 s, t_update=0.010479 s, tot=0.015298 s, iter=100, shift=0.000000
         classify: block=512 grid=198 (optimal=284)
         update:   block=512   grid=198   (optimal=284)
Rep 3: t_classify=0.004768 s, t_update=0.010573 s, tot=0.015349 s, iter=100, shift=0.000000
         classify: block=512 grid=198 (optimal=284)
         update:   block=512   grid=198   (optimal=284)
Rep 4: t_classify=0.004724 s, t_update=0.010403 s, tot=0.015135 s, iter=100, shift=0.000000
         classify: block=512 grid=198 (optimal=284)
         update:   block=512   grid=198   (optimal=284)
Rep 5: t_classify=0.004761 s, t_update=0.010464 s, tot=0.015234 s, iter=100, shift=0.000000
         classify: block=512 grid=198 (optimal=284)
         update:   block=512   grid=198   (optimal=284)
