================================================================================
Machine metadata:
================================================================================
CPU Model: Common KVM processor
RAM: 62.79 GB
OS: Debian GNU/Linux 12 (bookworm)
NVCC version: 11.8
---
GPU metadata:
NVIDIA L40, 8.9, 46068 MiB, 535.261.03
================================================================================
Experiment results:
================================================================================
Rep 1: t_classify=0.002094 s, t_update=0.012944 s, tot=0.015045 s, iter=100, shift=0.000000
         classify: block=768 grid=66 (optimal=284)
         update:   block=768   grid=66   (optimal=284)
Rep 2: t_classify=0.002079 s, t_update=0.012818 s, tot=0.014905 s, iter=100, shift=0.000000
         classify: block=768 grid=66 (optimal=284)
         update:   block=768   grid=66   (optimal=284)
Rep 3: t_classify=0.002142 s, t_update=0.012757 s, tot=0.014907 s, iter=100, shift=0.000000
         classify: block=768 grid=66 (optimal=284)
         update:   block=768   grid=66   (optimal=284)
Rep 4: t_classify=0.002084 s, t_update=0.012779 s, tot=0.014870 s, iter=100, shift=0.000000
         classify: block=768 grid=66 (optimal=284)
         update:   block=768   grid=66   (optimal=284)
Rep 5: t_classify=0.002076 s, t_update=0.012935 s, tot=0.015019 s, iter=100, shift=0.000000
         classify: block=768 grid=66 (optimal=284)
         update:   block=768   grid=66   (optimal=284)
