================================================================================
Machine metadata:
================================================================================
CPU Model: Common KVM processor
RAM: 62.79 GB
OS: Debian GNU/Linux 12 (bookworm)
NVCC version: 11.8
---
GPU metadata:
NVIDIA L40, 8.9, 46068 MiB, 535.261.03
================================================================================
Experiment results:
================================================================================
Rep 1: t_classify=0.005793 s, t_update=0.032047 s, tot=0.037849 s, iter=100, shift=0.000000
         classify: block=768 grid=196 (optimal=284)
         update:   block=768   grid=196   (optimal=284)
Rep 2: t_classify=0.005495 s, t_update=0.031776 s, tot=0.037279 s, iter=100, shift=0.000000
         classify: block=768 grid=196 (optimal=284)
         update:   block=768   grid=196   (optimal=284)
Rep 3: t_classify=0.005602 s, t_update=0.031886 s, tot=0.037496 s, iter=100, shift=0.000000
         classify: block=768 grid=196 (optimal=284)
         update:   block=768   grid=196   (optimal=284)
Rep 4: t_classify=0.005558 s, t_update=0.031865 s, tot=0.037431 s, iter=100, shift=0.000000
         classify: block=768 grid=196 (optimal=284)
         update:   block=768   grid=196   (optimal=284)
Rep 5: t_classify=0.005538 s, t_update=0.031809 s, tot=0.037355 s, iter=100, shift=0.000000
         classify: block=768 grid=196 (optimal=284)
         update:   block=768   grid=196   (optimal=284)
