================================================================================
Machine metadata:
================================================================================
CPU Model: Common KVM processor
RAM: 62.79 GB
OS: Debian GNU/Linux 12 (bookworm)
NVCC version: 11.8
---
GPU metadata:
NVIDIA L40, 8.9, 46068 MiB, 535.261.03
================================================================================
Experiment results:
================================================================================
Rep 1: t_classify=0.009380 s, t_update=0.026461 s, tot=0.035848 s, iter=100, shift=0.000000
         classify: block=512 grid=296 (optimal=284)
         update:   block=512   grid=296   (optimal=284)
Rep 2: t_classify=0.009594 s, t_update=0.026502 s, tot=0.036104 s, iter=100, shift=0.000000
         classify: block=512 grid=296 (optimal=284)
         update:   block=512   grid=296   (optimal=284)
Rep 3: t_classify=0.009515 s, t_update=0.026681 s, tot=0.036204 s, iter=100, shift=0.000000
         classify: block=512 grid=296 (optimal=284)
         update:   block=512   grid=296   (optimal=284)
Rep 4: t_classify=0.009405 s, t_update=0.026483 s, tot=0.035895 s, iter=100, shift=0.000000
         classify: block=512 grid=296 (optimal=284)
         update:   block=512   grid=296   (optimal=284)
Rep 5: t_classify=0.009401 s, t_update=0.026464 s, tot=0.035873 s, iter=100, shift=0.000000
         classify: block=512 grid=296 (optimal=284)
         update:   block=512   grid=296   (optimal=284)
