================================================================================
Machine metadata:
================================================================================
CPU Model: Common KVM processor
RAM: 62.79 GB
OS: Debian GNU/Linux 12 (bookworm)
NVCC version: 11.8
---
GPU metadata:
NVIDIA L40, 8.9, 46068 MiB, 535.261.03
================================================================================
Experiment results:
================================================================================
Rep 1: t_classify=0.007406 s, t_update=0.025848 s, tot=0.033262 s, iter=100, shift=0.000000
         classify: block=512 grid=99 (optimal=284)
         update:   block=512   grid=99   (optimal=284)
Rep 2: t_classify=0.007446 s, t_update=0.025887 s, tot=0.033341 s, iter=100, shift=0.000000
         classify: block=512 grid=99 (optimal=284)
         update:   block=512   grid=99   (optimal=284)
Rep 3: t_classify=0.007215 s, t_update=0.025867 s, tot=0.033090 s, iter=100, shift=0.000000
         classify: block=512 grid=99 (optimal=284)
         update:   block=512   grid=99   (optimal=284)
Rep 4: t_classify=0.007240 s, t_update=0.025886 s, tot=0.033134 s, iter=100, shift=0.000000
         classify: block=512 grid=99 (optimal=284)
         update:   block=512   grid=99   (optimal=284)
Rep 5: t_classify=0.007269 s, t_update=0.025868 s, tot=0.033144 s, iter=100, shift=0.000000
         classify: block=512 grid=99 (optimal=284)
         update:   block=512   grid=99   (optimal=284)
