================================================================================
Machine metadata:
================================================================================
CPU Model: Common KVM processor
RAM: 62.79 GB
OS: Debian GNU/Linux 12 (bookworm)
NVCC version: 11.8
---
GPU metadata:
NVIDIA L40, 8.9, 46068 MiB, 535.261.03
================================================================================
Experiment results:
================================================================================
Rep 1: t_classify=0.004848 s, t_update=0.007825 s, tot=0.012681 s, iter=100, shift=0.000000
         classify: block=512 grid=489 (optimal=284)
         update:   block=512   grid=489   (optimal=284)
Rep 2: t_classify=0.005079 s, t_update=0.007722 s, tot=0.012809 s, iter=100, shift=0.000000
         classify: block=512 grid=489 (optimal=284)
         update:   block=512   grid=489   (optimal=284)
Rep 3: t_classify=0.005268 s, t_update=0.007728 s, tot=0.013004 s, iter=100, shift=0.000000
         classify: block=512 grid=489 (optimal=284)
         update:   block=512   grid=489   (optimal=284)
Rep 4: t_classify=0.004728 s, t_update=0.007454 s, tot=0.012190 s, iter=100, shift=0.000000
         classify: block=512 grid=489 (optimal=284)
         update:   block=512   grid=489   (optimal=284)
Rep 5: t_classify=0.005062 s, t_update=0.007784 s, tot=0.012853 s, iter=100, shift=0.000000
         classify: block=512 grid=489 (optimal=284)
         update:   block=512   grid=489   (optimal=284)
