================================================================================
Machine metadata:
================================================================================
CPU Model: Common KVM processor
RAM: 62.79 GB
OS: Debian GNU/Linux 12 (bookworm)
NVCC version: 11.8
---
GPU metadata:
NVIDIA L40, 8.9, 46068 MiB, 535.261.03
================================================================================
Experiment results:
================================================================================
Rep 1: t_classify=0.003500 s, t_update=0.013474 s, tot=0.016982 s, iter=100, shift=0.004132
         classify: block=768 grid=131 (optimal=284)
         update:   block=768   grid=131   (optimal=284)
Rep 2: t_classify=0.003432 s, t_update=0.013510 s, tot=0.016949 s, iter=100, shift=0.002946
         classify: block=768 grid=131 (optimal=284)
         update:   block=768   grid=131   (optimal=284)
Rep 3: t_classify=0.003479 s, t_update=0.013392 s, tot=0.016879 s, iter=100, shift=0.004528
         classify: block=768 grid=131 (optimal=284)
         update:   block=768   grid=131   (optimal=284)
Rep 4: t_classify=0.003503 s, t_update=0.013652 s, tot=0.017163 s, iter=100, shift=0.005800
         classify: block=768 grid=131 (optimal=284)
         update:   block=768   grid=131   (optimal=284)
Rep 5: t_classify=0.003443 s, t_update=0.013458 s, tot=0.016909 s, iter=100, shift=0.003476
         classify: block=768 grid=131 (optimal=284)
         update:   block=768   grid=131   (optimal=284)
