================================================================================
Machine metadata:
================================================================================
CPU Model: Common KVM processor
RAM: 62.79 GB
OS: Debian GNU/Linux 12 (bookworm)
NVCC version: 11.8
---
GPU metadata:
NVIDIA L40, 8.9, 46068 MiB, 535.261.03
================================================================================
Experiment results:
================================================================================
Rep 1: t_classify=0.005539 s, t_update=0.010135 s, tot=0.015681 s, iter=100, shift=0.000000
         classify: block=512 grid=782 (optimal=284)
         update:   block=512   grid=782   (optimal=284)
Rep 2: t_classify=0.005308 s, t_update=0.010139 s, tot=0.015454 s, iter=100, shift=0.000000
         classify: block=512 grid=782 (optimal=284)
         update:   block=512   grid=782   (optimal=284)
Rep 3: t_classify=0.005393 s, t_update=0.010299 s, tot=0.015699 s, iter=100, shift=0.000000
         classify: block=512 grid=782 (optimal=284)
         update:   block=512   grid=782   (optimal=284)
Rep 4: t_classify=0.005308 s, t_update=0.010134 s, tot=0.015451 s, iter=100, shift=0.000000
         classify: block=512 grid=782 (optimal=284)
         update:   block=512   grid=782   (optimal=284)
Rep 5: t_classify=0.005366 s, t_update=0.010154 s, tot=0.015528 s, iter=100, shift=0.000000
         classify: block=512 grid=782 (optimal=284)
         update:   block=512   grid=782   (optimal=284)
