================================================================================
Machine metadata:
================================================================================
CPU Model: Common KVM processor
RAM: 62.79 GB
OS: Debian GNU/Linux 12 (bookworm)
NVCC version: 11.8
---
GPU metadata:
NVIDIA L40, 8.9, 46068 MiB, 535.261.03
================================================================================
Experiment results:
================================================================================
Rep 1: t_classify=0.003378 s, t_update=0.004546 s, tot=0.007931 s, iter=100, shift=0.000000
         classify: block=512 grid=196 (optimal=284)
         update:   block=512   grid=196   (optimal=284)
Rep 2: t_classify=0.003346 s, t_update=0.004742 s, tot=0.008095 s, iter=100, shift=0.000000
         classify: block=512 grid=196 (optimal=284)
         update:   block=512   grid=196   (optimal=284)
Rep 3: t_classify=0.002886 s, t_update=0.004434 s, tot=0.007328 s, iter=100, shift=0.000000
         classify: block=512 grid=196 (optimal=284)
         update:   block=512   grid=196   (optimal=284)
Rep 4: t_classify=0.003387 s, t_update=0.004525 s, tot=0.007920 s, iter=100, shift=0.000000
         classify: block=512 grid=196 (optimal=284)
         update:   block=512   grid=196   (optimal=284)
Rep 5: t_classify=0.003572 s, t_update=0.004667 s, tot=0.008247 s, iter=100, shift=0.000000
         classify: block=512 grid=196 (optimal=284)
         update:   block=512   grid=196   (optimal=284)
