================================================================================
Machine metadata:
================================================================================
CPU Model: Common KVM processor
RAM: 62.79 GB
OS: Debian GNU/Linux 12 (bookworm)
NVCC version: 11.8
---
GPU metadata:
NVIDIA L40, 8.9, 46068 MiB, 535.261.03
================================================================================
Experiment results:
================================================================================
Rep 1: t_classify=0.009431 s, t_update=0.019459 s, tot=0.028899 s, iter=100, shift=0.085737
         classify: block=512 grid=494 (optimal=284)
         update:   block=512   grid=494   (optimal=284)
Rep 2: t_classify=0.009188 s, t_update=0.019444 s, tot=0.028640 s, iter=100, shift=0.134222
         classify: block=512 grid=494 (optimal=284)
         update:   block=512   grid=494   (optimal=284)
Rep 3: t_classify=0.009421 s, t_update=0.019431 s, tot=0.028860 s, iter=100, shift=0.086983
         classify: block=512 grid=494 (optimal=284)
         update:   block=512   grid=494   (optimal=284)
Rep 4: t_classify=0.009330 s, t_update=0.019474 s, tot=0.028811 s, iter=100, shift=0.125042
         classify: block=512 grid=494 (optimal=284)
         update:   block=512   grid=494   (optimal=284)
Rep 5: t_classify=0.009222 s, t_update=0.019458 s, tot=0.028689 s, iter=100, shift=0.084387
         classify: block=512 grid=494 (optimal=284)
         update:   block=512   grid=494   (optimal=284)
