================================================================================
Machine metadata:
================================================================================
CPU Model: Common KVM processor
RAM: 62.79 GB
OS: Debian GNU/Linux 12 (bookworm)
NVCC version: 11.8
---
GPU metadata:
NVIDIA L40, 8.9, 46068 MiB, 535.261.03
================================================================================
Experiment results:
================================================================================
Rep 1: t_classify=0.008523 s, t_update=0.020101 s, tot=0.028632 s, iter=100, shift=0.000000
         classify: block=768 grid=198 (optimal=284)
         update:   block=768   grid=198   (optimal=284)
Rep 2: t_classify=0.008534 s, t_update=0.020071 s, tot=0.028613 s, iter=100, shift=0.000000
         classify: block=768 grid=198 (optimal=284)
         update:   block=768   grid=198   (optimal=284)
Rep 3: t_classify=0.008597 s, t_update=0.020130 s, tot=0.028735 s, iter=100, shift=0.000000
         classify: block=768 grid=198 (optimal=284)
         update:   block=768   grid=198   (optimal=284)
Rep 4: t_classify=0.008584 s, t_update=0.020208 s, tot=0.028800 s, iter=100, shift=0.000000
         classify: block=768 grid=198 (optimal=284)
         update:   block=768   grid=198   (optimal=284)
Rep 5: t_classify=0.008530 s, t_update=0.020072 s, tot=0.028610 s, iter=100, shift=0.000000
         classify: block=768 grid=198 (optimal=284)
         update:   block=768   grid=198   (optimal=284)
