================================================================================
Machine metadata:
================================================================================
CPU Model: Common KVM processor
RAM: 62.79 GB
OS: Debian GNU/Linux 12 (bookworm)
NVCC version: 11.8
---
GPU metadata:
NVIDIA L40, 8.9, 46068 MiB, 535.261.03
================================================================================
Experiment results:
================================================================================
Rep 1: t_classify=0.045359 s, t_update=0.023684 s, tot=0.069052 s, iter=100, shift=0.950915
         classify: block=768 grid=395 (optimal=284)
         update:   block=768   grid=395   (optimal=284)
Rep 2: t_classify=0.045812 s, t_update=0.023837 s, tot=0.069657 s, iter=100, shift=0.950891
         classify: block=768 grid=395 (optimal=284)
         update:   block=768   grid=395   (optimal=284)
Rep 3: t_classify=0.045583 s, t_update=0.023727 s, tot=0.069319 s, iter=100, shift=0.950948
         classify: block=768 grid=395 (optimal=284)
         update:   block=768   grid=395   (optimal=284)
Rep 4: t_classify=0.045753 s, t_update=0.023806 s, tot=0.069567 s, iter=100, shift=0.950930
         classify: block=768 grid=395 (optimal=284)
         update:   block=768   grid=395   (optimal=284)
Rep 5: t_classify=0.045803 s, t_update=0.023754 s, tot=0.069566 s, iter=100, shift=0.950931
         classify: block=768 grid=395 (optimal=284)
         update:   block=768   grid=395   (optimal=284)
