================================================================================
Machine metadata:
================================================================================
CPU Model: Common KVM processor
RAM: 62.79 GB
OS: Debian GNU/Linux 12 (bookworm)
NVCC version: 11.8
---
GPU metadata:
NVIDIA L40, 8.9, 46068 MiB, 535.261.03
================================================================================
Experiment results:
================================================================================
Rep 1: t_classify=0.036544 s, t_update=0.031572 s, tot=0.068125 s, iter=100, shift=0.008165
         classify: block=768 grid=527 (optimal=284)
         update:   block=768   grid=527   (optimal=284)
Rep 2: t_classify=0.036590 s, t_update=0.031408 s, tot=0.068006 s, iter=100, shift=0.000000
         classify: block=768 grid=527 (optimal=284)
         update:   block=768   grid=527   (optimal=284)
Rep 3: t_classify=0.036842 s, t_update=0.031529 s, tot=0.068380 s, iter=100, shift=0.000000
         classify: block=768 grid=527 (optimal=284)
         update:   block=768   grid=527   (optimal=284)
Rep 4: t_classify=0.036575 s, t_update=0.031359 s, tot=0.067943 s, iter=100, shift=0.000000
         classify: block=768 grid=527 (optimal=284)
         update:   block=768   grid=527   (optimal=284)
Rep 5: t_classify=0.036464 s, t_update=0.031304 s, tot=0.067776 s, iter=100, shift=0.000000
         classify: block=768 grid=527 (optimal=284)
         update:   block=768   grid=527   (optimal=284)
