================================================================================
Machine metadata:
================================================================================
CPU Model: Common KVM processor
RAM: 62.79 GB
OS: Debian GNU/Linux 12 (bookworm)
NVCC version: 11.8
---
GPU metadata:
NVIDIA L40, 8.9, 46068 MiB, 535.261.03
================================================================================
Experiment results:
================================================================================
Rep 1: t_classify=0.006411 s, t_update=0.049117 s, tot=0.055536 s, iter=100, shift=0.000000
         classify: block=768 grid=326 (optimal=284)
         update:   block=768   grid=326   (optimal=284)
Rep 2: t_classify=0.006502 s, t_update=0.048969 s, tot=0.055479 s, iter=100, shift=0.000000
         classify: block=768 grid=326 (optimal=284)
         update:   block=768   grid=326   (optimal=284)
Rep 3: t_classify=0.006620 s, t_update=0.049468 s, tot=0.056096 s, iter=100, shift=0.000000
         classify: block=768 grid=326 (optimal=284)
         update:   block=768   grid=326   (optimal=284)
Rep 4: t_classify=0.006609 s, t_update=0.049086 s, tot=0.055703 s, iter=100, shift=0.000000
         classify: block=768 grid=326 (optimal=284)
         update:   block=768   grid=326   (optimal=284)
Rep 5: t_classify=0.006578 s, t_update=0.049003 s, tot=0.055589 s, iter=100, shift=0.000000
         classify: block=768 grid=326 (optimal=284)
         update:   block=768   grid=326   (optimal=284)
