================================================================================
Machine metadata:
================================================================================
CPU Model: Common KVM processor
RAM: 62.79 GB
OS: Debian GNU/Linux 12 (bookworm)
NVCC version: 11.8
---
GPU metadata:
NVIDIA L40, 8.9, 46068 MiB, 535.261.03
================================================================================
Experiment results:
================================================================================
Rep 1: t_classify=0.002841 s, t_update=0.022083 s, tot=0.024931 s, iter=100, shift=0.000000
         classify: block=768 grid=66 (optimal=284)
         update:   block=768   grid=66   (optimal=284)
Rep 2: t_classify=0.003242 s, t_update=0.022523 s, tot=0.025773 s, iter=100, shift=0.000000
         classify: block=768 grid=66 (optimal=284)
         update:   block=768   grid=66   (optimal=284)
Rep 3: t_classify=0.003263 s, t_update=0.022714 s, tot=0.025985 s, iter=100, shift=0.000000
         classify: block=768 grid=66 (optimal=284)
         update:   block=768   grid=66   (optimal=284)
Rep 4: t_classify=0.003356 s, t_update=0.022535 s, tot=0.025899 s, iter=100, shift=0.000000
         classify: block=768 grid=66 (optimal=284)
         update:   block=768   grid=66   (optimal=284)
Rep 5: t_classify=0.003246 s, t_update=0.022283 s, tot=0.025537 s, iter=100, shift=0.000000
         classify: block=768 grid=66 (optimal=284)
         update:   block=768   grid=66   (optimal=284)
