================================================================================
Machine metadata:
================================================================================
CPU Model: Common KVM processor
RAM: 62.79 GB
OS: Debian GNU/Linux 12 (bookworm)
NVCC version: 11.8
---
GPU metadata:
NVIDIA L40, 8.9, 46068 MiB, 535.261.03
================================================================================
Experiment results:
================================================================================
Rep 1: t_classify=0.006692 s, t_update=0.022532 s, tot=0.029232 s, iter=100, shift=0.022741
         classify: block=768 grid=131 (optimal=284)
         update:   block=768   grid=131   (optimal=284)
Rep 2: t_classify=0.007353 s, t_update=0.023324 s, tot=0.030687 s, iter=100, shift=0.010702
         classify: block=768 grid=131 (optimal=284)
         update:   block=768   grid=131   (optimal=284)
Rep 3: t_classify=0.006771 s, t_update=0.022713 s, tot=0.029492 s, iter=100, shift=0.029102
         classify: block=768 grid=131 (optimal=284)
         update:   block=768   grid=131   (optimal=284)
Rep 4: t_classify=0.006835 s, t_update=0.022712 s, tot=0.029555 s, iter=100, shift=0.045268
         classify: block=768 grid=131 (optimal=284)
         update:   block=768   grid=131   (optimal=284)
Rep 5: t_classify=0.006762 s, t_update=0.022636 s, tot=0.029407 s, iter=100, shift=0.015652
         classify: block=768 grid=131 (optimal=284)
         update:   block=768   grid=131   (optimal=284)
