================================================================================
Machine metadata:
================================================================================
CPU Model: Common KVM processor
RAM: 62.79 GB
OS: Debian GNU/Linux 12 (bookworm)
NVCC version: 11.8
---
GPU metadata:
NVIDIA L40, 8.9, 46068 MiB, 535.261.03
================================================================================
Experiment results:
================================================================================
Rep 1: t_classify=0.004277 s, t_update=0.006606 s, tot=0.010900 s, iter=100, shift=0.000000
         classify: block=512 grid=586 (optimal=284)
         update:   block=512   grid=586   (optimal=284)
Rep 2: t_classify=0.004274 s, t_update=0.006570 s, tot=0.010852 s, iter=100, shift=0.000000
         classify: block=512 grid=586 (optimal=284)
         update:   block=512   grid=586   (optimal=284)
Rep 3: t_classify=0.004282 s, t_update=0.006589 s, tot=0.010879 s, iter=100, shift=0.000000
         classify: block=512 grid=586 (optimal=284)
         update:   block=512   grid=586   (optimal=284)
Rep 4: t_classify=0.004190 s, t_update=0.006606 s, tot=0.010804 s, iter=100, shift=0.000000
         classify: block=512 grid=586 (optimal=284)
         update:   block=512   grid=586   (optimal=284)
Rep 5: t_classify=0.004264 s, t_update=0.006586 s, tot=0.010857 s, iter=100, shift=0.000000
         classify: block=512 grid=586 (optimal=284)
         update:   block=512   grid=586   (optimal=284)
