================================================================================
Machine metadata:
================================================================================
CPU Model: Common KVM processor
RAM: 62.79 GB
OS: Debian GNU/Linux 12 (bookworm)
NVCC version: 11.8
---
GPU metadata:
NVIDIA L40, 8.9, 46068 MiB, 535.261.03
================================================================================
Experiment results:
================================================================================
Rep 1: t_classify=0.030295 s, t_update=0.030956 s, tot=0.061259 s, iter=100, shift=0.000000
         classify: block=768 grid=395 (optimal=284)
         update:   block=768   grid=395   (optimal=284)
Rep 2: t_classify=0.029975 s, t_update=0.030855 s, tot=0.060838 s, iter=100, shift=0.000000
         classify: block=768 grid=395 (optimal=284)
         update:   block=768   grid=395   (optimal=284)
Rep 3: t_classify=0.030065 s, t_update=0.030844 s, tot=0.060917 s, iter=100, shift=0.000000
         classify: block=768 grid=395 (optimal=284)
         update:   block=768   grid=395   (optimal=284)
Rep 4: t_classify=0.030008 s, t_update=0.030815 s, tot=0.060830 s, iter=100, shift=0.000000
         classify: block=768 grid=395 (optimal=284)
         update:   block=768   grid=395   (optimal=284)
Rep 5: t_classify=0.029894 s, t_update=0.030754 s, tot=0.060657 s, iter=100, shift=0.000000
         classify: block=768 grid=395 (optimal=284)
         update:   block=768   grid=395   (optimal=284)
