================================================================================
Machine metadata:
================================================================================
CPU Model: Common KVM processor
RAM: 62.79 GB
OS: Debian GNU/Linux 12 (bookworm)
NVCC version: 11.8
---
GPU metadata:
NVIDIA L40, 8.9, 46068 MiB, 535.261.03
================================================================================
Experiment results:
================================================================================
Rep 1: t_classify=0.011672 s, t_update=0.031157 s, tot=0.042838 s, iter=100, shift=0.003912
         classify: block=512 grid=391 (optimal=284)
         update:   block=512   grid=391   (optimal=284)
Rep 2: t_classify=0.011831 s, t_update=0.031121 s, tot=0.042960 s, iter=100, shift=0.002962
         classify: block=512 grid=391 (optimal=284)
         update:   block=512   grid=391   (optimal=284)
Rep 3: t_classify=0.011566 s, t_update=0.031082 s, tot=0.042656 s, iter=100, shift=0.001189
         classify: block=512 grid=391 (optimal=284)
         update:   block=512   grid=391   (optimal=284)
Rep 4: t_classify=0.011656 s, t_update=0.031105 s, tot=0.042769 s, iter=100, shift=0.002014
         classify: block=512 grid=391 (optimal=284)
         update:   block=512   grid=391   (optimal=284)
Rep 5: t_classify=0.011848 s, t_update=0.031039 s, tot=0.042895 s, iter=100, shift=0.010141
         classify: block=512 grid=391 (optimal=284)
         update:   block=512   grid=391   (optimal=284)
