================================================================================
Machine metadata:
================================================================================
CPU Model: Common KVM processor
RAM: 62.79 GB
OS: Debian GNU/Linux 12 (bookworm)
NVCC version: 11.8
---
GPU metadata:
NVIDIA L40, 8.9, 46068 MiB, 535.261.03
================================================================================
Experiment results:
================================================================================
Rep 1: t_classify=0.014839 s, t_update=0.018961 s, tot=0.033809 s, iter=100, shift=0.000000
         classify: block=768 grid=198 (optimal=284)
         update:   block=768   grid=198   (optimal=284)
Rep 2: t_classify=0.014783 s, t_update=0.018849 s, tot=0.033646 s, iter=100, shift=0.000000
         classify: block=768 grid=198 (optimal=284)
         update:   block=768   grid=198   (optimal=284)
Rep 3: t_classify=0.014807 s, t_update=0.018917 s, tot=0.033732 s, iter=100, shift=0.000000
         classify: block=768 grid=198 (optimal=284)
         update:   block=768   grid=198   (optimal=284)
Rep 4: t_classify=0.014843 s, t_update=0.018867 s, tot=0.033718 s, iter=100, shift=0.000000
         classify: block=768 grid=198 (optimal=284)
         update:   block=768   grid=198   (optimal=284)
Rep 5: t_classify=0.014788 s, t_update=0.018846 s, tot=0.033642 s, iter=100, shift=0.000000
         classify: block=768 grid=198 (optimal=284)
         update:   block=768   grid=198   (optimal=284)
