================================================================================
Machine metadata:
================================================================================
CPU Model: Common KVM processor
RAM: 62.79 GB
OS: Debian GNU/Linux 12 (bookworm)
NVCC version: 11.8
---
GPU metadata:
NVIDIA L40, 8.9, 46068 MiB, 535.261.03
================================================================================
Experiment results:
================================================================================
Rep 1: t_classify=0.052617 s, t_update=0.091718 s, tot=0.144343 s, iter=100, shift=0.000000
         classify: block=512 grid=790 (optimal=284)
         update:   block=512   grid=790   (optimal=284)
Rep 2: t_classify=0.052701 s, t_update=0.091780 s, tot=0.144489 s, iter=100, shift=0.000000
         classify: block=512 grid=790 (optimal=284)
         update:   block=512   grid=790   (optimal=284)
Rep 3: t_classify=0.052678 s, t_update=0.091829 s, tot=0.144516 s, iter=100, shift=2.196299
         classify: block=512 grid=790 (optimal=284)
         update:   block=512   grid=790   (optimal=284)
Rep 4: t_classify=0.052703 s, t_update=0.091935 s, tot=0.144646 s, iter=100, shift=0.000000
         classify: block=512 grid=790 (optimal=284)
         update:   block=512   grid=790   (optimal=284)
Rep 5: t_classify=0.052820 s, t_update=0.091971 s, tot=0.144800 s, iter=100, shift=0.000000
         classify: block=512 grid=790 (optimal=284)
         update:   block=512   grid=790   (optimal=284)
