================================================================================
Machine metadata:
================================================================================
CPU Model: Common KVM processor
RAM: 62.79 GB
OS: Debian GNU/Linux 12 (bookworm)
NVCC version: 11.8
---
GPU metadata:
NVIDIA L40, 8.9, 46068 MiB, 535.261.03
================================================================================
Experiment results:
================================================================================
Rep 1: t_classify=0.002114 s, t_update=0.002955 s, tot=0.005077 s, iter=100, shift=0.000000
         classify: block=512 grid=98 (optimal=284)
         update:   block=512   grid=98   (optimal=284)
Rep 2: t_classify=0.002127 s, t_update=0.002949 s, tot=0.005084 s, iter=100, shift=0.000000
         classify: block=512 grid=98 (optimal=284)
         update:   block=512   grid=98   (optimal=284)
Rep 3: t_classify=0.002152 s, t_update=0.002969 s, tot=0.005129 s, iter=100, shift=0.000000
         classify: block=512 grid=98 (optimal=284)
         update:   block=512   grid=98   (optimal=284)
Rep 4: t_classify=0.002384 s, t_update=0.002949 s, tot=0.005340 s, iter=100, shift=0.000000
         classify: block=512 grid=98 (optimal=284)
         update:   block=512   grid=98   (optimal=284)
Rep 5: t_classify=0.002375 s, t_update=0.003008 s, tot=0.005390 s, iter=100, shift=0.000000
         classify: block=512 grid=98 (optimal=284)
         update:   block=512   grid=98   (optimal=284)
