================================================================================
Machine metadata:
================================================================================
CPU Model: Common KVM processor
RAM: 62.79 GB
OS: Debian GNU/Linux 12 (bookworm)
NVCC version: 11.8
---
GPU metadata:
NVIDIA L40, 8.9, 46068 MiB, 535.261.03
================================================================================
Experiment results:
================================================================================
Rep 1: t_classify=0.008970 s, t_update=0.031503 s, tot=0.040481 s, iter=100, shift=0.034842
         classify: block=768 grid=196 (optimal=284)
         update:   block=768   grid=196   (optimal=284)
Rep 2: t_classify=0.008919 s, t_update=0.031301 s, tot=0.040228 s, iter=100, shift=0.079586
         classify: block=768 grid=196 (optimal=284)
         update:   block=768   grid=196   (optimal=284)
Rep 3: t_classify=0.008942 s, t_update=0.031496 s, tot=0.040447 s, iter=100, shift=0.032700
         classify: block=768 grid=196 (optimal=284)
         update:   block=768   grid=196   (optimal=284)
Rep 4: t_classify=0.009218 s, t_update=0.031458 s, tot=0.040683 s, iter=100, shift=0.079962
         classify: block=768 grid=196 (optimal=284)
         update:   block=768   grid=196   (optimal=284)
Rep 5: t_classify=0.009015 s, t_update=0.031632 s, tot=0.040655 s, iter=100, shift=0.053072
         classify: block=768 grid=196 (optimal=284)
         update:   block=768   grid=196   (optimal=284)
