================================================================================
Machine metadata:
================================================================================
CPU Model: Common KVM processor
RAM: 62.79 GB
OS: Debian GNU/Linux 12 (bookworm)
NVCC version: 11.8
---
GPU metadata:
NVIDIA L40, 8.9, 46068 MiB, 535.261.03
================================================================================
Experiment results:
================================================================================
Rep 1: t_classify=0.020890 s, t_update=0.050223 s, tot=0.071121 s, iter=100, shift=0.006454
         classify: block=512 grid=782 (optimal=284)
         update:   block=512   grid=782   (optimal=284)
Rep 2: t_classify=0.020877 s, t_update=0.050214 s, tot=0.071099 s, iter=100, shift=0.015593
         classify: block=512 grid=782 (optimal=284)
         update:   block=512   grid=782   (optimal=284)
Rep 3: t_classify=0.020836 s, t_update=0.050218 s, tot=0.071062 s, iter=100, shift=0.019679
         classify: block=512 grid=782 (optimal=284)
         update:   block=512   grid=782   (optimal=284)
Rep 4: t_classify=0.020883 s, t_update=0.050273 s, tot=0.071164 s, iter=100, shift=0.009575
         classify: block=512 grid=782 (optimal=284)
         update:   block=512   grid=782   (optimal=284)
Rep 5: t_classify=0.020863 s, t_update=0.050229 s, tot=0.071100 s, iter=100, shift=0.010607
         classify: block=512 grid=782 (optimal=284)
         update:   block=512   grid=782   (optimal=284)
