================================================================================
Machine metadata:
================================================================================
CPU Model: Common KVM processor
RAM: 62.79 GB
OS: Debian GNU/Linux 12 (bookworm)
NVCC version: 11.8
---
GPU metadata:
NVIDIA L40, 8.9, 46068 MiB, 535.261.03
================================================================================
Experiment results:
================================================================================
Rep 1: t_classify=0.009321 s, t_update=0.018161 s, tot=0.027490 s, iter=100, shift=0.000000
         classify: block=512 grid=782 (optimal=284)
         update:   block=512   grid=782   (optimal=284)
Rep 2: t_classify=0.008915 s, t_update=0.017946 s, tot=0.026869 s, iter=100, shift=0.000000
         classify: block=512 grid=782 (optimal=284)
         update:   block=512   grid=782   (optimal=284)
Rep 3: t_classify=0.009378 s, t_update=0.018218 s, tot=0.027603 s, iter=100, shift=0.000000
         classify: block=512 grid=782 (optimal=284)
         update:   block=512   grid=782   (optimal=284)
Rep 4: t_classify=0.009201 s, t_update=0.018157 s, tot=0.027366 s, iter=100, shift=0.000000
         classify: block=512 grid=782 (optimal=284)
         update:   block=512   grid=782   (optimal=284)
Rep 5: t_classify=0.008855 s, t_update=0.017959 s, tot=0.026822 s, iter=100, shift=0.000000
         classify: block=512 grid=782 (optimal=284)
         update:   block=512   grid=782   (optimal=284)
