================================================================================
Machine metadata:
================================================================================
CPU Model: Common KVM processor
RAM: 62.79 GB
OS: Debian GNU/Linux 12 (bookworm)
NVCC version: 11.8
---
GPU metadata:
NVIDIA L40, 8.9, 46068 MiB, 535.261.03
================================================================================
Experiment results:
================================================================================
Rep 1: t_classify=0.002609 s, t_update=0.004605 s, tot=0.007222 s, iter=100, shift=0.000000
         classify: block=512 grid=293 (optimal=284)
         update:   block=512   grid=293   (optimal=284)
Rep 2: t_classify=0.002763 s, t_update=0.004595 s, tot=0.007365 s, iter=100, shift=0.000000
         classify: block=512 grid=293 (optimal=284)
         update:   block=512   grid=293   (optimal=284)
Rep 3: t_classify=0.002588 s, t_update=0.004608 s, tot=0.007204 s, iter=100, shift=0.000000
         classify: block=512 grid=293 (optimal=284)
         update:   block=512   grid=293   (optimal=284)
Rep 4: t_classify=0.002663 s, t_update=0.004783 s, tot=0.007454 s, iter=100, shift=0.000000
         classify: block=512 grid=293 (optimal=284)
         update:   block=512   grid=293   (optimal=284)
Rep 5: t_classify=0.002637 s, t_update=0.004821 s, tot=0.007466 s, iter=100, shift=0.000000
         classify: block=512 grid=293 (optimal=284)
         update:   block=512   grid=293   (optimal=284)
