================================================================================
Machine metadata:
================================================================================
CPU Model: Common KVM processor
RAM: 62.79 GB
OS: Debian GNU/Linux 12 (bookworm)
NVCC version: 11.8
---
GPU metadata:
NVIDIA L40, 8.9, 46068 MiB, 535.261.03
================================================================================
Experiment results:
================================================================================
Rep 1: t_classify=0.005173 s, t_update=0.020804 s, tot=0.025985 s, iter=100, shift=0.000029
         classify: block=768 grid=326 (optimal=284)
         update:   block=768   grid=326   (optimal=284)
Rep 2: t_classify=0.005566 s, t_update=0.021481 s, tot=0.027055 s, iter=100, shift=0.000002
         classify: block=768 grid=326 (optimal=284)
         update:   block=768   grid=326   (optimal=284)
Rep 3: t_classify=0.005206 s, t_update=0.021031 s, tot=0.026245 s, iter=100, shift=0.000021
         classify: block=768 grid=326 (optimal=284)
         update:   block=768   grid=326   (optimal=284)
Rep 4: t_classify=0.005161 s, t_update=0.020722 s, tot=0.025892 s, iter=100, shift=0.000015
         classify: block=768 grid=326 (optimal=284)
         update:   block=768   grid=326   (optimal=284)
Rep 5: t_classify=0.004872 s, t_update=0.020739 s, tot=0.025618 s, iter=100, shift=0.000003
         classify: block=768 grid=326 (optimal=284)
         update:   block=768   grid=326   (optimal=284)
