================================================================================
Machine metadata:
================================================================================
CPU Model: Common KVM processor
RAM: 62.79 GB
OS: Debian GNU/Linux 12 (bookworm)
NVCC version: 11.8
---
GPU metadata:
NVIDIA L40, 8.9, 46068 MiB, 535.261.03
================================================================================
Experiment results:
================================================================================
Rep 1: t_classify=0.003099 s, t_update=0.013371 s, tot=0.016478 s, iter=100, shift=0.000000
         classify: block=768 grid=131 (optimal=284)
         update:   block=768   grid=131   (optimal=284)
Rep 2: t_classify=0.002986 s, t_update=0.013478 s, tot=0.016472 s, iter=100, shift=0.000000
         classify: block=768 grid=131 (optimal=284)
         update:   block=768   grid=131   (optimal=284)
Rep 3: t_classify=0.002711 s, t_update=0.013232 s, tot=0.015952 s, iter=100, shift=0.000000
         classify: block=768 grid=131 (optimal=284)
         update:   block=768   grid=131   (optimal=284)
Rep 4: t_classify=0.002588 s, t_update=0.013208 s, tot=0.015804 s, iter=100, shift=0.000000
         classify: block=768 grid=131 (optimal=284)
         update:   block=768   grid=131   (optimal=284)
Rep 5: t_classify=0.002562 s, t_update=0.013119 s, tot=0.015689 s, iter=100, shift=0.000000
         classify: block=768 grid=131 (optimal=284)
         update:   block=768   grid=131   (optimal=284)
