================================================================================
Machine metadata:
================================================================================
CPU Model: Common KVM processor
RAM: 62.79 GB
OS: Debian GNU/Linux 12 (bookworm)
NVCC version: 11.8
---
GPU metadata:
NVIDIA L40, 8.9, 46068 MiB, 535.261.03
================================================================================
Experiment results:
================================================================================
Rep 1: t_classify=0.003903 s, t_update=0.017356 s, tot=0.021267 s, iter=100, shift=0.000329
         classify: block=768 grid=196 (optimal=284)
         update:   block=768   grid=196   (optimal=284)
Rep 2: t_classify=0.004237 s, t_update=0.017548 s, tot=0.021794 s, iter=100, shift=0.000385
         classify: block=768 grid=196 (optimal=284)
         update:   block=768   grid=196   (optimal=284)
Rep 3: t_classify=0.004224 s, t_update=0.017530 s, tot=0.021762 s, iter=100, shift=0.000063
         classify: block=768 grid=196 (optimal=284)
         update:   block=768   grid=196   (optimal=284)
Rep 4: t_classify=0.004240 s, t_update=0.017464 s, tot=0.021712 s, iter=100, shift=0.000836
         classify: block=768 grid=196 (optimal=284)
         update:   block=768   grid=196   (optimal=284)
Rep 5: t_classify=0.004214 s, t_update=0.017585 s, tot=0.021806 s, iter=100, shift=0.000412
         classify: block=768 grid=196 (optimal=284)
         update:   block=768   grid=196   (optimal=284)
