================================================================================
Machine metadata:
================================================================================
CPU Model: Common KVM processor
RAM: 62.79 GB
OS: Debian GNU/Linux 12 (bookworm)
NVCC version: 11.8
---
GPU metadata:
NVIDIA L40, 8.9, 46068 MiB, 535.261.03
================================================================================
Experiment results:
================================================================================
Rep 1: t_classify=0.006813 s, t_update=0.032167 s, tot=0.038989 s, iter=100, shift=0.000000
         classify: block=768 grid=261 (optimal=284)
         update:   block=768   grid=261   (optimal=284)
Rep 2: t_classify=0.006764 s, t_update=0.032101 s, tot=0.038872 s, iter=100, shift=0.000000
         classify: block=768 grid=261 (optimal=284)
         update:   block=768   grid=261   (optimal=284)
Rep 3: t_classify=0.006772 s, t_update=0.032210 s, tot=0.038990 s, iter=100, shift=0.000000
         classify: block=768 grid=261 (optimal=284)
         update:   block=768   grid=261   (optimal=284)
Rep 4: t_classify=0.006733 s, t_update=0.032138 s, tot=0.038879 s, iter=100, shift=0.000000
         classify: block=768 grid=261 (optimal=284)
         update:   block=768   grid=261   (optimal=284)
Rep 5: t_classify=0.006914 s, t_update=0.032175 s, tot=0.039098 s, iter=100, shift=0.000000
         classify: block=768 grid=261 (optimal=284)
         update:   block=768   grid=261   (optimal=284)
