================================================================================
Machine metadata:
================================================================================
CPU Model: Common KVM processor
RAM: 62.79 GB
OS: Debian GNU/Linux 12 (bookworm)
NVCC version: 11.8
---
GPU metadata:
NVIDIA L40, 8.9, 46068 MiB, 535.261.03
================================================================================
Experiment results:
================================================================================
Rep 1: t_classify=0.017803 s, t_update=0.039456 s, tot=0.057267 s, iter=100, shift=0.000000
         classify: block=768 grid=456 (optimal=284)
         update:   block=768   grid=456   (optimal=284)
Rep 2: t_classify=0.017687 s, t_update=0.039213 s, tot=0.056909 s, iter=100, shift=0.000354
         classify: block=768 grid=456 (optimal=284)
         update:   block=768   grid=456   (optimal=284)
Rep 3: t_classify=0.017704 s, t_update=0.039269 s, tot=0.056981 s, iter=100, shift=0.000076
         classify: block=768 grid=456 (optimal=284)
         update:   block=768   grid=456   (optimal=284)
Rep 4: t_classify=0.017898 s, t_update=0.039280 s, tot=0.057186 s, iter=100, shift=0.001860
         classify: block=768 grid=456 (optimal=284)
         update:   block=768   grid=456   (optimal=284)
Rep 5: t_classify=0.017560 s, t_update=0.039169 s, tot=0.056737 s, iter=100, shift=0.000032
         classify: block=768 grid=456 (optimal=284)
         update:   block=768   grid=456   (optimal=284)
