================================================================================
Machine metadata:
================================================================================
CPU Model: Common KVM processor
RAM: 62.79 GB
OS: Debian GNU/Linux 12 (bookworm)
NVCC version: 11.8
---
GPU metadata:
NVIDIA L40, 8.9, 46068 MiB, 535.261.03
================================================================================
Experiment results:
================================================================================
Rep 1: t_classify=0.030923 s, t_update=0.036620 s, tot=0.067551 s, iter=100, shift=0.000000
         classify: block=768 grid=527 (optimal=284)
         update:   block=768   grid=527   (optimal=284)
Rep 2: t_classify=0.030986 s, t_update=0.036549 s, tot=0.067542 s, iter=100, shift=0.000000
         classify: block=768 grid=527 (optimal=284)
         update:   block=768   grid=527   (optimal=284)
Rep 3: t_classify=0.030931 s, t_update=0.036618 s, tot=0.067557 s, iter=100, shift=0.000000
         classify: block=768 grid=527 (optimal=284)
         update:   block=768   grid=527   (optimal=284)
Rep 4: t_classify=0.030962 s, t_update=0.036607 s, tot=0.067577 s, iter=100, shift=0.000000
         classify: block=768 grid=527 (optimal=284)
         update:   block=768   grid=527   (optimal=284)
Rep 5: t_classify=0.030926 s, t_update=0.036531 s, tot=0.067465 s, iter=100, shift=0.000000
         classify: block=768 grid=527 (optimal=284)
         update:   block=768   grid=527   (optimal=284)
