================================================================================
Machine metadata:
================================================================================
CPU Model: Common KVM processor
RAM: 62.79 GB
OS: Debian GNU/Linux 12 (bookworm)
NVCC version: 11.8
---
GPU metadata:
NVIDIA L40, 8.9, 46068 MiB, 535.261.03
================================================================================
Experiment results:
================================================================================
Rep 1: t_classify=0.016503 s, t_update=0.051347 s, tot=0.067857 s, iter=100, shift=0.000000
         classify: block=512 grid=296 (optimal=284)
         update:   block=512   grid=296   (optimal=284)
Rep 2: t_classify=0.016483 s, t_update=0.051332 s, tot=0.067823 s, iter=100, shift=0.000000
         classify: block=512 grid=296 (optimal=284)
         update:   block=512   grid=296   (optimal=284)
Rep 3: t_classify=0.016589 s, t_update=0.051384 s, tot=0.067982 s, iter=100, shift=0.000000
         classify: block=512 grid=296 (optimal=284)
         update:   block=512   grid=296   (optimal=284)
Rep 4: t_classify=0.016513 s, t_update=0.051342 s, tot=0.067863 s, iter=100, shift=0.000000
         classify: block=512 grid=296 (optimal=284)
         update:   block=512   grid=296   (optimal=284)
Rep 5: t_classify=0.016559 s, t_update=0.051383 s, tot=0.067951 s, iter=100, shift=0.000000
         classify: block=512 grid=296 (optimal=284)
         update:   block=512   grid=296   (optimal=284)
