================================================================================
Machine metadata:
================================================================================
CPU Model: Common KVM processor
RAM: 62.79 GB
OS: Debian GNU/Linux 12 (bookworm)
NVCC version: 11.8
---
GPU metadata:
NVIDIA L40, 8.9, 46068 MiB, 535.261.03
================================================================================
Experiment results:
================================================================================
Rep 1: t_classify=0.002614 s, t_update=0.005762 s, tot=0.008383 s, iter=100, shift=0.000000
         classify: block=512 grid=98 (optimal=284)
         update:   block=512   grid=98   (optimal=284)
Rep 2: t_classify=0.002648 s, t_update=0.005797 s, tot=0.008453 s, iter=100, shift=0.000000
         classify: block=512 grid=98 (optimal=284)
         update:   block=512   grid=98   (optimal=284)
Rep 3: t_classify=0.002613 s, t_update=0.005976 s, tot=0.008597 s, iter=100, shift=0.000000
         classify: block=512 grid=98 (optimal=284)
         update:   block=512   grid=98   (optimal=284)
Rep 4: t_classify=0.002607 s, t_update=0.005749 s, tot=0.008364 s, iter=100, shift=0.000000
         classify: block=512 grid=98 (optimal=284)
         update:   block=512   grid=98   (optimal=284)
Rep 5: t_classify=0.002734 s, t_update=0.005861 s, tot=0.008603 s, iter=100, shift=0.000000
         classify: block=512 grid=98 (optimal=284)
         update:   block=512   grid=98   (optimal=284)
