================================================================================
Machine metadata:
================================================================================
CPU Model: Common KVM processor
RAM: 62.79 GB
OS: Debian GNU/Linux 12 (bookworm)
NVCC version: 11.8
---
GPU metadata:
NVIDIA L40, 8.9, 46068 MiB, 535.261.03
================================================================================
Experiment results:
================================================================================
Rep 1: t_classify=0.003487 s, t_update=0.009009 s, tot=0.012505 s, iter=100, shift=0.837016
         classify: block=512 grid=99 (optimal=284)
         update:   block=512   grid=99   (optimal=284)
Rep 2: t_classify=0.003291 s, t_update=0.009230 s, tot=0.012529 s, iter=100, shift=0.837019
         classify: block=512 grid=99 (optimal=284)
         update:   block=512   grid=99   (optimal=284)
Rep 3: t_classify=0.003276 s, t_update=0.009140 s, tot=0.012424 s, iter=100, shift=0.837025
         classify: block=512 grid=99 (optimal=284)
         update:   block=512   grid=99   (optimal=284)
Rep 4: t_classify=0.003264 s, t_update=0.008984 s, tot=0.012256 s, iter=100, shift=0.836995
         classify: block=512 grid=99 (optimal=284)
         update:   block=512   grid=99   (optimal=284)
Rep 5: t_classify=0.003254 s, t_update=0.008973 s, tot=0.012235 s, iter=100, shift=0.837017
         classify: block=512 grid=99 (optimal=284)
         update:   block=512   grid=99   (optimal=284)
