================================================================================
Machine metadata:
================================================================================
CPU Model: Common KVM processor
RAM: 62.79 GB
OS: Debian GNU/Linux 12 (bookworm)
NVCC version: 11.8
---
GPU metadata:
NVIDIA L40, 8.9, 46068 MiB, 535.261.03
================================================================================
Experiment results:
================================================================================
Rep 1: t_classify=0.006491 s, t_update=0.017379 s, tot=0.023878 s, iter=100, shift=0.000000
         classify: block=512 grid=296 (optimal=284)
         update:   block=512   grid=296   (optimal=284)
Rep 2: t_classify=0.006407 s, t_update=0.017285 s, tot=0.023701 s, iter=100, shift=0.000000
         classify: block=512 grid=296 (optimal=284)
         update:   block=512   grid=296   (optimal=284)
Rep 3: t_classify=0.006444 s, t_update=0.017302 s, tot=0.023754 s, iter=100, shift=0.000000
         classify: block=512 grid=296 (optimal=284)
         update:   block=512   grid=296   (optimal=284)
Rep 4: t_classify=0.006417 s, t_update=0.017258 s, tot=0.023683 s, iter=100, shift=0.000000
         classify: block=512 grid=296 (optimal=284)
         update:   block=512   grid=296   (optimal=284)
Rep 5: t_classify=0.006424 s, t_update=0.017273 s, tot=0.023705 s, iter=100, shift=0.000000
         classify: block=512 grid=296 (optimal=284)
         update:   block=512   grid=296   (optimal=284)
