================================================================================
Machine metadata:
================================================================================
CPU Model: Common KVM processor
RAM: 62.79 GB
OS: Debian GNU/Linux 12 (bookworm)
NVCC version: 11.8
---
GPU metadata:
NVIDIA L40, 8.9, 46068 MiB, 535.261.03
================================================================================
Experiment results:
================================================================================
Rep 1: t_classify=0.016372 s, t_update=0.034269 s, tot=0.050649 s, iter=100, shift=0.008767
         classify: block=512 grid=489 (optimal=284)
         update:   block=512   grid=489   (optimal=284)
Rep 2: t_classify=0.015873 s, t_update=0.034302 s, tot=0.050182 s, iter=100, shift=0.005597
         classify: block=512 grid=489 (optimal=284)
         update:   block=512   grid=489   (optimal=284)
Rep 3: t_classify=0.016710 s, t_update=0.034734 s, tot=0.051452 s, iter=100, shift=0.006875
         classify: block=512 grid=489 (optimal=284)
         update:   block=512   grid=489   (optimal=284)
Rep 4: t_classify=0.016254 s, t_update=0.034183 s, tot=0.050445 s, iter=100, shift=0.005426
         classify: block=512 grid=489 (optimal=284)
         update:   block=512   grid=489   (optimal=284)
Rep 5: t_classify=0.016370 s, t_update=0.034424 s, tot=0.050802 s, iter=100, shift=0.006982
         classify: block=512 grid=489 (optimal=284)
         update:   block=512   grid=489   (optimal=284)
