================================================================================
Machine metadata:
================================================================================
CPU Model: Common KVM processor
RAM: 62.79 GB
OS: Debian GNU/Linux 12 (bookworm)
NVCC version: 11.8
---
GPU metadata:
NVIDIA L40, 8.9, 46068 MiB, 535.261.03
================================================================================
Experiment results:
================================================================================
Rep 1: t_classify=0.004668 s, t_update=0.026331 s, tot=0.031007 s, iter=100, shift=0.064212
         classify: block=768 grid=391 (optimal=284)
         update:   block=768   grid=391   (optimal=284)
Rep 2: t_classify=0.004677 s, t_update=0.026228 s, tot=0.030914 s, iter=100, shift=0.049528
         classify: block=768 grid=391 (optimal=284)
         update:   block=768   grid=391   (optimal=284)
Rep 3: t_classify=0.004697 s, t_update=0.026443 s, tot=0.031147 s, iter=100, shift=0.056178
         classify: block=768 grid=391 (optimal=284)
         update:   block=768   grid=391   (optimal=284)
Rep 4: t_classify=0.004773 s, t_update=0.026777 s, tot=0.031558 s, iter=100, shift=0.073027
         classify: block=768 grid=391 (optimal=284)
         update:   block=768   grid=391   (optimal=284)
Rep 5: t_classify=0.004628 s, t_update=0.026354 s, tot=0.030990 s, iter=100, shift=0.075312
         classify: block=768 grid=391 (optimal=284)
         update:   block=768   grid=391   (optimal=284)
