================================================================================
Machine metadata:
================================================================================
CPU Model: Common KVM processor
RAM: 62.79 GB
OS: Debian GNU/Linux 12 (bookworm)
NVCC version: 11.8
---
GPU metadata:
NVIDIA L40, 8.9, 46068 MiB, 535.261.03
================================================================================
Experiment results:
================================================================================
Rep 1: t_classify=0.010255 s, t_update=0.053920 s, tot=0.064184 s, iter=100, shift=11.338436
         classify: block=768 grid=456 (optimal=284)
         update:   block=768   grid=456   (optimal=284)
Rep 2: t_classify=0.010234 s, t_update=0.053552 s, tot=0.063794 s, iter=100, shift=14.758847
         classify: block=768 grid=456 (optimal=284)
         update:   block=768   grid=456   (optimal=284)
Rep 3: t_classify=0.010241 s, t_update=0.053729 s, tot=0.063978 s, iter=100, shift=15.879165
         classify: block=768 grid=456 (optimal=284)
         update:   block=768   grid=456   (optimal=284)
Rep 4: t_classify=0.010157 s, t_update=0.053659 s, tot=0.063824 s, iter=100, shift=4.256736
         classify: block=768 grid=456 (optimal=284)
         update:   block=768   grid=456   (optimal=284)
Rep 5: t_classify=0.010191 s, t_update=0.053954 s, tot=0.064154 s, iter=100, shift=10.523302
         classify: block=768 grid=456 (optimal=284)
         update:   block=768   grid=456   (optimal=284)
