================================================================================
Machine metadata:
================================================================================
CPU Model: Common KVM processor
RAM: 62.79 GB
OS: Debian GNU/Linux 12 (bookworm)
NVCC version: 11.8
---
GPU metadata:
NVIDIA L40, 8.9, 46068 MiB, 535.261.03
================================================================================
Experiment results:
================================================================================
Rep 1: t_classify=0.010277 s, t_update=0.013384 s, tot=0.023668 s, iter=100, shift=0.000000
         classify: block=768 grid=132 (optimal=284)
         update:   block=768   grid=132   (optimal=284)
Rep 2: t_classify=0.010307 s, t_update=0.013576 s, tot=0.023891 s, iter=100, shift=0.000000
         classify: block=768 grid=132 (optimal=284)
         update:   block=768   grid=132   (optimal=284)
Rep 3: t_classify=0.010465 s, t_update=0.013713 s, tot=0.024186 s, iter=100, shift=0.000000
         classify: block=768 grid=132 (optimal=284)
         update:   block=768   grid=132   (optimal=284)
Rep 4: t_classify=0.010359 s, t_update=0.013454 s, tot=0.023822 s, iter=100, shift=0.000000
         classify: block=768 grid=132 (optimal=284)
         update:   block=768   grid=132   (optimal=284)
Rep 5: t_classify=0.010793 s, t_update=0.014305 s, tot=0.025106 s, iter=100, shift=0.000000
         classify: block=768 grid=132 (optimal=284)
         update:   block=768   grid=132   (optimal=284)
