================================================================================
Machine metadata:
================================================================================
CPU Model: Common KVM processor
RAM: 62.79 GB
OS: Debian GNU/Linux 12 (bookworm)
NVCC version: 11.8
---
GPU metadata:
NVIDIA L40, 8.9, 46068 MiB, 535.261.03
================================================================================
Experiment results:
================================================================================
Rep 1: t_classify=0.002332 s, t_update=0.012978 s, tot=0.015318 s, iter=100, shift=0.000000
         classify: block=768 grid=131 (optimal=284)
         update:   block=768   grid=131   (optimal=284)
Rep 2: t_classify=0.002388 s, t_update=0.013063 s, tot=0.015458 s, iter=100, shift=0.000000
         classify: block=768 grid=131 (optimal=284)
         update:   block=768   grid=131   (optimal=284)
Rep 3: t_classify=0.002188 s, t_update=0.013202 s, tot=0.015398 s, iter=100, shift=0.000000
         classify: block=768 grid=131 (optimal=284)
         update:   block=768   grid=131   (optimal=284)
Rep 4: t_classify=0.002165 s, t_update=0.013200 s, tot=0.015373 s, iter=100, shift=0.000000
         classify: block=768 grid=131 (optimal=284)
         update:   block=768   grid=131   (optimal=284)
Rep 5: t_classify=0.002172 s, t_update=0.013010 s, tot=0.015190 s, iter=100, shift=0.000000
         classify: block=768 grid=131 (optimal=284)
         update:   block=768   grid=131   (optimal=284)
