================================================================================
Machine metadata:
================================================================================
CPU Model: Common KVM processor
RAM: 62.79 GB
OS: Debian GNU/Linux 12 (bookworm)
NVCC version: 11.8
---
GPU metadata:
NVIDIA L40, 8.9, 46068 MiB, 535.261.03
================================================================================
Experiment results:
================================================================================
Rep 1: t_classify=0.004402 s, t_update=0.006957 s, tot=0.011367 s, iter=100, shift=0.000000
         classify: block=512 grid=684 (optimal=284)
         update:   block=512   grid=684   (optimal=284)
Rep 2: t_classify=0.004149 s, t_update=0.006969 s, tot=0.011125 s, iter=100, shift=0.000000
         classify: block=512 grid=684 (optimal=284)
         update:   block=512   grid=684   (optimal=284)
Rep 3: t_classify=0.004292 s, t_update=0.006774 s, tot=0.011074 s, iter=100, shift=0.000000
         classify: block=512 grid=684 (optimal=284)
         update:   block=512   grid=684   (optimal=284)
Rep 4: t_classify=0.003963 s, t_update=0.006792 s, tot=0.010763 s, iter=100, shift=0.000000
         classify: block=512 grid=684 (optimal=284)
         update:   block=512   grid=684   (optimal=284)
Rep 5: t_classify=0.004393 s, t_update=0.006936 s, tot=0.011337 s, iter=100, shift=0.000000
         classify: block=512 grid=684 (optimal=284)
         update:   block=512   grid=684   (optimal=284)
