================================================================================
Machine metadata:
================================================================================
CPU Model: Common KVM processor
RAM: 62.79 GB
OS: Debian GNU/Linux 12 (bookworm)
NVCC version: 11.8
---
GPU metadata:
NVIDIA L40, 8.9, 46068 MiB, 535.261.03
================================================================================
Experiment results:
================================================================================
Rep 1: t_classify=0.009965 s, t_update=0.015668 s, tot=0.025642 s, iter=100, shift=0.000000
         classify: block=768 grid=264 (optimal=284)
         update:   block=768   grid=264   (optimal=284)
Rep 2: t_classify=0.010018 s, t_update=0.015695 s, tot=0.025721 s, iter=100, shift=0.000000
         classify: block=768 grid=264 (optimal=284)
         update:   block=768   grid=264   (optimal=284)
Rep 3: t_classify=0.009989 s, t_update=0.015667 s, tot=0.025664 s, iter=100, shift=0.000000
         classify: block=768 grid=264 (optimal=284)
         update:   block=768   grid=264   (optimal=284)
Rep 4: t_classify=0.009987 s, t_update=0.015704 s, tot=0.025699 s, iter=100, shift=0.000000
         classify: block=768 grid=264 (optimal=284)
         update:   block=768   grid=264   (optimal=284)
Rep 5: t_classify=0.009975 s, t_update=0.015635 s, tot=0.025618 s, iter=100, shift=0.000000
         classify: block=768 grid=264 (optimal=284)
         update:   block=768   grid=264   (optimal=284)
