================================================================================
Machine metadata:
================================================================================
CPU Model: Common KVM processor
RAM: 62.79 GB
OS: Debian GNU/Linux 12 (bookworm)
NVCC version: 11.8
---
GPU metadata:
NVIDIA L40, 8.9, 46068 MiB, 535.261.03
================================================================================
Experiment results:
================================================================================
Rep 1: t_classify=0.010561 s, t_update=0.029616 s, tot=0.040185 s, iter=100, shift=0.000000
         classify: block=512 grid=395 (optimal=284)
         update:   block=512   grid=395   (optimal=284)
Rep 2: t_classify=0.010538 s, t_update=0.029602 s, tot=0.040148 s, iter=100, shift=0.000000
         classify: block=512 grid=395 (optimal=284)
         update:   block=512   grid=395   (optimal=284)
Rep 3: t_classify=0.010583 s, t_update=0.029635 s, tot=0.040226 s, iter=100, shift=0.000000
         classify: block=512 grid=395 (optimal=284)
         update:   block=512   grid=395   (optimal=284)
Rep 4: t_classify=0.010620 s, t_update=0.029583 s, tot=0.040211 s, iter=100, shift=0.000000
         classify: block=512 grid=395 (optimal=284)
         update:   block=512   grid=395   (optimal=284)
Rep 5: t_classify=0.010533 s, t_update=0.029585 s, tot=0.040126 s, iter=100, shift=0.000000
         classify: block=512 grid=395 (optimal=284)
         update:   block=512   grid=395   (optimal=284)
