================================================================================
Machine metadata:
================================================================================
CPU Model: Common KVM processor
RAM: 62.79 GB
OS: Debian GNU/Linux 12 (bookworm)
NVCC version: 11.8
---
GPU metadata:
NVIDIA L40, 8.9, 46068 MiB, 535.261.03
================================================================================
Experiment results:
================================================================================
Rep 1: t_classify=0.006264 s, t_update=0.011905 s, tot=0.018177 s, iter=100, shift=0.259921
         classify: block=768 grid=132 (optimal=284)
         update:   block=768   grid=132   (optimal=284)
Rep 2: t_classify=0.006317 s, t_update=0.011667 s, tot=0.017992 s, iter=100, shift=0.259922
         classify: block=768 grid=132 (optimal=284)
         update:   block=768   grid=132   (optimal=284)
Rep 3: t_classify=0.006199 s, t_update=0.011588 s, tot=0.017795 s, iter=100, shift=1.653930
         classify: block=768 grid=132 (optimal=284)
         update:   block=768   grid=132   (optimal=284)
Rep 4: t_classify=0.006296 s, t_update=0.011690 s, tot=0.017993 s, iter=100, shift=1.653952
         classify: block=768 grid=132 (optimal=284)
         update:   block=768   grid=132   (optimal=284)
Rep 5: t_classify=0.006233 s, t_update=0.011640 s, tot=0.017881 s, iter=100, shift=0.259921
         classify: block=768 grid=132 (optimal=284)
         update:   block=768   grid=132   (optimal=284)
