================================================================================
Machine metadata:
================================================================================
CPU Model: Common KVM processor
RAM: 62.79 GB
OS: Debian GNU/Linux 12 (bookworm)
NVCC version: 11.8
---
GPU metadata:
NVIDIA L40, 8.9, 46068 MiB, 535.261.03
================================================================================
Experiment results:
================================================================================
Rep 1: t_classify=0.005946 s, t_update=0.021420 s, tot=0.027374 s, iter=100, shift=0.000000
         classify: block=768 grid=198 (optimal=284)
         update:   block=768   grid=198   (optimal=284)
Rep 2: t_classify=0.005975 s, t_update=0.021339 s, tot=0.027322 s, iter=100, shift=0.000000
         classify: block=768 grid=198 (optimal=284)
         update:   block=768   grid=198   (optimal=284)
Rep 3: t_classify=0.005956 s, t_update=0.021378 s, tot=0.027342 s, iter=100, shift=0.000000
         classify: block=768 grid=198 (optimal=284)
         update:   block=768   grid=198   (optimal=284)
Rep 4: t_classify=0.005978 s, t_update=0.021499 s, tot=0.027484 s, iter=100, shift=0.000000
         classify: block=768 grid=198 (optimal=284)
         update:   block=768   grid=198   (optimal=284)
Rep 5: t_classify=0.005947 s, t_update=0.021462 s, tot=0.027416 s, iter=100, shift=0.000000
         classify: block=768 grid=198 (optimal=284)
         update:   block=768   grid=198   (optimal=284)
