================================================================================
Machine metadata:
================================================================================
CPU Model: Common KVM processor
RAM: 62.79 GB
OS: Debian GNU/Linux 12 (bookworm)
NVCC version: 11.8
---
GPU metadata:
NVIDIA L40, 8.9, 46068 MiB, 535.261.03
================================================================================
Experiment results:
================================================================================
Rep 1: t_classify=0.002691 s, t_update=0.017552 s, tot=0.020250 s, iter=100, shift=0.000000
         classify: block=768 grid=261 (optimal=284)
         update:   block=768   grid=261   (optimal=284)
Rep 2: t_classify=0.002470 s, t_update=0.017752 s, tot=0.020229 s, iter=100, shift=0.000000
         classify: block=768 grid=261 (optimal=284)
         update:   block=768   grid=261   (optimal=284)
Rep 3: t_classify=0.002494 s, t_update=0.017512 s, tot=0.020015 s, iter=100, shift=0.000000
         classify: block=768 grid=261 (optimal=284)
         update:   block=768   grid=261   (optimal=284)
Rep 4: t_classify=0.002558 s, t_update=0.017549 s, tot=0.020115 s, iter=100, shift=0.000000
         classify: block=768 grid=261 (optimal=284)
         update:   block=768   grid=261   (optimal=284)
Rep 5: t_classify=0.002491 s, t_update=0.017548 s, tot=0.020046 s, iter=100, shift=0.000000
         classify: block=768 grid=261 (optimal=284)
         update:   block=768   grid=261   (optimal=284)
