================================================================================
Machine metadata:
================================================================================
CPU Model: Common KVM processor
RAM: 62.79 GB
OS: Debian GNU/Linux 12 (bookworm)
NVCC version: 11.8
---
GPU metadata:
NVIDIA L40, 8.9, 46068 MiB, 535.261.03
================================================================================
Experiment results:
================================================================================
Rep 1: t_classify=0.025784 s, t_update=0.057732 s, tot=0.083524 s, iter=100, shift=31.107283
         classify: block=512 grid=494 (optimal=284)
         update:   block=512   grid=494   (optimal=284)
Rep 2: t_classify=0.025723 s, t_update=0.057636 s, tot=0.083367 s, iter=100, shift=29.847860
         classify: block=512 grid=494 (optimal=284)
         update:   block=512   grid=494   (optimal=284)
Rep 3: t_classify=0.026364 s, t_update=0.057669 s, tot=0.084042 s, iter=100, shift=31.107368
         classify: block=512 grid=494 (optimal=284)
         update:   block=512   grid=494   (optimal=284)
Rep 4: t_classify=0.026507 s, t_update=0.057662 s, tot=0.084177 s, iter=100, shift=29.847790
         classify: block=512 grid=494 (optimal=284)
         update:   block=512   grid=494   (optimal=284)
Rep 5: t_classify=0.026133 s, t_update=0.057618 s, tot=0.083759 s, iter=100, shift=30.270741
         classify: block=512 grid=494 (optimal=284)
         update:   block=512   grid=494   (optimal=284)
