================================================================================
Machine metadata:
================================================================================
CPU Model: Common KVM processor
RAM: 62.79 GB
OS: Debian GNU/Linux 12 (bookworm)
NVCC version: 11.8
---
GPU metadata:
NVIDIA L40, 8.9, 46068 MiB, 535.261.03
================================================================================
Experiment results:
================================================================================
Rep 1: t_classify=0.011191 s, t_update=0.025775 s, tot=0.036975 s, iter=100, shift=2.662920
         classify: block=512 grid=684 (optimal=284)
         update:   block=512   grid=684   (optimal=284)
Rep 2: t_classify=0.010897 s, t_update=0.025744 s, tot=0.036649 s, iter=100, shift=2.076329
         classify: block=512 grid=684 (optimal=284)
         update:   block=512   grid=684   (optimal=284)
Rep 3: t_classify=0.011162 s, t_update=0.025781 s, tot=0.036951 s, iter=100, shift=0.000000
         classify: block=512 grid=684 (optimal=284)
         update:   block=512   grid=684   (optimal=284)
Rep 4: t_classify=0.011051 s, t_update=0.025711 s, tot=0.036771 s, iter=100, shift=14.643197
         classify: block=512 grid=684 (optimal=284)
         update:   block=512   grid=684   (optimal=284)
Rep 5: t_classify=0.011139 s, t_update=0.025770 s, tot=0.036917 s, iter=100, shift=0.000000
         classify: block=512 grid=684 (optimal=284)
         update:   block=512   grid=684   (optimal=284)
