================================================================================
Machine metadata:
================================================================================
CPU Model: Common KVM processor
RAM: 62.79 GB
OS: Debian GNU/Linux 12 (bookworm)
NVCC version: 11.8
---
GPU metadata:
NVIDIA L40, 8.9, 46068 MiB, 535.261.03
================================================================================
Experiment results:
================================================================================
Rep 1: t_classify=0.005113 s, t_update=0.011775 s, tot=0.016896 s, iter=100, shift=0.000059
         classify: block=512 grid=293 (optimal=284)
         update:   block=512   grid=293   (optimal=284)
Rep 2: t_classify=0.004854 s, t_update=0.011721 s, tot=0.016582 s, iter=100, shift=0.000554
         classify: block=512 grid=293 (optimal=284)
         update:   block=512   grid=293   (optimal=284)
Rep 3: t_classify=0.004465 s, t_update=0.011391 s, tot=0.015864 s, iter=100, shift=0.000311
         classify: block=512 grid=293 (optimal=284)
         update:   block=512   grid=293   (optimal=284)
Rep 4: t_classify=0.005101 s, t_update=0.011796 s, tot=0.016905 s, iter=100, shift=0.000077
         classify: block=512 grid=293 (optimal=284)
         update:   block=512   grid=293   (optimal=284)
Rep 5: t_classify=0.004908 s, t_update=0.011633 s, tot=0.016549 s, iter=100, shift=0.000000
         classify: block=512 grid=293 (optimal=284)
         update:   block=512   grid=293   (optimal=284)
