================================================================================
Machine metadata:
================================================================================
CPU Model: Common KVM processor
RAM: 62.79 GB
OS: Debian GNU/Linux 12 (bookworm)
NVCC version: 11.8
---
GPU metadata:
NVIDIA L40, 8.9, 46068 MiB, 535.261.03
================================================================================
Experiment results:
================================================================================
Rep 1: t_classify=0.010655 s, t_update=0.031476 s, tot=0.042139 s, iter=100, shift=0.087854
         classify: block=768 grid=329 (optimal=284)
         update:   block=768   grid=329   (optimal=284)
Rep 2: t_classify=0.010735 s, t_update=0.031156 s, tot=0.041900 s, iter=100, shift=0.085735
         classify: block=768 grid=329 (optimal=284)
         update:   block=768   grid=329   (optimal=284)
Rep 3: t_classify=0.010679 s, t_update=0.031275 s, tot=0.041961 s, iter=100, shift=0.109463
         classify: block=768 grid=329 (optimal=284)
         update:   block=768   grid=329   (optimal=284)
Rep 4: t_classify=0.010672 s, t_update=0.031410 s, tot=0.042089 s, iter=100, shift=0.137974
         classify: block=768 grid=329 (optimal=284)
         update:   block=768   grid=329   (optimal=284)
Rep 5: t_classify=0.010691 s, t_update=0.031185 s, tot=0.041884 s, iter=100, shift=0.128454
         classify: block=768 grid=329 (optimal=284)
         update:   block=768   grid=329   (optimal=284)
