================================================================================
Machine metadata:
================================================================================
CPU Model: Common KVM processor
RAM: 62.79 GB
OS: Debian GNU/Linux 12 (bookworm)
NVCC version: 11.8
---
GPU metadata:
NVIDIA L40, 8.9, 46068 MiB, 535.261.03
================================================================================
Experiment results:
================================================================================
Rep 1: t_classify=0.007099 s, t_update=0.014969 s, tot=0.022076 s, iter=100, shift=0.000000
         classify: block=768 grid=66 (optimal=284)
         update:   block=768   grid=66   (optimal=284)
Rep 2: t_classify=0.007312 s, t_update=0.015198 s, tot=0.022517 s, iter=100, shift=0.000000
         classify: block=768 grid=66 (optimal=284)
         update:   block=768   grid=66   (optimal=284)
Rep 3: t_classify=0.007263 s, t_update=0.015119 s, tot=0.022390 s, iter=100, shift=0.000000
         classify: block=768 grid=66 (optimal=284)
         update:   block=768   grid=66   (optimal=284)
Rep 4: t_classify=0.006765 s, t_update=0.014753 s, tot=0.021526 s, iter=100, shift=0.000000
         classify: block=768 grid=66 (optimal=284)
         update:   block=768   grid=66   (optimal=284)
Rep 5: t_classify=0.007302 s, t_update=0.015038 s, tot=0.022348 s, iter=100, shift=0.000000
         classify: block=768 grid=66 (optimal=284)
         update:   block=768   grid=66   (optimal=284)
