================================================================================
Machine metadata:
================================================================================
CPU Model: Common KVM processor
RAM: 62.79 GB
OS: Debian GNU/Linux 12 (bookworm)
NVCC version: 11.8
---
GPU metadata:
NVIDIA L40, 8.9, 46068 MiB, 535.261.03
================================================================================
Experiment results:
================================================================================
Rep 1: t_classify=0.035224 s, t_update=0.049621 s, tot=0.084854 s, iter=100, shift=2.516621
         classify: block=512 grid=691 (optimal=284)
         update:   block=512   grid=691   (optimal=284)
Rep 2: t_classify=0.035264 s, t_update=0.049791 s, tot=0.085069 s, iter=100, shift=0.770720
         classify: block=512 grid=691 (optimal=284)
         update:   block=512   grid=691   (optimal=284)
Rep 3: t_classify=0.036299 s, t_update=0.049791 s, tot=0.086098 s, iter=100, shift=0.811833
         classify: block=512 grid=691 (optimal=284)
         update:   block=512   grid=691   (optimal=284)
Rep 4: t_classify=0.035248 s, t_update=0.049692 s, tot=0.084948 s, iter=100, shift=4.172643
         classify: block=512 grid=691 (optimal=284)
         update:   block=512   grid=691   (optimal=284)
Rep 5: t_classify=0.035605 s, t_update=0.049724 s, tot=0.085337 s, iter=100, shift=0.871138
         classify: block=512 grid=691 (optimal=284)
         update:   block=512   grid=691   (optimal=284)
