================================================================================
Machine metadata:
================================================================================
CPU Model: Common KVM processor
RAM: 62.79 GB
OS: Debian GNU/Linux 12 (bookworm)
NVCC version: 11.8
---
GPU metadata:
NVIDIA L40, 8.9, 46068 MiB, 535.261.03
================================================================================
Experiment results:
================================================================================
Rep 1: t_classify=0.010156 s, t_update=0.050193 s, tot=0.060356 s, iter=100, shift=0.000000
         classify: block=768 grid=391 (optimal=284)
         update:   block=768   grid=391   (optimal=284)
Rep 2: t_classify=0.010041 s, t_update=0.050186 s, tot=0.060234 s, iter=100, shift=0.000000
         classify: block=768 grid=391 (optimal=284)
         update:   block=768   grid=391   (optimal=284)
Rep 3: t_classify=0.010014 s, t_update=0.049962 s, tot=0.059984 s, iter=100, shift=0.000000
         classify: block=768 grid=391 (optimal=284)
         update:   block=768   grid=391   (optimal=284)
Rep 4: t_classify=0.010135 s, t_update=0.049756 s, tot=0.059899 s, iter=100, shift=0.000000
         classify: block=768 grid=391 (optimal=284)
         update:   block=768   grid=391   (optimal=284)
Rep 5: t_classify=0.010084 s, t_update=0.050110 s, tot=0.060203 s, iter=100, shift=0.000000
         classify: block=768 grid=391 (optimal=284)
         update:   block=768   grid=391   (optimal=284)
