================================================================================
Machine metadata:
================================================================================
CPU Model: Common KVM processor
RAM: 62.79 GB
OS: Debian GNU/Linux 12 (bookworm)
NVCC version: 11.8
---
GPU metadata:
NVIDIA L40, 8.9, 46068 MiB, 535.261.03
================================================================================
Experiment results:
================================================================================
Rep 1: t_classify=0.007264 s, t_update=0.016019 s, tot=0.023291 s, iter=100, shift=0.000000
         classify: block=512 grid=684 (optimal=284)
         update:   block=512   grid=684   (optimal=284)
Rep 2: t_classify=0.007273 s, t_update=0.016054 s, tot=0.023355 s, iter=100, shift=0.000000
         classify: block=512 grid=684 (optimal=284)
         update:   block=512   grid=684   (optimal=284)
Rep 3: t_classify=0.007261 s, t_update=0.016044 s, tot=0.023313 s, iter=100, shift=0.000000
         classify: block=512 grid=684 (optimal=284)
         update:   block=512   grid=684   (optimal=284)
Rep 4: t_classify=0.007395 s, t_update=0.016023 s, tot=0.023426 s, iter=100, shift=0.000000
         classify: block=512 grid=684 (optimal=284)
         update:   block=512   grid=684   (optimal=284)
Rep 5: t_classify=0.007514 s, t_update=0.016108 s, tot=0.023630 s, iter=100, shift=0.000000
         classify: block=512 grid=684 (optimal=284)
         update:   block=512   grid=684   (optimal=284)
