================================================================================
Machine metadata:
================================================================================
CPU Model: Common KVM processor
RAM: 62.79 GB
OS: Debian GNU/Linux 12 (bookworm)
NVCC version: 11.8
---
GPU metadata:
NVIDIA L40, 8.9, 46068 MiB, 535.261.03
================================================================================
Experiment results:
================================================================================
Rep 1: t_classify=0.005237 s, t_update=0.011415 s, tot=0.016660 s, iter=100, shift=0.004600
         classify: block=512 grid=391 (optimal=284)
         update:   block=512   grid=391   (optimal=284)
Rep 2: t_classify=0.005207 s, t_update=0.011347 s, tot=0.016563 s, iter=100, shift=0.002368
         classify: block=512 grid=391 (optimal=284)
         update:   block=512   grid=391   (optimal=284)
Rep 3: t_classify=0.005367 s, t_update=0.011371 s, tot=0.016746 s, iter=100, shift=0.002895
         classify: block=512 grid=391 (optimal=284)
         update:   block=512   grid=391   (optimal=284)
Rep 4: t_classify=0.005273 s, t_update=0.011407 s, tot=0.016687 s, iter=100, shift=0.003737
         classify: block=512 grid=391 (optimal=284)
         update:   block=512   grid=391   (optimal=284)
Rep 5: t_classify=0.005454 s, t_update=0.011528 s, tot=0.016990 s, iter=100, shift=0.003008
         classify: block=512 grid=391 (optimal=284)
         update:   block=512   grid=391   (optimal=284)
