================================================================================
Machine metadata:
================================================================================
CPU Model: Common KVM processor
RAM: 62.79 GB
OS: Debian GNU/Linux 12 (bookworm)
NVCC version: 11.8
---
GPU metadata:
NVIDIA L40, 8.9, 46068 MiB, 535.261.03
================================================================================
Experiment results:
================================================================================
Rep 1: t_classify=0.010790 s, t_update=0.030813 s, tot=0.041612 s, iter=100, shift=0.050761
         classify: block=512 grid=293 (optimal=284)
         update:   block=512   grid=293   (optimal=284)
Rep 2: t_classify=0.010799 s, t_update=0.030738 s, tot=0.041545 s, iter=100, shift=0.058967
         classify: block=512 grid=293 (optimal=284)
         update:   block=512   grid=293   (optimal=284)
Rep 3: t_classify=0.010706 s, t_update=0.030703 s, tot=0.041417 s, iter=100, shift=0.094232
         classify: block=512 grid=293 (optimal=284)
         update:   block=512   grid=293   (optimal=284)
Rep 4: t_classify=0.010804 s, t_update=0.030706 s, tot=0.041517 s, iter=100, shift=0.078376
         classify: block=512 grid=293 (optimal=284)
         update:   block=512   grid=293   (optimal=284)
Rep 5: t_classify=0.010764 s, t_update=0.030667 s, tot=0.041439 s, iter=100, shift=0.058260
         classify: block=512 grid=293 (optimal=284)
         update:   block=512   grid=293   (optimal=284)
